running egg_info
creating ../../build/gps_ros2/gps_ros2.egg-info
writing ../../build/gps_ros2/gps_ros2.egg-info/PKG-INFO
writing dependency_links to ../../build/gps_ros2/gps_ros2.egg-info/dependency_links.txt
writing requirements to ../../build/gps_ros2/gps_ros2.egg-info/requires.txt
writing top-level names to ../../build/gps_ros2/gps_ros2.egg-info/top_level.txt
writing manifest file '../../build/gps_ros2/gps_ros2.egg-info/SOURCES.txt'
reading manifest file '../../build/gps_ros2/gps_ros2.egg-info/SOURCES.txt'
writing manifest file '../../build/gps_ros2/gps_ros2.egg-info/SOURCES.txt'
running build
running build_py
creating /ODLC_Machine_Inferencing_System_2025-2026/ros2_workspace/build/gps_ros2/build/lib/gps_ros2
copying gps_ros2/gps.py -> /ODLC_Machine_Inferencing_System_2025-2026/ros2_workspace/build/gps_ros2/build/lib/gps_ros2
copying gps_ros2/__init__.py -> /ODLC_Machine_Inferencing_System_2025-2026/ros2_workspace/build/gps_ros2/build/lib/gps_ros2
running install
running install_lib
creating /ODLC_Machine_Inferencing_System_2025-2026/ros2_workspace/install/gps_ros2/lib/python3.10/site-packages/gps_ros2
copying /ODLC_Machine_Inferencing_System_2025-2026/ros2_workspace/build/gps_ros2/build/lib/gps_ros2/gps.py -> /ODLC_Machine_Inferencing_System_2025-2026/ros2_workspace/install/gps_ros2/lib/python3.10/site-packages/gps_ros2
copying /ODLC_Machine_Inferencing_System_2025-2026/ros2_workspace/build/gps_ros2/build/lib/gps_ros2/__init__.py -> /ODLC_Machine_Inferencing_System_2025-2026/ros2_workspace/install/gps_ros2/lib/python3.10/site-packages/gps_ros2
byte-compiling /ODLC_Machine_Inferencing_System_2025-2026/ros2_workspace/install/gps_ros2/lib/python3.10/site-packages/gps_ros2/gps.py to gps.cpython-310.pyc
byte-compiling /ODLC_Machine_Inferencing_System_2025-2026/ros2_workspace/install/gps_ros2/lib/python3.10/site-packages/gps_ros2/__init__.py to __init__.cpython-310.pyc
running install_data
creating /ODLC_Machine_Inferencing_System_2025-2026/ros2_workspace/install/gps_ros2/share/ament_index/resource_index/packages
copying resource/gps_ros2 -> /ODLC_Machine_Inferencing_System_2025-2026/ros2_workspace/install/gps_ros2/share/ament_index/resource_index/packages
copying package.xml -> /ODLC_Machine_Inferencing_System_2025-2026/ros2_workspace/install/gps_ros2/share/gps_ros2
running install_egg_info
Copying ../../build/gps_ros2/gps_ros2.egg-info to /ODLC_Machine_Inferencing_System_2025-2026/ros2_workspace/install/gps_ros2/lib/python3.10/site-packages/gps_ros2-0.0.0-py3.10.egg-info
running install_scripts
writing list of installed files to '/ODLC_Machine_Inferencing_System_2025-2026/ros2_workspace/build/gps_ros2/install.log'
