[1.706s] Invoking command in '/workspace/ros2_ws/src/ros2_image_stitching_pkg': PYTHONPATH=/workspace/build/ros2_image_stitching_pkg/prefix_override:/usr/lib/python3/dist-packages/colcon_core/task/python/colcon_distutils_commands:/workspace/install/ros2_image_stitching_pkg/lib/python3.10/site-packages:${PYTHONPATH} /usr/bin/python3 -W ignore:setup.py install is deprecated -W ignore:easy_install command is deprecated setup.py egg_info --egg-base ../../../build/ros2_image_stitching_pkg build --build-base /workspace/build/ros2_image_stitching_pkg/build install --record /workspace/build/ros2_image_stitching_pkg/install.log --single-version-externally-managed install_data
[1.994s] /home/ubuntu/.local/lib/python3.10/site-packages/setuptools/_distutils/dist.py:289: UserWarning: Unknown distribution option: 'tests_require'
[1.996s]   warnings.warn(msg)
[2.189s] running egg_info
[2.209s] writing ../../../build/ros2_image_stitching_pkg/ros2_image_stitching_pkg.egg-info/PKG-INFO
[2.213s] writing dependency_links to ../../../build/ros2_image_stitching_pkg/ros2_image_stitching_pkg.egg-info/dependency_links.txt
[2.216s] writing entry points to ../../../build/ros2_image_stitching_pkg/ros2_image_stitching_pkg.egg-info/entry_points.txt
[2.220s] writing requirements to ../../../build/ros2_image_stitching_pkg/ros2_image_stitching_pkg.egg-info/requires.txt
[2.223s] writing top-level names to ../../../build/ros2_image_stitching_pkg/ros2_image_stitching_pkg.egg-info/top_level.txt
[2.289s] reading manifest file '../../../build/ros2_image_stitching_pkg/ros2_image_stitching_pkg.egg-info/SOURCES.txt'
[2.294s] writing manifest file '../../../build/ros2_image_stitching_pkg/ros2_image_stitching_pkg.egg-info/SOURCES.txt'
[2.296s] running build
[2.299s] running build_py
[2.303s] copying ros2_image_stitching_pkg/incremental_stitcher.py -> /workspace/build/ros2_image_stitching_pkg/build/lib/ros2_image_stitching_pkg
[2.305s] copying ros2_image_stitching_pkg/__init__.py -> /workspace/build/ros2_image_stitching_pkg/build/lib/ros2_image_stitching_pkg
[2.310s] copying ros2_image_stitching_pkg/mock_camera_node.py -> /workspace/build/ros2_image_stitching_pkg/build/lib/ros2_image_stitching_pkg
[2.314s] running install
[2.322s] running install_lib
[2.356s] copying /workspace/build/ros2_image_stitching_pkg/build/lib/ros2_image_stitching_pkg/incremental_stitcher.py -> /workspace/install/ros2_image_stitching_pkg/lib/python3.10/site-packages/ros2_image_stitching_pkg
[2.362s] byte-compiling /workspace/install/ros2_image_stitching_pkg/lib/python3.10/site-packages/ros2_image_stitching_pkg/incremental_stitcher.py to incremental_stitcher.cpython-310.pyc
[2.369s] running install_data
[2.372s] copying resource/ros2_image_stitching_pkg -> /workspace/install/ros2_image_stitching_pkg/share/ament_index/resource_index/packages
[2.379s] copying package.xml -> /workspace/install/ros2_image_stitching_pkg/share/ros2_image_stitching_pkg
[2.388s] running install_egg_info
[2.419s] removing '/workspace/install/ros2_image_stitching_pkg/lib/python3.10/site-packages/ros2_image_stitching_pkg-0.0.0-py3.10.egg-info' (and everything under it)
[2.424s] Copying ../../../build/ros2_image_stitching_pkg/ros2_image_stitching_pkg.egg-info to /workspace/install/ros2_image_stitching_pkg/lib/python3.10/site-packages/ros2_image_stitching_pkg-0.0.0-py3.10.egg-info
[2.461s] running install_scripts
[2.531s] Installing incremental_stitcher script to /workspace/install/ros2_image_stitching_pkg/lib/ros2_image_stitching_pkg
[2.533s] Installing mock_camera_node script to /workspace/install/ros2_image_stitching_pkg/lib/ros2_image_stitching_pkg
[2.538s] writing list of installed files to '/workspace/build/ros2_image_stitching_pkg/install.log'
[2.629s] Invoked command in '/workspace/ros2_ws/src/ros2_image_stitching_pkg' returned '0': PYTHONPATH=/workspace/build/ros2_image_stitching_pkg/prefix_override:/usr/lib/python3/dist-packages/colcon_core/task/python/colcon_distutils_commands:/workspace/install/ros2_image_stitching_pkg/lib/python3.10/site-packages:${PYTHONPATH} /usr/bin/python3 -W ignore:setup.py install is deprecated -W ignore:easy_install command is deprecated setup.py egg_info --egg-base ../../../build/ros2_image_stitching_pkg build --build-base /workspace/build/ros2_image_stitching_pkg/build install --record /workspace/build/ros2_image_stitching_pkg/install.log --single-version-externally-managed install_data
