[7.983s] Invoking command in '/workspace/ros2_ws/src/ros2_image_stitching_pkg': PYTHONPATH=/workspace/build/ros2_image_stitching_pkg/prefix_override:/usr/lib/python3/dist-packages/colcon_core/task/python/colcon_distutils_commands:/workspace/install/ros2_image_stitching_pkg/lib/python3.10/site-packages:${PYTHONPATH} /usr/bin/python3 -W ignore:setup.py install is deprecated -W ignore:easy_install command is deprecated setup.py egg_info --egg-base ../../../build/ros2_image_stitching_pkg build --build-base /workspace/build/ros2_image_stitching_pkg/build install --record /workspace/build/ros2_image_stitching_pkg/install.log --single-version-externally-managed install_data
[9.199s] /home/ubuntu/.local/lib/python3.10/site-packages/setuptools/_distutils/dist.py:289: UserWarning: Unknown distribution option: 'tests_require'
[9.205s]   warnings.warn(msg)
[10.478s] running egg_info
[10.614s] writing ../../../build/ros2_image_stitching_pkg/ros2_image_stitching_pkg.egg-info/PKG-INFO
[10.629s] writing dependency_links to ../../../build/ros2_image_stitching_pkg/ros2_image_stitching_pkg.egg-info/dependency_links.txt
[10.776s] writing entry points to ../../../build/ros2_image_stitching_pkg/ros2_image_stitching_pkg.egg-info/entry_points.txt
[10.785s] writing requirements to ../../../build/ros2_image_stitching_pkg/ros2_image_stitching_pkg.egg-info/requires.txt
[10.790s] writing top-level names to ../../../build/ros2_image_stitching_pkg/ros2_image_stitching_pkg.egg-info/top_level.txt
[11.186s] reading manifest file '../../../build/ros2_image_stitching_pkg/ros2_image_stitching_pkg.egg-info/SOURCES.txt'
[11.200s] writing manifest file '../../../build/ros2_image_stitching_pkg/ros2_image_stitching_pkg.egg-info/SOURCES.txt'
[11.205s] running build
[11.207s] running build_py
[11.210s] copying ros2_image_stitching_pkg/incremental_stitcher.py -> /workspace/build/ros2_image_stitching_pkg/build/lib/ros2_image_stitching_pkg
[11.245s] copying ros2_image_stitching_pkg/__init__.py -> /workspace/build/ros2_image_stitching_pkg/build/lib/ros2_image_stitching_pkg
[11.259s] copying ros2_image_stitching_pkg/mock_camera_node.py -> /workspace/build/ros2_image_stitching_pkg/build/lib/ros2_image_stitching_pkg
[11.297s] running install
[11.319s] running install_lib
[11.446s] copying /workspace/build/ros2_image_stitching_pkg/build/lib/ros2_image_stitching_pkg/incremental_stitcher.py -> /workspace/install/ros2_image_stitching_pkg/lib/python3.10/site-packages/ros2_image_stitching_pkg
[11.465s] byte-compiling /workspace/install/ros2_image_stitching_pkg/lib/python3.10/site-packages/ros2_image_stitching_pkg/incremental_stitcher.py to incremental_stitcher.cpython-310.pyc
[11.476s] running install_data
[11.480s] copying resource/ros2_image_stitching_pkg -> /workspace/install/ros2_image_stitching_pkg/share/ament_index/resource_index/packages
[11.490s] copying package.xml -> /workspace/install/ros2_image_stitching_pkg/share/ros2_image_stitching_pkg
[11.503s] running install_egg_info
[11.571s] removing '/workspace/install/ros2_image_stitching_pkg/lib/python3.10/site-packages/ros2_image_stitching_pkg-0.0.0-py3.10.egg-info' (and everything under it)
[11.585s] Copying ../../../build/ros2_image_stitching_pkg/ros2_image_stitching_pkg.egg-info to /workspace/install/ros2_image_stitching_pkg/lib/python3.10/site-packages/ros2_image_stitching_pkg-0.0.0-py3.10.egg-info
[11.678s] running install_scripts
[11.867s] Installing incremental_stitcher script to /workspace/install/ros2_image_stitching_pkg/lib/ros2_image_stitching_pkg
[11.877s] Installing mock_camera_node script to /workspace/install/ros2_image_stitching_pkg/lib/ros2_image_stitching_pkg
[11.901s] writing list of installed files to '/workspace/build/ros2_image_stitching_pkg/install.log'
[12.054s] Invoked command in '/workspace/ros2_ws/src/ros2_image_stitching_pkg' returned '0': PYTHONPATH=/workspace/build/ros2_image_stitching_pkg/prefix_override:/usr/lib/python3/dist-packages/colcon_core/task/python/colcon_distutils_commands:/workspace/install/ros2_image_stitching_pkg/lib/python3.10/site-packages:${PYTHONPATH} /usr/bin/python3 -W ignore:setup.py install is deprecated -W ignore:easy_install command is deprecated setup.py egg_info --egg-base ../../../build/ros2_image_stitching_pkg build --build-base /workspace/build/ros2_image_stitching_pkg/build install --record /workspace/build/ros2_image_stitching_pkg/install.log --single-version-externally-managed install_data
