-- Found ament_cmake: 1.3.12 (/opt/ros/humble/share/ament_cmake/cmake)
-- Found rosidl_default_generators: 1.2.0 (/opt/ros/humble/share/rosidl_default_generators/cmake)
-- Using all available rosidl_typesupport_c: rosidl_typesupport_fastrtps_c;rosidl_typesupport_introspection_c
-- Found rosidl_adapter: 3.1.7 (/opt/ros/humble/share/rosidl_adapter/cmake)
-- Using all available rosidl_typesupport_cpp: rosidl_typesupport_fastrtps_cpp;rosidl_typesupport_introspection_cpp
-- Found ament_cmake_ros: 0.10.0 (/opt/ros/humble/share/ament_cmake_ros/cmake)
-- Using all available rosidl_typesupport_c: rosidl_typesupport_fastrtps_c;rosidl_typesupport_introspection_c
-- Using all available rosidl_typesupport_cpp: rosidl_typesupport_fastrtps_cpp;rosidl_typesupport_introspection_cpp
-- Found python_cmake_module: 0.10.0 (/opt/ros/humble/share/python_cmake_module/cmake)
-- Using PYTHON_EXECUTABLE: /usr/bin/python3
-- Using PYTHON_INCLUDE_DIRS: /usr/include/python3.10
-- Using PYTHON_LIBRARIES: /usr/lib/x86_64-linux-gnu/libpython3.10.so
-- Found ament_lint_auto: 0.12.14 (/opt/ros/humble/share/ament_lint_auto/cmake)
-- Added test 'lint_cmake' to check CMake code style
-- Added test 'xmllint' to check XML markup files
-- Configuring done
-- Generating done
-- Build files have been written to: /ODLC_Machine_Inferencing_System_2025-2026/ros2_workspace/build/gps_mavros
[  3%] Built target gps_mavros__cpp
[  3%] Built target ament_cmake_python_copy_gps_mavros
[35m[1mConsolidate compiler generated dependencies of target gps_mavros__rosidl_typesupport_cpp[0m
[ 12%] Built target gps_mavros__rosidl_typesupport_cpp
running egg_info
writing gps_mavros.egg-info/PKG-INFO
writing dependency_links to gps_mavros.egg-info/dependency_links.txt
writing top-level names to gps_mavros.egg-info/top_level.txt
reading manifest file 'gps_mavros.egg-info/SOURCES.txt'
writing manifest file 'gps_mavros.egg-info/SOURCES.txt'
[ 12%] Built target ament_cmake_python_build_gps_mavros_egg
[35m[1mConsolidate compiler generated dependencies of target gps_mavros__rosidl_typesupport_introspection_cpp[0m
[ 22%] Built target gps_mavros__rosidl_typesupport_introspection_cpp
[35m[1mConsolidate compiler generated dependencies of target gps_mavros__rosidl_typesupport_fastrtps_cpp[0m
[ 32%] Built target gps_mavros__rosidl_typesupport_fastrtps_cpp
[35m[1mConsolidate compiler generated dependencies of target gps_mavros__rosidl_generator_c[0m
[ 41%] Built target gps_mavros__rosidl_generator_c
[35m[1mConsolidate compiler generated dependencies of target gps_mavros__rosidl_typesupport_fastrtps_c[0m
[ 51%] Built target gps_mavros__rosidl_typesupport_fastrtps_c
[35m[1mConsolidate compiler generated dependencies of target gps_mavros__rosidl_typesupport_c[0m
[ 61%] Built target gps_mavros__rosidl_typesupport_c
[35m[1mConsolidate compiler generated dependencies of target gps_mavros__rosidl_typesupport_introspection_c[0m
[ 70%] Built target gps_mavros__rosidl_typesupport_introspection_c
[ 70%] Built target gps_mavros
[ 74%] Built target gps_mavros__py
[35m[1mConsolidate compiler generated dependencies of target gps_mavros__rosidl_generator_py[0m
[ 80%] Built target gps_mavros__rosidl_generator_py
[35m[1mConsolidate compiler generated dependencies of target gps_mavros__rosidl_typesupport_fastrtps_c__pyext[0m
[ 87%] Built target gps_mavros__rosidl_typesupport_fastrtps_c__pyext
[35m[1mConsolidate compiler generated dependencies of target gps_mavros__rosidl_typesupport_c__pyext[0m
[ 93%] Built target gps_mavros__rosidl_typesupport_c__pyext
[35m[1mConsolidate compiler generated dependencies of target gps_mavros__rosidl_typesupport_introspection_c__pyext[0m
[100%] Built target gps_mavros__rosidl_typesupport_introspection_c__pyext
-- Install configuration: ""
-- Up-to-date: /ODLC_Machine_Inferencing_System_2025-2026/ros2_workspace/install/gps_mavros/share/ament_index/resource_index/rosidl_interfaces/gps_mavros
-- Up-to-date: /ODLC_Machine_Inferencing_System_2025-2026/ros2_workspace/install/gps_mavros/include/gps_mavros/gps_mavros
-- Up-to-date: /ODLC_Machine_Inferencing_System_2025-2026/ros2_workspace/install/gps_mavros/include/gps_mavros/gps_mavros/msg
-- Up-to-date: /ODLC_Machine_Inferencing_System_2025-2026/ros2_workspace/install/gps_mavros/include/gps_mavros/gps_mavros/msg/rosidl_generator_c__visibility_control.h
-- Up-to-date: /ODLC_Machine_Inferencing_System_2025-2026/ros2_workspace/install/gps_mavros/include/gps_mavros/gps_mavros/srv
-- Up-to-date: /ODLC_Machine_Inferencing_System_2025-2026/ros2_workspace/install/gps_mavros/include/gps_mavros/gps_mavros/srv/detail
-- Up-to-date: /ODLC_Machine_Inferencing_System_2025-2026/ros2_workspace/install/gps_mavros/include/gps_mavros/gps_mavros/srv/detail/get_gps_data__functions.c
-- Up-to-date: /ODLC_Machine_Inferencing_System_2025-2026/ros2_workspace/install/gps_mavros/include/gps_mavros/gps_mavros/srv/detail/get_gps_data__functions.h
-- Up-to-date: /ODLC_Machine_Inferencing_System_2025-2026/ros2_workspace/install/gps_mavros/include/gps_mavros/gps_mavros/srv/detail/get_gps_data__struct.h
-- Up-to-date: /ODLC_Machine_Inferencing_System_2025-2026/ros2_workspace/install/gps_mavros/include/gps_mavros/gps_mavros/srv/detail/get_gps_data__type_support.h
-- Up-to-date: /ODLC_Machine_Inferencing_System_2025-2026/ros2_workspace/install/gps_mavros/include/gps_mavros/gps_mavros/srv/get_gps_data.h
-- Up-to-date: /ODLC_Machine_Inferencing_System_2025-2026/ros2_workspace/install/gps_mavros/share/gps_mavros/environment/library_path.sh
-- Installing: /ODLC_Machine_Inferencing_System_2025-2026/ros2_workspace/install/gps_mavros/share/gps_mavros/environment/library_path.dsv
-- Up-to-date: /ODLC_Machine_Inferencing_System_2025-2026/ros2_workspace/install/gps_mavros/lib/libgps_mavros__rosidl_generator_c.so
-- Up-to-date: /ODLC_Machine_Inferencing_System_2025-2026/ros2_workspace/install/gps_mavros/include/gps_mavros/gps_mavros
-- Up-to-date: /ODLC_Machine_Inferencing_System_2025-2026/ros2_workspace/install/gps_mavros/include/gps_mavros/gps_mavros/msg
-- Up-to-date: /ODLC_Machine_Inferencing_System_2025-2026/ros2_workspace/install/gps_mavros/include/gps_mavros/gps_mavros/msg/rosidl_typesupport_fastrtps_c__visibility_control.h
-- Up-to-date: /ODLC_Machine_Inferencing_System_2025-2026/ros2_workspace/install/gps_mavros/include/gps_mavros/gps_mavros/srv
-- Up-to-date: /ODLC_Machine_Inferencing_System_2025-2026/ros2_workspace/install/gps_mavros/include/gps_mavros/gps_mavros/srv/detail
-- Up-to-date: /ODLC_Machine_Inferencing_System_2025-2026/ros2_workspace/install/gps_mavros/include/gps_mavros/gps_mavros/srv/detail/get_gps_data__rosidl_typesupport_fastrtps_c.h
-- Up-to-date: /ODLC_Machine_Inferencing_System_2025-2026/ros2_workspace/install/gps_mavros/lib/libgps_mavros__rosidl_typesupport_fastrtps_c.so
-- Up-to-date: /ODLC_Machine_Inferencing_System_2025-2026/ros2_workspace/install/gps_mavros/include/gps_mavros/gps_mavros
-- Up-to-date: /ODLC_Machine_Inferencing_System_2025-2026/ros2_workspace/install/gps_mavros/include/gps_mavros/gps_mavros/msg
-- Up-to-date: /ODLC_Machine_Inferencing_System_2025-2026/ros2_workspace/install/gps_mavros/include/gps_mavros/gps_mavros/msg/rosidl_typesupport_introspection_c__visibility_control.h
-- Up-to-date: /ODLC_Machine_Inferencing_System_2025-2026/ros2_workspace/install/gps_mavros/include/gps_mavros/gps_mavros/srv
-- Up-to-date: /ODLC_Machine_Inferencing_System_2025-2026/ros2_workspace/install/gps_mavros/include/gps_mavros/gps_mavros/srv/detail
-- Up-to-date: /ODLC_Machine_Inferencing_System_2025-2026/ros2_workspace/install/gps_mavros/include/gps_mavros/gps_mavros/srv/detail/get_gps_data__rosidl_typesupport_introspection_c.h
-- Up-to-date: /ODLC_Machine_Inferencing_System_2025-2026/ros2_workspace/install/gps_mavros/include/gps_mavros/gps_mavros/srv/detail/get_gps_data__type_support.c
-- Up-to-date: /ODLC_Machine_Inferencing_System_2025-2026/ros2_workspace/install/gps_mavros/lib/libgps_mavros__rosidl_typesupport_introspection_c.so
-- Up-to-date: /ODLC_Machine_Inferencing_System_2025-2026/ros2_workspace/install/gps_mavros/lib/libgps_mavros__rosidl_typesupport_c.so
-- Up-to-date: /ODLC_Machine_Inferencing_System_2025-2026/ros2_workspace/install/gps_mavros/include/gps_mavros/gps_mavros
-- Up-to-date: /ODLC_Machine_Inferencing_System_2025-2026/ros2_workspace/install/gps_mavros/include/gps_mavros/gps_mavros/msg
-- Up-to-date: /ODLC_Machine_Inferencing_System_2025-2026/ros2_workspace/install/gps_mavros/include/gps_mavros/gps_mavros/msg/rosidl_generator_cpp__visibility_control.hpp
-- Up-to-date: /ODLC_Machine_Inferencing_System_2025-2026/ros2_workspace/install/gps_mavros/include/gps_mavros/gps_mavros/srv
-- Up-to-date: /ODLC_Machine_Inferencing_System_2025-2026/ros2_workspace/install/gps_mavros/include/gps_mavros/gps_mavros/srv/detail
-- Up-to-date: /ODLC_Machine_Inferencing_System_2025-2026/ros2_workspace/install/gps_mavros/include/gps_mavros/gps_mavros/srv/detail/get_gps_data__builder.hpp
-- Up-to-date: /ODLC_Machine_Inferencing_System_2025-2026/ros2_workspace/install/gps_mavros/include/gps_mavros/gps_mavros/srv/detail/get_gps_data__struct.hpp
-- Up-to-date: /ODLC_Machine_Inferencing_System_2025-2026/ros2_workspace/install/gps_mavros/include/gps_mavros/gps_mavros/srv/detail/get_gps_data__traits.hpp
-- Up-to-date: /ODLC_Machine_Inferencing_System_2025-2026/ros2_workspace/install/gps_mavros/include/gps_mavros/gps_mavros/srv/detail/get_gps_data__type_support.hpp
-- Up-to-date: /ODLC_Machine_Inferencing_System_2025-2026/ros2_workspace/install/gps_mavros/include/gps_mavros/gps_mavros/srv/get_gps_data.hpp
-- Up-to-date: /ODLC_Machine_Inferencing_System_2025-2026/ros2_workspace/install/gps_mavros/include/gps_mavros/gps_mavros
-- Up-to-date: /ODLC_Machine_Inferencing_System_2025-2026/ros2_workspace/install/gps_mavros/include/gps_mavros/gps_mavros/msg
-- Up-to-date: /ODLC_Machine_Inferencing_System_2025-2026/ros2_workspace/install/gps_mavros/include/gps_mavros/gps_mavros/msg/rosidl_typesupport_fastrtps_cpp__visibility_control.h
-- Up-to-date: /ODLC_Machine_Inferencing_System_2025-2026/ros2_workspace/install/gps_mavros/include/gps_mavros/gps_mavros/srv
-- Up-to-date: /ODLC_Machine_Inferencing_System_2025-2026/ros2_workspace/install/gps_mavros/include/gps_mavros/gps_mavros/srv/detail
-- Up-to-date: /ODLC_Machine_Inferencing_System_2025-2026/ros2_workspace/install/gps_mavros/include/gps_mavros/gps_mavros/srv/detail/dds_fastrtps
-- Up-to-date: /ODLC_Machine_Inferencing_System_2025-2026/ros2_workspace/install/gps_mavros/include/gps_mavros/gps_mavros/srv/detail/get_gps_data__rosidl_typesupport_fastrtps_cpp.hpp
-- Up-to-date: /ODLC_Machine_Inferencing_System_2025-2026/ros2_workspace/install/gps_mavros/lib/libgps_mavros__rosidl_typesupport_fastrtps_cpp.so
-- Up-to-date: /ODLC_Machine_Inferencing_System_2025-2026/ros2_workspace/install/gps_mavros/include/gps_mavros/gps_mavros
-- Up-to-date: /ODLC_Machine_Inferencing_System_2025-2026/ros2_workspace/install/gps_mavros/include/gps_mavros/gps_mavros/srv
-- Up-to-date: /ODLC_Machine_Inferencing_System_2025-2026/ros2_workspace/install/gps_mavros/include/gps_mavros/gps_mavros/srv/detail
-- Up-to-date: /ODLC_Machine_Inferencing_System_2025-2026/ros2_workspace/install/gps_mavros/include/gps_mavros/gps_mavros/srv/detail/get_gps_data__rosidl_typesupport_introspection_cpp.hpp
-- Up-to-date: /ODLC_Machine_Inferencing_System_2025-2026/ros2_workspace/install/gps_mavros/include/gps_mavros/gps_mavros/srv/detail/get_gps_data__type_support.cpp
-- Up-to-date: /ODLC_Machine_Inferencing_System_2025-2026/ros2_workspace/install/gps_mavros/lib/libgps_mavros__rosidl_typesupport_introspection_cpp.so
-- Up-to-date: /ODLC_Machine_Inferencing_System_2025-2026/ros2_workspace/install/gps_mavros/lib/libgps_mavros__rosidl_typesupport_cpp.so
-- Up-to-date: /ODLC_Machine_Inferencing_System_2025-2026/ros2_workspace/install/gps_mavros/share/gps_mavros/environment/pythonpath.sh
-- Installing: /ODLC_Machine_Inferencing_System_2025-2026/ros2_workspace/install/gps_mavros/share/gps_mavros/environment/pythonpath.dsv
-- Up-to-date: /ODLC_Machine_Inferencing_System_2025-2026/ros2_workspace/install/gps_mavros/local/lib/python3.10/dist-packages/gps_mavros-0.0.0-py3.10.egg-info
-- Installing: /ODLC_Machine_Inferencing_System_2025-2026/ros2_workspace/install/gps_mavros/local/lib/python3.10/dist-packages/gps_mavros-0.0.0-py3.10.egg-info/dependency_links.txt
-- Installing: /ODLC_Machine_Inferencing_System_2025-2026/ros2_workspace/install/gps_mavros/local/lib/python3.10/dist-packages/gps_mavros-0.0.0-py3.10.egg-info/PKG-INFO
-- Installing: /ODLC_Machine_Inferencing_System_2025-2026/ros2_workspace/install/gps_mavros/local/lib/python3.10/dist-packages/gps_mavros-0.0.0-py3.10.egg-info/SOURCES.txt
-- Installing: /ODLC_Machine_Inferencing_System_2025-2026/ros2_workspace/install/gps_mavros/local/lib/python3.10/dist-packages/gps_mavros-0.0.0-py3.10.egg-info/top_level.txt
-- Up-to-date: /ODLC_Machine_Inferencing_System_2025-2026/ros2_workspace/install/gps_mavros/local/lib/python3.10/dist-packages/gps_mavros
-- Up-to-date: /ODLC_Machine_Inferencing_System_2025-2026/ros2_workspace/install/gps_mavros/local/lib/python3.10/dist-packages/gps_mavros/gps_mavros_s__rosidl_typesupport_c.cpython-310-x86_64-linux-gnu.so
-- Up-to-date: /ODLC_Machine_Inferencing_System_2025-2026/ros2_workspace/install/gps_mavros/local/lib/python3.10/dist-packages/gps_mavros/gps_mavros_s__rosidl_typesupport_fastrtps_c.cpython-310-x86_64-linux-gnu.so
-- Up-to-date: /ODLC_Machine_Inferencing_System_2025-2026/ros2_workspace/install/gps_mavros/local/lib/python3.10/dist-packages/gps_mavros/gps_mavros_s__rosidl_typesupport_introspection_c.cpython-310-x86_64-linux-gnu.so
-- Up-to-date: /ODLC_Machine_Inferencing_System_2025-2026/ros2_workspace/install/gps_mavros/local/lib/python3.10/dist-packages/gps_mavros/libgps_mavros__rosidl_generator_py.so
-- Up-to-date: /ODLC_Machine_Inferencing_System_2025-2026/ros2_workspace/install/gps_mavros/local/lib/python3.10/dist-packages/gps_mavros/srv
-- Up-to-date: /ODLC_Machine_Inferencing_System_2025-2026/ros2_workspace/install/gps_mavros/local/lib/python3.10/dist-packages/gps_mavros/srv/_get_gps_data.py
-- Up-to-date: /ODLC_Machine_Inferencing_System_2025-2026/ros2_workspace/install/gps_mavros/local/lib/python3.10/dist-packages/gps_mavros/srv/_get_gps_data_s.c
-- Up-to-date: /ODLC_Machine_Inferencing_System_2025-2026/ros2_workspace/install/gps_mavros/local/lib/python3.10/dist-packages/gps_mavros/srv/__init__.py
-- Up-to-date: /ODLC_Machine_Inferencing_System_2025-2026/ros2_workspace/install/gps_mavros/local/lib/python3.10/dist-packages/gps_mavros/_gps_mavros_s.ep.rosidl_typesupport_c.c
-- Up-to-date: /ODLC_Machine_Inferencing_System_2025-2026/ros2_workspace/install/gps_mavros/local/lib/python3.10/dist-packages/gps_mavros/_gps_mavros_s.ep.rosidl_typesupport_fastrtps_c.c
-- Up-to-date: /ODLC_Machine_Inferencing_System_2025-2026/ros2_workspace/install/gps_mavros/local/lib/python3.10/dist-packages/gps_mavros/_gps_mavros_s.ep.rosidl_typesupport_introspection_c.c
-- Installing: /ODLC_Machine_Inferencing_System_2025-2026/ros2_workspace/install/gps_mavros/local/lib/python3.10/dist-packages/gps_mavros/__init__.py
Listing '/ODLC_Machine_Inferencing_System_2025-2026/ros2_workspace/install/gps_mavros/local/lib/python3.10/dist-packages/gps_mavros'...
Compiling '/ODLC_Machine_Inferencing_System_2025-2026/ros2_workspace/install/gps_mavros/local/lib/python3.10/dist-packages/gps_mavros/__init__.py'...
Listing '/ODLC_Machine_Inferencing_System_2025-2026/ros2_workspace/install/gps_mavros/local/lib/python3.10/dist-packages/gps_mavros/srv'...
-- Up-to-date: /ODLC_Machine_Inferencing_System_2025-2026/ros2_workspace/install/gps_mavros/local/lib/python3.10/dist-packages/gps_mavros/gps_mavros_s__rosidl_typesupport_fastrtps_c.cpython-310-x86_64-linux-gnu.so
-- Up-to-date: /ODLC_Machine_Inferencing_System_2025-2026/ros2_workspace/install/gps_mavros/local/lib/python3.10/dist-packages/gps_mavros/gps_mavros_s__rosidl_typesupport_introspection_c.cpython-310-x86_64-linux-gnu.so
-- Up-to-date: /ODLC_Machine_Inferencing_System_2025-2026/ros2_workspace/install/gps_mavros/local/lib/python3.10/dist-packages/gps_mavros/gps_mavros_s__rosidl_typesupport_c.cpython-310-x86_64-linux-gnu.so
-- Up-to-date: /ODLC_Machine_Inferencing_System_2025-2026/ros2_workspace/install/gps_mavros/lib/libgps_mavros__rosidl_generator_py.so
-- Up-to-date: /ODLC_Machine_Inferencing_System_2025-2026/ros2_workspace/install/gps_mavros/share/gps_mavros/srv/GetGPSData.idl
-- Up-to-date: /ODLC_Machine_Inferencing_System_2025-2026/ros2_workspace/install/gps_mavros/share/gps_mavros/srv/GetGPSData.srv
-- Up-to-date: /ODLC_Machine_Inferencing_System_2025-2026/ros2_workspace/install/gps_mavros/share/gps_mavros/srv/GetGPSData_Request.msg
-- Up-to-date: /ODLC_Machine_Inferencing_System_2025-2026/ros2_workspace/install/gps_mavros/share/gps_mavros/srv/GetGPSData_Response.msg
-- Installing: /ODLC_Machine_Inferencing_System_2025-2026/ros2_workspace/install/gps_mavros/share/ament_index/resource_index/package_run_dependencies/gps_mavros
-- Installing: /ODLC_Machine_Inferencing_System_2025-2026/ros2_workspace/install/gps_mavros/share/ament_index/resource_index/parent_prefix_path/gps_mavros
-- Up-to-date: /ODLC_Machine_Inferencing_System_2025-2026/ros2_workspace/install/gps_mavros/share/gps_mavros/environment/ament_prefix_path.sh
-- Installing: /ODLC_Machine_Inferencing_System_2025-2026/ros2_workspace/install/gps_mavros/share/gps_mavros/environment/ament_prefix_path.dsv
-- Up-to-date: /ODLC_Machine_Inferencing_System_2025-2026/ros2_workspace/install/gps_mavros/share/gps_mavros/environment/path.sh
-- Installing: /ODLC_Machine_Inferencing_System_2025-2026/ros2_workspace/install/gps_mavros/share/gps_mavros/environment/path.dsv
-- Up-to-date: /ODLC_Machine_Inferencing_System_2025-2026/ros2_workspace/install/gps_mavros/share/gps_mavros/local_setup.bash
-- Up-to-date: /ODLC_Machine_Inferencing_System_2025-2026/ros2_workspace/install/gps_mavros/share/gps_mavros/local_setup.sh
-- Up-to-date: /ODLC_Machine_Inferencing_System_2025-2026/ros2_workspace/install/gps_mavros/share/gps_mavros/local_setup.zsh
-- Installing: /ODLC_Machine_Inferencing_System_2025-2026/ros2_workspace/install/gps_mavros/share/gps_mavros/local_setup.dsv
-- Installing: /ODLC_Machine_Inferencing_System_2025-2026/ros2_workspace/install/gps_mavros/share/gps_mavros/package.dsv
-- Up-to-date: /ODLC_Machine_Inferencing_System_2025-2026/ros2_workspace/install/gps_mavros/share/ament_index/resource_index/packages/gps_mavros
-- Up-to-date: /ODLC_Machine_Inferencing_System_2025-2026/ros2_workspace/install/gps_mavros/share/gps_mavros/cmake/export_gps_mavros__rosidl_generator_cExport.cmake
-- Up-to-date: /ODLC_Machine_Inferencing_System_2025-2026/ros2_workspace/install/gps_mavros/share/gps_mavros/cmake/export_gps_mavros__rosidl_generator_cExport-noconfig.cmake
-- Up-to-date: /ODLC_Machine_Inferencing_System_2025-2026/ros2_workspace/install/gps_mavros/share/gps_mavros/cmake/export_gps_mavros__rosidl_typesupport_fastrtps_cExport.cmake
-- Up-to-date: /ODLC_Machine_Inferencing_System_2025-2026/ros2_workspace/install/gps_mavros/share/gps_mavros/cmake/export_gps_mavros__rosidl_typesupport_fastrtps_cExport-noconfig.cmake
-- Up-to-date: /ODLC_Machine_Inferencing_System_2025-2026/ros2_workspace/install/gps_mavros/share/gps_mavros/cmake/gps_mavros__rosidl_typesupport_introspection_cExport.cmake
-- Up-to-date: /ODLC_Machine_Inferencing_System_2025-2026/ros2_workspace/install/gps_mavros/share/gps_mavros/cmake/gps_mavros__rosidl_typesupport_introspection_cExport-noconfig.cmake
-- Up-to-date: /ODLC_Machine_Inferencing_System_2025-2026/ros2_workspace/install/gps_mavros/share/gps_mavros/cmake/gps_mavros__rosidl_typesupport_cExport.cmake
-- Up-to-date: /ODLC_Machine_Inferencing_System_2025-2026/ros2_workspace/install/gps_mavros/share/gps_mavros/cmake/gps_mavros__rosidl_typesupport_cExport-noconfig.cmake
-- Up-to-date: /ODLC_Machine_Inferencing_System_2025-2026/ros2_workspace/install/gps_mavros/share/gps_mavros/cmake/export_gps_mavros__rosidl_generator_cppExport.cmake
-- Up-to-date: /ODLC_Machine_Inferencing_System_2025-2026/ros2_workspace/install/gps_mavros/share/gps_mavros/cmake/export_gps_mavros__rosidl_typesupport_fastrtps_cppExport.cmake
-- Up-to-date: /ODLC_Machine_Inferencing_System_2025-2026/ros2_workspace/install/gps_mavros/share/gps_mavros/cmake/export_gps_mavros__rosidl_typesupport_fastrtps_cppExport-noconfig.cmake
-- Up-to-date: /ODLC_Machine_Inferencing_System_2025-2026/ros2_workspace/install/gps_mavros/share/gps_mavros/cmake/gps_mavros__rosidl_typesupport_introspection_cppExport.cmake
-- Up-to-date: /ODLC_Machine_Inferencing_System_2025-2026/ros2_workspace/install/gps_mavros/share/gps_mavros/cmake/gps_mavros__rosidl_typesupport_introspection_cppExport-noconfig.cmake
-- Up-to-date: /ODLC_Machine_Inferencing_System_2025-2026/ros2_workspace/install/gps_mavros/share/gps_mavros/cmake/gps_mavros__rosidl_typesupport_cppExport.cmake
-- Up-to-date: /ODLC_Machine_Inferencing_System_2025-2026/ros2_workspace/install/gps_mavros/share/gps_mavros/cmake/gps_mavros__rosidl_typesupport_cppExport-noconfig.cmake
-- Up-to-date: /ODLC_Machine_Inferencing_System_2025-2026/ros2_workspace/install/gps_mavros/share/gps_mavros/cmake/export_gps_mavros__rosidl_generator_pyExport.cmake
-- Up-to-date: /ODLC_Machine_Inferencing_System_2025-2026/ros2_workspace/install/gps_mavros/share/gps_mavros/cmake/export_gps_mavros__rosidl_generator_pyExport-noconfig.cmake
-- Up-to-date: /ODLC_Machine_Inferencing_System_2025-2026/ros2_workspace/install/gps_mavros/share/gps_mavros/cmake/rosidl_cmake-extras.cmake
-- Up-to-date: /ODLC_Machine_Inferencing_System_2025-2026/ros2_workspace/install/gps_mavros/share/gps_mavros/cmake/ament_cmake_export_include_directories-extras.cmake
-- Up-to-date: /ODLC_Machine_Inferencing_System_2025-2026/ros2_workspace/install/gps_mavros/share/gps_mavros/cmake/ament_cmake_export_libraries-extras.cmake
-- Up-to-date: /ODLC_Machine_Inferencing_System_2025-2026/ros2_workspace/install/gps_mavros/share/gps_mavros/cmake/ament_cmake_export_targets-extras.cmake
-- Up-to-date: /ODLC_Machine_Inferencing_System_2025-2026/ros2_workspace/install/gps_mavros/share/gps_mavros/cmake/rosidl_cmake_export_typesupport_targets-extras.cmake
-- Up-to-date: /ODLC_Machine_Inferencing_System_2025-2026/ros2_workspace/install/gps_mavros/share/gps_mavros/cmake/ament_cmake_export_dependencies-extras.cmake
-- Up-to-date: /ODLC_Machine_Inferencing_System_2025-2026/ros2_workspace/install/gps_mavros/share/gps_mavros/cmake/rosidl_cmake_export_typesupport_libraries-extras.cmake
-- Up-to-date: /ODLC_Machine_Inferencing_System_2025-2026/ros2_workspace/install/gps_mavros/share/gps_mavros/cmake/gps_mavrosConfig.cmake
-- Up-to-date: /ODLC_Machine_Inferencing_System_2025-2026/ros2_workspace/install/gps_mavros/share/gps_mavros/cmake/gps_mavrosConfig-version.cmake
-- Installing: /ODLC_Machine_Inferencing_System_2025-2026/ros2_workspace/install/gps_mavros/share/gps_mavros/package.xml
