/home/ubuntu/.local/lib/python3.10/site-packages/setuptools/_distutils/dist.py:289: UserWarning: Unknown distribution option: 'tests_require'
  warnings.warn(msg)
running egg_info
creating ../../build/temperature_pkg/temperature_pkg.egg-info
writing ../../build/temperature_pkg/temperature_pkg.egg-info/PKG-INFO
writing dependency_links to ../../build/temperature_pkg/temperature_pkg.egg-info/dependency_links.txt
writing entry points to ../../build/temperature_pkg/temperature_pkg.egg-info/entry_points.txt
writing requirements to ../../build/temperature_pkg/temperature_pkg.egg-info/requires.txt
writing top-level names to ../../build/temperature_pkg/temperature_pkg.egg-info/top_level.txt
writing manifest file '../../build/temperature_pkg/temperature_pkg.egg-info/SOURCES.txt'
reading manifest file '../../build/temperature_pkg/temperature_pkg.egg-info/SOURCES.txt'
writing manifest file '../../build/temperature_pkg/temperature_pkg.egg-info/SOURCES.txt'
running build
running build_py
creating /workspace/ros2_ws/build/temperature_pkg/build/lib/temperature_pkg
copying temperature_pkg/__init__.py -> /workspace/ros2_ws/build/temperature_pkg/build/lib/temperature_pkg
copying temperature_pkg/publisher_member_function.py -> /workspace/ros2_ws/build/temperature_pkg/build/lib/temperature_pkg
copying temperature_pkg/subscriber_member_function.py -> /workspace/ros2_ws/build/temperature_pkg/build/lib/temperature_pkg
running install
running install_lib
creating /workspace/ros2_ws/install/temperature_pkg/lib/python3.10/site-packages/temperature_pkg
copying /workspace/ros2_ws/build/temperature_pkg/build/lib/temperature_pkg/__init__.py -> /workspace/ros2_ws/install/temperature_pkg/lib/python3.10/site-packages/temperature_pkg
copying /workspace/ros2_ws/build/temperature_pkg/build/lib/temperature_pkg/publisher_member_function.py -> /workspace/ros2_ws/install/temperature_pkg/lib/python3.10/site-packages/temperature_pkg
copying /workspace/ros2_ws/build/temperature_pkg/build/lib/temperature_pkg/subscriber_member_function.py -> /workspace/ros2_ws/install/temperature_pkg/lib/python3.10/site-packages/temperature_pkg
byte-compiling /workspace/ros2_ws/install/temperature_pkg/lib/python3.10/site-packages/temperature_pkg/__init__.py to __init__.cpython-310.pyc
byte-compiling /workspace/ros2_ws/install/temperature_pkg/lib/python3.10/site-packages/temperature_pkg/publisher_member_function.py to publisher_member_function.cpython-310.pyc
byte-compiling /workspace/ros2_ws/install/temperature_pkg/lib/python3.10/site-packages/temperature_pkg/subscriber_member_function.py to subscriber_member_function.cpython-310.pyc
running install_data
creating /workspace/ros2_ws/install/temperature_pkg/share/ament_index/resource_index/packages
copying resource/temperature_pkg -> /workspace/ros2_ws/install/temperature_pkg/share/ament_index/resource_index/packages
copying package.xml -> /workspace/ros2_ws/install/temperature_pkg/share/temperature_pkg
creating /workspace/ros2_ws/install/temperature_pkg/share/temperature_pkg/launch
copying launch/pub_sub_launch.py -> /workspace/ros2_ws/install/temperature_pkg/share/temperature_pkg/launch
running install_egg_info
Copying ../../build/temperature_pkg/temperature_pkg.egg-info to /workspace/ros2_ws/install/temperature_pkg/lib/python3.10/site-packages/temperature_pkg-0.0.0-py3.10.egg-info
running install_scripts
Installing listener script to /workspace/ros2_ws/install/temperature_pkg/lib/temperature_pkg
Installing talker script to /workspace/ros2_ws/install/temperature_pkg/lib/temperature_pkg
writing list of installed files to '/workspace/ros2_ws/build/temperature_pkg/install.log'
