[1.887s] Invoking command in '/workspace/ros2_ws/src/temperature_pkg': PYTHONPATH=/workspace/ros2_ws/build/temperature_pkg/prefix_override:/usr/lib/python3/dist-packages/colcon_core/task/python/colcon_distutils_commands:/workspace/ros2_ws/install/temperature_pkg/lib/python3.10/site-packages:${PYTHONPATH} /usr/bin/python3 -W ignore:setup.py install is deprecated -W ignore:easy_install command is deprecated setup.py egg_info --egg-base ../../build/temperature_pkg build --build-base /workspace/ros2_ws/build/temperature_pkg/build install --record /workspace/ros2_ws/build/temperature_pkg/install.log --single-version-externally-managed install_data
[2.327s] /home/ubuntu/.local/lib/python3.10/site-packages/setuptools/_distutils/dist.py:289: UserWarning: Unknown distribution option: 'tests_require'
[2.330s]   warnings.warn(msg)
[2.567s] running egg_info
[2.610s] creating ../../build/temperature_pkg/temperature_pkg.egg-info
[2.613s] writing ../../build/temperature_pkg/temperature_pkg.egg-info/PKG-INFO
[2.623s] writing dependency_links to ../../build/temperature_pkg/temperature_pkg.egg-info/dependency_links.txt
[2.630s] writing entry points to ../../build/temperature_pkg/temperature_pkg.egg-info/entry_points.txt
[2.634s] writing requirements to ../../build/temperature_pkg/temperature_pkg.egg-info/requires.txt
[2.640s] writing top-level names to ../../build/temperature_pkg/temperature_pkg.egg-info/top_level.txt
[2.641s] writing manifest file '../../build/temperature_pkg/temperature_pkg.egg-info/SOURCES.txt'
[2.761s] reading manifest file '../../build/temperature_pkg/temperature_pkg.egg-info/SOURCES.txt'
[2.770s] writing manifest file '../../build/temperature_pkg/temperature_pkg.egg-info/SOURCES.txt'
[2.773s] running build
[2.775s] running build_py
[2.778s] creating /workspace/ros2_ws/build/temperature_pkg/build/lib/temperature_pkg
[2.783s] copying temperature_pkg/__init__.py -> /workspace/ros2_ws/build/temperature_pkg/build/lib/temperature_pkg
[2.788s] copying temperature_pkg/publisher_member_function.py -> /workspace/ros2_ws/build/temperature_pkg/build/lib/temperature_pkg
[2.795s] copying temperature_pkg/subscriber_member_function.py -> /workspace/ros2_ws/build/temperature_pkg/build/lib/temperature_pkg
[2.822s] running install
[2.837s] running install_lib
[2.912s] creating /workspace/ros2_ws/install/temperature_pkg/lib/python3.10/site-packages/temperature_pkg
[2.914s] copying /workspace/ros2_ws/build/temperature_pkg/build/lib/temperature_pkg/__init__.py -> /workspace/ros2_ws/install/temperature_pkg/lib/python3.10/site-packages/temperature_pkg
[2.926s] copying /workspace/ros2_ws/build/temperature_pkg/build/lib/temperature_pkg/publisher_member_function.py -> /workspace/ros2_ws/install/temperature_pkg/lib/python3.10/site-packages/temperature_pkg
[2.938s] copying /workspace/ros2_ws/build/temperature_pkg/build/lib/temperature_pkg/subscriber_member_function.py -> /workspace/ros2_ws/install/temperature_pkg/lib/python3.10/site-packages/temperature_pkg
[2.949s] byte-compiling /workspace/ros2_ws/install/temperature_pkg/lib/python3.10/site-packages/temperature_pkg/__init__.py to __init__.cpython-310.pyc
[2.967s] byte-compiling /workspace/ros2_ws/install/temperature_pkg/lib/python3.10/site-packages/temperature_pkg/publisher_member_function.py to publisher_member_function.cpython-310.pyc
[2.990s] byte-compiling /workspace/ros2_ws/install/temperature_pkg/lib/python3.10/site-packages/temperature_pkg/subscriber_member_function.py to subscriber_member_function.cpython-310.pyc
[3.001s] running install_data
[3.003s] creating /workspace/ros2_ws/install/temperature_pkg/share/ament_index/resource_index/packages
[3.007s] copying resource/temperature_pkg -> /workspace/ros2_ws/install/temperature_pkg/share/ament_index/resource_index/packages
[3.013s] copying package.xml -> /workspace/ros2_ws/install/temperature_pkg/share/temperature_pkg
[3.020s] creating /workspace/ros2_ws/install/temperature_pkg/share/temperature_pkg/launch
[3.024s] copying launch/pub_sub_launch.py -> /workspace/ros2_ws/install/temperature_pkg/share/temperature_pkg/launch
[3.030s] running install_egg_info
[3.150s] Copying ../../build/temperature_pkg/temperature_pkg.egg-info to /workspace/ros2_ws/install/temperature_pkg/lib/python3.10/site-packages/temperature_pkg-0.0.0-py3.10.egg-info
[3.251s] running install_scripts
[3.410s] Installing listener script to /workspace/ros2_ws/install/temperature_pkg/lib/temperature_pkg
[3.420s] Installing talker script to /workspace/ros2_ws/install/temperature_pkg/lib/temperature_pkg
[3.436s] writing list of installed files to '/workspace/ros2_ws/build/temperature_pkg/install.log'
[3.506s] Invoked command in '/workspace/ros2_ws/src/temperature_pkg' returned '0': PYTHONPATH=/workspace/ros2_ws/build/temperature_pkg/prefix_override:/usr/lib/python3/dist-packages/colcon_core/task/python/colcon_distutils_commands:/workspace/ros2_ws/install/temperature_pkg/lib/python3.10/site-packages:${PYTHONPATH} /usr/bin/python3 -W ignore:setup.py install is deprecated -W ignore:easy_install command is deprecated setup.py egg_info --egg-base ../../build/temperature_pkg build --build-base /workspace/ros2_ws/build/temperature_pkg/build install --record /workspace/ros2_ws/build/temperature_pkg/install.log --single-version-externally-managed install_data
