[1.406s] Invoking command in '/workspace/ros2_ws/src/temperature_pkg': PYTHONPATH=/workspace/ros2_ws/src/temperature_pkg/build/temperature_pkg/prefix_override:/usr/lib/python3/dist-packages/colcon_core/task/python/colcon_distutils_commands:/workspace/ros2_ws/src/temperature_pkg/install/temperature_pkg/lib/python3.10/site-packages:${PYTHONPATH} /usr/bin/python3 -W ignore:setup.py install is deprecated -W ignore:easy_install command is deprecated setup.py egg_info --egg-base build/temperature_pkg build --build-base /workspace/ros2_ws/src/temperature_pkg/build/temperature_pkg/build install --record /workspace/ros2_ws/src/temperature_pkg/build/temperature_pkg/install.log --single-version-externally-managed install_data
[1.841s] /home/ubuntu/.local/lib/python3.10/site-packages/setuptools/_distutils/dist.py:289: UserWarning: Unknown distribution option: 'tests_require'
[1.845s]   warnings.warn(msg)
[2.088s] running egg_info
[2.127s] creating build/temperature_pkg/temperature_pkg.egg-info
[2.132s] writing build/temperature_pkg/temperature_pkg.egg-info/PKG-INFO
[2.145s] writing dependency_links to build/temperature_pkg/temperature_pkg.egg-info/dependency_links.txt
[2.150s] writing entry points to build/temperature_pkg/temperature_pkg.egg-info/entry_points.txt
[2.158s] writing requirements to build/temperature_pkg/temperature_pkg.egg-info/requires.txt
[2.160s] writing top-level names to build/temperature_pkg/temperature_pkg.egg-info/top_level.txt
[2.163s] writing manifest file 'build/temperature_pkg/temperature_pkg.egg-info/SOURCES.txt'
[2.277s] reading manifest file 'build/temperature_pkg/temperature_pkg.egg-info/SOURCES.txt'
[2.287s] writing manifest file 'build/temperature_pkg/temperature_pkg.egg-info/SOURCES.txt'
[2.292s] running build
[2.296s] running build_py
[2.301s] creating /workspace/ros2_ws/src/temperature_pkg/build/temperature_pkg/build/lib/temperature_pkg
[2.306s] copying temperature_pkg/__init__.py -> /workspace/ros2_ws/src/temperature_pkg/build/temperature_pkg/build/lib/temperature_pkg
[2.313s] copying temperature_pkg/publisher_member_function.py -> /workspace/ros2_ws/src/temperature_pkg/build/temperature_pkg/build/lib/temperature_pkg
[2.318s] copying temperature_pkg/subscriber_member_function.py -> /workspace/ros2_ws/src/temperature_pkg/build/temperature_pkg/build/lib/temperature_pkg
[2.335s] running install
[2.360s] running install_lib
[2.418s] creating /workspace/ros2_ws/src/temperature_pkg/install/temperature_pkg/lib/python3.10/site-packages/temperature_pkg
[2.420s] copying /workspace/ros2_ws/src/temperature_pkg/build/temperature_pkg/build/lib/temperature_pkg/__init__.py -> /workspace/ros2_ws/src/temperature_pkg/install/temperature_pkg/lib/python3.10/site-packages/temperature_pkg
[2.425s] copying /workspace/ros2_ws/src/temperature_pkg/build/temperature_pkg/build/lib/temperature_pkg/publisher_member_function.py -> /workspace/ros2_ws/src/temperature_pkg/install/temperature_pkg/lib/python3.10/site-packages/temperature_pkg
[2.434s] copying /workspace/ros2_ws/src/temperature_pkg/build/temperature_pkg/build/lib/temperature_pkg/subscriber_member_function.py -> /workspace/ros2_ws/src/temperature_pkg/install/temperature_pkg/lib/python3.10/site-packages/temperature_pkg
[2.455s] byte-compiling /workspace/ros2_ws/src/temperature_pkg/install/temperature_pkg/lib/python3.10/site-packages/temperature_pkg/__init__.py to __init__.cpython-310.pyc
[2.465s] byte-compiling /workspace/ros2_ws/src/temperature_pkg/install/temperature_pkg/lib/python3.10/site-packages/temperature_pkg/publisher_member_function.py to publisher_member_function.cpython-310.pyc
[2.481s] byte-compiling /workspace/ros2_ws/src/temperature_pkg/install/temperature_pkg/lib/python3.10/site-packages/temperature_pkg/subscriber_member_function.py to subscriber_member_function.cpython-310.pyc
[2.492s] running install_data
[2.495s] creating /workspace/ros2_ws/src/temperature_pkg/install/temperature_pkg/share/ament_index/resource_index/packages
[2.501s] copying resource/temperature_pkg -> /workspace/ros2_ws/src/temperature_pkg/install/temperature_pkg/share/ament_index/resource_index/packages
[2.509s] copying package.xml -> /workspace/ros2_ws/src/temperature_pkg/install/temperature_pkg/share/temperature_pkg
[2.515s] running install_egg_info
[2.629s] Copying build/temperature_pkg/temperature_pkg.egg-info to /workspace/ros2_ws/src/temperature_pkg/install/temperature_pkg/lib/python3.10/site-packages/temperature_pkg-0.0.0-py3.10.egg-info
[2.718s] running install_scripts
[2.864s] Installing listener script to /workspace/ros2_ws/src/temperature_pkg/install/temperature_pkg/lib/temperature_pkg
[2.870s] Installing talker script to /workspace/ros2_ws/src/temperature_pkg/install/temperature_pkg/lib/temperature_pkg
[2.880s] writing list of installed files to '/workspace/ros2_ws/src/temperature_pkg/build/temperature_pkg/install.log'
[2.945s] Invoked command in '/workspace/ros2_ws/src/temperature_pkg' returned '0': PYTHONPATH=/workspace/ros2_ws/src/temperature_pkg/build/temperature_pkg/prefix_override:/usr/lib/python3/dist-packages/colcon_core/task/python/colcon_distutils_commands:/workspace/ros2_ws/src/temperature_pkg/install/temperature_pkg/lib/python3.10/site-packages:${PYTHONPATH} /usr/bin/python3 -W ignore:setup.py install is deprecated -W ignore:easy_install command is deprecated setup.py egg_info --egg-base build/temperature_pkg build --build-base /workspace/ros2_ws/src/temperature_pkg/build/temperature_pkg/build install --record /workspace/ros2_ws/src/temperature_pkg/build/temperature_pkg/install.log --single-version-externally-managed install_data
