[0.000000] (-) TimerEvent: {}
[0.002796] (-) JobUnselected: {'identifier': 'gps_mavros'}
[0.006516] (-) JobUnselected: {'identifier': 'package1'}
[0.010754] (-) JobUnselected: {'identifier': 'temperature_interface'}
[0.015633] (gps_ros2) JobQueued: {'identifier': 'gps_ros2', 'dependencies': OrderedDict([('gps_mavros', '/ODLC_Machine_Inferencing_System_2025-2026/ros2_workspace/install/gps_mavros')])}
[0.018960] (gps_ros2) JobStarted: {'identifier': 'gps_ros2'}
[0.080178] (-) TimerEvent: {}
[0.188892] (-) TimerEvent: {}
[0.297057] (-) TimerEvent: {}
[0.402849] (-) TimerEvent: {}
[0.512110] (-) TimerEvent: {}
[0.625648] (-) TimerEvent: {}
[0.731119] (-) TimerEvent: {}
[0.843287] (-) TimerEvent: {}
[0.956374] (-) TimerEvent: {}
[1.070589] (-) TimerEvent: {}
[1.176232] (-) TimerEvent: {}
[1.280277] (-) TimerEvent: {}
[1.385262] (-) TimerEvent: {}
[1.488273] (-) TimerEvent: {}
[1.595219] (-) TimerEvent: {}
[1.701965] (-) TimerEvent: {}
[1.806585] (-) TimerEvent: {}
[1.910910] (-) TimerEvent: {}
[2.012934] (-) TimerEvent: {}
[2.114901] (-) TimerEvent: {}
[2.218712] (-) TimerEvent: {}
[2.326598] (-) TimerEvent: {}
[2.428575] (-) TimerEvent: {}
[2.530690] (-) TimerEvent: {}
[2.640131] (-) TimerEvent: {}
[2.745288] (-) TimerEvent: {}
[2.861959] (-) TimerEvent: {}
[2.971840] (-) TimerEvent: {}
[3.085458] (-) TimerEvent: {}
[3.209316] (-) TimerEvent: {}
[3.329252] (-) TimerEvent: {}
[3.440581] (-) TimerEvent: {}
[3.554352] (-) TimerEvent: {}
[3.661659] (-) TimerEvent: {}
[3.775132] (-) TimerEvent: {}
[3.881077] (-) TimerEvent: {}
[3.986351] (-) TimerEvent: {}
[4.092403] (-) TimerEvent: {}
[4.202035] (-) TimerEvent: {}
[4.320966] (-) TimerEvent: {}
[4.424010] (-) TimerEvent: {}
[4.526087] (-) TimerEvent: {}
[4.630353] (-) TimerEvent: {}
[4.743328] (-) TimerEvent: {}
[4.852645] (-) TimerEvent: {}
[4.962685] (-) TimerEvent: {}
[5.068582] (-) TimerEvent: {}
[5.204633] (-) TimerEvent: {}
[5.323151] (-) TimerEvent: {}
[5.433799] (-) TimerEvent: {}
[5.551290] (-) TimerEvent: {}
[5.656117] (-) TimerEvent: {}
[5.787449] (-) TimerEvent: {}
[5.889884] (-) TimerEvent: {}
[5.998612] (-) TimerEvent: {}
[6.103192] (-) TimerEvent: {}
[6.205255] (-) TimerEvent: {}
[6.310864] (-) TimerEvent: {}
[6.412578] (-) TimerEvent: {}
[6.515005] (-) TimerEvent: {}
[6.627228] (-) TimerEvent: {}
[6.734263] (-) TimerEvent: {}
[6.841940] (-) TimerEvent: {}
[6.946755] (-) TimerEvent: {}
[7.061782] (-) TimerEvent: {}
[7.164234] (-) TimerEvent: {}
[7.268650] (-) TimerEvent: {}
[7.371150] (-) TimerEvent: {}
[7.475047] (-) TimerEvent: {}
[7.577964] (-) TimerEvent: {}
[7.680516] (-) TimerEvent: {}
[7.782894] (-) TimerEvent: {}
[7.887417] (-) TimerEvent: {}
[7.988809] (-) TimerEvent: {}
[8.091746] (-) TimerEvent: {}
[8.195230] (-) TimerEvent: {}
[8.300744] (-) TimerEvent: {}
[8.402738] (-) TimerEvent: {}
[8.508065] (-) TimerEvent: {}
[8.621639] (-) TimerEvent: {}
[8.728454] (-) TimerEvent: {}
[8.831912] (-) TimerEvent: {}
[8.936244] (-) TimerEvent: {}
[9.048948] (-) TimerEvent: {}
[9.159834] (-) TimerEvent: {}
[9.279959] (-) TimerEvent: {}
[9.386183] (-) TimerEvent: {}
[9.495101] (-) TimerEvent: {}
[9.601265] (-) TimerEvent: {}
[9.703702] (-) TimerEvent: {}
[9.807968] (-) TimerEvent: {}
[9.916927] (-) TimerEvent: {}
[10.027527] (-) TimerEvent: {}
[10.139345] (-) TimerEvent: {}
[10.249350] (-) TimerEvent: {}
[10.366249] (-) TimerEvent: {}
[10.473361] (-) TimerEvent: {}
[10.575943] (-) TimerEvent: {}
[10.682424] (-) TimerEvent: {}
[10.783969] (-) TimerEvent: {}
[10.798074] (gps_ros2) JobEnded: {'identifier': 'gps_ros2', 'rc': 0}
[10.924527] (-) TimerEvent: {}
[10.926608] (-) EventReactorShutdown: {}
