[8.053s] DEBUG:colcon:Command line arguments: ['/usr/bin/colcon', 'build', '--packages-select', 'gps_ros2']
[8.059s] DEBUG:colcon:Parsed command line arguments: Namespace(log_base=None, log_level=None, verb_name='build', build_base='build', install_base='install', merge_install=False, symlink_install=False, test_result_base=None, continue_on_error=False, executor='parallel', parallel_workers=12, event_handlers=None, ignore_user_meta=False, metas=['./colcon.meta'], base_paths=['.'], packages_ignore=None, packages_ignore_regex=None, paths=None, packages_up_to=None, packages_up_to_regex=None, packages_above=None, packages_above_and_dependencies=None, packages_above_depth=None, packages_select_by_dep=None, packages_skip_by_dep=None, packages_skip_up_to=None, packages_select_build_failed=False, packages_skip_build_finished=False, packages_select_test_failures=False, packages_skip_test_passed=False, packages_select=['gps_ros2'], packages_skip=None, packages_select_regex=None, packages_skip_regex=None, packages_start=None, packages_end=None, cmake_args=None, cmake_target=None, cmake_target_skip_unavailable=False, cmake_clean_cache=False, cmake_clean_first=False, cmake_force_configure=False, ament_cmake_args=None, catkin_cmake_args=None, catkin_skip_building_tests=False, mixin_files=None, mixin=None, verb_parser=<colcon_mixin.mixin.mixin_argument.MixinArgumentDecorator object at 0x7d97fe4a97b0>, verb_extension=<colcon_core.verb.build.BuildVerb object at 0x7d97fe4a91b0>, main=<bound method BuildVerb.main of <colcon_core.verb.build.BuildVerb object at 0x7d97fe4a91b0>>, mixin_verb=('build',))
[11.027s] Level 1:colcon.colcon_core.package_discovery:discover_packages(colcon_meta) check parameters
[11.038s] Level 1:colcon.colcon_core.package_discovery:discover_packages(recursive) check parameters
[11.041s] Level 1:colcon.colcon_core.package_discovery:discover_packages(ignore) check parameters
[11.048s] Level 1:colcon.colcon_core.package_discovery:discover_packages(path) check parameters
[11.057s] Level 1:colcon.colcon_core.package_discovery:discover_packages(colcon_meta) discover
[11.073s] Level 1:colcon.colcon_core.package_discovery:discover_packages(recursive) discover
[11.075s] INFO:colcon.colcon_core.package_discovery:Crawling recursively for packages in '/ODLC_Machine_Inferencing_System_2025-2026/ros2_workspace'
[11.097s] Level 1:colcon.colcon_core.package_identification:_identify(.) by extensions ['ignore', 'ignore_ament_install']
[11.099s] Level 1:colcon.colcon_core.package_identification:_identify(.) by extension 'ignore'
[11.113s] Level 1:colcon.colcon_core.package_identification:_identify(.) by extension 'ignore_ament_install'
[11.124s] Level 1:colcon.colcon_core.package_identification:_identify(.) by extensions ['colcon_pkg']
[11.137s] Level 1:colcon.colcon_core.package_identification:_identify(.) by extension 'colcon_pkg'
[11.149s] Level 1:colcon.colcon_core.package_identification:_identify(.) by extensions ['colcon_meta']
[11.154s] Level 1:colcon.colcon_core.package_identification:_identify(.) by extension 'colcon_meta'
[11.156s] Level 1:colcon.colcon_core.package_identification:_identify(.) by extensions ['ros']
[11.159s] Level 1:colcon.colcon_core.package_identification:_identify(.) by extension 'ros'
[11.641s] Level 1:colcon.colcon_core.package_identification:_identify(.) by extensions ['cmake', 'python']
[11.652s] Level 1:colcon.colcon_core.package_identification:_identify(.) by extension 'cmake'
[11.656s] Level 1:colcon.colcon_core.package_identification:_identify(.) by extension 'python'
[11.665s] Level 1:colcon.colcon_core.package_identification:_identify(.) by extensions ['python_setup_py']
[11.671s] Level 1:colcon.colcon_core.package_identification:_identify(.) by extension 'python_setup_py'
[11.733s] Level 1:colcon.colcon_core.package_identification:_identify(build) by extensions ['ignore', 'ignore_ament_install']
[11.740s] Level 1:colcon.colcon_core.package_identification:_identify(build) by extension 'ignore'
[11.770s] Level 1:colcon.colcon_core.package_identification:_identify(build) ignored
[11.853s] Level 1:colcon.colcon_core.package_identification:_identify(install) by extensions ['ignore', 'ignore_ament_install']
[11.855s] Level 1:colcon.colcon_core.package_identification:_identify(install) by extension 'ignore'
[11.898s] Level 1:colcon.colcon_core.package_identification:_identify(install) ignored
[12.397s] Level 1:colcon.colcon_core.package_identification:_identify(log) by extensions ['ignore', 'ignore_ament_install']
[12.443s] Level 1:colcon.colcon_core.package_identification:_identify(log) by extension 'ignore'
[12.609s] Level 1:colcon.colcon_core.package_identification:_identify(log) ignored
[12.844s] Level 1:colcon.colcon_core.package_identification:_identify(source) by extensions ['ignore', 'ignore_ament_install']
[12.864s] Level 1:colcon.colcon_core.package_identification:_identify(source) by extension 'ignore'
[12.944s] Level 1:colcon.colcon_core.package_identification:_identify(source) by extension 'ignore_ament_install'
[13.046s] Level 1:colcon.colcon_core.package_identification:_identify(source) by extensions ['colcon_pkg']
[13.064s] Level 1:colcon.colcon_core.package_identification:_identify(source) by extension 'colcon_pkg'
[13.115s] Level 1:colcon.colcon_core.package_identification:_identify(source) by extensions ['colcon_meta']
[13.126s] Level 1:colcon.colcon_core.package_identification:_identify(source) by extension 'colcon_meta'
[13.203s] Level 1:colcon.colcon_core.package_identification:_identify(source) by extensions ['ros']
[13.217s] Level 1:colcon.colcon_core.package_identification:_identify(source) by extension 'ros'
[13.414s] Level 1:colcon.colcon_core.package_identification:_identify(source) by extensions ['cmake', 'python']
[13.448s] Level 1:colcon.colcon_core.package_identification:_identify(source) by extension 'cmake'
[13.493s] Level 1:colcon.colcon_core.package_identification:_identify(source) by extension 'python'
[13.521s] Level 1:colcon.colcon_core.package_identification:_identify(source) by extensions ['python_setup_py']
[13.524s] Level 1:colcon.colcon_core.package_identification:_identify(source) by extension 'python_setup_py'
[13.670s] Level 1:colcon.colcon_core.package_identification:_identify(source/gps_mavros) by extensions ['ignore', 'ignore_ament_install']
[13.683s] Level 1:colcon.colcon_core.package_identification:_identify(source/gps_mavros) by extension 'ignore'
[13.765s] Level 1:colcon.colcon_core.package_identification:_identify(source/gps_mavros) by extension 'ignore_ament_install'
[13.904s] Level 1:colcon.colcon_core.package_identification:_identify(source/gps_mavros) by extensions ['colcon_pkg']
[13.925s] Level 1:colcon.colcon_core.package_identification:_identify(source/gps_mavros) by extension 'colcon_pkg'
[14.009s] Level 1:colcon.colcon_core.package_identification:_identify(source/gps_mavros) by extensions ['colcon_meta']
[14.016s] Level 1:colcon.colcon_core.package_identification:_identify(source/gps_mavros) by extension 'colcon_meta'
[14.159s] Level 1:colcon.colcon_core.package_identification:_identify(source/gps_mavros) by extensions ['ros']
[14.181s] Level 1:colcon.colcon_core.package_identification:_identify(source/gps_mavros) by extension 'ros'
[14.875s] DEBUG:colcon.colcon_core.package_identification:Package 'source/gps_mavros' with type 'ros.ament_cmake' and name 'gps_mavros'
[14.917s] Level 1:colcon.colcon_core.package_identification:_identify(source/gps_ros2) by extensions ['ignore', 'ignore_ament_install']
[14.919s] Level 1:colcon.colcon_core.package_identification:_identify(source/gps_ros2) by extension 'ignore'
[14.934s] Level 1:colcon.colcon_core.package_identification:_identify(source/gps_ros2) by extension 'ignore_ament_install'
[14.951s] Level 1:colcon.colcon_core.package_identification:_identify(source/gps_ros2) by extensions ['colcon_pkg']
[14.953s] Level 1:colcon.colcon_core.package_identification:_identify(source/gps_ros2) by extension 'colcon_pkg'
[14.966s] Level 1:colcon.colcon_core.package_identification:_identify(source/gps_ros2) by extensions ['colcon_meta']
[14.973s] Level 1:colcon.colcon_core.package_identification:_identify(source/gps_ros2) by extension 'colcon_meta'
[14.987s] Level 1:colcon.colcon_core.package_identification:_identify(source/gps_ros2) by extensions ['ros']
[14.991s] Level 1:colcon.colcon_core.package_identification:_identify(source/gps_ros2) by extension 'ros'
[15.106s] DEBUG:colcon.colcon_core.package_identification:Package 'source/gps_ros2' with type 'ros.ament_python' and name 'gps_ros2'
[15.133s] Level 1:colcon.colcon_core.package_identification:_identify(source/package1) by extensions ['ignore', 'ignore_ament_install']
[15.134s] Level 1:colcon.colcon_core.package_identification:_identify(source/package1) by extension 'ignore'
[15.141s] Level 1:colcon.colcon_core.package_identification:_identify(source/package1) by extension 'ignore_ament_install'
[15.160s] Level 1:colcon.colcon_core.package_identification:_identify(source/package1) by extensions ['colcon_pkg']
[15.162s] Level 1:colcon.colcon_core.package_identification:_identify(source/package1) by extension 'colcon_pkg'
[15.176s] Level 1:colcon.colcon_core.package_identification:_identify(source/package1) by extensions ['colcon_meta']
[15.177s] Level 1:colcon.colcon_core.package_identification:_identify(source/package1) by extension 'colcon_meta'
[15.189s] Level 1:colcon.colcon_core.package_identification:_identify(source/package1) by extensions ['ros']
[15.191s] Level 1:colcon.colcon_core.package_identification:_identify(source/package1) by extension 'ros'
[15.397s] DEBUG:colcon.colcon_core.package_identification:Package 'source/package1' with type 'ros.ament_python' and name 'package1'
[15.503s] Level 1:colcon.colcon_core.package_identification:_identify(source/temperature_interface) by extensions ['ignore', 'ignore_ament_install']
[15.513s] Level 1:colcon.colcon_core.package_identification:_identify(source/temperature_interface) by extension 'ignore'
[15.549s] Level 1:colcon.colcon_core.package_identification:_identify(source/temperature_interface) by extension 'ignore_ament_install'
[15.616s] Level 1:colcon.colcon_core.package_identification:_identify(source/temperature_interface) by extensions ['colcon_pkg']
[15.618s] Level 1:colcon.colcon_core.package_identification:_identify(source/temperature_interface) by extension 'colcon_pkg'
[15.639s] Level 1:colcon.colcon_core.package_identification:_identify(source/temperature_interface) by extensions ['colcon_meta']
[15.644s] Level 1:colcon.colcon_core.package_identification:_identify(source/temperature_interface) by extension 'colcon_meta'
[15.675s] Level 1:colcon.colcon_core.package_identification:_identify(source/temperature_interface) by extensions ['ros']
[15.676s] Level 1:colcon.colcon_core.package_identification:_identify(source/temperature_interface) by extension 'ros'
[15.799s] DEBUG:colcon.colcon_core.package_identification:Package 'source/temperature_interface' with type 'ros.catkin' and name 'temperature_interface'
[15.803s] Level 1:colcon.colcon_core.package_discovery:discover_packages(recursive) using defaults
[15.810s] Level 1:colcon.colcon_core.package_discovery:discover_packages(ignore) discover
[15.816s] Level 1:colcon.colcon_core.package_discovery:discover_packages(ignore) using defaults
[15.818s] Level 1:colcon.colcon_core.package_discovery:discover_packages(path) discover
[15.824s] Level 1:colcon.colcon_core.package_discovery:discover_packages(path) using defaults
[17.183s] INFO:colcon.colcon_core.package_selection:Skipping not selected package 'gps_mavros' in 'source/gps_mavros'
[17.185s] INFO:colcon.colcon_core.package_selection:Skipping not selected package 'temperature_interface' in 'source/temperature_interface'
[17.189s] INFO:colcon.colcon_core.package_selection:Skipping not selected package 'package1' in 'source/package1'
[17.192s] Level 5:colcon.colcon_core.verb:set package 'gps_ros2' build argument 'cmake_args' from command line to 'None'
[17.193s] Level 5:colcon.colcon_core.verb:set package 'gps_ros2' build argument 'cmake_target' from command line to 'None'
[17.203s] Level 5:colcon.colcon_core.verb:set package 'gps_ros2' build argument 'cmake_target_skip_unavailable' from command line to 'False'
[17.206s] Level 5:colcon.colcon_core.verb:set package 'gps_ros2' build argument 'cmake_clean_cache' from command line to 'False'
[17.209s] Level 5:colcon.colcon_core.verb:set package 'gps_ros2' build argument 'cmake_clean_first' from command line to 'False'
[17.214s] Level 5:colcon.colcon_core.verb:set package 'gps_ros2' build argument 'cmake_force_configure' from command line to 'False'
[17.216s] Level 5:colcon.colcon_core.verb:set package 'gps_ros2' build argument 'ament_cmake_args' from command line to 'None'
[17.218s] Level 5:colcon.colcon_core.verb:set package 'gps_ros2' build argument 'catkin_cmake_args' from command line to 'None'
[17.220s] Level 5:colcon.colcon_core.verb:set package 'gps_ros2' build argument 'catkin_skip_building_tests' from command line to 'False'
[17.230s] DEBUG:colcon.colcon_core.verb:Building package 'gps_ros2' with the following arguments: {'ament_cmake_args': None, 'build_base': '/ODLC_Machine_Inferencing_System_2025-2026/ros2_workspace/build/gps_ros2', 'catkin_cmake_args': None, 'catkin_skip_building_tests': False, 'cmake_args': None, 'cmake_clean_cache': False, 'cmake_clean_first': False, 'cmake_force_configure': False, 'cmake_target': None, 'cmake_target_skip_unavailable': False, 'install_base': '/ODLC_Machine_Inferencing_System_2025-2026/ros2_workspace/install/gps_ros2', 'merge_install': False, 'path': '/ODLC_Machine_Inferencing_System_2025-2026/ros2_workspace/source/gps_ros2', 'symlink_install': False, 'test_result_base': None}
[17.234s] INFO:colcon.colcon_core.executor:Executing jobs using 'parallel' executor
[17.241s] DEBUG:colcon.colcon_parallel_executor.executor.parallel:run_until_complete
[17.246s] INFO:colcon.colcon_ros.task.ament_python.build:Building ROS package in '/ODLC_Machine_Inferencing_System_2025-2026/ros2_workspace/source/gps_ros2' with build type 'ament_python'
[17.263s] Level 1:colcon.colcon_core.shell:create_environment_hook('gps_ros2', 'ament_prefix_path')
[17.421s] INFO:colcon.colcon_core.plugin_system:Skipping extension 'colcon_core.shell.bat': Not used on non-Windows systems
[17.424s] INFO:colcon.colcon_core.shell:Creating environment hook '/ODLC_Machine_Inferencing_System_2025-2026/ros2_workspace/install/gps_ros2/share/gps_ros2/hook/ament_prefix_path.ps1'
[17.571s] INFO:colcon.colcon_core.shell:Creating environment descriptor '/ODLC_Machine_Inferencing_System_2025-2026/ros2_workspace/install/gps_ros2/share/gps_ros2/hook/ament_prefix_path.dsv'
[17.896s] INFO:colcon.colcon_core.shell:Creating environment hook '/ODLC_Machine_Inferencing_System_2025-2026/ros2_workspace/install/gps_ros2/share/gps_ros2/hook/ament_prefix_path.sh'
[18.451s] INFO:colcon.colcon_core.shell:Skip shell extension 'powershell' for command environment: Not usable outside of PowerShell
[18.454s] DEBUG:colcon.colcon_core.shell:Skip shell extension 'dsv' for command environment
[28.057s] DEBUG:colcon.colcon_parallel_executor.executor.parallel:run_until_complete was interrupted
[28.067s] DEBUG:colcon.colcon_parallel_executor.executor.parallel:run_until_complete again
[28.073s] DEBUG:colcon.colcon_parallel_executor.executor.parallel:run_until_complete finished
[28.084s] DEBUG:colcon.colcon_parallel_executor.executor.parallel:closing loop
[28.086s] DEBUG:colcon.colcon_parallel_executor.executor.parallel:loop closed
[28.098s] DEBUG:colcon.colcon_core.event_reactor:joining thread
[28.546s] INFO:colcon.colcon_core.plugin_system:Skipping extension 'colcon_notification.desktop_notification.notify_send': Could not find 'notify-send'
[28.547s] INFO:colcon.colcon_core.plugin_system:Skipping extension 'colcon_notification.desktop_notification.terminal_notifier': Not used on non-Darwin systems
[28.548s] INFO:colcon.colcon_core.plugin_system:Skipping extension 'colcon_notification.desktop_notification.win32': Not used on non-Windows systems
[28.549s] INFO:colcon.colcon_notification.desktop_notification:Sending desktop notification using 'notify2'
[28.561s] DEBUG:colcon.colcon_notification.desktop_notification.notify2:Failed to initialize notify2: org.freedesktop.DBus.Error.Spawn.ExecFailed: /usr/bin/dbus-launch terminated abnormally without any error message
[28.566s] DEBUG:colcon.colcon_core.event_reactor:joined thread
[28.582s] INFO:colcon.colcon_core.shell:Creating prefix script '/ODLC_Machine_Inferencing_System_2025-2026/ros2_workspace/install/local_setup.ps1'
[28.639s] INFO:colcon.colcon_core.shell:Creating prefix util module '/ODLC_Machine_Inferencing_System_2025-2026/ros2_workspace/install/_local_setup_util_ps1.py'
[28.756s] INFO:colcon.colcon_core.shell:Creating prefix chain script '/ODLC_Machine_Inferencing_System_2025-2026/ros2_workspace/install/setup.ps1'
[29.008s] INFO:colcon.colcon_core.shell:Creating prefix script '/ODLC_Machine_Inferencing_System_2025-2026/ros2_workspace/install/local_setup.sh'
[29.067s] INFO:colcon.colcon_core.shell:Creating prefix util module '/ODLC_Machine_Inferencing_System_2025-2026/ros2_workspace/install/_local_setup_util_sh.py'
[29.107s] INFO:colcon.colcon_core.shell:Creating prefix chain script '/ODLC_Machine_Inferencing_System_2025-2026/ros2_workspace/install/setup.sh'
[29.508s] INFO:colcon.colcon_core.shell:Creating prefix script '/ODLC_Machine_Inferencing_System_2025-2026/ros2_workspace/install/local_setup.bash'
[29.593s] INFO:colcon.colcon_core.shell:Creating prefix chain script '/ODLC_Machine_Inferencing_System_2025-2026/ros2_workspace/install/setup.bash'
[29.905s] INFO:colcon.colcon_core.shell:Creating prefix script '/ODLC_Machine_Inferencing_System_2025-2026/ros2_workspace/install/local_setup.zsh'
[29.998s] INFO:colcon.colcon_core.shell:Creating prefix chain script '/ODLC_Machine_Inferencing_System_2025-2026/ros2_workspace/install/setup.zsh'
