[1.551s] Invoking command in '/workspace/ros2_ws/src/ros2_image_stitching_pkg': PYTHONPATH=/workspace/build/ros2_image_stitching_pkg/prefix_override:/usr/lib/python3/dist-packages/colcon_core/task/python/colcon_distutils_commands:/workspace/install/ros2_image_stitching_pkg/lib/python3.10/site-packages:${PYTHONPATH} /usr/bin/python3 -W ignore:setup.py install is deprecated -W ignore:easy_install command is deprecated setup.py egg_info --egg-base ../../../build/ros2_image_stitching_pkg build --build-base /workspace/build/ros2_image_stitching_pkg/build install --record /workspace/build/ros2_image_stitching_pkg/install.log --single-version-externally-managed install_data
[1.885s] /home/ubuntu/.local/lib/python3.10/site-packages/setuptools/_distutils/dist.py:289: UserWarning: Unknown distribution option: 'tests_require'
[1.889s]   warnings.warn(msg)
[2.013s] running egg_info
[2.038s] writing ../../../build/ros2_image_stitching_pkg/ros2_image_stitching_pkg.egg-info/PKG-INFO
[2.044s] writing dependency_links to ../../../build/ros2_image_stitching_pkg/ros2_image_stitching_pkg.egg-info/dependency_links.txt
[2.047s] writing entry points to ../../../build/ros2_image_stitching_pkg/ros2_image_stitching_pkg.egg-info/entry_points.txt
[2.050s] writing requirements to ../../../build/ros2_image_stitching_pkg/ros2_image_stitching_pkg.egg-info/requires.txt
[2.052s] writing top-level names to ../../../build/ros2_image_stitching_pkg/ros2_image_stitching_pkg.egg-info/top_level.txt
[2.115s] reading manifest file '../../../build/ros2_image_stitching_pkg/ros2_image_stitching_pkg.egg-info/SOURCES.txt'
[2.118s] writing manifest file '../../../build/ros2_image_stitching_pkg/ros2_image_stitching_pkg.egg-info/SOURCES.txt'
[2.120s] running build
[2.122s] running build_py
[2.125s] copying ros2_image_stitching_pkg/incremental_stitcher.py -> /workspace/build/ros2_image_stitching_pkg/build/lib/ros2_image_stitching_pkg
[2.128s] copying ros2_image_stitching_pkg/__init__.py -> /workspace/build/ros2_image_stitching_pkg/build/lib/ros2_image_stitching_pkg
[2.133s] copying ros2_image_stitching_pkg/mock_camera_node.py -> /workspace/build/ros2_image_stitching_pkg/build/lib/ros2_image_stitching_pkg
[2.138s] running install
[2.149s] running install_lib
[2.180s] copying /workspace/build/ros2_image_stitching_pkg/build/lib/ros2_image_stitching_pkg/incremental_stitcher.py -> /workspace/install/ros2_image_stitching_pkg/lib/python3.10/site-packages/ros2_image_stitching_pkg
[2.187s] byte-compiling /workspace/install/ros2_image_stitching_pkg/lib/python3.10/site-packages/ros2_image_stitching_pkg/incremental_stitcher.py to incremental_stitcher.cpython-310.pyc
[2.194s] running install_data
[2.198s] copying resource/ros2_image_stitching_pkg -> /workspace/install/ros2_image_stitching_pkg/share/ament_index/resource_index/packages
[2.209s] copying package.xml -> /workspace/install/ros2_image_stitching_pkg/share/ros2_image_stitching_pkg
[2.220s] running install_egg_info
[2.266s] removing '/workspace/install/ros2_image_stitching_pkg/lib/python3.10/site-packages/ros2_image_stitching_pkg-0.0.0-py3.10.egg-info' (and everything under it)
[2.272s] Copying ../../../build/ros2_image_stitching_pkg/ros2_image_stitching_pkg.egg-info to /workspace/install/ros2_image_stitching_pkg/lib/python3.10/site-packages/ros2_image_stitching_pkg-0.0.0-py3.10.egg-info
[2.334s] running install_scripts
[2.417s] Installing incremental_stitcher script to /workspace/install/ros2_image_stitching_pkg/lib/ros2_image_stitching_pkg
[2.419s] Installing mock_camera_node script to /workspace/install/ros2_image_stitching_pkg/lib/ros2_image_stitching_pkg
[2.423s] writing list of installed files to '/workspace/build/ros2_image_stitching_pkg/install.log'
[2.507s] Invoked command in '/workspace/ros2_ws/src/ros2_image_stitching_pkg' returned '0': PYTHONPATH=/workspace/build/ros2_image_stitching_pkg/prefix_override:/usr/lib/python3/dist-packages/colcon_core/task/python/colcon_distutils_commands:/workspace/install/ros2_image_stitching_pkg/lib/python3.10/site-packages:${PYTHONPATH} /usr/bin/python3 -W ignore:setup.py install is deprecated -W ignore:easy_install command is deprecated setup.py egg_info --egg-base ../../../build/ros2_image_stitching_pkg build --build-base /workspace/build/ros2_image_stitching_pkg/build install --record /workspace/build/ros2_image_stitching_pkg/install.log --single-version-externally-managed install_data
