running egg_info
creating ../../build/ros2_image_stitching_pkg/mapping.egg-info
writing ../../build/ros2_image_stitching_pkg/mapping.egg-info/PKG-INFO
writing dependency_links to ../../build/ros2_image_stitching_pkg/mapping.egg-info/dependency_links.txt
writing entry points to ../../build/ros2_image_stitching_pkg/mapping.egg-info/entry_points.txt
writing requirements to ../../build/ros2_image_stitching_pkg/mapping.egg-info/requires.txt
writing top-level names to ../../build/ros2_image_stitching_pkg/mapping.egg-info/top_level.txt
writing manifest file '../../build/ros2_image_stitching_pkg/mapping.egg-info/SOURCES.txt'
reading manifest file '../../build/ros2_image_stitching_pkg/mapping.egg-info/SOURCES.txt'
writing manifest file '../../build/ros2_image_stitching_pkg/mapping.egg-info/SOURCES.txt'
running build
running build_py
creating /workspace/ros2_ws/build/ros2_image_stitching_pkg/build/lib/ros2_image_stitching_pkg
copying ros2_image_stitching_pkg/incremental_stitcher.py -> /workspace/ros2_ws/build/ros2_image_stitching_pkg/build/lib/ros2_image_stitching_pkg
copying ros2_image_stitching_pkg/__init__.py -> /workspace/ros2_ws/build/ros2_image_stitching_pkg/build/lib/ros2_image_stitching_pkg
copying ros2_image_stitching_pkg/mock_camera_node.py -> /workspace/ros2_ws/build/ros2_image_stitching_pkg/build/lib/ros2_image_stitching_pkg
running install
running install_lib
creating /workspace/ros2_ws/install/ros2_image_stitching_pkg/lib/python3.10/site-packages/ros2_image_stitching_pkg
copying /workspace/ros2_ws/build/ros2_image_stitching_pkg/build/lib/ros2_image_stitching_pkg/incremental_stitcher.py -> /workspace/ros2_ws/install/ros2_image_stitching_pkg/lib/python3.10/site-packages/ros2_image_stitching_pkg
copying /workspace/ros2_ws/build/ros2_image_stitching_pkg/build/lib/ros2_image_stitching_pkg/__init__.py -> /workspace/ros2_ws/install/ros2_image_stitching_pkg/lib/python3.10/site-packages/ros2_image_stitching_pkg
copying /workspace/ros2_ws/build/ros2_image_stitching_pkg/build/lib/ros2_image_stitching_pkg/mock_camera_node.py -> /workspace/ros2_ws/install/ros2_image_stitching_pkg/lib/python3.10/site-packages/ros2_image_stitching_pkg
byte-compiling /workspace/ros2_ws/install/ros2_image_stitching_pkg/lib/python3.10/site-packages/ros2_image_stitching_pkg/incremental_stitcher.py to incremental_stitcher.cpython-310.pyc
byte-compiling /workspace/ros2_ws/install/ros2_image_stitching_pkg/lib/python3.10/site-packages/ros2_image_stitching_pkg/__init__.py to __init__.cpython-310.pyc
byte-compiling /workspace/ros2_ws/install/ros2_image_stitching_pkg/lib/python3.10/site-packages/ros2_image_stitching_pkg/mock_camera_node.py to mock_camera_node.cpython-310.pyc
running install_data
