[2.046s] Invoking command in '/workspace/ros2_ws/src/ros2_image_stitching_pkg': PYTHONPATH=/workspace/ros2_ws/build/ros2_image_stitching_pkg/prefix_override:/usr/lib/python3/dist-packages/colcon_core/task/python/colcon_distutils_commands:/workspace/ros2_ws/install/ros2_image_stitching_pkg/lib/python3.10/site-packages:${PYTHONPATH} /usr/bin/python3 -W ignore:setup.py install is deprecated -W ignore:easy_install command is deprecated setup.py egg_info --egg-base ../../build/ros2_image_stitching_pkg build --build-base /workspace/ros2_ws/build/ros2_image_stitching_pkg/build install --record /workspace/ros2_ws/build/ros2_image_stitching_pkg/install.log --single-version-externally-managed install_data
[2.579s] running egg_info
[2.612s] creating ../../build/ros2_image_stitching_pkg/mapping.egg-info
[2.614s] writing ../../build/ros2_image_stitching_pkg/mapping.egg-info/PKG-INFO
[2.619s] writing dependency_links to ../../build/ros2_image_stitching_pkg/mapping.egg-info/dependency_links.txt
[2.622s] writing entry points to ../../build/ros2_image_stitching_pkg/mapping.egg-info/entry_points.txt
[2.626s] writing requirements to ../../build/ros2_image_stitching_pkg/mapping.egg-info/requires.txt
[2.628s] writing top-level names to ../../build/ros2_image_stitching_pkg/mapping.egg-info/top_level.txt
[2.632s] writing manifest file '../../build/ros2_image_stitching_pkg/mapping.egg-info/SOURCES.txt'
[2.709s] reading manifest file '../../build/ros2_image_stitching_pkg/mapping.egg-info/SOURCES.txt'
[2.713s] writing manifest file '../../build/ros2_image_stitching_pkg/mapping.egg-info/SOURCES.txt'
[2.714s] running build
[2.716s] running build_py
[2.718s] creating /workspace/ros2_ws/build/ros2_image_stitching_pkg/build/lib/ros2_image_stitching_pkg
[2.720s] copying ros2_image_stitching_pkg/incremental_stitcher.py -> /workspace/ros2_ws/build/ros2_image_stitching_pkg/build/lib/ros2_image_stitching_pkg
[2.725s] copying ros2_image_stitching_pkg/__init__.py -> /workspace/ros2_ws/build/ros2_image_stitching_pkg/build/lib/ros2_image_stitching_pkg
[2.729s] copying ros2_image_stitching_pkg/mock_camera_node.py -> /workspace/ros2_ws/build/ros2_image_stitching_pkg/build/lib/ros2_image_stitching_pkg
[2.740s] running install
[2.753s] running install_lib
[2.810s] creating /workspace/ros2_ws/install/ros2_image_stitching_pkg/lib/python3.10/site-packages/ros2_image_stitching_pkg
[2.812s] copying /workspace/ros2_ws/build/ros2_image_stitching_pkg/build/lib/ros2_image_stitching_pkg/incremental_stitcher.py -> /workspace/ros2_ws/install/ros2_image_stitching_pkg/lib/python3.10/site-packages/ros2_image_stitching_pkg
[2.819s] copying /workspace/ros2_ws/build/ros2_image_stitching_pkg/build/lib/ros2_image_stitching_pkg/__init__.py -> /workspace/ros2_ws/install/ros2_image_stitching_pkg/lib/python3.10/site-packages/ros2_image_stitching_pkg
[2.826s] copying /workspace/ros2_ws/build/ros2_image_stitching_pkg/build/lib/ros2_image_stitching_pkg/mock_camera_node.py -> /workspace/ros2_ws/install/ros2_image_stitching_pkg/lib/python3.10/site-packages/ros2_image_stitching_pkg
[2.836s] byte-compiling /workspace/ros2_ws/install/ros2_image_stitching_pkg/lib/python3.10/site-packages/ros2_image_stitching_pkg/incremental_stitcher.py to incremental_stitcher.cpython-310.pyc
[2.857s] byte-compiling /workspace/ros2_ws/install/ros2_image_stitching_pkg/lib/python3.10/site-packages/ros2_image_stitching_pkg/__init__.py to __init__.cpython-310.pyc
[2.866s] byte-compiling /workspace/ros2_ws/install/ros2_image_stitching_pkg/lib/python3.10/site-packages/ros2_image_stitching_pkg/mock_camera_node.py to mock_camera_node.cpython-310.pyc
[2.876s] running install_data
[2.884s] error: can't copy 'resource/mapping': doesn't exist or not a regular file
[2.955s] Invoked command in '/workspace/ros2_ws/src/ros2_image_stitching_pkg' returned '1': PYTHONPATH=/workspace/ros2_ws/build/ros2_image_stitching_pkg/prefix_override:/usr/lib/python3/dist-packages/colcon_core/task/python/colcon_distutils_commands:/workspace/ros2_ws/install/ros2_image_stitching_pkg/lib/python3.10/site-packages:${PYTHONPATH} /usr/bin/python3 -W ignore:setup.py install is deprecated -W ignore:easy_install command is deprecated setup.py egg_info --egg-base ../../build/ros2_image_stitching_pkg build --build-base /workspace/ros2_ws/build/ros2_image_stitching_pkg/build install --record /workspace/ros2_ws/build/ros2_image_stitching_pkg/install.log --single-version-externally-managed install_data
