[2.216s] Invoking command in '/workspace/ros2_ws/src/ros2_image_stitching_pkg': PYTHONPATH=/workspace/build/ros2_image_stitching_pkg/prefix_override:/usr/lib/python3/dist-packages/colcon_core/task/python/colcon_distutils_commands:/workspace/install/ros2_image_stitching_pkg/lib/python3.10/site-packages:${PYTHONPATH} /usr/bin/python3 -W ignore:setup.py install is deprecated -W ignore:easy_install command is deprecated setup.py egg_info --egg-base ../../../build/ros2_image_stitching_pkg build --build-base /workspace/build/ros2_image_stitching_pkg/build install --record /workspace/build/ros2_image_stitching_pkg/install.log --single-version-externally-managed install_data
[2.584s] /home/ubuntu/.local/lib/python3.10/site-packages/setuptools/_distutils/dist.py:289: UserWarning: Unknown distribution option: 'tests_require'
[2.587s]   warnings.warn(msg)
[2.793s] running egg_info
[2.834s] writing ../../../build/ros2_image_stitching_pkg/ros2_image_stitching_pkg.egg-info/PKG-INFO
[2.841s] writing dependency_links to ../../../build/ros2_image_stitching_pkg/ros2_image_stitching_pkg.egg-info/dependency_links.txt
[2.845s] writing entry points to ../../../build/ros2_image_stitching_pkg/ros2_image_stitching_pkg.egg-info/entry_points.txt
[2.848s] writing requirements to ../../../build/ros2_image_stitching_pkg/ros2_image_stitching_pkg.egg-info/requires.txt
[2.850s] writing top-level names to ../../../build/ros2_image_stitching_pkg/ros2_image_stitching_pkg.egg-info/top_level.txt
[2.955s] reading manifest file '../../../build/ros2_image_stitching_pkg/ros2_image_stitching_pkg.egg-info/SOURCES.txt'
[2.966s] writing manifest file '../../../build/ros2_image_stitching_pkg/ros2_image_stitching_pkg.egg-info/SOURCES.txt'
[2.970s] running build
[2.972s] running build_py
[2.978s] copying ros2_image_stitching_pkg/incremental_stitcher.py -> /workspace/build/ros2_image_stitching_pkg/build/lib/ros2_image_stitching_pkg
[2.985s] copying ros2_image_stitching_pkg/__init__.py -> /workspace/build/ros2_image_stitching_pkg/build/lib/ros2_image_stitching_pkg
[2.992s] copying ros2_image_stitching_pkg/mock_camera_node.py -> /workspace/build/ros2_image_stitching_pkg/build/lib/ros2_image_stitching_pkg
[3.005s] running install
[3.023s] running install_lib
[3.090s] copying /workspace/build/ros2_image_stitching_pkg/build/lib/ros2_image_stitching_pkg/mock_camera_node.py -> /workspace/install/ros2_image_stitching_pkg/lib/python3.10/site-packages/ros2_image_stitching_pkg
[3.105s] byte-compiling /workspace/install/ros2_image_stitching_pkg/lib/python3.10/site-packages/ros2_image_stitching_pkg/mock_camera_node.py to mock_camera_node.cpython-310.pyc
[3.117s] running install_data
[3.119s] copying resource/ros2_image_stitching_pkg -> /workspace/install/ros2_image_stitching_pkg/share/ament_index/resource_index/packages
[3.126s] copying package.xml -> /workspace/install/ros2_image_stitching_pkg/share/ros2_image_stitching_pkg
[3.136s] running install_egg_info
[3.179s] removing '/workspace/install/ros2_image_stitching_pkg/lib/python3.10/site-packages/ros2_image_stitching_pkg-0.0.0-py3.10.egg-info' (and everything under it)
[3.188s] Copying ../../../build/ros2_image_stitching_pkg/ros2_image_stitching_pkg.egg-info to /workspace/install/ros2_image_stitching_pkg/lib/python3.10/site-packages/ros2_image_stitching_pkg-0.0.0-py3.10.egg-info
[3.240s] running install_scripts
[3.354s] Installing incremental_stitcher script to /workspace/install/ros2_image_stitching_pkg/lib/ros2_image_stitching_pkg
[3.357s] Installing mock_camera_node script to /workspace/install/ros2_image_stitching_pkg/lib/ros2_image_stitching_pkg
[3.361s] writing list of installed files to '/workspace/build/ros2_image_stitching_pkg/install.log'
[3.419s] Invoked command in '/workspace/ros2_ws/src/ros2_image_stitching_pkg' returned '0': PYTHONPATH=/workspace/build/ros2_image_stitching_pkg/prefix_override:/usr/lib/python3/dist-packages/colcon_core/task/python/colcon_distutils_commands:/workspace/install/ros2_image_stitching_pkg/lib/python3.10/site-packages:${PYTHONPATH} /usr/bin/python3 -W ignore:setup.py install is deprecated -W ignore:easy_install command is deprecated setup.py egg_info --egg-base ../../../build/ros2_image_stitching_pkg build --build-base /workspace/build/ros2_image_stitching_pkg/build install --record /workspace/build/ros2_image_stitching_pkg/install.log --single-version-externally-managed install_data
