[3.631s] Invoking command in '/workspace/ros2_ws/src/ros2_image_stitching_pkg': PYTHONPATH=/workspace/build/ros2_image_stitching_pkg/prefix_override:/usr/lib/python3/dist-packages/colcon_core/task/python/colcon_distutils_commands:/workspace/install/ros2_image_stitching_pkg/lib/python3.10/site-packages:${PYTHONPATH} /usr/bin/python3 -W ignore:setup.py install is deprecated -W ignore:easy_install command is deprecated setup.py egg_info --egg-base ../../../build/ros2_image_stitching_pkg build --build-base /workspace/build/ros2_image_stitching_pkg/build install --record /workspace/build/ros2_image_stitching_pkg/install.log --single-version-externally-managed install_data
[4.290s] /home/ubuntu/.local/lib/python3.10/site-packages/setuptools/_distutils/dist.py:289: UserWarning: Unknown distribution option: 'tests_require'
[4.292s]   warnings.warn(msg)
[4.789s] running egg_info
[4.877s] writing ../../../build/ros2_image_stitching_pkg/ros2_image_stitching_pkg.egg-info/PKG-INFO
[4.885s] writing dependency_links to ../../../build/ros2_image_stitching_pkg/ros2_image_stitching_pkg.egg-info/dependency_links.txt
[4.890s] writing entry points to ../../../build/ros2_image_stitching_pkg/ros2_image_stitching_pkg.egg-info/entry_points.txt
[4.892s] writing requirements to ../../../build/ros2_image_stitching_pkg/ros2_image_stitching_pkg.egg-info/requires.txt
[4.894s] writing top-level names to ../../../build/ros2_image_stitching_pkg/ros2_image_stitching_pkg.egg-info/top_level.txt
[5.070s] reading manifest file '../../../build/ros2_image_stitching_pkg/ros2_image_stitching_pkg.egg-info/SOURCES.txt'
[5.083s] writing manifest file '../../../build/ros2_image_stitching_pkg/ros2_image_stitching_pkg.egg-info/SOURCES.txt'
[5.086s] running build
[5.087s] running build_py
[5.091s] copying ros2_image_stitching_pkg/incremental_stitcher.py -> /workspace/build/ros2_image_stitching_pkg/build/lib/ros2_image_stitching_pkg
[5.097s] copying ros2_image_stitching_pkg/__init__.py -> /workspace/build/ros2_image_stitching_pkg/build/lib/ros2_image_stitching_pkg
[5.102s] copying ros2_image_stitching_pkg/mock_camera_node.py -> /workspace/build/ros2_image_stitching_pkg/build/lib/ros2_image_stitching_pkg
[5.114s] running install
[5.137s] running install_lib
[5.199s] running install_data
[5.206s] copying resource/ros2_image_stitching_pkg -> /workspace/install/ros2_image_stitching_pkg/share/ament_index/resource_index/packages
[5.212s] copying package.xml -> /workspace/install/ros2_image_stitching_pkg/share/ros2_image_stitching_pkg
[5.223s] creating /workspace/install/ros2_image_stitching_pkg/share/ros2_image_stitching_pkg/launch
[5.227s] copying launch/mapping_launcher.py -> /workspace/install/ros2_image_stitching_pkg/share/ros2_image_stitching_pkg/launch
[5.234s] running install_egg_info
[5.315s] removing '/workspace/install/ros2_image_stitching_pkg/lib/python3.10/site-packages/ros2_image_stitching_pkg-0.0.0-py3.10.egg-info' (and everything under it)
[5.322s] Copying ../../../build/ros2_image_stitching_pkg/ros2_image_stitching_pkg.egg-info to /workspace/install/ros2_image_stitching_pkg/lib/python3.10/site-packages/ros2_image_stitching_pkg-0.0.0-py3.10.egg-info
[5.395s] running install_scripts
[5.519s] Installing incremental_stitcher script to /workspace/install/ros2_image_stitching_pkg/lib/ros2_image_stitching_pkg
[5.527s] Installing mock_camera_node script to /workspace/install/ros2_image_stitching_pkg/lib/ros2_image_stitching_pkg
[5.534s] writing list of installed files to '/workspace/build/ros2_image_stitching_pkg/install.log'
[5.762s] Invoked command in '/workspace/ros2_ws/src/ros2_image_stitching_pkg' returned '0': PYTHONPATH=/workspace/build/ros2_image_stitching_pkg/prefix_override:/usr/lib/python3/dist-packages/colcon_core/task/python/colcon_distutils_commands:/workspace/install/ros2_image_stitching_pkg/lib/python3.10/site-packages:${PYTHONPATH} /usr/bin/python3 -W ignore:setup.py install is deprecated -W ignore:easy_install command is deprecated setup.py egg_info --egg-base ../../../build/ros2_image_stitching_pkg build --build-base /workspace/build/ros2_image_stitching_pkg/build install --record /workspace/build/ros2_image_stitching_pkg/install.log --single-version-externally-managed install_data
