[6.645s] DEBUG:colcon:Command line arguments: ['/usr/bin/colcon', 'build', '--packages-select', 'gps_ros2']
[6.655s] DEBUG:colcon:Parsed command line arguments: Namespace(log_base=None, log_level=None, verb_name='build', build_base='build', install_base='install', merge_install=False, symlink_install=False, test_result_base=None, continue_on_error=False, executor='parallel', parallel_workers=12, event_handlers=None, ignore_user_meta=False, metas=['./colcon.meta'], base_paths=['.'], packages_ignore=None, packages_ignore_regex=None, paths=None, packages_up_to=None, packages_up_to_regex=None, packages_above=None, packages_above_and_dependencies=None, packages_above_depth=None, packages_select_by_dep=None, packages_skip_by_dep=None, packages_skip_up_to=None, packages_select_build_failed=False, packages_skip_build_finished=False, packages_select_test_failures=False, packages_skip_test_passed=False, packages_select=['gps_ros2'], packages_skip=None, packages_select_regex=None, packages_skip_regex=None, packages_start=None, packages_end=None, cmake_args=None, cmake_target=None, cmake_target_skip_unavailable=False, cmake_clean_cache=False, cmake_clean_first=False, cmake_force_configure=False, ament_cmake_args=None, catkin_cmake_args=None, catkin_skip_building_tests=False, mixin_files=None, mixin=None, verb_parser=<colcon_mixin.mixin.mixin_argument.MixinArgumentDecorator object at 0x7db049b2d7b0>, verb_extension=<colcon_core.verb.build.BuildVerb object at 0x7db049b2d1b0>, main=<bound method BuildVerb.main of <colcon_core.verb.build.BuildVerb object at 0x7db049b2d1b0>>, mixin_verb=('build',))
[8.120s] Level 1:colcon.colcon_core.package_discovery:discover_packages(colcon_meta) check parameters
[8.123s] Level 1:colcon.colcon_core.package_discovery:discover_packages(recursive) check parameters
[8.125s] Level 1:colcon.colcon_core.package_discovery:discover_packages(ignore) check parameters
[8.131s] Level 1:colcon.colcon_core.package_discovery:discover_packages(path) check parameters
[8.142s] Level 1:colcon.colcon_core.package_discovery:discover_packages(colcon_meta) discover
[8.149s] Level 1:colcon.colcon_core.package_discovery:discover_packages(recursive) discover
[8.155s] INFO:colcon.colcon_core.package_discovery:Crawling recursively for packages in '/ODLC_Machine_Inferencing_System_2025-2026/ros2_workspace'
[8.196s] Level 1:colcon.colcon_core.package_identification:_identify(.) by extensions ['ignore', 'ignore_ament_install']
[8.199s] Level 1:colcon.colcon_core.package_identification:_identify(.) by extension 'ignore'
[8.208s] Level 1:colcon.colcon_core.package_identification:_identify(.) by extension 'ignore_ament_install'
[8.214s] Level 1:colcon.colcon_core.package_identification:_identify(.) by extensions ['colcon_pkg']
[8.219s] Level 1:colcon.colcon_core.package_identification:_identify(.) by extension 'colcon_pkg'
[8.222s] Level 1:colcon.colcon_core.package_identification:_identify(.) by extensions ['colcon_meta']
[8.225s] Level 1:colcon.colcon_core.package_identification:_identify(.) by extension 'colcon_meta'
[8.226s] Level 1:colcon.colcon_core.package_identification:_identify(.) by extensions ['ros']
[8.228s] Level 1:colcon.colcon_core.package_identification:_identify(.) by extension 'ros'
[8.680s] Level 1:colcon.colcon_core.package_identification:_identify(.) by extensions ['cmake', 'python']
[8.684s] Level 1:colcon.colcon_core.package_identification:_identify(.) by extension 'cmake'
[8.705s] Level 1:colcon.colcon_core.package_identification:_identify(.) by extension 'python'
[8.713s] Level 1:colcon.colcon_core.package_identification:_identify(.) by extensions ['python_setup_py']
[8.724s] Level 1:colcon.colcon_core.package_identification:_identify(.) by extension 'python_setup_py'
[8.793s] Level 1:colcon.colcon_core.package_identification:_identify(build) by extensions ['ignore', 'ignore_ament_install']
[8.801s] Level 1:colcon.colcon_core.package_identification:_identify(build) by extension 'ignore'
[8.816s] Level 1:colcon.colcon_core.package_identification:_identify(build) ignored
[8.873s] Level 1:colcon.colcon_core.package_identification:_identify(install) by extensions ['ignore', 'ignore_ament_install']
[8.881s] Level 1:colcon.colcon_core.package_identification:_identify(install) by extension 'ignore'
[8.899s] Level 1:colcon.colcon_core.package_identification:_identify(install) ignored
[8.963s] Level 1:colcon.colcon_core.package_identification:_identify(log) by extensions ['ignore', 'ignore_ament_install']
[8.965s] Level 1:colcon.colcon_core.package_identification:_identify(log) by extension 'ignore'
[8.975s] Level 1:colcon.colcon_core.package_identification:_identify(log) ignored
[9.015s] Level 1:colcon.colcon_core.package_identification:_identify(source) by extensions ['ignore', 'ignore_ament_install']
[9.016s] Level 1:colcon.colcon_core.package_identification:_identify(source) by extension 'ignore'
[9.023s] Level 1:colcon.colcon_core.package_identification:_identify(source) by extension 'ignore_ament_install'
[9.043s] Level 1:colcon.colcon_core.package_identification:_identify(source) by extensions ['colcon_pkg']
[9.045s] Level 1:colcon.colcon_core.package_identification:_identify(source) by extension 'colcon_pkg'
[9.051s] Level 1:colcon.colcon_core.package_identification:_identify(source) by extensions ['colcon_meta']
[9.052s] Level 1:colcon.colcon_core.package_identification:_identify(source) by extension 'colcon_meta'
[9.058s] Level 1:colcon.colcon_core.package_identification:_identify(source) by extensions ['ros']
[9.060s] Level 1:colcon.colcon_core.package_identification:_identify(source) by extension 'ros'
[9.109s] Level 1:colcon.colcon_core.package_identification:_identify(source) by extensions ['cmake', 'python']
[9.114s] Level 1:colcon.colcon_core.package_identification:_identify(source) by extension 'cmake'
[9.127s] Level 1:colcon.colcon_core.package_identification:_identify(source) by extension 'python'
[9.137s] Level 1:colcon.colcon_core.package_identification:_identify(source) by extensions ['python_setup_py']
[9.138s] Level 1:colcon.colcon_core.package_identification:_identify(source) by extension 'python_setup_py'
[9.200s] Level 1:colcon.colcon_core.package_identification:_identify(source/gps_mavros) by extensions ['ignore', 'ignore_ament_install']
[9.204s] Level 1:colcon.colcon_core.package_identification:_identify(source/gps_mavros) by extension 'ignore'
[9.219s] Level 1:colcon.colcon_core.package_identification:_identify(source/gps_mavros) by extension 'ignore_ament_install'
[9.248s] Level 1:colcon.colcon_core.package_identification:_identify(source/gps_mavros) by extensions ['colcon_pkg']
[9.250s] Level 1:colcon.colcon_core.package_identification:_identify(source/gps_mavros) by extension 'colcon_pkg'
[9.263s] Level 1:colcon.colcon_core.package_identification:_identify(source/gps_mavros) by extensions ['colcon_meta']
[9.265s] Level 1:colcon.colcon_core.package_identification:_identify(source/gps_mavros) by extension 'colcon_meta'
[9.294s] Level 1:colcon.colcon_core.package_identification:_identify(source/gps_mavros) by extensions ['ros']
[9.296s] Level 1:colcon.colcon_core.package_identification:_identify(source/gps_mavros) by extension 'ros'
[9.498s] DEBUG:colcon.colcon_core.package_identification:Package 'source/gps_mavros' with type 'ros.ament_cmake' and name 'gps_mavros'
[9.557s] Level 1:colcon.colcon_core.package_identification:_identify(source/gps_ros2) by extensions ['ignore', 'ignore_ament_install']
[9.562s] Level 1:colcon.colcon_core.package_identification:_identify(source/gps_ros2) by extension 'ignore'
[9.590s] Level 1:colcon.colcon_core.package_identification:_identify(source/gps_ros2) by extension 'ignore_ament_install'
[9.640s] Level 1:colcon.colcon_core.package_identification:_identify(source/gps_ros2) by extensions ['colcon_pkg']
[9.641s] Level 1:colcon.colcon_core.package_identification:_identify(source/gps_ros2) by extension 'colcon_pkg'
[9.662s] Level 1:colcon.colcon_core.package_identification:_identify(source/gps_ros2) by extensions ['colcon_meta']
[9.665s] Level 1:colcon.colcon_core.package_identification:_identify(source/gps_ros2) by extension 'colcon_meta'
[9.691s] Level 1:colcon.colcon_core.package_identification:_identify(source/gps_ros2) by extensions ['ros']
[9.693s] Level 1:colcon.colcon_core.package_identification:_identify(source/gps_ros2) by extension 'ros'
[9.826s] DEBUG:colcon.colcon_core.package_identification:Package 'source/gps_ros2' with type 'ros.ament_python' and name 'gps_ros2'
[9.884s] Level 1:colcon.colcon_core.package_identification:_identify(source/package1) by extensions ['ignore', 'ignore_ament_install']
[9.885s] Level 1:colcon.colcon_core.package_identification:_identify(source/package1) by extension 'ignore'
[9.911s] Level 1:colcon.colcon_core.package_identification:_identify(source/package1) by extension 'ignore_ament_install'
[9.937s] Level 1:colcon.colcon_core.package_identification:_identify(source/package1) by extensions ['colcon_pkg']
[9.939s] Level 1:colcon.colcon_core.package_identification:_identify(source/package1) by extension 'colcon_pkg'
[9.950s] Level 1:colcon.colcon_core.package_identification:_identify(source/package1) by extensions ['colcon_meta']
[9.953s] Level 1:colcon.colcon_core.package_identification:_identify(source/package1) by extension 'colcon_meta'
[9.971s] Level 1:colcon.colcon_core.package_identification:_identify(source/package1) by extensions ['ros']
[9.972s] Level 1:colcon.colcon_core.package_identification:_identify(source/package1) by extension 'ros'
[10.155s] DEBUG:colcon.colcon_core.package_identification:Package 'source/package1' with type 'ros.ament_python' and name 'package1'
[10.191s] Level 1:colcon.colcon_core.package_identification:_identify(source/temperature_interface) by extensions ['ignore', 'ignore_ament_install']
[10.193s] Level 1:colcon.colcon_core.package_identification:_identify(source/temperature_interface) by extension 'ignore'
[10.203s] Level 1:colcon.colcon_core.package_identification:_identify(source/temperature_interface) by extension 'ignore_ament_install'
[10.223s] Level 1:colcon.colcon_core.package_identification:_identify(source/temperature_interface) by extensions ['colcon_pkg']
[10.224s] Level 1:colcon.colcon_core.package_identification:_identify(source/temperature_interface) by extension 'colcon_pkg'
[10.234s] Level 1:colcon.colcon_core.package_identification:_identify(source/temperature_interface) by extensions ['colcon_meta']
[10.235s] Level 1:colcon.colcon_core.package_identification:_identify(source/temperature_interface) by extension 'colcon_meta'
[10.258s] Level 1:colcon.colcon_core.package_identification:_identify(source/temperature_interface) by extensions ['ros']
[10.259s] Level 1:colcon.colcon_core.package_identification:_identify(source/temperature_interface) by extension 'ros'
[10.458s] DEBUG:colcon.colcon_core.package_identification:Package 'source/temperature_interface' with type 'ros.catkin' and name 'temperature_interface'
[10.463s] Level 1:colcon.colcon_core.package_discovery:discover_packages(recursive) using defaults
[10.466s] Level 1:colcon.colcon_core.package_discovery:discover_packages(ignore) discover
[10.474s] Level 1:colcon.colcon_core.package_discovery:discover_packages(ignore) using defaults
[10.478s] Level 1:colcon.colcon_core.package_discovery:discover_packages(path) discover
[10.484s] Level 1:colcon.colcon_core.package_discovery:discover_packages(path) using defaults
[12.035s] INFO:colcon.colcon_core.package_selection:Skipping not selected package 'gps_mavros' in 'source/gps_mavros'
[12.043s] INFO:colcon.colcon_core.package_selection:Skipping not selected package 'temperature_interface' in 'source/temperature_interface'
[12.047s] INFO:colcon.colcon_core.package_selection:Skipping not selected package 'package1' in 'source/package1'
[12.051s] Level 5:colcon.colcon_core.verb:set package 'gps_ros2' build argument 'cmake_args' from command line to 'None'
[12.057s] Level 5:colcon.colcon_core.verb:set package 'gps_ros2' build argument 'cmake_target' from command line to 'None'
[12.062s] Level 5:colcon.colcon_core.verb:set package 'gps_ros2' build argument 'cmake_target_skip_unavailable' from command line to 'False'
[12.063s] Level 5:colcon.colcon_core.verb:set package 'gps_ros2' build argument 'cmake_clean_cache' from command line to 'False'
[12.067s] Level 5:colcon.colcon_core.verb:set package 'gps_ros2' build argument 'cmake_clean_first' from command line to 'False'
[12.067s] Level 5:colcon.colcon_core.verb:set package 'gps_ros2' build argument 'cmake_force_configure' from command line to 'False'
[12.070s] Level 5:colcon.colcon_core.verb:set package 'gps_ros2' build argument 'ament_cmake_args' from command line to 'None'
[12.071s] Level 5:colcon.colcon_core.verb:set package 'gps_ros2' build argument 'catkin_cmake_args' from command line to 'None'
[12.074s] Level 5:colcon.colcon_core.verb:set package 'gps_ros2' build argument 'catkin_skip_building_tests' from command line to 'False'
[12.077s] DEBUG:colcon.colcon_core.verb:Building package 'gps_ros2' with the following arguments: {'ament_cmake_args': None, 'build_base': '/ODLC_Machine_Inferencing_System_2025-2026/ros2_workspace/build/gps_ros2', 'catkin_cmake_args': None, 'catkin_skip_building_tests': False, 'cmake_args': None, 'cmake_clean_cache': False, 'cmake_clean_first': False, 'cmake_force_configure': False, 'cmake_target': None, 'cmake_target_skip_unavailable': False, 'install_base': '/ODLC_Machine_Inferencing_System_2025-2026/ros2_workspace/install/gps_ros2', 'merge_install': False, 'path': '/ODLC_Machine_Inferencing_System_2025-2026/ros2_workspace/source/gps_ros2', 'symlink_install': False, 'test_result_base': None}
[12.079s] INFO:colcon.colcon_core.executor:Executing jobs using 'parallel' executor
[12.088s] DEBUG:colcon.colcon_parallel_executor.executor.parallel:run_until_complete
[12.091s] INFO:colcon.colcon_ros.task.ament_python.build:Building ROS package in '/ODLC_Machine_Inferencing_System_2025-2026/ros2_workspace/source/gps_ros2' with build type 'ament_python'
[12.092s] Level 1:colcon.colcon_core.shell:create_environment_hook('gps_ros2', 'ament_prefix_path')
[12.342s] INFO:colcon.colcon_core.plugin_system:Skipping extension 'colcon_core.shell.bat': Not used on non-Windows systems
[12.345s] INFO:colcon.colcon_core.shell:Creating environment hook '/ODLC_Machine_Inferencing_System_2025-2026/ros2_workspace/install/gps_ros2/share/gps_ros2/hook/ament_prefix_path.ps1'
[12.474s] INFO:colcon.colcon_core.shell:Creating environment descriptor '/ODLC_Machine_Inferencing_System_2025-2026/ros2_workspace/install/gps_ros2/share/gps_ros2/hook/ament_prefix_path.dsv'
[12.824s] INFO:colcon.colcon_core.shell:Creating environment hook '/ODLC_Machine_Inferencing_System_2025-2026/ros2_workspace/install/gps_ros2/share/gps_ros2/hook/ament_prefix_path.sh'
[13.384s] INFO:colcon.colcon_core.shell:Skip shell extension 'powershell' for command environment: Not usable outside of PowerShell
[13.392s] DEBUG:colcon.colcon_core.shell:Skip shell extension 'dsv' for command environment
[31.174s] INFO:colcon.colcon_core.task.python.build:Building Python package in '/ODLC_Machine_Inferencing_System_2025-2026/ros2_workspace/source/gps_ros2'
[31.178s] INFO:colcon.colcon_core.shell:Skip shell extension 'powershell' for command environment: Not usable outside of PowerShell
[31.178s] DEBUG:colcon.colcon_core.shell:Skip shell extension 'dsv' for command environment
[60.471s] DEBUG:colcon.colcon_core.event_handler.log_command:Invoking command in '/ODLC_Machine_Inferencing_System_2025-2026/ros2_workspace/source/gps_ros2': PYTHONPATH=/ODLC_Machine_Inferencing_System_2025-2026/ros2_workspace/build/gps_ros2/prefix_override:/usr/lib/python3/dist-packages/colcon_core/task/python/colcon_distutils_commands:/ODLC_Machine_Inferencing_System_2025-2026/ros2_workspace/install/gps_ros2/lib/python3.10/site-packages:${PYTHONPATH} /usr/bin/python3 -W ignore:setup.py install is deprecated -W ignore:easy_install command is deprecated setup.py egg_info --egg-base ../../build/gps_ros2 build --build-base /ODLC_Machine_Inferencing_System_2025-2026/ros2_workspace/build/gps_ros2/build install --record /ODLC_Machine_Inferencing_System_2025-2026/ros2_workspace/build/gps_ros2/install.log --single-version-externally-managed install_data
[104.664s] DEBUG:colcon.colcon_core.event_handler.log_command:Invoked command in '/ODLC_Machine_Inferencing_System_2025-2026/ros2_workspace/source/gps_ros2' returned '0': PYTHONPATH=/ODLC_Machine_Inferencing_System_2025-2026/ros2_workspace/build/gps_ros2/prefix_override:/usr/lib/python3/dist-packages/colcon_core/task/python/colcon_distutils_commands:/ODLC_Machine_Inferencing_System_2025-2026/ros2_workspace/install/gps_ros2/lib/python3.10/site-packages:${PYTHONPATH} /usr/bin/python3 -W ignore:setup.py install is deprecated -W ignore:easy_install command is deprecated setup.py egg_info --egg-base ../../build/gps_ros2 build --build-base /ODLC_Machine_Inferencing_System_2025-2026/ros2_workspace/build/gps_ros2/build install --record /ODLC_Machine_Inferencing_System_2025-2026/ros2_workspace/build/gps_ros2/install.log --single-version-externally-managed install_data
[105.365s] Level 1:colcon.colcon_core.environment:checking '/ODLC_Machine_Inferencing_System_2025-2026/ros2_workspace/install/gps_ros2' for CMake module files
[106.876s] Level 1:colcon.colcon_core.environment:checking '/ODLC_Machine_Inferencing_System_2025-2026/ros2_workspace/install/gps_ros2' for CMake config files
[109.686s] Level 1:colcon.colcon_core.environment:checking '/ODLC_Machine_Inferencing_System_2025-2026/ros2_workspace/install/gps_ros2/lib'
[109.818s] Level 1:colcon.colcon_core.environment:checking '/ODLC_Machine_Inferencing_System_2025-2026/ros2_workspace/install/gps_ros2/bin'
[109.875s] Level 1:colcon.colcon_core.environment:checking '/ODLC_Machine_Inferencing_System_2025-2026/ros2_workspace/install/gps_ros2/lib/pkgconfig/gps_ros2.pc'
[109.951s] Level 1:colcon.colcon_core.environment:checking '/ODLC_Machine_Inferencing_System_2025-2026/ros2_workspace/install/gps_ros2/lib/python3.10/site-packages'
[110.029s] Level 1:colcon.colcon_core.shell:create_environment_hook('gps_ros2', 'pythonpath')
[110.033s] INFO:colcon.colcon_core.shell:Creating environment hook '/ODLC_Machine_Inferencing_System_2025-2026/ros2_workspace/install/gps_ros2/share/gps_ros2/hook/pythonpath.ps1'
[110.367s] INFO:colcon.colcon_core.shell:Creating environment descriptor '/ODLC_Machine_Inferencing_System_2025-2026/ros2_workspace/install/gps_ros2/share/gps_ros2/hook/pythonpath.dsv'
[110.623s] INFO:colcon.colcon_core.shell:Creating environment hook '/ODLC_Machine_Inferencing_System_2025-2026/ros2_workspace/install/gps_ros2/share/gps_ros2/hook/pythonpath.sh'
[110.872s] Level 1:colcon.colcon_core.environment:checking '/ODLC_Machine_Inferencing_System_2025-2026/ros2_workspace/install/gps_ros2/bin'
[110.892s] Level 1:colcon.colcon_core.environment:create_environment_scripts_only(gps_ros2)
[110.907s] INFO:colcon.colcon_core.shell:Creating package script '/ODLC_Machine_Inferencing_System_2025-2026/ros2_workspace/install/gps_ros2/share/gps_ros2/package.ps1'
[111.105s] INFO:colcon.colcon_core.shell:Creating package descriptor '/ODLC_Machine_Inferencing_System_2025-2026/ros2_workspace/install/gps_ros2/share/gps_ros2/package.dsv'
[111.239s] INFO:colcon.colcon_core.shell:Creating package script '/ODLC_Machine_Inferencing_System_2025-2026/ros2_workspace/install/gps_ros2/share/gps_ros2/package.sh'
[111.409s] INFO:colcon.colcon_core.shell:Creating package script '/ODLC_Machine_Inferencing_System_2025-2026/ros2_workspace/install/gps_ros2/share/gps_ros2/package.bash'
[111.533s] INFO:colcon.colcon_core.shell:Creating package script '/ODLC_Machine_Inferencing_System_2025-2026/ros2_workspace/install/gps_ros2/share/gps_ros2/package.zsh'
[111.718s] Level 1:colcon.colcon_core.environment:create_file_with_runtime_dependencies(/ODLC_Machine_Inferencing_System_2025-2026/ros2_workspace/install/gps_ros2/share/colcon-core/packages/gps_ros2)
[111.922s] DEBUG:colcon.colcon_parallel_executor.executor.parallel:closing loop
[111.925s] DEBUG:colcon.colcon_parallel_executor.executor.parallel:loop closed
[111.927s] DEBUG:colcon.colcon_parallel_executor.executor.parallel:run_until_complete finished with '0'
[111.930s] DEBUG:colcon.colcon_core.event_reactor:joining thread
[112.681s] INFO:colcon.colcon_core.plugin_system:Skipping extension 'colcon_notification.desktop_notification.notify_send': Could not find 'notify-send'
[112.684s] INFO:colcon.colcon_core.plugin_system:Skipping extension 'colcon_notification.desktop_notification.terminal_notifier': Not used on non-Darwin systems
[112.687s] INFO:colcon.colcon_core.plugin_system:Skipping extension 'colcon_notification.desktop_notification.win32': Not used on non-Windows systems
[112.689s] INFO:colcon.colcon_notification.desktop_notification:Sending desktop notification using 'notify2'
[112.698s] DEBUG:colcon.colcon_notification.desktop_notification.notify2:Failed to initialize notify2: org.freedesktop.DBus.Error.Spawn.ExecFailed: /usr/bin/dbus-launch terminated abnormally without any error message
[112.703s] DEBUG:colcon.colcon_core.event_reactor:joined thread
[112.709s] INFO:colcon.colcon_core.shell:Creating prefix script '/ODLC_Machine_Inferencing_System_2025-2026/ros2_workspace/install/local_setup.ps1'
[112.808s] INFO:colcon.colcon_core.shell:Creating prefix util module '/ODLC_Machine_Inferencing_System_2025-2026/ros2_workspace/install/_local_setup_util_ps1.py'
[112.973s] INFO:colcon.colcon_core.shell:Creating prefix chain script '/ODLC_Machine_Inferencing_System_2025-2026/ros2_workspace/install/setup.ps1'
[113.781s] INFO:colcon.colcon_core.shell:Creating prefix script '/ODLC_Machine_Inferencing_System_2025-2026/ros2_workspace/install/local_setup.sh'
[113.854s] INFO:colcon.colcon_core.shell:Creating prefix util module '/ODLC_Machine_Inferencing_System_2025-2026/ros2_workspace/install/_local_setup_util_sh.py'
[113.933s] INFO:colcon.colcon_core.shell:Creating prefix chain script '/ODLC_Machine_Inferencing_System_2025-2026/ros2_workspace/install/setup.sh'
[114.337s] INFO:colcon.colcon_core.shell:Creating prefix script '/ODLC_Machine_Inferencing_System_2025-2026/ros2_workspace/install/local_setup.bash'
[114.402s] INFO:colcon.colcon_core.shell:Creating prefix chain script '/ODLC_Machine_Inferencing_System_2025-2026/ros2_workspace/install/setup.bash'
[114.971s] INFO:colcon.colcon_core.shell:Creating prefix script '/ODLC_Machine_Inferencing_System_2025-2026/ros2_workspace/install/local_setup.zsh'
[115.206s] INFO:colcon.colcon_core.shell:Creating prefix chain script '/ODLC_Machine_Inferencing_System_2025-2026/ros2_workspace/install/setup.zsh'
