[0.346s] DEBUG:colcon:Command line arguments: ['/usr/bin/colcon', 'build']
[0.347s] DEBUG:colcon:Parsed command line arguments: Namespace(log_base=None, log_level=None, verb_name='build', build_base='build', install_base='install', merge_install=False, symlink_install=False, test_result_base=None, continue_on_error=False, executor='parallel', parallel_workers=8, event_handlers=None, ignore_user_meta=False, metas=['./colcon.meta'], base_paths=['.'], packages_ignore=None, packages_ignore_regex=None, paths=None, packages_up_to=None, packages_up_to_regex=None, packages_above=None, packages_above_and_dependencies=None, packages_above_depth=None, packages_select_by_dep=None, packages_skip_by_dep=None, packages_skip_up_to=None, packages_select_build_failed=False, packages_skip_build_finished=False, packages_select_test_failures=False, packages_skip_test_passed=False, packages_select=None, packages_skip=None, packages_select_regex=None, packages_skip_regex=None, packages_start=None, packages_end=None, cmake_args=None, cmake_target=None, cmake_target_skip_unavailable=False, cmake_clean_cache=False, cmake_clean_first=False, cmake_force_configure=False, ament_cmake_args=None, catkin_cmake_args=None, catkin_skip_building_tests=False, mixin_files=None, mixin=None, verb_parser=<colcon_mixin.mixin.mixin_argument.MixinArgumentDecorator object at 0x7fb050049810>, verb_extension=<colcon_core.verb.build.BuildVerb object at 0x7fb0500492a0>, main=<bound method BuildVerb.main of <colcon_core.verb.build.BuildVerb object at 0x7fb0500492a0>>, mixin_verb=('build',))
[0.484s] Level 1:colcon.colcon_core.package_discovery:discover_packages(colcon_meta) check parameters
[0.485s] Level 1:colcon.colcon_core.package_discovery:discover_packages(recursive) check parameters
[0.485s] Level 1:colcon.colcon_core.package_discovery:discover_packages(ignore) check parameters
[0.485s] Level 1:colcon.colcon_core.package_discovery:discover_packages(path) check parameters
[0.486s] Level 1:colcon.colcon_core.package_discovery:discover_packages(colcon_meta) discover
[0.486s] Level 1:colcon.colcon_core.package_discovery:discover_packages(recursive) discover
[0.487s] INFO:colcon.colcon_core.package_discovery:Crawling recursively for packages in '/workspace'
[0.489s] Level 1:colcon.colcon_core.package_identification:_identify(.) by extensions ['ignore', 'ignore_ament_install']
[0.489s] Level 1:colcon.colcon_core.package_identification:_identify(.) by extension 'ignore'
[0.490s] Level 1:colcon.colcon_core.package_identification:_identify(.) by extension 'ignore_ament_install'
[0.491s] Level 1:colcon.colcon_core.package_identification:_identify(.) by extensions ['colcon_pkg']
[0.491s] Level 1:colcon.colcon_core.package_identification:_identify(.) by extension 'colcon_pkg'
[0.491s] Level 1:colcon.colcon_core.package_identification:_identify(.) by extensions ['colcon_meta']
[0.492s] Level 1:colcon.colcon_core.package_identification:_identify(.) by extension 'colcon_meta'
[0.492s] Level 1:colcon.colcon_core.package_identification:_identify(.) by extensions ['ros']
[0.492s] Level 1:colcon.colcon_core.package_identification:_identify(.) by extension 'ros'
[0.545s] Level 1:colcon.colcon_core.package_identification:_identify(.) by extensions ['cmake', 'python']
[0.545s] Level 1:colcon.colcon_core.package_identification:_identify(.) by extension 'cmake'
[0.546s] Level 1:colcon.colcon_core.package_identification:_identify(.) by extension 'python'
[0.546s] Level 1:colcon.colcon_core.package_identification:_identify(.) by extensions ['python_setup_py']
[0.547s] Level 1:colcon.colcon_core.package_identification:_identify(.) by extension 'python_setup_py'
[0.548s] Level 1:colcon.colcon_core.package_identification:_identify(build) by extensions ['ignore', 'ignore_ament_install']
[0.548s] Level 1:colcon.colcon_core.package_identification:_identify(build) by extension 'ignore'
[0.549s] Level 1:colcon.colcon_core.package_identification:_identify(build) ignored
[0.550s] Level 1:colcon.colcon_core.package_identification:_identify(install) by extensions ['ignore', 'ignore_ament_install']
[0.551s] Level 1:colcon.colcon_core.package_identification:_identify(install) by extension 'ignore'
[0.551s] Level 1:colcon.colcon_core.package_identification:_identify(install) ignored
[0.553s] Level 1:colcon.colcon_core.package_identification:_identify(log) by extensions ['ignore', 'ignore_ament_install']
[0.553s] Level 1:colcon.colcon_core.package_identification:_identify(log) by extension 'ignore'
[0.553s] Level 1:colcon.colcon_core.package_identification:_identify(log) ignored
[0.554s] Level 1:colcon.colcon_core.package_identification:_identify(ros2_ws) by extensions ['ignore', 'ignore_ament_install']
[0.555s] Level 1:colcon.colcon_core.package_identification:_identify(ros2_ws) by extension 'ignore'
[0.555s] Level 1:colcon.colcon_core.package_identification:_identify(ros2_ws) by extension 'ignore_ament_install'
[0.556s] Level 1:colcon.colcon_core.package_identification:_identify(ros2_ws) by extensions ['colcon_pkg']
[0.556s] Level 1:colcon.colcon_core.package_identification:_identify(ros2_ws) by extension 'colcon_pkg'
[0.557s] Level 1:colcon.colcon_core.package_identification:_identify(ros2_ws) by extensions ['colcon_meta']
[0.557s] Level 1:colcon.colcon_core.package_identification:_identify(ros2_ws) by extension 'colcon_meta'
[0.557s] Level 1:colcon.colcon_core.package_identification:_identify(ros2_ws) by extensions ['ros']
[0.557s] Level 1:colcon.colcon_core.package_identification:_identify(ros2_ws) by extension 'ros'
[0.558s] Level 1:colcon.colcon_core.package_identification:_identify(ros2_ws) by extensions ['cmake', 'python']
[0.558s] Level 1:colcon.colcon_core.package_identification:_identify(ros2_ws) by extension 'cmake'
[0.559s] Level 1:colcon.colcon_core.package_identification:_identify(ros2_ws) by extension 'python'
[0.559s] Level 1:colcon.colcon_core.package_identification:_identify(ros2_ws) by extensions ['python_setup_py']
[0.559s] Level 1:colcon.colcon_core.package_identification:_identify(ros2_ws) by extension 'python_setup_py'
[0.561s] Level 1:colcon.colcon_core.package_identification:_identify(ros2_ws/build) by extensions ['ignore', 'ignore_ament_install']
[0.561s] Level 1:colcon.colcon_core.package_identification:_identify(ros2_ws/build) by extension 'ignore'
[0.561s] Level 1:colcon.colcon_core.package_identification:_identify(ros2_ws/build) ignored
[0.563s] Level 1:colcon.colcon_core.package_identification:_identify(ros2_ws/install) by extensions ['ignore', 'ignore_ament_install']
[0.563s] Level 1:colcon.colcon_core.package_identification:_identify(ros2_ws/install) by extension 'ignore'
[0.563s] Level 1:colcon.colcon_core.package_identification:_identify(ros2_ws/install) ignored
[0.565s] Level 1:colcon.colcon_core.package_identification:_identify(ros2_ws/log) by extensions ['ignore', 'ignore_ament_install']
[0.566s] Level 1:colcon.colcon_core.package_identification:_identify(ros2_ws/log) by extension 'ignore'
[0.566s] Level 1:colcon.colcon_core.package_identification:_identify(ros2_ws/log) ignored
[0.567s] Level 1:colcon.colcon_core.package_identification:_identify(ros2_ws/src) by extensions ['ignore', 'ignore_ament_install']
[0.567s] Level 1:colcon.colcon_core.package_identification:_identify(ros2_ws/src) by extension 'ignore'
[0.568s] Level 1:colcon.colcon_core.package_identification:_identify(ros2_ws/src) by extension 'ignore_ament_install'
[0.569s] Level 1:colcon.colcon_core.package_identification:_identify(ros2_ws/src) by extensions ['colcon_pkg']
[0.569s] Level 1:colcon.colcon_core.package_identification:_identify(ros2_ws/src) by extension 'colcon_pkg'
[0.569s] Level 1:colcon.colcon_core.package_identification:_identify(ros2_ws/src) by extensions ['colcon_meta']
[0.569s] Level 1:colcon.colcon_core.package_identification:_identify(ros2_ws/src) by extension 'colcon_meta'
[0.570s] Level 1:colcon.colcon_core.package_identification:_identify(ros2_ws/src) by extensions ['ros']
[0.570s] Level 1:colcon.colcon_core.package_identification:_identify(ros2_ws/src) by extension 'ros'
[0.571s] Level 1:colcon.colcon_core.package_identification:_identify(ros2_ws/src) by extensions ['cmake', 'python']
[0.571s] Level 1:colcon.colcon_core.package_identification:_identify(ros2_ws/src) by extension 'cmake'
[0.572s] Level 1:colcon.colcon_core.package_identification:_identify(ros2_ws/src) by extension 'python'
[0.572s] Level 1:colcon.colcon_core.package_identification:_identify(ros2_ws/src) by extensions ['python_setup_py']
[0.572s] Level 1:colcon.colcon_core.package_identification:_identify(ros2_ws/src) by extension 'python_setup_py'
[0.574s] Level 1:colcon.colcon_core.package_identification:_identify(ros2_ws/src/ros2_image_stitching_pkg) by extensions ['ignore', 'ignore_ament_install']
[0.574s] Level 1:colcon.colcon_core.package_identification:_identify(ros2_ws/src/ros2_image_stitching_pkg) by extension 'ignore'
[0.575s] Level 1:colcon.colcon_core.package_identification:_identify(ros2_ws/src/ros2_image_stitching_pkg) by extension 'ignore_ament_install'
[0.575s] Level 1:colcon.colcon_core.package_identification:_identify(ros2_ws/src/ros2_image_stitching_pkg) by extensions ['colcon_pkg']
[0.576s] Level 1:colcon.colcon_core.package_identification:_identify(ros2_ws/src/ros2_image_stitching_pkg) by extension 'colcon_pkg'
[0.577s] Level 1:colcon.colcon_core.package_identification:_identify(ros2_ws/src/ros2_image_stitching_pkg) by extensions ['colcon_meta']
[0.577s] Level 1:colcon.colcon_core.package_identification:_identify(ros2_ws/src/ros2_image_stitching_pkg) by extension 'colcon_meta'
[0.578s] Level 1:colcon.colcon_core.package_identification:_identify(ros2_ws/src/ros2_image_stitching_pkg) by extensions ['ros']
[0.578s] Level 1:colcon.colcon_core.package_identification:_identify(ros2_ws/src/ros2_image_stitching_pkg) by extension 'ros'
[0.588s] DEBUG:colcon.colcon_core.package_identification:Package 'ros2_ws/src/ros2_image_stitching_pkg' with type 'ros.ament_python' and name 'ros2_image_stitching_pkg'
[0.590s] Level 1:colcon.colcon_core.package_identification:_identify(ros2_ws/src/siyi_cam_node) by extensions ['ignore', 'ignore_ament_install']
[0.591s] Level 1:colcon.colcon_core.package_identification:_identify(ros2_ws/src/siyi_cam_node) by extension 'ignore'
[0.591s] Level 1:colcon.colcon_core.package_identification:_identify(ros2_ws/src/siyi_cam_node) by extension 'ignore_ament_install'
[0.592s] Level 1:colcon.colcon_core.package_identification:_identify(ros2_ws/src/siyi_cam_node) by extensions ['colcon_pkg']
[0.592s] Level 1:colcon.colcon_core.package_identification:_identify(ros2_ws/src/siyi_cam_node) by extension 'colcon_pkg'
[0.593s] Level 1:colcon.colcon_core.package_identification:_identify(ros2_ws/src/siyi_cam_node) by extensions ['colcon_meta']
[0.593s] Level 1:colcon.colcon_core.package_identification:_identify(ros2_ws/src/siyi_cam_node) by extension 'colcon_meta'
[0.594s] Level 1:colcon.colcon_core.package_identification:_identify(ros2_ws/src/siyi_cam_node) by extensions ['ros']
[0.594s] Level 1:colcon.colcon_core.package_identification:_identify(ros2_ws/src/siyi_cam_node) by extension 'ros'
[0.597s] DEBUG:colcon.colcon_core.package_identification:Package 'ros2_ws/src/siyi_cam_node' with type 'ros.ament_python' and name 'siyi_cam_node'
[0.599s] Level 1:colcon.colcon_core.package_identification:_identify(ros2_ws/src/temperature_interfaces) by extensions ['ignore', 'ignore_ament_install']
[0.600s] Level 1:colcon.colcon_core.package_identification:_identify(ros2_ws/src/temperature_interfaces) by extension 'ignore'
[0.600s] Level 1:colcon.colcon_core.package_identification:_identify(ros2_ws/src/temperature_interfaces) ignored
[0.601s] Level 1:colcon.colcon_core.package_identification:_identify(ros2_ws/src/temperature_pkg) by extensions ['ignore', 'ignore_ament_install']
[0.602s] Level 1:colcon.colcon_core.package_identification:_identify(ros2_ws/src/temperature_pkg) by extension 'ignore'
[0.602s] Level 1:colcon.colcon_core.package_identification:_identify(ros2_ws/src/temperature_pkg) ignored
[0.604s] Level 1:colcon.colcon_core.package_identification:_identify(ros2_ws/test_images) by extensions ['ignore', 'ignore_ament_install']
[0.604s] Level 1:colcon.colcon_core.package_identification:_identify(ros2_ws/test_images) by extension 'ignore'
[0.605s] Level 1:colcon.colcon_core.package_identification:_identify(ros2_ws/test_images) by extension 'ignore_ament_install'
[0.605s] Level 1:colcon.colcon_core.package_identification:_identify(ros2_ws/test_images) by extensions ['colcon_pkg']
[0.606s] Level 1:colcon.colcon_core.package_identification:_identify(ros2_ws/test_images) by extension 'colcon_pkg'
[0.606s] Level 1:colcon.colcon_core.package_identification:_identify(ros2_ws/test_images) by extensions ['colcon_meta']
[0.606s] Level 1:colcon.colcon_core.package_identification:_identify(ros2_ws/test_images) by extension 'colcon_meta'
[0.606s] Level 1:colcon.colcon_core.package_identification:_identify(ros2_ws/test_images) by extensions ['ros']
[0.607s] Level 1:colcon.colcon_core.package_identification:_identify(ros2_ws/test_images) by extension 'ros'
[0.608s] Level 1:colcon.colcon_core.package_identification:_identify(ros2_ws/test_images) by extensions ['cmake', 'python']
[0.608s] Level 1:colcon.colcon_core.package_identification:_identify(ros2_ws/test_images) by extension 'cmake'
[0.609s] Level 1:colcon.colcon_core.package_identification:_identify(ros2_ws/test_images) by extension 'python'
[0.609s] Level 1:colcon.colcon_core.package_identification:_identify(ros2_ws/test_images) by extensions ['python_setup_py']
[0.609s] Level 1:colcon.colcon_core.package_identification:_identify(ros2_ws/test_images) by extension 'python_setup_py'
[0.610s] Level 1:colcon.colcon_core.package_discovery:discover_packages(recursive) using defaults
[0.610s] Level 1:colcon.colcon_core.package_discovery:discover_packages(ignore) discover
[0.611s] Level 1:colcon.colcon_core.package_discovery:discover_packages(ignore) using defaults
[0.611s] Level 1:colcon.colcon_core.package_discovery:discover_packages(path) discover
[0.611s] Level 1:colcon.colcon_core.package_discovery:discover_packages(path) using defaults
[0.677s] Level 5:colcon.colcon_core.verb:set package 'ros2_image_stitching_pkg' build argument 'cmake_args' from command line to 'None'
[0.677s] Level 5:colcon.colcon_core.verb:set package 'ros2_image_stitching_pkg' build argument 'cmake_target' from command line to 'None'
[0.678s] Level 5:colcon.colcon_core.verb:set package 'ros2_image_stitching_pkg' build argument 'cmake_target_skip_unavailable' from command line to 'False'
[0.678s] Level 5:colcon.colcon_core.verb:set package 'ros2_image_stitching_pkg' build argument 'cmake_clean_cache' from command line to 'False'
[0.678s] Level 5:colcon.colcon_core.verb:set package 'ros2_image_stitching_pkg' build argument 'cmake_clean_first' from command line to 'False'
[0.679s] Level 5:colcon.colcon_core.verb:set package 'ros2_image_stitching_pkg' build argument 'cmake_force_configure' from command line to 'False'
[0.679s] Level 5:colcon.colcon_core.verb:set package 'ros2_image_stitching_pkg' build argument 'ament_cmake_args' from command line to 'None'
[0.679s] Level 5:colcon.colcon_core.verb:set package 'ros2_image_stitching_pkg' build argument 'catkin_cmake_args' from command line to 'None'
[0.680s] Level 5:colcon.colcon_core.verb:set package 'ros2_image_stitching_pkg' build argument 'catkin_skip_building_tests' from command line to 'False'
[0.680s] DEBUG:colcon.colcon_core.verb:Building package 'ros2_image_stitching_pkg' with the following arguments: {'ament_cmake_args': None, 'build_base': '/workspace/build/ros2_image_stitching_pkg', 'catkin_cmake_args': None, 'catkin_skip_building_tests': False, 'cmake_args': None, 'cmake_clean_cache': False, 'cmake_clean_first': False, 'cmake_force_configure': False, 'cmake_target': None, 'cmake_target_skip_unavailable': False, 'install_base': '/workspace/install/ros2_image_stitching_pkg', 'merge_install': False, 'path': '/workspace/ros2_ws/src/ros2_image_stitching_pkg', 'symlink_install': False, 'test_result_base': None}
[0.681s] Level 5:colcon.colcon_core.verb:set package 'siyi_cam_node' build argument 'cmake_args' from command line to 'None'
[0.681s] Level 5:colcon.colcon_core.verb:set package 'siyi_cam_node' build argument 'cmake_target' from command line to 'None'
[0.681s] Level 5:colcon.colcon_core.verb:set package 'siyi_cam_node' build argument 'cmake_target_skip_unavailable' from command line to 'False'
[0.683s] Level 5:colcon.colcon_core.verb:set package 'siyi_cam_node' build argument 'cmake_clean_cache' from command line to 'False'
[0.683s] Level 5:colcon.colcon_core.verb:set package 'siyi_cam_node' build argument 'cmake_clean_first' from command line to 'False'
[0.683s] Level 5:colcon.colcon_core.verb:set package 'siyi_cam_node' build argument 'cmake_force_configure' from command line to 'False'
[0.683s] Level 5:colcon.colcon_core.verb:set package 'siyi_cam_node' build argument 'ament_cmake_args' from command line to 'None'
[0.684s] Level 5:colcon.colcon_core.verb:set package 'siyi_cam_node' build argument 'catkin_cmake_args' from command line to 'None'
[0.684s] Level 5:colcon.colcon_core.verb:set package 'siyi_cam_node' build argument 'catkin_skip_building_tests' from command line to 'False'
[0.684s] DEBUG:colcon.colcon_core.verb:Building package 'siyi_cam_node' with the following arguments: {'ament_cmake_args': None, 'build_base': '/workspace/build/siyi_cam_node', 'catkin_cmake_args': None, 'catkin_skip_building_tests': False, 'cmake_args': None, 'cmake_clean_cache': False, 'cmake_clean_first': False, 'cmake_force_configure': False, 'cmake_target': None, 'cmake_target_skip_unavailable': False, 'install_base': '/workspace/install/siyi_cam_node', 'merge_install': False, 'path': '/workspace/ros2_ws/src/siyi_cam_node', 'symlink_install': False, 'test_result_base': None}
[0.685s] INFO:colcon.colcon_core.executor:Executing jobs using 'parallel' executor
[0.687s] DEBUG:colcon.colcon_parallel_executor.executor.parallel:run_until_complete
[0.688s] INFO:colcon.colcon_ros.task.ament_python.build:Building ROS package in '/workspace/ros2_ws/src/ros2_image_stitching_pkg' with build type 'ament_python'
[0.688s] Level 1:colcon.colcon_core.shell:create_environment_hook('ros2_image_stitching_pkg', 'ament_prefix_path')
[0.694s] INFO:colcon.colcon_core.plugin_system:Skipping extension 'colcon_core.shell.bat': Not used on non-Windows systems
[0.694s] INFO:colcon.colcon_core.shell:Creating environment hook '/workspace/install/ros2_image_stitching_pkg/share/ros2_image_stitching_pkg/hook/ament_prefix_path.ps1'
[0.699s] INFO:colcon.colcon_core.shell:Creating environment descriptor '/workspace/install/ros2_image_stitching_pkg/share/ros2_image_stitching_pkg/hook/ament_prefix_path.dsv'
[0.705s] INFO:colcon.colcon_core.shell:Creating environment hook '/workspace/install/ros2_image_stitching_pkg/share/ros2_image_stitching_pkg/hook/ament_prefix_path.sh'
[0.710s] INFO:colcon.colcon_core.shell:Skip shell extension 'powershell' for command environment: Not usable outside of PowerShell
[0.712s] DEBUG:colcon.colcon_core.shell:Skip shell extension 'dsv' for command environment
[0.748s] INFO:colcon.colcon_ros.task.ament_python.build:Building ROS package in '/workspace/ros2_ws/src/siyi_cam_node' with build type 'ament_python'
[0.748s] Level 1:colcon.colcon_core.shell:create_environment_hook('siyi_cam_node', 'ament_prefix_path')
[0.749s] INFO:colcon.colcon_core.shell:Creating environment hook '/workspace/install/siyi_cam_node/share/siyi_cam_node/hook/ament_prefix_path.ps1'
[0.763s] INFO:colcon.colcon_core.shell:Creating environment descriptor '/workspace/install/siyi_cam_node/share/siyi_cam_node/hook/ament_prefix_path.dsv'
[0.771s] INFO:colcon.colcon_core.shell:Creating environment hook '/workspace/install/siyi_cam_node/share/siyi_cam_node/hook/ament_prefix_path.sh'
[0.775s] INFO:colcon.colcon_core.shell:Skip shell extension 'powershell' for command environment: Not usable outside of PowerShell
[0.776s] DEBUG:colcon.colcon_core.shell:Skip shell extension 'dsv' for command environment
[1.562s] INFO:colcon.colcon_core.task.python.build:Building Python package in '/workspace/ros2_ws/src/ros2_image_stitching_pkg'
[1.563s] INFO:colcon.colcon_core.shell:Skip shell extension 'powershell' for command environment: Not usable outside of PowerShell
[1.563s] DEBUG:colcon.colcon_core.shell:Skip shell extension 'dsv' for command environment
[2.271s] INFO:colcon.colcon_core.task.python.build:Building Python package in '/workspace/ros2_ws/src/siyi_cam_node'
[2.273s] INFO:colcon.colcon_core.shell:Skip shell extension 'powershell' for command environment: Not usable outside of PowerShell
[2.273s] DEBUG:colcon.colcon_core.shell:Skip shell extension 'dsv' for command environment
[3.611s] DEBUG:colcon.colcon_core.event_handler.log_command:Invoking command in '/workspace/ros2_ws/src/siyi_cam_node': PYTHONPATH=/workspace/build/siyi_cam_node/prefix_override:/usr/lib/python3/dist-packages/colcon_core/task/python/colcon_distutils_commands:/workspace/install/siyi_cam_node/lib/python3.10/site-packages:${PYTHONPATH} /usr/bin/python3 -W ignore:setup.py install is deprecated -W ignore:easy_install command is deprecated setup.py egg_info --egg-base ../../../build/siyi_cam_node build --build-base /workspace/build/siyi_cam_node/build install --record /workspace/build/siyi_cam_node/install.log --single-version-externally-managed install_data
[3.629s] DEBUG:colcon.colcon_core.event_handler.log_command:Invoking command in '/workspace/ros2_ws/src/ros2_image_stitching_pkg': PYTHONPATH=/workspace/build/ros2_image_stitching_pkg/prefix_override:/usr/lib/python3/dist-packages/colcon_core/task/python/colcon_distutils_commands:/workspace/install/ros2_image_stitching_pkg/lib/python3.10/site-packages:${PYTHONPATH} /usr/bin/python3 -W ignore:setup.py install is deprecated -W ignore:easy_install command is deprecated setup.py egg_info --egg-base ../../../build/ros2_image_stitching_pkg build --build-base /workspace/build/ros2_image_stitching_pkg/build install --record /workspace/build/ros2_image_stitching_pkg/install.log --single-version-externally-managed install_data
[5.365s] DEBUG:colcon.colcon_core.event_handler.log_command:Invoked command in '/workspace/ros2_ws/src/siyi_cam_node' returned '0': PYTHONPATH=/workspace/build/siyi_cam_node/prefix_override:/usr/lib/python3/dist-packages/colcon_core/task/python/colcon_distutils_commands:/workspace/install/siyi_cam_node/lib/python3.10/site-packages:${PYTHONPATH} /usr/bin/python3 -W ignore:setup.py install is deprecated -W ignore:easy_install command is deprecated setup.py egg_info --egg-base ../../../build/siyi_cam_node build --build-base /workspace/build/siyi_cam_node/build install --record /workspace/build/siyi_cam_node/install.log --single-version-externally-managed install_data
[5.376s] Level 1:colcon.colcon_core.environment:checking '/workspace/install/siyi_cam_node' for CMake module files
[5.391s] Level 1:colcon.colcon_core.environment:checking '/workspace/install/siyi_cam_node' for CMake config files
[5.424s] Level 1:colcon.colcon_core.environment:checking '/workspace/install/siyi_cam_node/lib'
[5.427s] Level 1:colcon.colcon_core.environment:checking '/workspace/install/siyi_cam_node/bin'
[5.428s] Level 1:colcon.colcon_core.environment:checking '/workspace/install/siyi_cam_node/lib/pkgconfig/siyi_cam_node.pc'
[5.430s] Level 1:colcon.colcon_core.environment:checking '/workspace/install/siyi_cam_node/lib/python3.10/site-packages'
[5.431s] Level 1:colcon.colcon_core.shell:create_environment_hook('siyi_cam_node', 'pythonpath')
[5.433s] INFO:colcon.colcon_core.shell:Creating environment hook '/workspace/install/siyi_cam_node/share/siyi_cam_node/hook/pythonpath.ps1'
[5.439s] INFO:colcon.colcon_core.shell:Creating environment descriptor '/workspace/install/siyi_cam_node/share/siyi_cam_node/hook/pythonpath.dsv'
[5.445s] INFO:colcon.colcon_core.shell:Creating environment hook '/workspace/install/siyi_cam_node/share/siyi_cam_node/hook/pythonpath.sh'
[5.451s] Level 1:colcon.colcon_core.environment:checking '/workspace/install/siyi_cam_node/bin'
[5.452s] Level 1:colcon.colcon_core.environment:create_environment_scripts_only(siyi_cam_node)
[5.453s] INFO:colcon.colcon_core.shell:Creating package script '/workspace/install/siyi_cam_node/share/siyi_cam_node/package.ps1'
[5.460s] INFO:colcon.colcon_core.shell:Creating package descriptor '/workspace/install/siyi_cam_node/share/siyi_cam_node/package.dsv'
[5.467s] INFO:colcon.colcon_core.shell:Creating package script '/workspace/install/siyi_cam_node/share/siyi_cam_node/package.sh'
[5.474s] INFO:colcon.colcon_core.shell:Creating package script '/workspace/install/siyi_cam_node/share/siyi_cam_node/package.bash'
[5.480s] INFO:colcon.colcon_core.shell:Creating package script '/workspace/install/siyi_cam_node/share/siyi_cam_node/package.zsh'
[5.493s] Level 1:colcon.colcon_core.environment:create_file_with_runtime_dependencies(/workspace/install/siyi_cam_node/share/colcon-core/packages/siyi_cam_node)
[5.509s] Level 1:colcon.colcon_core.environment:checking '/workspace/install/ros2_image_stitching_pkg' for CMake module files
[5.523s] DEBUG:colcon.colcon_core.event_handler.log_command:Invoked command in '/workspace/ros2_ws/src/ros2_image_stitching_pkg' returned '0': PYTHONPATH=/workspace/build/ros2_image_stitching_pkg/prefix_override:/usr/lib/python3/dist-packages/colcon_core/task/python/colcon_distutils_commands:/workspace/install/ros2_image_stitching_pkg/lib/python3.10/site-packages:${PYTHONPATH} /usr/bin/python3 -W ignore:setup.py install is deprecated -W ignore:easy_install command is deprecated setup.py egg_info --egg-base ../../../build/ros2_image_stitching_pkg build --build-base /workspace/build/ros2_image_stitching_pkg/build install --record /workspace/build/ros2_image_stitching_pkg/install.log --single-version-externally-managed install_data
[5.534s] Level 1:colcon.colcon_core.environment:checking '/workspace/install/ros2_image_stitching_pkg' for CMake config files
[5.561s] Level 1:colcon.colcon_core.environment:checking '/workspace/install/ros2_image_stitching_pkg/lib'
[5.564s] Level 1:colcon.colcon_core.environment:checking '/workspace/install/ros2_image_stitching_pkg/bin'
[5.565s] Level 1:colcon.colcon_core.environment:checking '/workspace/install/ros2_image_stitching_pkg/lib/pkgconfig/ros2_image_stitching_pkg.pc'
[5.567s] Level 1:colcon.colcon_core.environment:checking '/workspace/install/ros2_image_stitching_pkg/lib/python3.10/site-packages'
[5.568s] Level 1:colcon.colcon_core.shell:create_environment_hook('ros2_image_stitching_pkg', 'pythonpath')
[5.568s] INFO:colcon.colcon_core.shell:Creating environment hook '/workspace/install/ros2_image_stitching_pkg/share/ros2_image_stitching_pkg/hook/pythonpath.ps1'
[5.574s] INFO:colcon.colcon_core.shell:Creating environment descriptor '/workspace/install/ros2_image_stitching_pkg/share/ros2_image_stitching_pkg/hook/pythonpath.dsv'
[5.579s] INFO:colcon.colcon_core.shell:Creating environment hook '/workspace/install/ros2_image_stitching_pkg/share/ros2_image_stitching_pkg/hook/pythonpath.sh'
[5.585s] Level 1:colcon.colcon_core.environment:checking '/workspace/install/ros2_image_stitching_pkg/bin'
[5.586s] Level 1:colcon.colcon_core.environment:create_environment_scripts_only(ros2_image_stitching_pkg)
[5.587s] INFO:colcon.colcon_core.shell:Creating package script '/workspace/install/ros2_image_stitching_pkg/share/ros2_image_stitching_pkg/package.ps1'
[5.593s] INFO:colcon.colcon_core.shell:Creating package descriptor '/workspace/install/ros2_image_stitching_pkg/share/ros2_image_stitching_pkg/package.dsv'
[5.598s] INFO:colcon.colcon_core.shell:Creating package script '/workspace/install/ros2_image_stitching_pkg/share/ros2_image_stitching_pkg/package.sh'
[5.602s] INFO:colcon.colcon_core.shell:Creating package script '/workspace/install/ros2_image_stitching_pkg/share/ros2_image_stitching_pkg/package.bash'
[5.607s] INFO:colcon.colcon_core.shell:Creating package script '/workspace/install/ros2_image_stitching_pkg/share/ros2_image_stitching_pkg/package.zsh'
[5.613s] Level 1:colcon.colcon_core.environment:create_file_with_runtime_dependencies(/workspace/install/ros2_image_stitching_pkg/share/colcon-core/packages/ros2_image_stitching_pkg)
[5.619s] DEBUG:colcon.colcon_parallel_executor.executor.parallel:closing loop
[5.622s] DEBUG:colcon.colcon_parallel_executor.executor.parallel:loop closed
[5.623s] DEBUG:colcon.colcon_parallel_executor.executor.parallel:run_until_complete finished with '0'
[5.624s] DEBUG:colcon.colcon_core.event_reactor:joining thread
[5.677s] INFO:colcon.colcon_core.plugin_system:Skipping extension 'colcon_notification.desktop_notification.notify_send': Could not find 'notify-send'
[5.678s] INFO:colcon.colcon_core.plugin_system:Skipping extension 'colcon_notification.desktop_notification.terminal_notifier': Not used on non-Darwin systems
[5.679s] INFO:colcon.colcon_core.plugin_system:Skipping extension 'colcon_notification.desktop_notification.win32': Not used on non-Windows systems
[5.680s] INFO:colcon.colcon_notification.desktop_notification:Sending desktop notification using 'notify2'
[5.688s] DEBUG:colcon.colcon_notification.desktop_notification.notify2:Failed to initialize notify2: org.freedesktop.DBus.Error.Spawn.ExecFailed: /usr/bin/dbus-launch terminated abnormally without any error message
[5.690s] DEBUG:colcon.colcon_core.event_reactor:joined thread
[5.693s] INFO:colcon.colcon_core.shell:Creating prefix script '/workspace/install/local_setup.ps1'
[5.701s] INFO:colcon.colcon_core.shell:Creating prefix util module '/workspace/install/_local_setup_util_ps1.py'
[5.712s] INFO:colcon.colcon_core.shell:Creating prefix chain script '/workspace/install/setup.ps1'
[5.723s] INFO:colcon.colcon_core.shell:Creating prefix script '/workspace/install/local_setup.sh'
[5.728s] INFO:colcon.colcon_core.shell:Creating prefix util module '/workspace/install/_local_setup_util_sh.py'
[5.734s] INFO:colcon.colcon_core.shell:Creating prefix chain script '/workspace/install/setup.sh'
[5.747s] INFO:colcon.colcon_core.shell:Creating prefix script '/workspace/install/local_setup.bash'
[5.758s] INFO:colcon.colcon_core.shell:Creating prefix chain script '/workspace/install/setup.bash'
[5.767s] INFO:colcon.colcon_core.shell:Creating prefix script '/workspace/install/local_setup.zsh'
[5.773s] INFO:colcon.colcon_core.shell:Creating prefix chain script '/workspace/install/setup.zsh'
