[0.289s] DEBUG:colcon:Command line arguments: ['/usr/bin/colcon', 'build']
[0.289s] DEBUG:colcon:Parsed command line arguments: Namespace(log_base=None, log_level=None, verb_name='build', build_base='build', install_base='install', merge_install=False, symlink_install=False, test_result_base=None, continue_on_error=False, executor='parallel', parallel_workers=8, event_handlers=None, ignore_user_meta=False, metas=['./colcon.meta'], base_paths=['.'], packages_ignore=None, packages_ignore_regex=None, paths=None, packages_up_to=None, packages_up_to_regex=None, packages_above=None, packages_above_and_dependencies=None, packages_above_depth=None, packages_select_by_dep=None, packages_skip_by_dep=None, packages_skip_up_to=None, packages_select_build_failed=False, packages_skip_build_finished=False, packages_select_test_failures=False, packages_skip_test_passed=False, packages_select=None, packages_skip=None, packages_select_regex=None, packages_skip_regex=None, packages_start=None, packages_end=None, cmake_args=None, cmake_target=None, cmake_target_skip_unavailable=False, cmake_clean_cache=False, cmake_clean_first=False, cmake_force_configure=False, ament_cmake_args=None, catkin_cmake_args=None, catkin_skip_building_tests=False, mixin_files=None, mixin=None, verb_parser=<colcon_mixin.mixin.mixin_argument.MixinArgumentDecorator object at 0x7f9f92045ba0>, verb_extension=<colcon_core.verb.build.BuildVerb object at 0x7f9f92045630>, main=<bound method BuildVerb.main of <colcon_core.verb.build.BuildVerb object at 0x7f9f92045630>>, mixin_verb=('build',))
[0.399s] Level 1:colcon.colcon_core.package_discovery:discover_packages(colcon_meta) check parameters
[0.400s] Level 1:colcon.colcon_core.package_discovery:discover_packages(recursive) check parameters
[0.400s] Level 1:colcon.colcon_core.package_discovery:discover_packages(ignore) check parameters
[0.401s] Level 1:colcon.colcon_core.package_discovery:discover_packages(path) check parameters
[0.401s] Level 1:colcon.colcon_core.package_discovery:discover_packages(colcon_meta) discover
[0.402s] Level 1:colcon.colcon_core.package_discovery:discover_packages(recursive) discover
[0.402s] INFO:colcon.colcon_core.package_discovery:Crawling recursively for packages in '/workspace/ros2_ws'
[0.403s] Level 1:colcon.colcon_core.package_identification:_identify(.) by extensions ['ignore', 'ignore_ament_install']
[0.404s] Level 1:colcon.colcon_core.package_identification:_identify(.) by extension 'ignore'
[0.405s] Level 1:colcon.colcon_core.package_identification:_identify(.) by extension 'ignore_ament_install'
[0.406s] Level 1:colcon.colcon_core.package_identification:_identify(.) by extensions ['colcon_pkg']
[0.406s] Level 1:colcon.colcon_core.package_identification:_identify(.) by extension 'colcon_pkg'
[0.406s] Level 1:colcon.colcon_core.package_identification:_identify(.) by extensions ['colcon_meta']
[0.407s] Level 1:colcon.colcon_core.package_identification:_identify(.) by extension 'colcon_meta'
[0.407s] Level 1:colcon.colcon_core.package_identification:_identify(.) by extensions ['ros']
[0.407s] Level 1:colcon.colcon_core.package_identification:_identify(.) by extension 'ros'
[0.446s] Level 1:colcon.colcon_core.package_identification:_identify(.) by extensions ['cmake', 'python']
[0.447s] Level 1:colcon.colcon_core.package_identification:_identify(.) by extension 'cmake'
[0.447s] Level 1:colcon.colcon_core.package_identification:_identify(.) by extension 'python'
[0.448s] Level 1:colcon.colcon_core.package_identification:_identify(.) by extensions ['python_setup_py']
[0.448s] Level 1:colcon.colcon_core.package_identification:_identify(.) by extension 'python_setup_py'
[0.450s] Level 1:colcon.colcon_core.package_identification:_identify(build) by extensions ['ignore', 'ignore_ament_install']
[0.450s] Level 1:colcon.colcon_core.package_identification:_identify(build) by extension 'ignore'
[0.451s] Level 1:colcon.colcon_core.package_identification:_identify(build) ignored
[0.452s] Level 1:colcon.colcon_core.package_identification:_identify(install) by extensions ['ignore', 'ignore_ament_install']
[0.453s] Level 1:colcon.colcon_core.package_identification:_identify(install) by extension 'ignore'
[0.453s] Level 1:colcon.colcon_core.package_identification:_identify(install) ignored
[0.456s] Level 1:colcon.colcon_core.package_identification:_identify(log) by extensions ['ignore', 'ignore_ament_install']
[0.456s] Level 1:colcon.colcon_core.package_identification:_identify(log) by extension 'ignore'
[0.456s] Level 1:colcon.colcon_core.package_identification:_identify(log) ignored
[0.458s] Level 1:colcon.colcon_core.package_identification:_identify(src) by extensions ['ignore', 'ignore_ament_install']
[0.458s] Level 1:colcon.colcon_core.package_identification:_identify(src) by extension 'ignore'
[0.459s] Level 1:colcon.colcon_core.package_identification:_identify(src) by extension 'ignore_ament_install'
[0.459s] Level 1:colcon.colcon_core.package_identification:_identify(src) by extensions ['colcon_pkg']
[0.460s] Level 1:colcon.colcon_core.package_identification:_identify(src) by extension 'colcon_pkg'
[0.460s] Level 1:colcon.colcon_core.package_identification:_identify(src) by extensions ['colcon_meta']
[0.460s] Level 1:colcon.colcon_core.package_identification:_identify(src) by extension 'colcon_meta'
[0.461s] Level 1:colcon.colcon_core.package_identification:_identify(src) by extensions ['ros']
[0.461s] Level 1:colcon.colcon_core.package_identification:_identify(src) by extension 'ros'
[0.462s] Level 1:colcon.colcon_core.package_identification:_identify(src) by extensions ['cmake', 'python']
[0.463s] Level 1:colcon.colcon_core.package_identification:_identify(src) by extension 'cmake'
[0.463s] Level 1:colcon.colcon_core.package_identification:_identify(src) by extension 'python'
[0.464s] Level 1:colcon.colcon_core.package_identification:_identify(src) by extensions ['python_setup_py']
[0.464s] Level 1:colcon.colcon_core.package_identification:_identify(src) by extension 'python_setup_py'
[0.465s] Level 1:colcon.colcon_core.package_identification:_identify(src/ros2_image_stitching_pkg) by extensions ['ignore', 'ignore_ament_install']
[0.466s] Level 1:colcon.colcon_core.package_identification:_identify(src/ros2_image_stitching_pkg) by extension 'ignore'
[0.467s] Level 1:colcon.colcon_core.package_identification:_identify(src/ros2_image_stitching_pkg) by extension 'ignore_ament_install'
[0.468s] Level 1:colcon.colcon_core.package_identification:_identify(src/ros2_image_stitching_pkg) by extensions ['colcon_pkg']
[0.468s] Level 1:colcon.colcon_core.package_identification:_identify(src/ros2_image_stitching_pkg) by extension 'colcon_pkg'
[0.470s] Level 1:colcon.colcon_core.package_identification:_identify(src/ros2_image_stitching_pkg) by extensions ['colcon_meta']
[0.470s] Level 1:colcon.colcon_core.package_identification:_identify(src/ros2_image_stitching_pkg) by extension 'colcon_meta'
[0.471s] Level 1:colcon.colcon_core.package_identification:_identify(src/ros2_image_stitching_pkg) by extensions ['ros']
[0.471s] Level 1:colcon.colcon_core.package_identification:_identify(src/ros2_image_stitching_pkg) by extension 'ros'
[0.479s] DEBUG:colcon.colcon_core.package_identification:Package 'src/ros2_image_stitching_pkg' with type 'ros.ament_python' and name 'ros2_image_stitching_pkg'
[0.480s] Level 1:colcon.colcon_core.package_identification:_identify(src/siyi_cam_node) by extensions ['ignore', 'ignore_ament_install']
[0.481s] Level 1:colcon.colcon_core.package_identification:_identify(src/siyi_cam_node) by extension 'ignore'
[0.481s] Level 1:colcon.colcon_core.package_identification:_identify(src/siyi_cam_node) by extension 'ignore_ament_install'
[0.482s] Level 1:colcon.colcon_core.package_identification:_identify(src/siyi_cam_node) by extensions ['colcon_pkg']
[0.482s] Level 1:colcon.colcon_core.package_identification:_identify(src/siyi_cam_node) by extension 'colcon_pkg'
[0.482s] Level 1:colcon.colcon_core.package_identification:_identify(src/siyi_cam_node) by extensions ['colcon_meta']
[0.483s] Level 1:colcon.colcon_core.package_identification:_identify(src/siyi_cam_node) by extension 'colcon_meta'
[0.483s] Level 1:colcon.colcon_core.package_identification:_identify(src/siyi_cam_node) by extensions ['ros']
[0.483s] Level 1:colcon.colcon_core.package_identification:_identify(src/siyi_cam_node) by extension 'ros'
[0.486s] DEBUG:colcon.colcon_core.package_identification:Package 'src/siyi_cam_node' with type 'ros.ament_python' and name 'siyi_cam_node'
[0.488s] Level 1:colcon.colcon_core.package_identification:_identify(src/temperature_interfaces) by extensions ['ignore', 'ignore_ament_install']
[0.489s] Level 1:colcon.colcon_core.package_identification:_identify(src/temperature_interfaces) by extension 'ignore'
[0.489s] Level 1:colcon.colcon_core.package_identification:_identify(src/temperature_interfaces) ignored
[0.490s] Level 1:colcon.colcon_core.package_identification:_identify(src/temperature_pkg) by extensions ['ignore', 'ignore_ament_install']
[0.491s] Level 1:colcon.colcon_core.package_identification:_identify(src/temperature_pkg) by extension 'ignore'
[0.491s] Level 1:colcon.colcon_core.package_identification:_identify(src/temperature_pkg) ignored
[0.491s] Level 1:colcon.colcon_core.package_discovery:discover_packages(recursive) using defaults
[0.492s] Level 1:colcon.colcon_core.package_discovery:discover_packages(ignore) discover
[0.492s] Level 1:colcon.colcon_core.package_discovery:discover_packages(ignore) using defaults
[0.492s] Level 1:colcon.colcon_core.package_discovery:discover_packages(path) discover
[0.492s] Level 1:colcon.colcon_core.package_discovery:discover_packages(path) using defaults
[0.538s] Level 5:colcon.colcon_core.verb:set package 'ros2_image_stitching_pkg' build argument 'cmake_args' from command line to 'None'
[0.538s] Level 5:colcon.colcon_core.verb:set package 'ros2_image_stitching_pkg' build argument 'cmake_target' from command line to 'None'
[0.538s] Level 5:colcon.colcon_core.verb:set package 'ros2_image_stitching_pkg' build argument 'cmake_target_skip_unavailable' from command line to 'False'
[0.539s] Level 5:colcon.colcon_core.verb:set package 'ros2_image_stitching_pkg' build argument 'cmake_clean_cache' from command line to 'False'
[0.539s] Level 5:colcon.colcon_core.verb:set package 'ros2_image_stitching_pkg' build argument 'cmake_clean_first' from command line to 'False'
[0.539s] Level 5:colcon.colcon_core.verb:set package 'ros2_image_stitching_pkg' build argument 'cmake_force_configure' from command line to 'False'
[0.539s] Level 5:colcon.colcon_core.verb:set package 'ros2_image_stitching_pkg' build argument 'ament_cmake_args' from command line to 'None'
[0.540s] Level 5:colcon.colcon_core.verb:set package 'ros2_image_stitching_pkg' build argument 'catkin_cmake_args' from command line to 'None'
[0.540s] Level 5:colcon.colcon_core.verb:set package 'ros2_image_stitching_pkg' build argument 'catkin_skip_building_tests' from command line to 'False'
[0.540s] DEBUG:colcon.colcon_core.verb:Building package 'ros2_image_stitching_pkg' with the following arguments: {'ament_cmake_args': None, 'build_base': '/workspace/ros2_ws/build/ros2_image_stitching_pkg', 'catkin_cmake_args': None, 'catkin_skip_building_tests': False, 'cmake_args': None, 'cmake_clean_cache': False, 'cmake_clean_first': False, 'cmake_force_configure': False, 'cmake_target': None, 'cmake_target_skip_unavailable': False, 'install_base': '/workspace/ros2_ws/install/ros2_image_stitching_pkg', 'merge_install': False, 'path': '/workspace/ros2_ws/src/ros2_image_stitching_pkg', 'symlink_install': False, 'test_result_base': None}
[0.541s] Level 5:colcon.colcon_core.verb:set package 'siyi_cam_node' build argument 'cmake_args' from command line to 'None'
[0.541s] Level 5:colcon.colcon_core.verb:set package 'siyi_cam_node' build argument 'cmake_target' from command line to 'None'
[0.542s] Level 5:colcon.colcon_core.verb:set package 'siyi_cam_node' build argument 'cmake_target_skip_unavailable' from command line to 'False'
[0.542s] Level 5:colcon.colcon_core.verb:set package 'siyi_cam_node' build argument 'cmake_clean_cache' from command line to 'False'
[0.542s] Level 5:colcon.colcon_core.verb:set package 'siyi_cam_node' build argument 'cmake_clean_first' from command line to 'False'
[0.542s] Level 5:colcon.colcon_core.verb:set package 'siyi_cam_node' build argument 'cmake_force_configure' from command line to 'False'
[0.543s] Level 5:colcon.colcon_core.verb:set package 'siyi_cam_node' build argument 'ament_cmake_args' from command line to 'None'
[0.543s] Level 5:colcon.colcon_core.verb:set package 'siyi_cam_node' build argument 'catkin_cmake_args' from command line to 'None'
[0.543s] Level 5:colcon.colcon_core.verb:set package 'siyi_cam_node' build argument 'catkin_skip_building_tests' from command line to 'False'
[0.543s] DEBUG:colcon.colcon_core.verb:Building package 'siyi_cam_node' with the following arguments: {'ament_cmake_args': None, 'build_base': '/workspace/ros2_ws/build/siyi_cam_node', 'catkin_cmake_args': None, 'catkin_skip_building_tests': False, 'cmake_args': None, 'cmake_clean_cache': False, 'cmake_clean_first': False, 'cmake_force_configure': False, 'cmake_target': None, 'cmake_target_skip_unavailable': False, 'install_base': '/workspace/ros2_ws/install/siyi_cam_node', 'merge_install': False, 'path': '/workspace/ros2_ws/src/siyi_cam_node', 'symlink_install': False, 'test_result_base': None}
[0.544s] INFO:colcon.colcon_core.executor:Executing jobs using 'parallel' executor
[0.546s] DEBUG:colcon.colcon_parallel_executor.executor.parallel:run_until_complete
[0.547s] INFO:colcon.colcon_ros.task.ament_python.build:Building ROS package in '/workspace/ros2_ws/src/ros2_image_stitching_pkg' with build type 'ament_python'
[0.547s] Level 1:colcon.colcon_core.shell:create_environment_hook('ros2_image_stitching_pkg', 'ament_prefix_path')
[0.554s] INFO:colcon.colcon_core.plugin_system:Skipping extension 'colcon_core.shell.bat': Not used on non-Windows systems
[0.555s] INFO:colcon.colcon_core.shell:Creating environment hook '/workspace/ros2_ws/install/ros2_image_stitching_pkg/share/ros2_image_stitching_pkg/hook/ament_prefix_path.ps1'
[0.563s] INFO:colcon.colcon_core.shell:Creating environment descriptor '/workspace/ros2_ws/install/ros2_image_stitching_pkg/share/ros2_image_stitching_pkg/hook/ament_prefix_path.dsv'
[0.568s] INFO:colcon.colcon_core.shell:Creating environment hook '/workspace/ros2_ws/install/ros2_image_stitching_pkg/share/ros2_image_stitching_pkg/hook/ament_prefix_path.sh'
[0.574s] INFO:colcon.colcon_core.shell:Skip shell extension 'powershell' for command environment: Not usable outside of PowerShell
[0.574s] DEBUG:colcon.colcon_core.shell:Skip shell extension 'dsv' for command environment
[0.608s] INFO:colcon.colcon_ros.task.ament_python.build:Building ROS package in '/workspace/ros2_ws/src/siyi_cam_node' with build type 'ament_python'
[0.609s] Level 1:colcon.colcon_core.shell:create_environment_hook('siyi_cam_node', 'ament_prefix_path')
[0.610s] INFO:colcon.colcon_core.shell:Creating environment hook '/workspace/ros2_ws/install/siyi_cam_node/share/siyi_cam_node/hook/ament_prefix_path.ps1'
[0.615s] INFO:colcon.colcon_core.shell:Creating environment descriptor '/workspace/ros2_ws/install/siyi_cam_node/share/siyi_cam_node/hook/ament_prefix_path.dsv'
[0.619s] INFO:colcon.colcon_core.shell:Creating environment hook '/workspace/ros2_ws/install/siyi_cam_node/share/siyi_cam_node/hook/ament_prefix_path.sh'
[0.624s] INFO:colcon.colcon_core.shell:Skip shell extension 'powershell' for command environment: Not usable outside of PowerShell
[0.624s] DEBUG:colcon.colcon_core.shell:Skip shell extension 'dsv' for command environment
[1.206s] INFO:colcon.colcon_core.task.python.build:Building Python package in '/workspace/ros2_ws/src/ros2_image_stitching_pkg'
[1.207s] INFO:colcon.colcon_core.shell:Skip shell extension 'powershell' for command environment: Not usable outside of PowerShell
[1.207s] DEBUG:colcon.colcon_core.shell:Skip shell extension 'dsv' for command environment
[1.705s] INFO:colcon.colcon_core.task.python.build:Building Python package in '/workspace/ros2_ws/src/siyi_cam_node'
[1.706s] INFO:colcon.colcon_core.shell:Skip shell extension 'powershell' for command environment: Not usable outside of PowerShell
[1.706s] DEBUG:colcon.colcon_core.shell:Skip shell extension 'dsv' for command environment
[2.753s] DEBUG:colcon.colcon_core.event_handler.log_command:Invoking command in '/workspace/ros2_ws/src/ros2_image_stitching_pkg': PYTHONPATH=/workspace/ros2_ws/build/ros2_image_stitching_pkg/prefix_override:/usr/lib/python3/dist-packages/colcon_core/task/python/colcon_distutils_commands:/workspace/ros2_ws/install/ros2_image_stitching_pkg/lib/python3.10/site-packages:${PYTHONPATH} /usr/bin/python3 -W ignore:setup.py install is deprecated -W ignore:easy_install command is deprecated setup.py egg_info --egg-base ../../build/ros2_image_stitching_pkg build --build-base /workspace/ros2_ws/build/ros2_image_stitching_pkg/build install --record /workspace/ros2_ws/build/ros2_image_stitching_pkg/install.log --single-version-externally-managed install_data
[2.762s] DEBUG:colcon.colcon_core.event_handler.log_command:Invoking command in '/workspace/ros2_ws/src/siyi_cam_node': PYTHONPATH=/workspace/ros2_ws/build/siyi_cam_node/prefix_override:/usr/lib/python3/dist-packages/colcon_core/task/python/colcon_distutils_commands:/workspace/ros2_ws/install/siyi_cam_node/lib/python3.10/site-packages:${PYTHONPATH} /usr/bin/python3 -W ignore:setup.py install is deprecated -W ignore:easy_install command is deprecated setup.py egg_info --egg-base ../../build/siyi_cam_node build --build-base /workspace/ros2_ws/build/siyi_cam_node/build install --record /workspace/ros2_ws/build/siyi_cam_node/install.log --single-version-externally-managed install_data
[3.910s] DEBUG:colcon.colcon_core.event_handler.log_command:Invoked command in '/workspace/ros2_ws/src/ros2_image_stitching_pkg' returned '0': PYTHONPATH=/workspace/ros2_ws/build/ros2_image_stitching_pkg/prefix_override:/usr/lib/python3/dist-packages/colcon_core/task/python/colcon_distutils_commands:/workspace/ros2_ws/install/ros2_image_stitching_pkg/lib/python3.10/site-packages:${PYTHONPATH} /usr/bin/python3 -W ignore:setup.py install is deprecated -W ignore:easy_install command is deprecated setup.py egg_info --egg-base ../../build/ros2_image_stitching_pkg build --build-base /workspace/ros2_ws/build/ros2_image_stitching_pkg/build install --record /workspace/ros2_ws/build/ros2_image_stitching_pkg/install.log --single-version-externally-managed install_data
[3.921s] Level 1:colcon.colcon_core.environment:checking '/workspace/ros2_ws/install/ros2_image_stitching_pkg' for CMake module files
[3.930s] Level 1:colcon.colcon_core.environment:checking '/workspace/ros2_ws/install/ros2_image_stitching_pkg' for CMake config files
[3.945s] Level 1:colcon.colcon_core.environment:checking '/workspace/ros2_ws/install/ros2_image_stitching_pkg/lib'
[3.947s] Level 1:colcon.colcon_core.environment:checking '/workspace/ros2_ws/install/ros2_image_stitching_pkg/bin'
[3.947s] Level 1:colcon.colcon_core.environment:checking '/workspace/ros2_ws/install/ros2_image_stitching_pkg/lib/pkgconfig/ros2_image_stitching_pkg.pc'
[3.948s] Level 1:colcon.colcon_core.environment:checking '/workspace/ros2_ws/install/ros2_image_stitching_pkg/lib/python3.10/site-packages'
[3.949s] Level 1:colcon.colcon_core.shell:create_environment_hook('ros2_image_stitching_pkg', 'pythonpath')
[3.949s] INFO:colcon.colcon_core.shell:Creating environment hook '/workspace/ros2_ws/install/ros2_image_stitching_pkg/share/ros2_image_stitching_pkg/hook/pythonpath.ps1'
[3.951s] INFO:colcon.colcon_core.shell:Creating environment descriptor '/workspace/ros2_ws/install/ros2_image_stitching_pkg/share/ros2_image_stitching_pkg/hook/pythonpath.dsv'
[3.954s] INFO:colcon.colcon_core.shell:Creating environment hook '/workspace/ros2_ws/install/ros2_image_stitching_pkg/share/ros2_image_stitching_pkg/hook/pythonpath.sh'
[3.956s] Level 1:colcon.colcon_core.environment:checking '/workspace/ros2_ws/install/ros2_image_stitching_pkg/bin'
[3.957s] Level 1:colcon.colcon_core.environment:create_environment_scripts_only(ros2_image_stitching_pkg)
[3.958s] INFO:colcon.colcon_core.shell:Creating package script '/workspace/ros2_ws/install/ros2_image_stitching_pkg/share/ros2_image_stitching_pkg/package.ps1'
[3.960s] INFO:colcon.colcon_core.shell:Creating package descriptor '/workspace/ros2_ws/install/ros2_image_stitching_pkg/share/ros2_image_stitching_pkg/package.dsv'
[3.964s] INFO:colcon.colcon_core.shell:Creating package script '/workspace/ros2_ws/install/ros2_image_stitching_pkg/share/ros2_image_stitching_pkg/package.sh'
[3.969s] INFO:colcon.colcon_core.shell:Creating package script '/workspace/ros2_ws/install/ros2_image_stitching_pkg/share/ros2_image_stitching_pkg/package.bash'
[3.975s] INFO:colcon.colcon_core.shell:Creating package script '/workspace/ros2_ws/install/ros2_image_stitching_pkg/share/ros2_image_stitching_pkg/package.zsh'
[3.979s] Level 1:colcon.colcon_core.environment:create_file_with_runtime_dependencies(/workspace/ros2_ws/install/ros2_image_stitching_pkg/share/colcon-core/packages/ros2_image_stitching_pkg)
[3.986s] Level 1:colcon.colcon_core.environment:checking '/workspace/ros2_ws/install/siyi_cam_node' for CMake module files
[3.994s] DEBUG:colcon.colcon_core.event_handler.log_command:Invoked command in '/workspace/ros2_ws/src/siyi_cam_node' returned '0': PYTHONPATH=/workspace/ros2_ws/build/siyi_cam_node/prefix_override:/usr/lib/python3/dist-packages/colcon_core/task/python/colcon_distutils_commands:/workspace/ros2_ws/install/siyi_cam_node/lib/python3.10/site-packages:${PYTHONPATH} /usr/bin/python3 -W ignore:setup.py install is deprecated -W ignore:easy_install command is deprecated setup.py egg_info --egg-base ../../build/siyi_cam_node build --build-base /workspace/ros2_ws/build/siyi_cam_node/build install --record /workspace/ros2_ws/build/siyi_cam_node/install.log --single-version-externally-managed install_data
[3.997s] Level 1:colcon.colcon_core.environment:checking '/workspace/ros2_ws/install/siyi_cam_node' for CMake config files
[4.032s] Level 1:colcon.colcon_core.environment:checking '/workspace/ros2_ws/install/siyi_cam_node/lib'
[4.034s] Level 1:colcon.colcon_core.environment:checking '/workspace/ros2_ws/install/siyi_cam_node/bin'
[4.035s] Level 1:colcon.colcon_core.environment:checking '/workspace/ros2_ws/install/siyi_cam_node/lib/pkgconfig/siyi_cam_node.pc'
[4.036s] Level 1:colcon.colcon_core.environment:checking '/workspace/ros2_ws/install/siyi_cam_node/lib/python3.10/site-packages'
[4.037s] Level 1:colcon.colcon_core.shell:create_environment_hook('siyi_cam_node', 'pythonpath')
[4.038s] INFO:colcon.colcon_core.shell:Creating environment hook '/workspace/ros2_ws/install/siyi_cam_node/share/siyi_cam_node/hook/pythonpath.ps1'
[4.045s] INFO:colcon.colcon_core.shell:Creating environment descriptor '/workspace/ros2_ws/install/siyi_cam_node/share/siyi_cam_node/hook/pythonpath.dsv'
[4.051s] INFO:colcon.colcon_core.shell:Creating environment hook '/workspace/ros2_ws/install/siyi_cam_node/share/siyi_cam_node/hook/pythonpath.sh'
[4.056s] Level 1:colcon.colcon_core.environment:checking '/workspace/ros2_ws/install/siyi_cam_node/bin'
[4.058s] Level 1:colcon.colcon_core.environment:create_environment_scripts_only(siyi_cam_node)
[4.060s] INFO:colcon.colcon_core.shell:Creating package script '/workspace/ros2_ws/install/siyi_cam_node/share/siyi_cam_node/package.ps1'
[4.068s] INFO:colcon.colcon_core.shell:Creating package descriptor '/workspace/ros2_ws/install/siyi_cam_node/share/siyi_cam_node/package.dsv'
[4.076s] INFO:colcon.colcon_core.shell:Creating package script '/workspace/ros2_ws/install/siyi_cam_node/share/siyi_cam_node/package.sh'
[4.083s] INFO:colcon.colcon_core.shell:Creating package script '/workspace/ros2_ws/install/siyi_cam_node/share/siyi_cam_node/package.bash'
[4.089s] INFO:colcon.colcon_core.shell:Creating package script '/workspace/ros2_ws/install/siyi_cam_node/share/siyi_cam_node/package.zsh'
[4.094s] Level 1:colcon.colcon_core.environment:create_file_with_runtime_dependencies(/workspace/ros2_ws/install/siyi_cam_node/share/colcon-core/packages/siyi_cam_node)
[4.097s] DEBUG:colcon.colcon_parallel_executor.executor.parallel:closing loop
[4.099s] DEBUG:colcon.colcon_parallel_executor.executor.parallel:loop closed
[4.101s] DEBUG:colcon.colcon_parallel_executor.executor.parallel:run_until_complete finished with '0'
[4.102s] DEBUG:colcon.colcon_core.event_reactor:joining thread
[4.139s] INFO:colcon.colcon_core.plugin_system:Skipping extension 'colcon_notification.desktop_notification.notify_send': Could not find 'notify-send'
[4.140s] INFO:colcon.colcon_core.plugin_system:Skipping extension 'colcon_notification.desktop_notification.terminal_notifier': Not used on non-Darwin systems
[4.140s] INFO:colcon.colcon_core.plugin_system:Skipping extension 'colcon_notification.desktop_notification.win32': Not used on non-Windows systems
[4.141s] INFO:colcon.colcon_notification.desktop_notification:Sending desktop notification using 'notify2'
[4.151s] DEBUG:colcon.colcon_notification.desktop_notification.notify2:Failed to initialize notify2: org.freedesktop.DBus.Error.Spawn.ExecFailed: /usr/bin/dbus-launch terminated abnormally without any error message
[4.153s] DEBUG:colcon.colcon_core.event_reactor:joined thread
[4.156s] INFO:colcon.colcon_core.shell:Creating prefix script '/workspace/ros2_ws/install/local_setup.ps1'
[4.163s] INFO:colcon.colcon_core.shell:Creating prefix util module '/workspace/ros2_ws/install/_local_setup_util_ps1.py'
[4.172s] INFO:colcon.colcon_core.shell:Creating prefix chain script '/workspace/ros2_ws/install/setup.ps1'
[4.191s] INFO:colcon.colcon_core.shell:Creating prefix script '/workspace/ros2_ws/install/local_setup.sh'
[4.195s] INFO:colcon.colcon_core.shell:Creating prefix util module '/workspace/ros2_ws/install/_local_setup_util_sh.py'
[4.200s] INFO:colcon.colcon_core.shell:Creating prefix chain script '/workspace/ros2_ws/install/setup.sh'
[4.216s] INFO:colcon.colcon_core.shell:Creating prefix script '/workspace/ros2_ws/install/local_setup.bash'
[4.222s] INFO:colcon.colcon_core.shell:Creating prefix chain script '/workspace/ros2_ws/install/setup.bash'
[4.250s] INFO:colcon.colcon_core.shell:Creating prefix script '/workspace/ros2_ws/install/local_setup.zsh'
[4.255s] INFO:colcon.colcon_core.shell:Creating prefix chain script '/workspace/ros2_ws/install/setup.zsh'
