[2.178s] Invoking command in '/workspace/ros2_ws/src/siyi_cam_node': PYTHONPATH=/workspace/ros2_ws/build/siyi_cam_node/prefix_override:/usr/lib/python3/dist-packages/colcon_core/task/python/colcon_distutils_commands:/workspace/ros2_ws/install/siyi_cam_node/lib/python3.10/site-packages:${PYTHONPATH} /usr/bin/python3 -W ignore:setup.py install is deprecated -W ignore:easy_install command is deprecated setup.py egg_info --egg-base ../../build/siyi_cam_node build --build-base /workspace/ros2_ws/build/siyi_cam_node/build install --record /workspace/ros2_ws/build/siyi_cam_node/install.log --single-version-externally-managed install_data
[2.611s] /home/ubuntu/.local/lib/python3.10/site-packages/setuptools/_distutils/dist.py:289: UserWarning: Unknown distribution option: 'tests_require'
[2.614s]   warnings.warn(msg)
[2.880s] running egg_info
[2.916s] writing ../../build/siyi_cam_node/siyi_cam_node.egg-info/PKG-INFO
[2.930s] writing dependency_links to ../../build/siyi_cam_node/siyi_cam_node.egg-info/dependency_links.txt
[2.933s] writing entry points to ../../build/siyi_cam_node/siyi_cam_node.egg-info/entry_points.txt
[2.938s] writing requirements to ../../build/siyi_cam_node/siyi_cam_node.egg-info/requires.txt
[2.941s] writing top-level names to ../../build/siyi_cam_node/siyi_cam_node.egg-info/top_level.txt
[3.085s] reading manifest file '../../build/siyi_cam_node/siyi_cam_node.egg-info/SOURCES.txt'
[3.102s] writing manifest file '../../build/siyi_cam_node/siyi_cam_node.egg-info/SOURCES.txt'
[3.105s] running build
[3.106s] running build_py
[3.109s] copying siyi_cam_node/__init__.py -> /workspace/ros2_ws/build/siyi_cam_node/build/lib/siyi_cam_node
[3.115s] copying siyi_cam_node/siyi_cam_node.py -> /workspace/ros2_ws/build/siyi_cam_node/build/lib/siyi_cam_node
[3.124s] running install
[3.143s] running install_lib
[3.195s] copying /workspace/ros2_ws/build/siyi_cam_node/build/lib/siyi_cam_node/siyi_cam_node.py -> /workspace/ros2_ws/install/siyi_cam_node/lib/python3.10/site-packages/siyi_cam_node
[3.202s] byte-compiling /workspace/ros2_ws/install/siyi_cam_node/lib/python3.10/site-packages/siyi_cam_node/siyi_cam_node.py to siyi_cam_node.cpython-310.pyc
[3.210s] running install_data
[3.212s] copying resource/siyi_cam_node -> /workspace/ros2_ws/install/siyi_cam_node/share/ament_index/resource_index/packages
[3.224s] copying package.xml -> /workspace/ros2_ws/install/siyi_cam_node/share/siyi_cam_node
[3.232s] running install_egg_info
[3.289s] removing '/workspace/ros2_ws/install/siyi_cam_node/lib/python3.10/site-packages/siyi_cam_node-0.0.0-py3.10.egg-info' (and everything under it)
[3.299s] Copying ../../build/siyi_cam_node/siyi_cam_node.egg-info to /workspace/ros2_ws/install/siyi_cam_node/lib/python3.10/site-packages/siyi_cam_node-0.0.0-py3.10.egg-info
[3.360s] running install_scripts
[3.489s] Installing siyi_cam_node script to /workspace/ros2_ws/install/siyi_cam_node/lib/siyi_cam_node
[3.498s] writing list of installed files to '/workspace/ros2_ws/build/siyi_cam_node/install.log'
[3.698s] Invoked command in '/workspace/ros2_ws/src/siyi_cam_node' returned '0': PYTHONPATH=/workspace/ros2_ws/build/siyi_cam_node/prefix_override:/usr/lib/python3/dist-packages/colcon_core/task/python/colcon_distutils_commands:/workspace/ros2_ws/install/siyi_cam_node/lib/python3.10/site-packages:${PYTHONPATH} /usr/bin/python3 -W ignore:setup.py install is deprecated -W ignore:easy_install command is deprecated setup.py egg_info --egg-base ../../build/siyi_cam_node build --build-base /workspace/ros2_ws/build/siyi_cam_node/build install --record /workspace/ros2_ws/build/siyi_cam_node/install.log --single-version-externally-managed install_data
