[0.316s] DEBUG:colcon:Command line arguments: ['/usr/bin/colcon', 'build']
[0.317s] DEBUG:colcon:Parsed command line arguments: Namespace(log_base=None, log_level=None, verb_name='build', build_base='build', install_base='install', merge_install=False, symlink_install=False, test_result_base=None, continue_on_error=False, executor='parallel', parallel_workers=8, event_handlers=None, ignore_user_meta=False, metas=['./colcon.meta'], base_paths=['.'], packages_ignore=None, packages_ignore_regex=None, paths=None, packages_up_to=None, packages_up_to_regex=None, packages_above=None, packages_above_and_dependencies=None, packages_above_depth=None, packages_select_by_dep=None, packages_skip_by_dep=None, packages_skip_up_to=None, packages_select_build_failed=False, packages_skip_build_finished=False, packages_select_test_failures=False, packages_skip_test_passed=False, packages_select=None, packages_skip=None, packages_select_regex=None, packages_skip_regex=None, packages_start=None, packages_end=None, cmake_args=None, cmake_target=None, cmake_target_skip_unavailable=False, cmake_clean_cache=False, cmake_clean_first=False, cmake_force_configure=False, ament_cmake_args=None, catkin_cmake_args=None, catkin_skip_building_tests=False, mixin_files=None, mixin=None, verb_parser=<colcon_mixin.mixin.mixin_argument.MixinArgumentDecorator object at 0x7f1ff8449b10>, verb_extension=<colcon_core.verb.build.BuildVerb object at 0x7f1ff84495a0>, main=<bound method BuildVerb.main of <colcon_core.verb.build.BuildVerb object at 0x7f1ff84495a0>>, mixin_verb=('build',))
[0.466s] Level 1:colcon.colcon_core.package_discovery:discover_packages(colcon_meta) check parameters
[0.467s] Level 1:colcon.colcon_core.package_discovery:discover_packages(recursive) check parameters
[0.467s] Level 1:colcon.colcon_core.package_discovery:discover_packages(ignore) check parameters
[0.468s] Level 1:colcon.colcon_core.package_discovery:discover_packages(path) check parameters
[0.468s] Level 1:colcon.colcon_core.package_discovery:discover_packages(colcon_meta) discover
[0.468s] Level 1:colcon.colcon_core.package_discovery:discover_packages(recursive) discover
[0.469s] INFO:colcon.colcon_core.package_discovery:Crawling recursively for packages in '/workspace'
[0.470s] Level 1:colcon.colcon_core.package_identification:_identify(.) by extensions ['ignore', 'ignore_ament_install']
[0.471s] Level 1:colcon.colcon_core.package_identification:_identify(.) by extension 'ignore'
[0.472s] Level 1:colcon.colcon_core.package_identification:_identify(.) by extension 'ignore_ament_install'
[0.472s] Level 1:colcon.colcon_core.package_identification:_identify(.) by extensions ['colcon_pkg']
[0.473s] Level 1:colcon.colcon_core.package_identification:_identify(.) by extension 'colcon_pkg'
[0.473s] Level 1:colcon.colcon_core.package_identification:_identify(.) by extensions ['colcon_meta']
[0.473s] Level 1:colcon.colcon_core.package_identification:_identify(.) by extension 'colcon_meta'
[0.474s] Level 1:colcon.colcon_core.package_identification:_identify(.) by extensions ['ros']
[0.474s] Level 1:colcon.colcon_core.package_identification:_identify(.) by extension 'ros'
[0.525s] Level 1:colcon.colcon_core.package_identification:_identify(.) by extensions ['cmake', 'python']
[0.525s] Level 1:colcon.colcon_core.package_identification:_identify(.) by extension 'cmake'
[0.526s] Level 1:colcon.colcon_core.package_identification:_identify(.) by extension 'python'
[0.527s] Level 1:colcon.colcon_core.package_identification:_identify(.) by extensions ['python_setup_py']
[0.527s] Level 1:colcon.colcon_core.package_identification:_identify(.) by extension 'python_setup_py'
[0.529s] Level 1:colcon.colcon_core.package_identification:_identify(build) by extensions ['ignore', 'ignore_ament_install']
[0.530s] Level 1:colcon.colcon_core.package_identification:_identify(build) by extension 'ignore'
[0.531s] Level 1:colcon.colcon_core.package_identification:_identify(build) ignored
[0.532s] Level 1:colcon.colcon_core.package_identification:_identify(install) by extensions ['ignore', 'ignore_ament_install']
[0.533s] Level 1:colcon.colcon_core.package_identification:_identify(install) by extension 'ignore'
[0.534s] Level 1:colcon.colcon_core.package_identification:_identify(install) ignored
[0.537s] Level 1:colcon.colcon_core.package_identification:_identify(log) by extensions ['ignore', 'ignore_ament_install']
[0.537s] Level 1:colcon.colcon_core.package_identification:_identify(log) by extension 'ignore'
[0.537s] Level 1:colcon.colcon_core.package_identification:_identify(log) ignored
[0.539s] Level 1:colcon.colcon_core.package_identification:_identify(ros2_ws) by extensions ['ignore', 'ignore_ament_install']
[0.539s] Level 1:colcon.colcon_core.package_identification:_identify(ros2_ws) by extension 'ignore'
[0.540s] Level 1:colcon.colcon_core.package_identification:_identify(ros2_ws) by extension 'ignore_ament_install'
[0.540s] Level 1:colcon.colcon_core.package_identification:_identify(ros2_ws) by extensions ['colcon_pkg']
[0.541s] Level 1:colcon.colcon_core.package_identification:_identify(ros2_ws) by extension 'colcon_pkg'
[0.541s] Level 1:colcon.colcon_core.package_identification:_identify(ros2_ws) by extensions ['colcon_meta']
[0.541s] Level 1:colcon.colcon_core.package_identification:_identify(ros2_ws) by extension 'colcon_meta'
[0.542s] Level 1:colcon.colcon_core.package_identification:_identify(ros2_ws) by extensions ['ros']
[0.542s] Level 1:colcon.colcon_core.package_identification:_identify(ros2_ws) by extension 'ros'
[0.543s] Level 1:colcon.colcon_core.package_identification:_identify(ros2_ws) by extensions ['cmake', 'python']
[0.544s] Level 1:colcon.colcon_core.package_identification:_identify(ros2_ws) by extension 'cmake'
[0.544s] Level 1:colcon.colcon_core.package_identification:_identify(ros2_ws) by extension 'python'
[0.545s] Level 1:colcon.colcon_core.package_identification:_identify(ros2_ws) by extensions ['python_setup_py']
[0.545s] Level 1:colcon.colcon_core.package_identification:_identify(ros2_ws) by extension 'python_setup_py'
[0.549s] Level 1:colcon.colcon_core.package_identification:_identify(ros2_ws/SUAS2025CameraFeed) by extensions ['ignore', 'ignore_ament_install']
[0.550s] Level 1:colcon.colcon_core.package_identification:_identify(ros2_ws/SUAS2025CameraFeed) by extension 'ignore'
[0.550s] Level 1:colcon.colcon_core.package_identification:_identify(ros2_ws/SUAS2025CameraFeed) by extension 'ignore_ament_install'
[0.551s] Level 1:colcon.colcon_core.package_identification:_identify(ros2_ws/SUAS2025CameraFeed) by extensions ['colcon_pkg']
[0.552s] Level 1:colcon.colcon_core.package_identification:_identify(ros2_ws/SUAS2025CameraFeed) by extension 'colcon_pkg'
[0.552s] Level 1:colcon.colcon_core.package_identification:_identify(ros2_ws/SUAS2025CameraFeed) by extensions ['colcon_meta']
[0.552s] Level 1:colcon.colcon_core.package_identification:_identify(ros2_ws/SUAS2025CameraFeed) by extension 'colcon_meta'
[0.553s] Level 1:colcon.colcon_core.package_identification:_identify(ros2_ws/SUAS2025CameraFeed) by extensions ['ros']
[0.553s] Level 1:colcon.colcon_core.package_identification:_identify(ros2_ws/SUAS2025CameraFeed) by extension 'ros'
[0.555s] Level 1:colcon.colcon_core.package_identification:_identify(ros2_ws/SUAS2025CameraFeed) by extensions ['cmake', 'python']
[0.555s] Level 1:colcon.colcon_core.package_identification:_identify(ros2_ws/SUAS2025CameraFeed) by extension 'cmake'
[0.556s] Level 1:colcon.colcon_core.package_identification:_identify(ros2_ws/SUAS2025CameraFeed) by extension 'python'
[0.556s] Level 1:colcon.colcon_core.package_identification:_identify(ros2_ws/SUAS2025CameraFeed) by extensions ['python_setup_py']
[0.556s] Level 1:colcon.colcon_core.package_identification:_identify(ros2_ws/SUAS2025CameraFeed) by extension 'python_setup_py'
[0.559s] Level 1:colcon.colcon_core.package_identification:_identify(ros2_ws/build) by extensions ['ignore', 'ignore_ament_install']
[0.559s] Level 1:colcon.colcon_core.package_identification:_identify(ros2_ws/build) by extension 'ignore'
[0.560s] Level 1:colcon.colcon_core.package_identification:_identify(ros2_ws/build) ignored
[0.562s] Level 1:colcon.colcon_core.package_identification:_identify(ros2_ws/install) by extensions ['ignore', 'ignore_ament_install']
[0.563s] Level 1:colcon.colcon_core.package_identification:_identify(ros2_ws/install) by extension 'ignore'
[0.564s] Level 1:colcon.colcon_core.package_identification:_identify(ros2_ws/install) ignored
[0.567s] Level 1:colcon.colcon_core.package_identification:_identify(ros2_ws/log) by extensions ['ignore', 'ignore_ament_install']
[0.567s] Level 1:colcon.colcon_core.package_identification:_identify(ros2_ws/log) by extension 'ignore'
[0.568s] Level 1:colcon.colcon_core.package_identification:_identify(ros2_ws/log) ignored
[0.570s] Level 1:colcon.colcon_core.package_identification:_identify(ros2_ws/panoramas) by extensions ['ignore', 'ignore_ament_install']
[0.571s] Level 1:colcon.colcon_core.package_identification:_identify(ros2_ws/panoramas) by extension 'ignore'
[0.571s] Level 1:colcon.colcon_core.package_identification:_identify(ros2_ws/panoramas) by extension 'ignore_ament_install'
[0.572s] Level 1:colcon.colcon_core.package_identification:_identify(ros2_ws/panoramas) by extensions ['colcon_pkg']
[0.572s] Level 1:colcon.colcon_core.package_identification:_identify(ros2_ws/panoramas) by extension 'colcon_pkg'
[0.573s] Level 1:colcon.colcon_core.package_identification:_identify(ros2_ws/panoramas) by extensions ['colcon_meta']
[0.573s] Level 1:colcon.colcon_core.package_identification:_identify(ros2_ws/panoramas) by extension 'colcon_meta'
[0.573s] Level 1:colcon.colcon_core.package_identification:_identify(ros2_ws/panoramas) by extensions ['ros']
[0.573s] Level 1:colcon.colcon_core.package_identification:_identify(ros2_ws/panoramas) by extension 'ros'
[0.575s] Level 1:colcon.colcon_core.package_identification:_identify(ros2_ws/panoramas) by extensions ['cmake', 'python']
[0.575s] Level 1:colcon.colcon_core.package_identification:_identify(ros2_ws/panoramas) by extension 'cmake'
[0.576s] Level 1:colcon.colcon_core.package_identification:_identify(ros2_ws/panoramas) by extension 'python'
[0.576s] Level 1:colcon.colcon_core.package_identification:_identify(ros2_ws/panoramas) by extensions ['python_setup_py']
[0.577s] Level 1:colcon.colcon_core.package_identification:_identify(ros2_ws/panoramas) by extension 'python_setup_py'
[0.578s] Level 1:colcon.colcon_core.package_identification:_identify(ros2_ws/src) by extensions ['ignore', 'ignore_ament_install']
[0.579s] Level 1:colcon.colcon_core.package_identification:_identify(ros2_ws/src) by extension 'ignore'
[0.580s] Level 1:colcon.colcon_core.package_identification:_identify(ros2_ws/src) by extension 'ignore_ament_install'
[0.581s] Level 1:colcon.colcon_core.package_identification:_identify(ros2_ws/src) by extensions ['colcon_pkg']
[0.581s] Level 1:colcon.colcon_core.package_identification:_identify(ros2_ws/src) by extension 'colcon_pkg'
[0.582s] Level 1:colcon.colcon_core.package_identification:_identify(ros2_ws/src) by extensions ['colcon_meta']
[0.582s] Level 1:colcon.colcon_core.package_identification:_identify(ros2_ws/src) by extension 'colcon_meta'
[0.582s] Level 1:colcon.colcon_core.package_identification:_identify(ros2_ws/src) by extensions ['ros']
[0.583s] Level 1:colcon.colcon_core.package_identification:_identify(ros2_ws/src) by extension 'ros'
[0.584s] Level 1:colcon.colcon_core.package_identification:_identify(ros2_ws/src) by extensions ['cmake', 'python']
[0.584s] Level 1:colcon.colcon_core.package_identification:_identify(ros2_ws/src) by extension 'cmake'
[0.585s] Level 1:colcon.colcon_core.package_identification:_identify(ros2_ws/src) by extension 'python'
[0.585s] Level 1:colcon.colcon_core.package_identification:_identify(ros2_ws/src) by extensions ['python_setup_py']
[0.586s] Level 1:colcon.colcon_core.package_identification:_identify(ros2_ws/src) by extension 'python_setup_py'
[0.588s] Level 1:colcon.colcon_core.package_identification:_identify(ros2_ws/src/ros2_image_stitching_pkg) by extensions ['ignore', 'ignore_ament_install']
[0.588s] Level 1:colcon.colcon_core.package_identification:_identify(ros2_ws/src/ros2_image_stitching_pkg) by extension 'ignore'
[0.589s] Level 1:colcon.colcon_core.package_identification:_identify(ros2_ws/src/ros2_image_stitching_pkg) by extension 'ignore_ament_install'
[0.589s] Level 1:colcon.colcon_core.package_identification:_identify(ros2_ws/src/ros2_image_stitching_pkg) by extensions ['colcon_pkg']
[0.590s] Level 1:colcon.colcon_core.package_identification:_identify(ros2_ws/src/ros2_image_stitching_pkg) by extension 'colcon_pkg'
[0.590s] Level 1:colcon.colcon_core.package_identification:_identify(ros2_ws/src/ros2_image_stitching_pkg) by extensions ['colcon_meta']
[0.591s] Level 1:colcon.colcon_core.package_identification:_identify(ros2_ws/src/ros2_image_stitching_pkg) by extension 'colcon_meta'
[0.591s] Level 1:colcon.colcon_core.package_identification:_identify(ros2_ws/src/ros2_image_stitching_pkg) by extensions ['ros']
[0.592s] Level 1:colcon.colcon_core.package_identification:_identify(ros2_ws/src/ros2_image_stitching_pkg) by extension 'ros'
[0.601s] DEBUG:colcon.colcon_core.package_identification:Package 'ros2_ws/src/ros2_image_stitching_pkg' with type 'ros.ament_python' and name 'ros2_image_stitching_pkg'
[0.603s] Level 1:colcon.colcon_core.package_identification:_identify(ros2_ws/src/siyi_cam_node) by extensions ['ignore', 'ignore_ament_install']
[0.604s] Level 1:colcon.colcon_core.package_identification:_identify(ros2_ws/src/siyi_cam_node) by extension 'ignore'
[0.604s] Level 1:colcon.colcon_core.package_identification:_identify(ros2_ws/src/siyi_cam_node) by extension 'ignore_ament_install'
[0.605s] Level 1:colcon.colcon_core.package_identification:_identify(ros2_ws/src/siyi_cam_node) by extensions ['colcon_pkg']
[0.605s] Level 1:colcon.colcon_core.package_identification:_identify(ros2_ws/src/siyi_cam_node) by extension 'colcon_pkg'
[0.605s] Level 1:colcon.colcon_core.package_identification:_identify(ros2_ws/src/siyi_cam_node) by extensions ['colcon_meta']
[0.606s] Level 1:colcon.colcon_core.package_identification:_identify(ros2_ws/src/siyi_cam_node) by extension 'colcon_meta'
[0.606s] Level 1:colcon.colcon_core.package_identification:_identify(ros2_ws/src/siyi_cam_node) by extensions ['ros']
[0.606s] Level 1:colcon.colcon_core.package_identification:_identify(ros2_ws/src/siyi_cam_node) by extension 'ros'
[0.610s] DEBUG:colcon.colcon_core.package_identification:Package 'ros2_ws/src/siyi_cam_node' with type 'ros.ament_python' and name 'siyi_cam_node'
[0.612s] Level 1:colcon.colcon_core.package_identification:_identify(ros2_ws/src/temperature_interfaces) by extensions ['ignore', 'ignore_ament_install']
[0.613s] Level 1:colcon.colcon_core.package_identification:_identify(ros2_ws/src/temperature_interfaces) by extension 'ignore'
[0.614s] Level 1:colcon.colcon_core.package_identification:_identify(ros2_ws/src/temperature_interfaces) ignored
[0.616s] Level 1:colcon.colcon_core.package_identification:_identify(ros2_ws/src/temperature_pkg) by extensions ['ignore', 'ignore_ament_install']
[0.616s] Level 1:colcon.colcon_core.package_identification:_identify(ros2_ws/src/temperature_pkg) by extension 'ignore'
[0.617s] Level 1:colcon.colcon_core.package_identification:_identify(ros2_ws/src/temperature_pkg) ignored
[0.619s] Level 1:colcon.colcon_core.package_identification:_identify(ros2_ws/test_images) by extensions ['ignore', 'ignore_ament_install']
[0.619s] Level 1:colcon.colcon_core.package_identification:_identify(ros2_ws/test_images) by extension 'ignore'
[0.620s] Level 1:colcon.colcon_core.package_identification:_identify(ros2_ws/test_images) by extension 'ignore_ament_install'
[0.620s] Level 1:colcon.colcon_core.package_identification:_identify(ros2_ws/test_images) by extensions ['colcon_pkg']
[0.621s] Level 1:colcon.colcon_core.package_identification:_identify(ros2_ws/test_images) by extension 'colcon_pkg'
[0.621s] Level 1:colcon.colcon_core.package_identification:_identify(ros2_ws/test_images) by extensions ['colcon_meta']
[0.621s] Level 1:colcon.colcon_core.package_identification:_identify(ros2_ws/test_images) by extension 'colcon_meta'
[0.622s] Level 1:colcon.colcon_core.package_identification:_identify(ros2_ws/test_images) by extensions ['ros']
[0.622s] Level 1:colcon.colcon_core.package_identification:_identify(ros2_ws/test_images) by extension 'ros'
[0.623s] Level 1:colcon.colcon_core.package_identification:_identify(ros2_ws/test_images) by extensions ['cmake', 'python']
[0.624s] Level 1:colcon.colcon_core.package_identification:_identify(ros2_ws/test_images) by extension 'cmake'
[0.624s] Level 1:colcon.colcon_core.package_identification:_identify(ros2_ws/test_images) by extension 'python'
[0.625s] Level 1:colcon.colcon_core.package_identification:_identify(ros2_ws/test_images) by extensions ['python_setup_py']
[0.625s] Level 1:colcon.colcon_core.package_identification:_identify(ros2_ws/test_images) by extension 'python_setup_py'
[0.627s] Level 1:colcon.colcon_core.package_identification:_identify(workspace) by extensions ['ignore', 'ignore_ament_install']
[0.627s] Level 1:colcon.colcon_core.package_identification:_identify(workspace) by extension 'ignore'
[0.628s] Level 1:colcon.colcon_core.package_identification:_identify(workspace) by extension 'ignore_ament_install'
[0.629s] Level 1:colcon.colcon_core.package_identification:_identify(workspace) by extensions ['colcon_pkg']
[0.629s] Level 1:colcon.colcon_core.package_identification:_identify(workspace) by extension 'colcon_pkg'
[0.630s] Level 1:colcon.colcon_core.package_identification:_identify(workspace) by extensions ['colcon_meta']
[0.630s] Level 1:colcon.colcon_core.package_identification:_identify(workspace) by extension 'colcon_meta'
[0.631s] Level 1:colcon.colcon_core.package_identification:_identify(workspace) by extensions ['ros']
[0.631s] Level 1:colcon.colcon_core.package_identification:_identify(workspace) by extension 'ros'
[0.633s] Level 1:colcon.colcon_core.package_identification:_identify(workspace) by extensions ['cmake', 'python']
[0.633s] Level 1:colcon.colcon_core.package_identification:_identify(workspace) by extension 'cmake'
[0.634s] Level 1:colcon.colcon_core.package_identification:_identify(workspace) by extension 'python'
[0.634s] Level 1:colcon.colcon_core.package_identification:_identify(workspace) by extensions ['python_setup_py']
[0.634s] Level 1:colcon.colcon_core.package_identification:_identify(workspace) by extension 'python_setup_py'
[0.636s] Level 1:colcon.colcon_core.package_identification:_identify(workspace/ros2_ws) by extensions ['ignore', 'ignore_ament_install']
[0.637s] Level 1:colcon.colcon_core.package_identification:_identify(workspace/ros2_ws) by extension 'ignore'
[0.637s] Level 1:colcon.colcon_core.package_identification:_identify(workspace/ros2_ws) by extension 'ignore_ament_install'
[0.638s] Level 1:colcon.colcon_core.package_identification:_identify(workspace/ros2_ws) by extensions ['colcon_pkg']
[0.638s] Level 1:colcon.colcon_core.package_identification:_identify(workspace/ros2_ws) by extension 'colcon_pkg'
[0.639s] Level 1:colcon.colcon_core.package_identification:_identify(workspace/ros2_ws) by extensions ['colcon_meta']
[0.639s] Level 1:colcon.colcon_core.package_identification:_identify(workspace/ros2_ws) by extension 'colcon_meta'
[0.639s] Level 1:colcon.colcon_core.package_identification:_identify(workspace/ros2_ws) by extensions ['ros']
[0.640s] Level 1:colcon.colcon_core.package_identification:_identify(workspace/ros2_ws) by extension 'ros'
[0.641s] Level 1:colcon.colcon_core.package_identification:_identify(workspace/ros2_ws) by extensions ['cmake', 'python']
[0.641s] Level 1:colcon.colcon_core.package_identification:_identify(workspace/ros2_ws) by extension 'cmake'
[0.642s] Level 1:colcon.colcon_core.package_identification:_identify(workspace/ros2_ws) by extension 'python'
[0.642s] Level 1:colcon.colcon_core.package_identification:_identify(workspace/ros2_ws) by extensions ['python_setup_py']
[0.643s] Level 1:colcon.colcon_core.package_identification:_identify(workspace/ros2_ws) by extension 'python_setup_py'
[0.644s] Level 1:colcon.colcon_core.package_identification:_identify(workspace/ros2_ws/panoramas) by extensions ['ignore', 'ignore_ament_install']
[0.645s] Level 1:colcon.colcon_core.package_identification:_identify(workspace/ros2_ws/panoramas) by extension 'ignore'
[0.646s] Level 1:colcon.colcon_core.package_identification:_identify(workspace/ros2_ws/panoramas) by extension 'ignore_ament_install'
[0.647s] Level 1:colcon.colcon_core.package_identification:_identify(workspace/ros2_ws/panoramas) by extensions ['colcon_pkg']
[0.647s] Level 1:colcon.colcon_core.package_identification:_identify(workspace/ros2_ws/panoramas) by extension 'colcon_pkg'
[0.648s] Level 1:colcon.colcon_core.package_identification:_identify(workspace/ros2_ws/panoramas) by extensions ['colcon_meta']
[0.649s] Level 1:colcon.colcon_core.package_identification:_identify(workspace/ros2_ws/panoramas) by extension 'colcon_meta'
[0.649s] Level 1:colcon.colcon_core.package_identification:_identify(workspace/ros2_ws/panoramas) by extensions ['ros']
[0.649s] Level 1:colcon.colcon_core.package_identification:_identify(workspace/ros2_ws/panoramas) by extension 'ros'
[0.651s] Level 1:colcon.colcon_core.package_identification:_identify(workspace/ros2_ws/panoramas) by extensions ['cmake', 'python']
[0.651s] Level 1:colcon.colcon_core.package_identification:_identify(workspace/ros2_ws/panoramas) by extension 'cmake'
[0.652s] Level 1:colcon.colcon_core.package_identification:_identify(workspace/ros2_ws/panoramas) by extension 'python'
[0.653s] Level 1:colcon.colcon_core.package_identification:_identify(workspace/ros2_ws/panoramas) by extensions ['python_setup_py']
[0.653s] Level 1:colcon.colcon_core.package_identification:_identify(workspace/ros2_ws/panoramas) by extension 'python_setup_py'
[0.654s] Level 1:colcon.colcon_core.package_discovery:discover_packages(recursive) using defaults
[0.654s] Level 1:colcon.colcon_core.package_discovery:discover_packages(ignore) discover
[0.655s] Level 1:colcon.colcon_core.package_discovery:discover_packages(ignore) using defaults
[0.655s] Level 1:colcon.colcon_core.package_discovery:discover_packages(path) discover
[0.656s] Level 1:colcon.colcon_core.package_discovery:discover_packages(path) using defaults
[0.722s] Level 5:colcon.colcon_core.verb:set package 'ros2_image_stitching_pkg' build argument 'cmake_args' from command line to 'None'
[0.722s] Level 5:colcon.colcon_core.verb:set package 'ros2_image_stitching_pkg' build argument 'cmake_target' from command line to 'None'
[0.723s] Level 5:colcon.colcon_core.verb:set package 'ros2_image_stitching_pkg' build argument 'cmake_target_skip_unavailable' from command line to 'False'
[0.723s] Level 5:colcon.colcon_core.verb:set package 'ros2_image_stitching_pkg' build argument 'cmake_clean_cache' from command line to 'False'
[0.723s] Level 5:colcon.colcon_core.verb:set package 'ros2_image_stitching_pkg' build argument 'cmake_clean_first' from command line to 'False'
[0.723s] Level 5:colcon.colcon_core.verb:set package 'ros2_image_stitching_pkg' build argument 'cmake_force_configure' from command line to 'False'
[0.723s] Level 5:colcon.colcon_core.verb:set package 'ros2_image_stitching_pkg' build argument 'ament_cmake_args' from command line to 'None'
[0.724s] Level 5:colcon.colcon_core.verb:set package 'ros2_image_stitching_pkg' build argument 'catkin_cmake_args' from command line to 'None'
[0.724s] Level 5:colcon.colcon_core.verb:set package 'ros2_image_stitching_pkg' build argument 'catkin_skip_building_tests' from command line to 'False'
[0.724s] DEBUG:colcon.colcon_core.verb:Building package 'ros2_image_stitching_pkg' with the following arguments: {'ament_cmake_args': None, 'build_base': '/workspace/build/ros2_image_stitching_pkg', 'catkin_cmake_args': None, 'catkin_skip_building_tests': False, 'cmake_args': None, 'cmake_clean_cache': False, 'cmake_clean_first': False, 'cmake_force_configure': False, 'cmake_target': None, 'cmake_target_skip_unavailable': False, 'install_base': '/workspace/install/ros2_image_stitching_pkg', 'merge_install': False, 'path': '/workspace/ros2_ws/src/ros2_image_stitching_pkg', 'symlink_install': False, 'test_result_base': None}
[0.725s] Level 5:colcon.colcon_core.verb:set package 'siyi_cam_node' build argument 'cmake_args' from command line to 'None'
[0.725s] Level 5:colcon.colcon_core.verb:set package 'siyi_cam_node' build argument 'cmake_target' from command line to 'None'
[0.726s] Level 5:colcon.colcon_core.verb:set package 'siyi_cam_node' build argument 'cmake_target_skip_unavailable' from command line to 'False'
[0.726s] Level 5:colcon.colcon_core.verb:set package 'siyi_cam_node' build argument 'cmake_clean_cache' from command line to 'False'
[0.726s] Level 5:colcon.colcon_core.verb:set package 'siyi_cam_node' build argument 'cmake_clean_first' from command line to 'False'
[0.726s] Level 5:colcon.colcon_core.verb:set package 'siyi_cam_node' build argument 'cmake_force_configure' from command line to 'False'
[0.727s] Level 5:colcon.colcon_core.verb:set package 'siyi_cam_node' build argument 'ament_cmake_args' from command line to 'None'
[0.727s] Level 5:colcon.colcon_core.verb:set package 'siyi_cam_node' build argument 'catkin_cmake_args' from command line to 'None'
[0.727s] Level 5:colcon.colcon_core.verb:set package 'siyi_cam_node' build argument 'catkin_skip_building_tests' from command line to 'False'
[0.728s] DEBUG:colcon.colcon_core.verb:Building package 'siyi_cam_node' with the following arguments: {'ament_cmake_args': None, 'build_base': '/workspace/build/siyi_cam_node', 'catkin_cmake_args': None, 'catkin_skip_building_tests': False, 'cmake_args': None, 'cmake_clean_cache': False, 'cmake_clean_first': False, 'cmake_force_configure': False, 'cmake_target': None, 'cmake_target_skip_unavailable': False, 'install_base': '/workspace/install/siyi_cam_node', 'merge_install': False, 'path': '/workspace/ros2_ws/src/siyi_cam_node', 'symlink_install': False, 'test_result_base': None}
[0.728s] INFO:colcon.colcon_core.executor:Executing jobs using 'parallel' executor
[0.731s] DEBUG:colcon.colcon_parallel_executor.executor.parallel:run_until_complete
[0.732s] INFO:colcon.colcon_ros.task.ament_python.build:Building ROS package in '/workspace/ros2_ws/src/ros2_image_stitching_pkg' with build type 'ament_python'
[0.733s] Level 1:colcon.colcon_core.shell:create_environment_hook('ros2_image_stitching_pkg', 'ament_prefix_path')
[0.738s] INFO:colcon.colcon_core.plugin_system:Skipping extension 'colcon_core.shell.bat': Not used on non-Windows systems
[0.739s] INFO:colcon.colcon_core.shell:Creating environment hook '/workspace/install/ros2_image_stitching_pkg/share/ros2_image_stitching_pkg/hook/ament_prefix_path.ps1'
[0.742s] INFO:colcon.colcon_core.shell:Creating environment descriptor '/workspace/install/ros2_image_stitching_pkg/share/ros2_image_stitching_pkg/hook/ament_prefix_path.dsv'
[0.747s] INFO:colcon.colcon_core.shell:Creating environment hook '/workspace/install/ros2_image_stitching_pkg/share/ros2_image_stitching_pkg/hook/ament_prefix_path.sh'
[0.752s] INFO:colcon.colcon_core.shell:Skip shell extension 'powershell' for command environment: Not usable outside of PowerShell
[0.753s] DEBUG:colcon.colcon_core.shell:Skip shell extension 'dsv' for command environment
[0.775s] INFO:colcon.colcon_ros.task.ament_python.build:Building ROS package in '/workspace/ros2_ws/src/siyi_cam_node' with build type 'ament_python'
[0.776s] Level 1:colcon.colcon_core.shell:create_environment_hook('siyi_cam_node', 'ament_prefix_path')
[0.777s] INFO:colcon.colcon_core.shell:Creating environment hook '/workspace/install/siyi_cam_node/share/siyi_cam_node/hook/ament_prefix_path.ps1'
[0.781s] INFO:colcon.colcon_core.shell:Creating environment descriptor '/workspace/install/siyi_cam_node/share/siyi_cam_node/hook/ament_prefix_path.dsv'
[0.784s] INFO:colcon.colcon_core.shell:Creating environment hook '/workspace/install/siyi_cam_node/share/siyi_cam_node/hook/ament_prefix_path.sh'
[0.789s] INFO:colcon.colcon_core.shell:Skip shell extension 'powershell' for command environment: Not usable outside of PowerShell
[0.790s] DEBUG:colcon.colcon_core.shell:Skip shell extension 'dsv' for command environment
[1.502s] INFO:colcon.colcon_core.task.python.build:Building Python package in '/workspace/ros2_ws/src/ros2_image_stitching_pkg'
[1.503s] INFO:colcon.colcon_core.shell:Skip shell extension 'powershell' for command environment: Not usable outside of PowerShell
[1.505s] DEBUG:colcon.colcon_core.shell:Skip shell extension 'dsv' for command environment
[2.504s] INFO:colcon.colcon_core.task.python.build:Building Python package in '/workspace/ros2_ws/src/siyi_cam_node'
[2.505s] INFO:colcon.colcon_core.shell:Skip shell extension 'powershell' for command environment: Not usable outside of PowerShell
[2.505s] DEBUG:colcon.colcon_core.shell:Skip shell extension 'dsv' for command environment
[3.782s] DEBUG:colcon.colcon_core.event_handler.log_command:Invoking command in '/workspace/ros2_ws/src/siyi_cam_node': PYTHONPATH=/workspace/build/siyi_cam_node/prefix_override:/usr/lib/python3/dist-packages/colcon_core/task/python/colcon_distutils_commands:/workspace/install/siyi_cam_node/lib/python3.10/site-packages:${PYTHONPATH} /usr/bin/python3 -W ignore:setup.py install is deprecated -W ignore:easy_install command is deprecated setup.py egg_info --egg-base ../../../build/siyi_cam_node build --build-base /workspace/build/siyi_cam_node/build install --record /workspace/build/siyi_cam_node/install.log --single-version-externally-managed install_data
[3.804s] DEBUG:colcon.colcon_core.event_handler.log_command:Invoking command in '/workspace/ros2_ws/src/ros2_image_stitching_pkg': PYTHONPATH=/workspace/build/ros2_image_stitching_pkg/prefix_override:/usr/lib/python3/dist-packages/colcon_core/task/python/colcon_distutils_commands:/workspace/install/ros2_image_stitching_pkg/lib/python3.10/site-packages:${PYTHONPATH} /usr/bin/python3 -W ignore:setup.py install is deprecated -W ignore:easy_install command is deprecated setup.py egg_info --egg-base ../../../build/ros2_image_stitching_pkg build --build-base /workspace/build/ros2_image_stitching_pkg/build install --record /workspace/build/ros2_image_stitching_pkg/install.log --single-version-externally-managed install_data
[5.653s] DEBUG:colcon.colcon_core.event_handler.log_command:Invoked command in '/workspace/ros2_ws/src/ros2_image_stitching_pkg' returned '0': PYTHONPATH=/workspace/build/ros2_image_stitching_pkg/prefix_override:/usr/lib/python3/dist-packages/colcon_core/task/python/colcon_distutils_commands:/workspace/install/ros2_image_stitching_pkg/lib/python3.10/site-packages:${PYTHONPATH} /usr/bin/python3 -W ignore:setup.py install is deprecated -W ignore:easy_install command is deprecated setup.py egg_info --egg-base ../../../build/ros2_image_stitching_pkg build --build-base /workspace/build/ros2_image_stitching_pkg/build install --record /workspace/build/ros2_image_stitching_pkg/install.log --single-version-externally-managed install_data
[5.669s] Level 1:colcon.colcon_core.environment:checking '/workspace/install/ros2_image_stitching_pkg' for CMake module files
[5.687s] Level 1:colcon.colcon_core.environment:checking '/workspace/install/ros2_image_stitching_pkg' for CMake config files
[5.735s] Level 1:colcon.colcon_core.environment:checking '/workspace/install/ros2_image_stitching_pkg/lib'
[5.739s] Level 1:colcon.colcon_core.environment:checking '/workspace/install/ros2_image_stitching_pkg/bin'
[5.740s] Level 1:colcon.colcon_core.environment:checking '/workspace/install/ros2_image_stitching_pkg/lib/pkgconfig/ros2_image_stitching_pkg.pc'
[5.742s] Level 1:colcon.colcon_core.environment:checking '/workspace/install/ros2_image_stitching_pkg/lib/python3.10/site-packages'
[5.743s] Level 1:colcon.colcon_core.shell:create_environment_hook('ros2_image_stitching_pkg', 'pythonpath')
[5.744s] INFO:colcon.colcon_core.shell:Creating environment hook '/workspace/install/ros2_image_stitching_pkg/share/ros2_image_stitching_pkg/hook/pythonpath.ps1'
[5.749s] INFO:colcon.colcon_core.shell:Creating environment descriptor '/workspace/install/ros2_image_stitching_pkg/share/ros2_image_stitching_pkg/hook/pythonpath.dsv'
[5.754s] INFO:colcon.colcon_core.shell:Creating environment hook '/workspace/install/ros2_image_stitching_pkg/share/ros2_image_stitching_pkg/hook/pythonpath.sh'
[5.760s] Level 1:colcon.colcon_core.environment:checking '/workspace/install/ros2_image_stitching_pkg/bin'
[5.762s] Level 1:colcon.colcon_core.environment:create_environment_scripts_only(ros2_image_stitching_pkg)
[5.767s] INFO:colcon.colcon_core.shell:Creating package script '/workspace/install/ros2_image_stitching_pkg/share/ros2_image_stitching_pkg/package.ps1'
[5.774s] INFO:colcon.colcon_core.shell:Creating package descriptor '/workspace/install/ros2_image_stitching_pkg/share/ros2_image_stitching_pkg/package.dsv'
[5.780s] INFO:colcon.colcon_core.shell:Creating package script '/workspace/install/ros2_image_stitching_pkg/share/ros2_image_stitching_pkg/package.sh'
[5.791s] INFO:colcon.colcon_core.shell:Creating package script '/workspace/install/ros2_image_stitching_pkg/share/ros2_image_stitching_pkg/package.bash'
[5.799s] INFO:colcon.colcon_core.shell:Creating package script '/workspace/install/ros2_image_stitching_pkg/share/ros2_image_stitching_pkg/package.zsh'
[5.805s] Level 1:colcon.colcon_core.environment:create_file_with_runtime_dependencies(/workspace/install/ros2_image_stitching_pkg/share/colcon-core/packages/ros2_image_stitching_pkg)
[5.824s] Level 1:colcon.colcon_core.environment:checking '/workspace/install/siyi_cam_node' for CMake module files
[5.838s] DEBUG:colcon.colcon_core.event_handler.log_command:Invoked command in '/workspace/ros2_ws/src/siyi_cam_node' returned '0': PYTHONPATH=/workspace/build/siyi_cam_node/prefix_override:/usr/lib/python3/dist-packages/colcon_core/task/python/colcon_distutils_commands:/workspace/install/siyi_cam_node/lib/python3.10/site-packages:${PYTHONPATH} /usr/bin/python3 -W ignore:setup.py install is deprecated -W ignore:easy_install command is deprecated setup.py egg_info --egg-base ../../../build/siyi_cam_node build --build-base /workspace/build/siyi_cam_node/build install --record /workspace/build/siyi_cam_node/install.log --single-version-externally-managed install_data
[5.844s] Level 1:colcon.colcon_core.environment:checking '/workspace/install/siyi_cam_node' for CMake config files
[5.886s] Level 1:colcon.colcon_core.environment:checking '/workspace/install/siyi_cam_node/lib'
[5.889s] Level 1:colcon.colcon_core.environment:checking '/workspace/install/siyi_cam_node/bin'
[5.891s] Level 1:colcon.colcon_core.environment:checking '/workspace/install/siyi_cam_node/lib/pkgconfig/siyi_cam_node.pc'
[5.893s] Level 1:colcon.colcon_core.environment:checking '/workspace/install/siyi_cam_node/lib/python3.10/site-packages'
[5.894s] Level 1:colcon.colcon_core.shell:create_environment_hook('siyi_cam_node', 'pythonpath')
[5.896s] INFO:colcon.colcon_core.shell:Creating environment hook '/workspace/install/siyi_cam_node/share/siyi_cam_node/hook/pythonpath.ps1'
[5.902s] INFO:colcon.colcon_core.shell:Creating environment descriptor '/workspace/install/siyi_cam_node/share/siyi_cam_node/hook/pythonpath.dsv'
[5.907s] INFO:colcon.colcon_core.shell:Creating environment hook '/workspace/install/siyi_cam_node/share/siyi_cam_node/hook/pythonpath.sh'
[5.914s] Level 1:colcon.colcon_core.environment:checking '/workspace/install/siyi_cam_node/bin'
[5.916s] Level 1:colcon.colcon_core.environment:create_environment_scripts_only(siyi_cam_node)
[5.918s] INFO:colcon.colcon_core.shell:Creating package script '/workspace/install/siyi_cam_node/share/siyi_cam_node/package.ps1'
[5.923s] INFO:colcon.colcon_core.shell:Creating package descriptor '/workspace/install/siyi_cam_node/share/siyi_cam_node/package.dsv'
[5.929s] INFO:colcon.colcon_core.shell:Creating package script '/workspace/install/siyi_cam_node/share/siyi_cam_node/package.sh'
[5.936s] INFO:colcon.colcon_core.shell:Creating package script '/workspace/install/siyi_cam_node/share/siyi_cam_node/package.bash'
[5.940s] INFO:colcon.colcon_core.shell:Creating package script '/workspace/install/siyi_cam_node/share/siyi_cam_node/package.zsh'
[5.944s] Level 1:colcon.colcon_core.environment:create_file_with_runtime_dependencies(/workspace/install/siyi_cam_node/share/colcon-core/packages/siyi_cam_node)
[5.949s] DEBUG:colcon.colcon_parallel_executor.executor.parallel:closing loop
[5.950s] DEBUG:colcon.colcon_parallel_executor.executor.parallel:loop closed
[5.953s] DEBUG:colcon.colcon_parallel_executor.executor.parallel:run_until_complete finished with '0'
[5.955s] DEBUG:colcon.colcon_core.event_reactor:joining thread
[5.993s] INFO:colcon.colcon_core.plugin_system:Skipping extension 'colcon_notification.desktop_notification.notify_send': Could not find 'notify-send'
[5.996s] INFO:colcon.colcon_core.plugin_system:Skipping extension 'colcon_notification.desktop_notification.terminal_notifier': Not used on non-Darwin systems
[6.001s] INFO:colcon.colcon_core.plugin_system:Skipping extension 'colcon_notification.desktop_notification.win32': Not used on non-Windows systems
[6.002s] INFO:colcon.colcon_notification.desktop_notification:Sending desktop notification using 'notify2'
[6.016s] DEBUG:colcon.colcon_notification.desktop_notification.notify2:Failed to initialize notify2: org.freedesktop.DBus.Error.Spawn.ExecFailed: /usr/bin/dbus-launch terminated abnormally without any error message
[6.017s] DEBUG:colcon.colcon_core.event_reactor:joined thread
[6.019s] INFO:colcon.colcon_core.shell:Creating prefix script '/workspace/install/local_setup.ps1'
[6.031s] INFO:colcon.colcon_core.shell:Creating prefix util module '/workspace/install/_local_setup_util_ps1.py'
[6.045s] INFO:colcon.colcon_core.shell:Creating prefix chain script '/workspace/install/setup.ps1'
[6.074s] INFO:colcon.colcon_core.shell:Creating prefix script '/workspace/install/local_setup.sh'
[6.082s] INFO:colcon.colcon_core.shell:Creating prefix util module '/workspace/install/_local_setup_util_sh.py'
[6.110s] INFO:colcon.colcon_core.shell:Creating prefix chain script '/workspace/install/setup.sh'
[6.202s] INFO:colcon.colcon_core.shell:Creating prefix script '/workspace/install/local_setup.bash'
[6.214s] INFO:colcon.colcon_core.shell:Creating prefix chain script '/workspace/install/setup.bash'
[6.230s] INFO:colcon.colcon_core.shell:Creating prefix script '/workspace/install/local_setup.zsh'
[6.237s] INFO:colcon.colcon_core.shell:Creating prefix chain script '/workspace/install/setup.zsh'
