[0.508s] DEBUG:colcon:Command line arguments: ['/usr/bin/colcon', 'build']
[0.510s] DEBUG:colcon:Parsed command line arguments: Namespace(log_base=None, log_level=None, verb_name='build', build_base='build', install_base='install', merge_install=False, symlink_install=False, test_result_base=None, continue_on_error=False, executor='parallel', parallel_workers=8, event_handlers=None, ignore_user_meta=False, metas=['./colcon.meta'], base_paths=['.'], packages_ignore=None, packages_ignore_regex=None, paths=None, packages_up_to=None, packages_up_to_regex=None, packages_above=None, packages_above_and_dependencies=None, packages_above_depth=None, packages_select_by_dep=None, packages_skip_by_dep=None, packages_skip_up_to=None, packages_select_build_failed=False, packages_skip_build_finished=False, packages_select_test_failures=False, packages_skip_test_passed=False, packages_select=None, packages_skip=None, packages_select_regex=None, packages_skip_regex=None, packages_start=None, packages_end=None, cmake_args=None, cmake_target=None, cmake_target_skip_unavailable=False, cmake_clean_cache=False, cmake_clean_first=False, cmake_force_configure=False, ament_cmake_args=None, catkin_cmake_args=None, catkin_skip_building_tests=False, mixin_files=None, mixin=None, verb_parser=<colcon_mixin.mixin.mixin_argument.MixinArgumentDecorator object at 0x7fee4aa55b10>, verb_extension=<colcon_core.verb.build.BuildVerb object at 0x7fee4aa555a0>, main=<bound method BuildVerb.main of <colcon_core.verb.build.BuildVerb object at 0x7fee4aa555a0>>, mixin_verb=('build',))
[0.960s] Level 1:colcon.colcon_core.package_discovery:discover_packages(colcon_meta) check parameters
[0.961s] Level 1:colcon.colcon_core.package_discovery:discover_packages(recursive) check parameters
[0.962s] Level 1:colcon.colcon_core.package_discovery:discover_packages(ignore) check parameters
[0.963s] Level 1:colcon.colcon_core.package_discovery:discover_packages(path) check parameters
[0.964s] Level 1:colcon.colcon_core.package_discovery:discover_packages(colcon_meta) discover
[0.964s] Level 1:colcon.colcon_core.package_discovery:discover_packages(recursive) discover
[0.965s] INFO:colcon.colcon_core.package_discovery:Crawling recursively for packages in '/workspace'
[0.972s] Level 1:colcon.colcon_core.package_identification:_identify(.) by extensions ['ignore', 'ignore_ament_install']
[0.972s] Level 1:colcon.colcon_core.package_identification:_identify(.) by extension 'ignore'
[0.973s] Level 1:colcon.colcon_core.package_identification:_identify(.) by extension 'ignore_ament_install'
[0.974s] Level 1:colcon.colcon_core.package_identification:_identify(.) by extensions ['colcon_pkg']
[0.974s] Level 1:colcon.colcon_core.package_identification:_identify(.) by extension 'colcon_pkg'
[0.975s] Level 1:colcon.colcon_core.package_identification:_identify(.) by extensions ['colcon_meta']
[0.975s] Level 1:colcon.colcon_core.package_identification:_identify(.) by extension 'colcon_meta'
[0.976s] Level 1:colcon.colcon_core.package_identification:_identify(.) by extensions ['ros']
[0.976s] Level 1:colcon.colcon_core.package_identification:_identify(.) by extension 'ros'
[1.065s] Level 1:colcon.colcon_core.package_identification:_identify(.) by extensions ['cmake', 'python']
[1.066s] Level 1:colcon.colcon_core.package_identification:_identify(.) by extension 'cmake'
[1.067s] Level 1:colcon.colcon_core.package_identification:_identify(.) by extension 'python'
[1.068s] Level 1:colcon.colcon_core.package_identification:_identify(.) by extensions ['python_setup_py']
[1.069s] Level 1:colcon.colcon_core.package_identification:_identify(.) by extension 'python_setup_py'
[1.076s] Level 1:colcon.colcon_core.package_identification:_identify(build) by extensions ['ignore', 'ignore_ament_install']
[1.079s] Level 1:colcon.colcon_core.package_identification:_identify(build) by extension 'ignore'
[1.081s] Level 1:colcon.colcon_core.package_identification:_identify(build) ignored
[1.087s] Level 1:colcon.colcon_core.package_identification:_identify(install) by extensions ['ignore', 'ignore_ament_install']
[1.090s] Level 1:colcon.colcon_core.package_identification:_identify(install) by extension 'ignore'
[1.095s] Level 1:colcon.colcon_core.package_identification:_identify(install) ignored
[1.108s] Level 1:colcon.colcon_core.package_identification:_identify(log) by extensions ['ignore', 'ignore_ament_install']
[1.112s] Level 1:colcon.colcon_core.package_identification:_identify(log) by extension 'ignore'
[1.117s] Level 1:colcon.colcon_core.package_identification:_identify(log) ignored
[1.128s] Level 1:colcon.colcon_core.package_identification:_identify(ros2_ws) by extensions ['ignore', 'ignore_ament_install']
[1.129s] Level 1:colcon.colcon_core.package_identification:_identify(ros2_ws) by extension 'ignore'
[1.133s] Level 1:colcon.colcon_core.package_identification:_identify(ros2_ws) by extension 'ignore_ament_install'
[1.137s] Level 1:colcon.colcon_core.package_identification:_identify(ros2_ws) by extensions ['colcon_pkg']
[1.138s] Level 1:colcon.colcon_core.package_identification:_identify(ros2_ws) by extension 'colcon_pkg'
[1.140s] Level 1:colcon.colcon_core.package_identification:_identify(ros2_ws) by extensions ['colcon_meta']
[1.141s] Level 1:colcon.colcon_core.package_identification:_identify(ros2_ws) by extension 'colcon_meta'
[1.143s] Level 1:colcon.colcon_core.package_identification:_identify(ros2_ws) by extensions ['ros']
[1.144s] Level 1:colcon.colcon_core.package_identification:_identify(ros2_ws) by extension 'ros'
[1.148s] Level 1:colcon.colcon_core.package_identification:_identify(ros2_ws) by extensions ['cmake', 'python']
[1.149s] Level 1:colcon.colcon_core.package_identification:_identify(ros2_ws) by extension 'cmake'
[1.151s] Level 1:colcon.colcon_core.package_identification:_identify(ros2_ws) by extension 'python'
[1.153s] Level 1:colcon.colcon_core.package_identification:_identify(ros2_ws) by extensions ['python_setup_py']
[1.154s] Level 1:colcon.colcon_core.package_identification:_identify(ros2_ws) by extension 'python_setup_py'
[1.157s] Level 1:colcon.colcon_core.package_identification:_identify(ros2_ws/build) by extensions ['ignore', 'ignore_ament_install']
[1.158s] Level 1:colcon.colcon_core.package_identification:_identify(ros2_ws/build) by extension 'ignore'
[1.160s] Level 1:colcon.colcon_core.package_identification:_identify(ros2_ws/build) ignored
[1.162s] Level 1:colcon.colcon_core.package_identification:_identify(ros2_ws/install) by extensions ['ignore', 'ignore_ament_install']
[1.163s] Level 1:colcon.colcon_core.package_identification:_identify(ros2_ws/install) by extension 'ignore'
[1.165s] Level 1:colcon.colcon_core.package_identification:_identify(ros2_ws/install) ignored
[1.185s] Level 1:colcon.colcon_core.package_identification:_identify(ros2_ws/log) by extensions ['ignore', 'ignore_ament_install']
[1.188s] Level 1:colcon.colcon_core.package_identification:_identify(ros2_ws/log) by extension 'ignore'
[1.191s] Level 1:colcon.colcon_core.package_identification:_identify(ros2_ws/log) ignored
[1.197s] Level 1:colcon.colcon_core.package_identification:_identify(ros2_ws/panoramas) by extensions ['ignore', 'ignore_ament_install']
[1.198s] Level 1:colcon.colcon_core.package_identification:_identify(ros2_ws/panoramas) by extension 'ignore'
[1.202s] Level 1:colcon.colcon_core.package_identification:_identify(ros2_ws/panoramas) by extension 'ignore_ament_install'
[1.207s] Level 1:colcon.colcon_core.package_identification:_identify(ros2_ws/panoramas) by extensions ['colcon_pkg']
[1.209s] Level 1:colcon.colcon_core.package_identification:_identify(ros2_ws/panoramas) by extension 'colcon_pkg'
[1.214s] Level 1:colcon.colcon_core.package_identification:_identify(ros2_ws/panoramas) by extensions ['colcon_meta']
[1.217s] Level 1:colcon.colcon_core.package_identification:_identify(ros2_ws/panoramas) by extension 'colcon_meta'
[1.218s] Level 1:colcon.colcon_core.package_identification:_identify(ros2_ws/panoramas) by extensions ['ros']
[1.222s] Level 1:colcon.colcon_core.package_identification:_identify(ros2_ws/panoramas) by extension 'ros'
[1.231s] Level 1:colcon.colcon_core.package_identification:_identify(ros2_ws/panoramas) by extensions ['cmake', 'python']
[1.234s] Level 1:colcon.colcon_core.package_identification:_identify(ros2_ws/panoramas) by extension 'cmake'
[1.236s] Level 1:colcon.colcon_core.package_identification:_identify(ros2_ws/panoramas) by extension 'python'
[1.239s] Level 1:colcon.colcon_core.package_identification:_identify(ros2_ws/panoramas) by extensions ['python_setup_py']
[1.240s] Level 1:colcon.colcon_core.package_identification:_identify(ros2_ws/panoramas) by extension 'python_setup_py'
[1.272s] Level 1:colcon.colcon_core.package_identification:_identify(ros2_ws/src) by extensions ['ignore', 'ignore_ament_install']
[1.279s] Level 1:colcon.colcon_core.package_identification:_identify(ros2_ws/src) by extension 'ignore'
[1.309s] Level 1:colcon.colcon_core.package_identification:_identify(ros2_ws/src) by extension 'ignore_ament_install'
[1.339s] Level 1:colcon.colcon_core.package_identification:_identify(ros2_ws/src) by extensions ['colcon_pkg']
[1.350s] Level 1:colcon.colcon_core.package_identification:_identify(ros2_ws/src) by extension 'colcon_pkg'
[1.361s] Level 1:colcon.colcon_core.package_identification:_identify(ros2_ws/src) by extensions ['colcon_meta']
[1.378s] Level 1:colcon.colcon_core.package_identification:_identify(ros2_ws/src) by extension 'colcon_meta'
[1.400s] Level 1:colcon.colcon_core.package_identification:_identify(ros2_ws/src) by extensions ['ros']
[1.404s] Level 1:colcon.colcon_core.package_identification:_identify(ros2_ws/src) by extension 'ros'
[1.421s] Level 1:colcon.colcon_core.package_identification:_identify(ros2_ws/src) by extensions ['cmake', 'python']
[1.425s] Level 1:colcon.colcon_core.package_identification:_identify(ros2_ws/src) by extension 'cmake'
[1.433s] Level 1:colcon.colcon_core.package_identification:_identify(ros2_ws/src) by extension 'python'
[1.438s] Level 1:colcon.colcon_core.package_identification:_identify(ros2_ws/src) by extensions ['python_setup_py']
[1.443s] Level 1:colcon.colcon_core.package_identification:_identify(ros2_ws/src) by extension 'python_setup_py'
[1.455s] Level 1:colcon.colcon_core.package_identification:_identify(ros2_ws/src/ros2_image_stitching_pkg) by extensions ['ignore', 'ignore_ament_install']
[1.457s] Level 1:colcon.colcon_core.package_identification:_identify(ros2_ws/src/ros2_image_stitching_pkg) by extension 'ignore'
[1.460s] Level 1:colcon.colcon_core.package_identification:_identify(ros2_ws/src/ros2_image_stitching_pkg) by extension 'ignore_ament_install'
[1.464s] Level 1:colcon.colcon_core.package_identification:_identify(ros2_ws/src/ros2_image_stitching_pkg) by extensions ['colcon_pkg']
[1.465s] Level 1:colcon.colcon_core.package_identification:_identify(ros2_ws/src/ros2_image_stitching_pkg) by extension 'colcon_pkg'
[1.468s] Level 1:colcon.colcon_core.package_identification:_identify(ros2_ws/src/ros2_image_stitching_pkg) by extensions ['colcon_meta']
[1.470s] Level 1:colcon.colcon_core.package_identification:_identify(ros2_ws/src/ros2_image_stitching_pkg) by extension 'colcon_meta'
[1.473s] Level 1:colcon.colcon_core.package_identification:_identify(ros2_ws/src/ros2_image_stitching_pkg) by extensions ['ros']
[1.475s] Level 1:colcon.colcon_core.package_identification:_identify(ros2_ws/src/ros2_image_stitching_pkg) by extension 'ros'
[1.517s] DEBUG:colcon.colcon_core.package_identification:Package 'ros2_ws/src/ros2_image_stitching_pkg' with type 'ros.ament_python' and name 'ros2_image_stitching_pkg'
[1.520s] Level 1:colcon.colcon_core.package_identification:_identify(ros2_ws/src/siyi_cam_node) by extensions ['ignore', 'ignore_ament_install']
[1.523s] Level 1:colcon.colcon_core.package_identification:_identify(ros2_ws/src/siyi_cam_node) by extension 'ignore'
[1.528s] Level 1:colcon.colcon_core.package_identification:_identify(ros2_ws/src/siyi_cam_node) by extension 'ignore_ament_install'
[1.535s] Level 1:colcon.colcon_core.package_identification:_identify(ros2_ws/src/siyi_cam_node) by extensions ['colcon_pkg']
[1.537s] Level 1:colcon.colcon_core.package_identification:_identify(ros2_ws/src/siyi_cam_node) by extension 'colcon_pkg'
[1.541s] Level 1:colcon.colcon_core.package_identification:_identify(ros2_ws/src/siyi_cam_node) by extensions ['colcon_meta']
[1.543s] Level 1:colcon.colcon_core.package_identification:_identify(ros2_ws/src/siyi_cam_node) by extension 'colcon_meta'
[1.547s] Level 1:colcon.colcon_core.package_identification:_identify(ros2_ws/src/siyi_cam_node) by extensions ['ros']
[1.549s] Level 1:colcon.colcon_core.package_identification:_identify(ros2_ws/src/siyi_cam_node) by extension 'ros'
[1.567s] DEBUG:colcon.colcon_core.package_identification:Package 'ros2_ws/src/siyi_cam_node' with type 'ros.ament_python' and name 'siyi_cam_node'
[1.571s] Level 1:colcon.colcon_core.package_identification:_identify(ros2_ws/src/temperature_interfaces) by extensions ['ignore', 'ignore_ament_install']
[1.587s] Level 1:colcon.colcon_core.package_identification:_identify(ros2_ws/src/temperature_interfaces) by extension 'ignore'
[1.604s] Level 1:colcon.colcon_core.package_identification:_identify(ros2_ws/src/temperature_interfaces) ignored
[1.635s] Level 1:colcon.colcon_core.package_identification:_identify(ros2_ws/src/temperature_pkg) by extensions ['ignore', 'ignore_ament_install']
[1.636s] Level 1:colcon.colcon_core.package_identification:_identify(ros2_ws/src/temperature_pkg) by extension 'ignore'
[1.643s] Level 1:colcon.colcon_core.package_identification:_identify(ros2_ws/src/temperature_pkg) ignored
[1.658s] Level 1:colcon.colcon_core.package_identification:_identify(ros2_ws/test_images) by extensions ['ignore', 'ignore_ament_install']
[1.659s] Level 1:colcon.colcon_core.package_identification:_identify(ros2_ws/test_images) by extension 'ignore'
[1.662s] Level 1:colcon.colcon_core.package_identification:_identify(ros2_ws/test_images) by extension 'ignore_ament_install'
[1.664s] Level 1:colcon.colcon_core.package_identification:_identify(ros2_ws/test_images) by extensions ['colcon_pkg']
[1.664s] Level 1:colcon.colcon_core.package_identification:_identify(ros2_ws/test_images) by extension 'colcon_pkg'
[1.665s] Level 1:colcon.colcon_core.package_identification:_identify(ros2_ws/test_images) by extensions ['colcon_meta']
[1.666s] Level 1:colcon.colcon_core.package_identification:_identify(ros2_ws/test_images) by extension 'colcon_meta'
[1.666s] Level 1:colcon.colcon_core.package_identification:_identify(ros2_ws/test_images) by extensions ['ros']
[1.667s] Level 1:colcon.colcon_core.package_identification:_identify(ros2_ws/test_images) by extension 'ros'
[1.669s] Level 1:colcon.colcon_core.package_identification:_identify(ros2_ws/test_images) by extensions ['cmake', 'python']
[1.670s] Level 1:colcon.colcon_core.package_identification:_identify(ros2_ws/test_images) by extension 'cmake'
[1.671s] Level 1:colcon.colcon_core.package_identification:_identify(ros2_ws/test_images) by extension 'python'
[1.672s] Level 1:colcon.colcon_core.package_identification:_identify(ros2_ws/test_images) by extensions ['python_setup_py']
[1.672s] Level 1:colcon.colcon_core.package_identification:_identify(ros2_ws/test_images) by extension 'python_setup_py'
[1.674s] Level 1:colcon.colcon_core.package_identification:_identify(workspace) by extensions ['ignore', 'ignore_ament_install']
[1.675s] Level 1:colcon.colcon_core.package_identification:_identify(workspace) by extension 'ignore'
[1.676s] Level 1:colcon.colcon_core.package_identification:_identify(workspace) by extension 'ignore_ament_install'
[1.677s] Level 1:colcon.colcon_core.package_identification:_identify(workspace) by extensions ['colcon_pkg']
[1.677s] Level 1:colcon.colcon_core.package_identification:_identify(workspace) by extension 'colcon_pkg'
[1.678s] Level 1:colcon.colcon_core.package_identification:_identify(workspace) by extensions ['colcon_meta']
[1.679s] Level 1:colcon.colcon_core.package_identification:_identify(workspace) by extension 'colcon_meta'
[1.680s] Level 1:colcon.colcon_core.package_identification:_identify(workspace) by extensions ['ros']
[1.680s] Level 1:colcon.colcon_core.package_identification:_identify(workspace) by extension 'ros'
[1.682s] Level 1:colcon.colcon_core.package_identification:_identify(workspace) by extensions ['cmake', 'python']
[1.682s] Level 1:colcon.colcon_core.package_identification:_identify(workspace) by extension 'cmake'
[1.683s] Level 1:colcon.colcon_core.package_identification:_identify(workspace) by extension 'python'
[1.684s] Level 1:colcon.colcon_core.package_identification:_identify(workspace) by extensions ['python_setup_py']
[1.684s] Level 1:colcon.colcon_core.package_identification:_identify(workspace) by extension 'python_setup_py'
[1.686s] Level 1:colcon.colcon_core.package_identification:_identify(workspace/ros2_ws) by extensions ['ignore', 'ignore_ament_install']
[1.687s] Level 1:colcon.colcon_core.package_identification:_identify(workspace/ros2_ws) by extension 'ignore'
[1.688s] Level 1:colcon.colcon_core.package_identification:_identify(workspace/ros2_ws) by extension 'ignore_ament_install'
[1.689s] Level 1:colcon.colcon_core.package_identification:_identify(workspace/ros2_ws) by extensions ['colcon_pkg']
[1.689s] Level 1:colcon.colcon_core.package_identification:_identify(workspace/ros2_ws) by extension 'colcon_pkg'
[1.690s] Level 1:colcon.colcon_core.package_identification:_identify(workspace/ros2_ws) by extensions ['colcon_meta']
[1.690s] Level 1:colcon.colcon_core.package_identification:_identify(workspace/ros2_ws) by extension 'colcon_meta'
[1.691s] Level 1:colcon.colcon_core.package_identification:_identify(workspace/ros2_ws) by extensions ['ros']
[1.691s] Level 1:colcon.colcon_core.package_identification:_identify(workspace/ros2_ws) by extension 'ros'
[1.693s] Level 1:colcon.colcon_core.package_identification:_identify(workspace/ros2_ws) by extensions ['cmake', 'python']
[1.693s] Level 1:colcon.colcon_core.package_identification:_identify(workspace/ros2_ws) by extension 'cmake'
[1.694s] Level 1:colcon.colcon_core.package_identification:_identify(workspace/ros2_ws) by extension 'python'
[1.695s] Level 1:colcon.colcon_core.package_identification:_identify(workspace/ros2_ws) by extensions ['python_setup_py']
[1.695s] Level 1:colcon.colcon_core.package_identification:_identify(workspace/ros2_ws) by extension 'python_setup_py'
[1.703s] Level 1:colcon.colcon_core.package_identification:_identify(workspace/ros2_ws/panoramas) by extensions ['ignore', 'ignore_ament_install']
[1.704s] Level 1:colcon.colcon_core.package_identification:_identify(workspace/ros2_ws/panoramas) by extension 'ignore'
[1.705s] Level 1:colcon.colcon_core.package_identification:_identify(workspace/ros2_ws/panoramas) by extension 'ignore_ament_install'
[1.707s] Level 1:colcon.colcon_core.package_identification:_identify(workspace/ros2_ws/panoramas) by extensions ['colcon_pkg']
[1.707s] Level 1:colcon.colcon_core.package_identification:_identify(workspace/ros2_ws/panoramas) by extension 'colcon_pkg'
[1.708s] Level 1:colcon.colcon_core.package_identification:_identify(workspace/ros2_ws/panoramas) by extensions ['colcon_meta']
[1.708s] Level 1:colcon.colcon_core.package_identification:_identify(workspace/ros2_ws/panoramas) by extension 'colcon_meta'
[1.709s] Level 1:colcon.colcon_core.package_identification:_identify(workspace/ros2_ws/panoramas) by extensions ['ros']
[1.709s] Level 1:colcon.colcon_core.package_identification:_identify(workspace/ros2_ws/panoramas) by extension 'ros'
[1.711s] Level 1:colcon.colcon_core.package_identification:_identify(workspace/ros2_ws/panoramas) by extensions ['cmake', 'python']
[1.711s] Level 1:colcon.colcon_core.package_identification:_identify(workspace/ros2_ws/panoramas) by extension 'cmake'
[1.712s] Level 1:colcon.colcon_core.package_identification:_identify(workspace/ros2_ws/panoramas) by extension 'python'
[1.712s] Level 1:colcon.colcon_core.package_identification:_identify(workspace/ros2_ws/panoramas) by extensions ['python_setup_py']
[1.713s] Level 1:colcon.colcon_core.package_identification:_identify(workspace/ros2_ws/panoramas) by extension 'python_setup_py'
[1.714s] Level 1:colcon.colcon_core.package_discovery:discover_packages(recursive) using defaults
[1.714s] Level 1:colcon.colcon_core.package_discovery:discover_packages(ignore) discover
[1.715s] Level 1:colcon.colcon_core.package_discovery:discover_packages(ignore) using defaults
[1.717s] Level 1:colcon.colcon_core.package_discovery:discover_packages(path) discover
[1.718s] Level 1:colcon.colcon_core.package_discovery:discover_packages(path) using defaults
[1.856s] Level 5:colcon.colcon_core.verb:set package 'ros2_image_stitching_pkg' build argument 'cmake_args' from command line to 'None'
[1.857s] Level 5:colcon.colcon_core.verb:set package 'ros2_image_stitching_pkg' build argument 'cmake_target' from command line to 'None'
[1.857s] Level 5:colcon.colcon_core.verb:set package 'ros2_image_stitching_pkg' build argument 'cmake_target_skip_unavailable' from command line to 'False'
[1.858s] Level 5:colcon.colcon_core.verb:set package 'ros2_image_stitching_pkg' build argument 'cmake_clean_cache' from command line to 'False'
[1.859s] Level 5:colcon.colcon_core.verb:set package 'ros2_image_stitching_pkg' build argument 'cmake_clean_first' from command line to 'False'
[1.859s] Level 5:colcon.colcon_core.verb:set package 'ros2_image_stitching_pkg' build argument 'cmake_force_configure' from command line to 'False'
[1.859s] Level 5:colcon.colcon_core.verb:set package 'ros2_image_stitching_pkg' build argument 'ament_cmake_args' from command line to 'None'
[1.860s] Level 5:colcon.colcon_core.verb:set package 'ros2_image_stitching_pkg' build argument 'catkin_cmake_args' from command line to 'None'
[1.860s] Level 5:colcon.colcon_core.verb:set package 'ros2_image_stitching_pkg' build argument 'catkin_skip_building_tests' from command line to 'False'
[1.860s] DEBUG:colcon.colcon_core.verb:Building package 'ros2_image_stitching_pkg' with the following arguments: {'ament_cmake_args': None, 'build_base': '/workspace/build/ros2_image_stitching_pkg', 'catkin_cmake_args': None, 'catkin_skip_building_tests': False, 'cmake_args': None, 'cmake_clean_cache': False, 'cmake_clean_first': False, 'cmake_force_configure': False, 'cmake_target': None, 'cmake_target_skip_unavailable': False, 'install_base': '/workspace/install/ros2_image_stitching_pkg', 'merge_install': False, 'path': '/workspace/ros2_ws/src/ros2_image_stitching_pkg', 'symlink_install': False, 'test_result_base': None}
[1.862s] Level 5:colcon.colcon_core.verb:set package 'siyi_cam_node' build argument 'cmake_args' from command line to 'None'
[1.862s] Level 5:colcon.colcon_core.verb:set package 'siyi_cam_node' build argument 'cmake_target' from command line to 'None'
[1.862s] Level 5:colcon.colcon_core.verb:set package 'siyi_cam_node' build argument 'cmake_target_skip_unavailable' from command line to 'False'
[1.863s] Level 5:colcon.colcon_core.verb:set package 'siyi_cam_node' build argument 'cmake_clean_cache' from command line to 'False'
[1.864s] Level 5:colcon.colcon_core.verb:set package 'siyi_cam_node' build argument 'cmake_clean_first' from command line to 'False'
[1.865s] Level 5:colcon.colcon_core.verb:set package 'siyi_cam_node' build argument 'cmake_force_configure' from command line to 'False'
[1.865s] Level 5:colcon.colcon_core.verb:set package 'siyi_cam_node' build argument 'ament_cmake_args' from command line to 'None'
[1.866s] Level 5:colcon.colcon_core.verb:set package 'siyi_cam_node' build argument 'catkin_cmake_args' from command line to 'None'
[1.866s] Level 5:colcon.colcon_core.verb:set package 'siyi_cam_node' build argument 'catkin_skip_building_tests' from command line to 'False'
[1.867s] DEBUG:colcon.colcon_core.verb:Building package 'siyi_cam_node' with the following arguments: {'ament_cmake_args': None, 'build_base': '/workspace/build/siyi_cam_node', 'catkin_cmake_args': None, 'catkin_skip_building_tests': False, 'cmake_args': None, 'cmake_clean_cache': False, 'cmake_clean_first': False, 'cmake_force_configure': False, 'cmake_target': None, 'cmake_target_skip_unavailable': False, 'install_base': '/workspace/install/siyi_cam_node', 'merge_install': False, 'path': '/workspace/ros2_ws/src/siyi_cam_node', 'symlink_install': False, 'test_result_base': None}
[1.868s] INFO:colcon.colcon_core.executor:Executing jobs using 'parallel' executor
[1.874s] DEBUG:colcon.colcon_parallel_executor.executor.parallel:run_until_complete
[1.877s] INFO:colcon.colcon_ros.task.ament_python.build:Building ROS package in '/workspace/ros2_ws/src/ros2_image_stitching_pkg' with build type 'ament_python'
[1.879s] Level 1:colcon.colcon_core.shell:create_environment_hook('ros2_image_stitching_pkg', 'ament_prefix_path')
[1.894s] INFO:colcon.colcon_core.plugin_system:Skipping extension 'colcon_core.shell.bat': Not used on non-Windows systems
[1.895s] INFO:colcon.colcon_core.shell:Creating environment hook '/workspace/install/ros2_image_stitching_pkg/share/ros2_image_stitching_pkg/hook/ament_prefix_path.ps1'
[1.905s] INFO:colcon.colcon_core.shell:Creating environment descriptor '/workspace/install/ros2_image_stitching_pkg/share/ros2_image_stitching_pkg/hook/ament_prefix_path.dsv'
[1.910s] INFO:colcon.colcon_core.shell:Creating environment hook '/workspace/install/ros2_image_stitching_pkg/share/ros2_image_stitching_pkg/hook/ament_prefix_path.sh'
[1.926s] INFO:colcon.colcon_core.shell:Skip shell extension 'powershell' for command environment: Not usable outside of PowerShell
[1.928s] DEBUG:colcon.colcon_core.shell:Skip shell extension 'dsv' for command environment
[2.034s] INFO:colcon.colcon_ros.task.ament_python.build:Building ROS package in '/workspace/ros2_ws/src/siyi_cam_node' with build type 'ament_python'
[2.043s] Level 1:colcon.colcon_core.shell:create_environment_hook('siyi_cam_node', 'ament_prefix_path')
[2.050s] INFO:colcon.colcon_core.shell:Creating environment hook '/workspace/install/siyi_cam_node/share/siyi_cam_node/hook/ament_prefix_path.ps1'
[2.067s] INFO:colcon.colcon_core.shell:Creating environment descriptor '/workspace/install/siyi_cam_node/share/siyi_cam_node/hook/ament_prefix_path.dsv'
[2.215s] INFO:colcon.colcon_core.shell:Creating environment hook '/workspace/install/siyi_cam_node/share/siyi_cam_node/hook/ament_prefix_path.sh'
[2.289s] INFO:colcon.colcon_core.shell:Skip shell extension 'powershell' for command environment: Not usable outside of PowerShell
[2.290s] DEBUG:colcon.colcon_core.shell:Skip shell extension 'dsv' for command environment
[4.080s] INFO:colcon.colcon_core.task.python.build:Building Python package in '/workspace/ros2_ws/src/ros2_image_stitching_pkg'
[4.082s] INFO:colcon.colcon_core.shell:Skip shell extension 'powershell' for command environment: Not usable outside of PowerShell
[4.083s] DEBUG:colcon.colcon_core.shell:Skip shell extension 'dsv' for command environment
[5.054s] INFO:colcon.colcon_core.task.python.build:Building Python package in '/workspace/ros2_ws/src/siyi_cam_node'
[5.054s] INFO:colcon.colcon_core.shell:Skip shell extension 'powershell' for command environment: Not usable outside of PowerShell
[5.055s] DEBUG:colcon.colcon_core.shell:Skip shell extension 'dsv' for command environment
[9.872s] DEBUG:colcon.colcon_core.event_handler.log_command:Invoking command in '/workspace/ros2_ws/src/ros2_image_stitching_pkg': PYTHONPATH=/workspace/build/ros2_image_stitching_pkg/prefix_override:/usr/lib/python3/dist-packages/colcon_core/task/python/colcon_distutils_commands:/workspace/install/ros2_image_stitching_pkg/lib/python3.10/site-packages:${PYTHONPATH} /usr/bin/python3 -W ignore:setup.py install is deprecated -W ignore:easy_install command is deprecated setup.py egg_info --egg-base ../../../build/ros2_image_stitching_pkg build --build-base /workspace/build/ros2_image_stitching_pkg/build install --record /workspace/build/ros2_image_stitching_pkg/install.log --single-version-externally-managed install_data
[9.905s] DEBUG:colcon.colcon_core.event_handler.log_command:Invoking command in '/workspace/ros2_ws/src/siyi_cam_node': PYTHONPATH=/workspace/build/siyi_cam_node/prefix_override:/usr/lib/python3/dist-packages/colcon_core/task/python/colcon_distutils_commands:/workspace/install/siyi_cam_node/lib/python3.10/site-packages:${PYTHONPATH} /usr/bin/python3 -W ignore:setup.py install is deprecated -W ignore:easy_install command is deprecated setup.py egg_info --egg-base ../../../build/siyi_cam_node build --build-base /workspace/build/siyi_cam_node/build install --record /workspace/build/siyi_cam_node/install.log --single-version-externally-managed install_data
[13.533s] DEBUG:colcon.colcon_core.event_handler.log_command:Invoked command in '/workspace/ros2_ws/src/siyi_cam_node' returned '0': PYTHONPATH=/workspace/build/siyi_cam_node/prefix_override:/usr/lib/python3/dist-packages/colcon_core/task/python/colcon_distutils_commands:/workspace/install/siyi_cam_node/lib/python3.10/site-packages:${PYTHONPATH} /usr/bin/python3 -W ignore:setup.py install is deprecated -W ignore:easy_install command is deprecated setup.py egg_info --egg-base ../../../build/siyi_cam_node build --build-base /workspace/build/siyi_cam_node/build install --record /workspace/build/siyi_cam_node/install.log --single-version-externally-managed install_data
[13.542s] Level 1:colcon.colcon_core.environment:checking '/workspace/install/siyi_cam_node' for CMake module files
[13.557s] Level 1:colcon.colcon_core.environment:checking '/workspace/install/siyi_cam_node' for CMake config files
[13.587s] Level 1:colcon.colcon_core.environment:checking '/workspace/install/siyi_cam_node/lib'
[13.591s] Level 1:colcon.colcon_core.environment:checking '/workspace/install/siyi_cam_node/bin'
[13.592s] Level 1:colcon.colcon_core.environment:checking '/workspace/install/siyi_cam_node/lib/pkgconfig/siyi_cam_node.pc'
[13.596s] Level 1:colcon.colcon_core.environment:checking '/workspace/install/siyi_cam_node/lib/python3.10/site-packages'
[13.596s] Level 1:colcon.colcon_core.shell:create_environment_hook('siyi_cam_node', 'pythonpath')
[13.597s] INFO:colcon.colcon_core.shell:Creating environment hook '/workspace/install/siyi_cam_node/share/siyi_cam_node/hook/pythonpath.ps1'
[13.602s] INFO:colcon.colcon_core.shell:Creating environment descriptor '/workspace/install/siyi_cam_node/share/siyi_cam_node/hook/pythonpath.dsv'
[13.606s] INFO:colcon.colcon_core.shell:Creating environment hook '/workspace/install/siyi_cam_node/share/siyi_cam_node/hook/pythonpath.sh'
[13.612s] Level 1:colcon.colcon_core.environment:checking '/workspace/install/siyi_cam_node/bin'
[13.614s] Level 1:colcon.colcon_core.environment:create_environment_scripts_only(siyi_cam_node)
[13.615s] INFO:colcon.colcon_core.shell:Creating package script '/workspace/install/siyi_cam_node/share/siyi_cam_node/package.ps1'
[13.621s] INFO:colcon.colcon_core.shell:Creating package descriptor '/workspace/install/siyi_cam_node/share/siyi_cam_node/package.dsv'
[13.626s] INFO:colcon.colcon_core.shell:Creating package script '/workspace/install/siyi_cam_node/share/siyi_cam_node/package.sh'
[13.631s] INFO:colcon.colcon_core.shell:Creating package script '/workspace/install/siyi_cam_node/share/siyi_cam_node/package.bash'
[13.636s] INFO:colcon.colcon_core.shell:Creating package script '/workspace/install/siyi_cam_node/share/siyi_cam_node/package.zsh'
[13.643s] Level 1:colcon.colcon_core.environment:create_file_with_runtime_dependencies(/workspace/install/siyi_cam_node/share/colcon-core/packages/siyi_cam_node)
[13.900s] Level 1:colcon.colcon_core.environment:checking '/workspace/install/ros2_image_stitching_pkg' for CMake module files
[13.949s] DEBUG:colcon.colcon_core.event_handler.log_command:Invoked command in '/workspace/ros2_ws/src/ros2_image_stitching_pkg' returned '0': PYTHONPATH=/workspace/build/ros2_image_stitching_pkg/prefix_override:/usr/lib/python3/dist-packages/colcon_core/task/python/colcon_distutils_commands:/workspace/install/ros2_image_stitching_pkg/lib/python3.10/site-packages:${PYTHONPATH} /usr/bin/python3 -W ignore:setup.py install is deprecated -W ignore:easy_install command is deprecated setup.py egg_info --egg-base ../../../build/ros2_image_stitching_pkg build --build-base /workspace/build/ros2_image_stitching_pkg/build install --record /workspace/build/ros2_image_stitching_pkg/install.log --single-version-externally-managed install_data
[13.959s] Level 1:colcon.colcon_core.environment:checking '/workspace/install/ros2_image_stitching_pkg' for CMake config files
[13.997s] Level 1:colcon.colcon_core.environment:checking '/workspace/install/ros2_image_stitching_pkg/lib'
[13.999s] Level 1:colcon.colcon_core.environment:checking '/workspace/install/ros2_image_stitching_pkg/bin'
[14.001s] Level 1:colcon.colcon_core.environment:checking '/workspace/install/ros2_image_stitching_pkg/lib/pkgconfig/ros2_image_stitching_pkg.pc'
[14.003s] Level 1:colcon.colcon_core.environment:checking '/workspace/install/ros2_image_stitching_pkg/lib/python3.10/site-packages'
[14.004s] Level 1:colcon.colcon_core.shell:create_environment_hook('ros2_image_stitching_pkg', 'pythonpath')
[14.006s] INFO:colcon.colcon_core.shell:Creating environment hook '/workspace/install/ros2_image_stitching_pkg/share/ros2_image_stitching_pkg/hook/pythonpath.ps1'
[14.012s] INFO:colcon.colcon_core.shell:Creating environment descriptor '/workspace/install/ros2_image_stitching_pkg/share/ros2_image_stitching_pkg/hook/pythonpath.dsv'
[14.023s] INFO:colcon.colcon_core.shell:Creating environment hook '/workspace/install/ros2_image_stitching_pkg/share/ros2_image_stitching_pkg/hook/pythonpath.sh'
[14.051s] Level 1:colcon.colcon_core.environment:checking '/workspace/install/ros2_image_stitching_pkg/bin'
[14.055s] Level 1:colcon.colcon_core.environment:create_environment_scripts_only(ros2_image_stitching_pkg)
[14.071s] INFO:colcon.colcon_core.shell:Creating package script '/workspace/install/ros2_image_stitching_pkg/share/ros2_image_stitching_pkg/package.ps1'
[14.087s] INFO:colcon.colcon_core.shell:Creating package descriptor '/workspace/install/ros2_image_stitching_pkg/share/ros2_image_stitching_pkg/package.dsv'
[14.099s] INFO:colcon.colcon_core.shell:Creating package script '/workspace/install/ros2_image_stitching_pkg/share/ros2_image_stitching_pkg/package.sh'
[14.173s] INFO:colcon.colcon_core.shell:Creating package script '/workspace/install/ros2_image_stitching_pkg/share/ros2_image_stitching_pkg/package.bash'
[14.184s] INFO:colcon.colcon_core.shell:Creating package script '/workspace/install/ros2_image_stitching_pkg/share/ros2_image_stitching_pkg/package.zsh'
[14.201s] Level 1:colcon.colcon_core.environment:create_file_with_runtime_dependencies(/workspace/install/ros2_image_stitching_pkg/share/colcon-core/packages/ros2_image_stitching_pkg)
[14.207s] DEBUG:colcon.colcon_parallel_executor.executor.parallel:closing loop
[14.211s] DEBUG:colcon.colcon_parallel_executor.executor.parallel:loop closed
[14.213s] DEBUG:colcon.colcon_parallel_executor.executor.parallel:run_until_complete finished with '0'
[14.214s] DEBUG:colcon.colcon_core.event_reactor:joining thread
[14.267s] INFO:colcon.colcon_core.plugin_system:Skipping extension 'colcon_notification.desktop_notification.notify_send': Could not find 'notify-send'
[14.269s] INFO:colcon.colcon_core.plugin_system:Skipping extension 'colcon_notification.desktop_notification.terminal_notifier': Not used on non-Darwin systems
[14.270s] INFO:colcon.colcon_core.plugin_system:Skipping extension 'colcon_notification.desktop_notification.win32': Not used on non-Windows systems
[14.270s] INFO:colcon.colcon_notification.desktop_notification:Sending desktop notification using 'notify2'
[14.286s] DEBUG:colcon.colcon_notification.desktop_notification.notify2:Failed to initialize notify2: org.freedesktop.DBus.Error.Spawn.ExecFailed: /usr/bin/dbus-launch terminated abnormally without any error message
[14.287s] DEBUG:colcon.colcon_core.event_reactor:joined thread
[14.289s] INFO:colcon.colcon_core.shell:Creating prefix script '/workspace/install/local_setup.ps1'
[14.299s] INFO:colcon.colcon_core.shell:Creating prefix util module '/workspace/install/_local_setup_util_ps1.py'
[14.310s] INFO:colcon.colcon_core.shell:Creating prefix chain script '/workspace/install/setup.ps1'
[14.324s] INFO:colcon.colcon_core.shell:Creating prefix script '/workspace/install/local_setup.sh'
[14.329s] INFO:colcon.colcon_core.shell:Creating prefix util module '/workspace/install/_local_setup_util_sh.py'
[14.340s] INFO:colcon.colcon_core.shell:Creating prefix chain script '/workspace/install/setup.sh'
[14.372s] INFO:colcon.colcon_core.shell:Creating prefix script '/workspace/install/local_setup.bash'
[14.377s] INFO:colcon.colcon_core.shell:Creating prefix chain script '/workspace/install/setup.bash'
[14.392s] INFO:colcon.colcon_core.shell:Creating prefix script '/workspace/install/local_setup.zsh'
[14.398s] INFO:colcon.colcon_core.shell:Creating prefix chain script '/workspace/install/setup.zsh'
