[3.007s] Invoking command in '/workspace/ros2_ws/src/ros2_image_stitching_pkg': PYTHONPATH=/workspace/ros2_ws/build/ros2_image_stitching_pkg/prefix_override:/usr/lib/python3/dist-packages/colcon_core/task/python/colcon_distutils_commands:/workspace/ros2_ws/install/ros2_image_stitching_pkg/lib/python3.10/site-packages:${PYTHONPATH} /usr/bin/python3 -W ignore:setup.py install is deprecated -W ignore:easy_install command is deprecated setup.py egg_info --egg-base ../../build/ros2_image_stitching_pkg build --build-base /workspace/ros2_ws/build/ros2_image_stitching_pkg/build install --record /workspace/ros2_ws/build/ros2_image_stitching_pkg/install.log --single-version-externally-managed install_data
[3.431s] /home/ubuntu/.local/lib/python3.10/site-packages/setuptools/_distutils/dist.py:289: UserWarning: Unknown distribution option: 'tests_require'
[3.435s]   warnings.warn(msg)
[3.726s] running egg_info
[3.780s] writing ../../build/ros2_image_stitching_pkg/ros2_image_stitching_pkg.egg-info/PKG-INFO
[3.804s] writing dependency_links to ../../build/ros2_image_stitching_pkg/ros2_image_stitching_pkg.egg-info/dependency_links.txt
[3.807s] writing entry points to ../../build/ros2_image_stitching_pkg/ros2_image_stitching_pkg.egg-info/entry_points.txt
[3.813s] writing requirements to ../../build/ros2_image_stitching_pkg/ros2_image_stitching_pkg.egg-info/requires.txt
[3.819s] writing top-level names to ../../build/ros2_image_stitching_pkg/ros2_image_stitching_pkg.egg-info/top_level.txt
[4.053s] reading manifest file '../../build/ros2_image_stitching_pkg/ros2_image_stitching_pkg.egg-info/SOURCES.txt'
[4.062s] writing manifest file '../../build/ros2_image_stitching_pkg/ros2_image_stitching_pkg.egg-info/SOURCES.txt'
[4.063s] running build
[4.065s] running build_py
[4.067s] copying ros2_image_stitching_pkg/incremental_stitcher.py -> /workspace/ros2_ws/build/ros2_image_stitching_pkg/build/lib/ros2_image_stitching_pkg
[4.073s] copying ros2_image_stitching_pkg/__init__.py -> /workspace/ros2_ws/build/ros2_image_stitching_pkg/build/lib/ros2_image_stitching_pkg
[4.083s] running install
[4.100s] running install_lib
[4.159s] copying /workspace/ros2_ws/build/ros2_image_stitching_pkg/build/lib/ros2_image_stitching_pkg/incremental_stitcher.py -> /workspace/ros2_ws/install/ros2_image_stitching_pkg/lib/python3.10/site-packages/ros2_image_stitching_pkg
[4.167s] byte-compiling /workspace/ros2_ws/install/ros2_image_stitching_pkg/lib/python3.10/site-packages/ros2_image_stitching_pkg/incremental_stitcher.py to incremental_stitcher.cpython-310.pyc
[4.177s] running install_data
[4.179s] copying resource/ros2_image_stitching_pkg -> /workspace/ros2_ws/install/ros2_image_stitching_pkg/share/ament_index/resource_index/packages
[4.186s] copying package.xml -> /workspace/ros2_ws/install/ros2_image_stitching_pkg/share/ros2_image_stitching_pkg
[4.194s] running install_egg_info
[4.251s] removing '/workspace/ros2_ws/install/ros2_image_stitching_pkg/lib/python3.10/site-packages/ros2_image_stitching_pkg-0.0.0-py3.10.egg-info' (and everything under it)
[4.262s] Copying ../../build/ros2_image_stitching_pkg/ros2_image_stitching_pkg.egg-info to /workspace/ros2_ws/install/ros2_image_stitching_pkg/lib/python3.10/site-packages/ros2_image_stitching_pkg-0.0.0-py3.10.egg-info
[4.341s] running install_scripts
[4.649s] Installing incremental_stitcher script to /workspace/ros2_ws/install/ros2_image_stitching_pkg/lib/ros2_image_stitching_pkg
[4.665s] writing list of installed files to '/workspace/ros2_ws/build/ros2_image_stitching_pkg/install.log'
[4.728s] Invoked command in '/workspace/ros2_ws/src/ros2_image_stitching_pkg' returned '0': PYTHONPATH=/workspace/ros2_ws/build/ros2_image_stitching_pkg/prefix_override:/usr/lib/python3/dist-packages/colcon_core/task/python/colcon_distutils_commands:/workspace/ros2_ws/install/ros2_image_stitching_pkg/lib/python3.10/site-packages:${PYTHONPATH} /usr/bin/python3 -W ignore:setup.py install is deprecated -W ignore:easy_install command is deprecated setup.py egg_info --egg-base ../../build/ros2_image_stitching_pkg build --build-base /workspace/ros2_ws/build/ros2_image_stitching_pkg/build install --record /workspace/ros2_ws/build/ros2_image_stitching_pkg/install.log --single-version-externally-managed install_data
