-- Found ament_cmake: 1.3.12 (/opt/ros/humble/share/ament_cmake/cmake)
-- Found rosidl_default_generators: 1.2.0 (/opt/ros/humble/share/rosidl_default_generators/cmake)
-- Using all available rosidl_typesupport_c: rosidl_typesupport_fastrtps_c;rosidl_typesupport_introspection_c
-- Found rosidl_adapter: 3.1.7 (/opt/ros/humble/share/rosidl_adapter/cmake)
-- Using all available rosidl_typesupport_cpp: rosidl_typesupport_fastrtps_cpp;rosidl_typesupport_introspection_cpp
-- Found ament_cmake_ros: 0.10.0 (/opt/ros/humble/share/ament_cmake_ros/cmake)
-- Using all available rosidl_typesupport_c: rosidl_typesupport_fastrtps_c;rosidl_typesupport_introspection_c
-- Using all available rosidl_typesupport_cpp: rosidl_typesupport_fastrtps_cpp;rosidl_typesupport_introspection_cpp
-- Found PythonInterp: /usr/bin/python3 (found suitable version "3.10.12", minimum required is "3.6") 
-- Found python_cmake_module: 0.10.0 (/opt/ros/humble/share/python_cmake_module/cmake)
-- Found PythonLibs: /usr/lib/x86_64-linux-gnu/libpython3.10.so (found suitable version "3.10.12", minimum required is "3.5") 
-- Using PYTHON_EXECUTABLE: /usr/bin/python3
-- Using PYTHON_INCLUDE_DIRS: /usr/include/python3.10
-- Using PYTHON_LIBRARIES: /usr/lib/x86_64-linux-gnu/libpython3.10.so
-- Found PythonExtra: .so  
-- Found ament_lint_auto: 0.12.14 (/opt/ros/humble/share/ament_lint_auto/cmake)
-- Configuring done
-- Generating done
-- Build files have been written to: /workspace/ros2_ws/build/temperature_interfaces
[  3%] [34m[1mGenerating C code for ROS interfaces[0m
[  6%] [34m[1mGenerating C++ code for ROS interfaces[0m
[  6%] Built target ament_cmake_python_copy_temperature_interfaces
running egg_info
creating temperature_interfaces.egg-info
writing temperature_interfaces.egg-info/PKG-INFO
writing dependency_links to temperature_interfaces.egg-info/dependency_links.txt
writing top-level names to temperature_interfaces.egg-info/top_level.txt
writing manifest file 'temperature_interfaces.egg-info/SOURCES.txt'
[  6%] Built target temperature_interfaces__cpp
[  9%] [34m[1mGenerating C++ introspection for ROS interfaces[0m
[ 12%] [34m[1mGenerating C++ type support for eProsima Fast-RTPS[0m
[ 16%] [34m[1mGenerating C++ type support dispatch for ROS interfaces[0m
[ 19%] [32mBuilding C object CMakeFiles/temperature_interfaces__rosidl_generator_c.dir/rosidl_generator_c/temperature_interfaces/srv/detail/convert_temperature__functions.c.o[0m
reading manifest file 'temperature_interfaces.egg-info/SOURCES.txt'
writing manifest file 'temperature_interfaces.egg-info/SOURCES.txt'
[ 19%] Built target ament_cmake_python_build_temperature_interfaces_egg
[ 22%] [32m[1mLinking C shared library libtemperature_interfaces__rosidl_generator_c.so[0m
[ 22%] Built target temperature_interfaces__rosidl_generator_c
[ 32%] [34m[1mGenerating C introspection for ROS interfaces[0m
[ 32%] [34m[1mGenerating C type support for eProsima Fast-RTPS[0m
[ 32%] [34m[1mGenerating C type support dispatch for ROS interfaces[0m
[ 35%] [32mBuilding CXX object CMakeFiles/temperature_interfaces__rosidl_typesupport_cpp.dir/rosidl_typesupport_cpp/temperature_interfaces/srv/convert_temperature__type_support.cpp.o[0m
[ 38%] [32mBuilding CXX object CMakeFiles/temperature_interfaces__rosidl_typesupport_introspection_cpp.dir/rosidl_typesupport_introspection_cpp/temperature_interfaces/srv/detail/convert_temperature__type_support.cpp.o[0m
[ 41%] [32mBuilding CXX object CMakeFiles/temperature_interfaces__rosidl_typesupport_fastrtps_cpp.dir/rosidl_typesupport_fastrtps_cpp/temperature_interfaces/srv/detail/dds_fastrtps/convert_temperature__type_support.cpp.o[0m
[ 45%] [32mBuilding CXX object CMakeFiles/temperature_interfaces__rosidl_typesupport_c.dir/rosidl_typesupport_c/temperature_interfaces/srv/convert_temperature__type_support.cpp.o[0m
[ 48%] [32mBuilding CXX object CMakeFiles/temperature_interfaces__rosidl_typesupport_fastrtps_c.dir/rosidl_typesupport_fastrtps_c/temperature_interfaces/srv/detail/convert_temperature__type_support_c.cpp.o[0m
[ 51%] [32mBuilding C object CMakeFiles/temperature_interfaces__rosidl_typesupport_introspection_c.dir/rosidl_typesupport_introspection_c/temperature_interfaces/srv/detail/convert_temperature__type_support.c.o[0m
[ 54%] [32m[1mLinking CXX shared library libtemperature_interfaces__rosidl_typesupport_c.so[0m
[ 58%] [32m[1mLinking C shared library libtemperature_interfaces__rosidl_typesupport_introspection_c.so[0m
[ 58%] Built target temperature_interfaces__rosidl_typesupport_c
[ 58%] Built target temperature_interfaces__rosidl_typesupport_introspection_c
[ 61%] [32m[1mLinking CXX shared library libtemperature_interfaces__rosidl_typesupport_cpp.so[0m
[ 61%] Built target temperature_interfaces__rosidl_typesupport_cpp
[ 64%] [32m[1mLinking CXX shared library libtemperature_interfaces__rosidl_typesupport_introspection_cpp.so[0m
[ 67%] [32m[1mLinking CXX shared library libtemperature_interfaces__rosidl_typesupport_fastrtps_cpp.so[0m
[ 67%] Built target temperature_interfaces__rosidl_typesupport_introspection_cpp
[ 70%] [32m[1mLinking CXX shared library libtemperature_interfaces__rosidl_typesupport_fastrtps_c.so[0m
[ 70%] Built target temperature_interfaces__rosidl_typesupport_fastrtps_cpp
[ 70%] Built target temperature_interfaces__rosidl_typesupport_fastrtps_c
[ 70%] Built target temperature_interfaces
[ 74%] [34m[1mGenerating Python code for ROS interfaces[0m
[ 74%] Built target temperature_interfaces__py
[ 77%] [32mBuilding C object CMakeFiles/temperature_interfaces__rosidl_generator_py.dir/rosidl_generator_py/temperature_interfaces/srv/_convert_temperature_s.c.o[0m
[ 80%] [32m[1mLinking C shared library rosidl_generator_py/temperature_interfaces/libtemperature_interfaces__rosidl_generator_py.so[0m
[ 80%] Built target temperature_interfaces__rosidl_generator_py
[ 83%] [32mBuilding C object CMakeFiles/temperature_interfaces__rosidl_typesupport_fastrtps_c__pyext.dir/rosidl_generator_py/temperature_interfaces/_temperature_interfaces_s.ep.rosidl_typesupport_fastrtps_c.c.o[0m
[ 87%] [32mBuilding C object CMakeFiles/temperature_interfaces__rosidl_typesupport_introspection_c__pyext.dir/rosidl_generator_py/temperature_interfaces/_temperature_interfaces_s.ep.rosidl_typesupport_introspection_c.c.o[0m
[ 90%] [32mBuilding C object CMakeFiles/temperature_interfaces__rosidl_typesupport_c__pyext.dir/rosidl_generator_py/temperature_interfaces/_temperature_interfaces_s.ep.rosidl_typesupport_c.c.o[0m
[ 93%] [32m[1mLinking C shared library rosidl_generator_py/temperature_interfaces/temperature_interfaces_s__rosidl_typesupport_c.cpython-310-x86_64-linux-gnu.so[0m
[ 96%] [32m[1mLinking C shared library rosidl_generator_py/temperature_interfaces/temperature_interfaces_s__rosidl_typesupport_fastrtps_c.cpython-310-x86_64-linux-gnu.so[0m
[100%] [32m[1mLinking C shared library rosidl_generator_py/temperature_interfaces/temperature_interfaces_s__rosidl_typesupport_introspection_c.cpython-310-x86_64-linux-gnu.so[0m
[100%] Built target temperature_interfaces__rosidl_typesupport_c__pyext
[100%] Built target temperature_interfaces__rosidl_typesupport_fastrtps_c__pyext
[100%] Built target temperature_interfaces__rosidl_typesupport_introspection_c__pyext
-- Install configuration: ""
-- Installing: /workspace/ros2_ws/install/temperature_interfaces/share/ament_index/resource_index/rosidl_interfaces/temperature_interfaces
-- Installing: /workspace/ros2_ws/install/temperature_interfaces/include/temperature_interfaces/temperature_interfaces
-- Installing: /workspace/ros2_ws/install/temperature_interfaces/include/temperature_interfaces/temperature_interfaces/msg
-- Installing: /workspace/ros2_ws/install/temperature_interfaces/include/temperature_interfaces/temperature_interfaces/msg/rosidl_generator_c__visibility_control.h
-- Installing: /workspace/ros2_ws/install/temperature_interfaces/include/temperature_interfaces/temperature_interfaces/srv
-- Installing: /workspace/ros2_ws/install/temperature_interfaces/include/temperature_interfaces/temperature_interfaces/srv/convert_temperature.h
-- Installing: /workspace/ros2_ws/install/temperature_interfaces/include/temperature_interfaces/temperature_interfaces/srv/detail
-- Installing: /workspace/ros2_ws/install/temperature_interfaces/include/temperature_interfaces/temperature_interfaces/srv/detail/convert_temperature__struct.h
-- Installing: /workspace/ros2_ws/install/temperature_interfaces/include/temperature_interfaces/temperature_interfaces/srv/detail/convert_temperature__functions.c
-- Installing: /workspace/ros2_ws/install/temperature_interfaces/include/temperature_interfaces/temperature_interfaces/srv/detail/convert_temperature__type_support.h
-- Installing: /workspace/ros2_ws/install/temperature_interfaces/include/temperature_interfaces/temperature_interfaces/srv/detail/convert_temperature__functions.h
-- Installing: /workspace/ros2_ws/install/temperature_interfaces/share/temperature_interfaces/environment/library_path.sh
-- Installing: /workspace/ros2_ws/install/temperature_interfaces/share/temperature_interfaces/environment/library_path.dsv
-- Installing: /workspace/ros2_ws/install/temperature_interfaces/lib/libtemperature_interfaces__rosidl_generator_c.so
-- Set runtime path of "/workspace/ros2_ws/install/temperature_interfaces/lib/libtemperature_interfaces__rosidl_generator_c.so" to ""
-- Up-to-date: /workspace/ros2_ws/install/temperature_interfaces/include/temperature_interfaces/temperature_interfaces
-- Up-to-date: /workspace/ros2_ws/install/temperature_interfaces/include/temperature_interfaces/temperature_interfaces/msg
-- Installing: /workspace/ros2_ws/install/temperature_interfaces/include/temperature_interfaces/temperature_interfaces/msg/rosidl_typesupport_fastrtps_c__visibility_control.h
-- Up-to-date: /workspace/ros2_ws/install/temperature_interfaces/include/temperature_interfaces/temperature_interfaces/srv
-- Up-to-date: /workspace/ros2_ws/install/temperature_interfaces/include/temperature_interfaces/temperature_interfaces/srv/detail
-- Installing: /workspace/ros2_ws/install/temperature_interfaces/include/temperature_interfaces/temperature_interfaces/srv/detail/convert_temperature__rosidl_typesupport_fastrtps_c.h
-- Installing: /workspace/ros2_ws/install/temperature_interfaces/lib/libtemperature_interfaces__rosidl_typesupport_fastrtps_c.so
-- Set runtime path of "/workspace/ros2_ws/install/temperature_interfaces/lib/libtemperature_interfaces__rosidl_typesupport_fastrtps_c.so" to ""
-- Up-to-date: /workspace/ros2_ws/install/temperature_interfaces/include/temperature_interfaces/temperature_interfaces
-- Up-to-date: /workspace/ros2_ws/install/temperature_interfaces/include/temperature_interfaces/temperature_interfaces/msg
-- Installing: /workspace/ros2_ws/install/temperature_interfaces/include/temperature_interfaces/temperature_interfaces/msg/rosidl_typesupport_introspection_c__visibility_control.h
-- Up-to-date: /workspace/ros2_ws/install/temperature_interfaces/include/temperature_interfaces/temperature_interfaces/srv
-- Up-to-date: /workspace/ros2_ws/install/temperature_interfaces/include/temperature_interfaces/temperature_interfaces/srv/detail
-- Installing: /workspace/ros2_ws/install/temperature_interfaces/include/temperature_interfaces/temperature_interfaces/srv/detail/convert_temperature__rosidl_typesupport_introspection_c.h
-- Installing: /workspace/ros2_ws/install/temperature_interfaces/include/temperature_interfaces/temperature_interfaces/srv/detail/convert_temperature__type_support.c
-- Installing: /workspace/ros2_ws/install/temperature_interfaces/lib/libtemperature_interfaces__rosidl_typesupport_introspection_c.so
-- Set runtime path of "/workspace/ros2_ws/install/temperature_interfaces/lib/libtemperature_interfaces__rosidl_typesupport_introspection_c.so" to ""
-- Installing: /workspace/ros2_ws/install/temperature_interfaces/lib/libtemperature_interfaces__rosidl_typesupport_c.so
-- Set runtime path of "/workspace/ros2_ws/install/temperature_interfaces/lib/libtemperature_interfaces__rosidl_typesupport_c.so" to ""
-- Up-to-date: /workspace/ros2_ws/install/temperature_interfaces/include/temperature_interfaces/temperature_interfaces
-- Up-to-date: /workspace/ros2_ws/install/temperature_interfaces/include/temperature_interfaces/temperature_interfaces/msg
-- Installing: /workspace/ros2_ws/install/temperature_interfaces/include/temperature_interfaces/temperature_interfaces/msg/rosidl_generator_cpp__visibility_control.hpp
-- Up-to-date: /workspace/ros2_ws/install/temperature_interfaces/include/temperature_interfaces/temperature_interfaces/srv
-- Installing: /workspace/ros2_ws/install/temperature_interfaces/include/temperature_interfaces/temperature_interfaces/srv/convert_temperature.hpp
-- Up-to-date: /workspace/ros2_ws/install/temperature_interfaces/include/temperature_interfaces/temperature_interfaces/srv/detail
-- Installing: /workspace/ros2_ws/install/temperature_interfaces/include/temperature_interfaces/temperature_interfaces/srv/detail/convert_temperature__struct.hpp
-- Installing: /workspace/ros2_ws/install/temperature_interfaces/include/temperature_interfaces/temperature_interfaces/srv/detail/convert_temperature__builder.hpp
-- Installing: /workspace/ros2_ws/install/temperature_interfaces/include/temperature_interfaces/temperature_interfaces/srv/detail/convert_temperature__traits.hpp
-- Installing: /workspace/ros2_ws/install/temperature_interfaces/include/temperature_interfaces/temperature_interfaces/srv/detail/convert_temperature__type_support.hpp
-- Up-to-date: /workspace/ros2_ws/install/temperature_interfaces/include/temperature_interfaces/temperature_interfaces
-- Up-to-date: /workspace/ros2_ws/install/temperature_interfaces/include/temperature_interfaces/temperature_interfaces/msg
-- Installing: /workspace/ros2_ws/install/temperature_interfaces/include/temperature_interfaces/temperature_interfaces/msg/rosidl_typesupport_fastrtps_cpp__visibility_control.h
-- Up-to-date: /workspace/ros2_ws/install/temperature_interfaces/include/temperature_interfaces/temperature_interfaces/srv
-- Up-to-date: /workspace/ros2_ws/install/temperature_interfaces/include/temperature_interfaces/temperature_interfaces/srv/detail
-- Installing: /workspace/ros2_ws/install/temperature_interfaces/include/temperature_interfaces/temperature_interfaces/srv/detail/convert_temperature__rosidl_typesupport_fastrtps_cpp.hpp
-- Installing: /workspace/ros2_ws/install/temperature_interfaces/include/temperature_interfaces/temperature_interfaces/srv/detail/dds_fastrtps
-- Installing: /workspace/ros2_ws/install/temperature_interfaces/lib/libtemperature_interfaces__rosidl_typesupport_fastrtps_cpp.so
-- Set runtime path of "/workspace/ros2_ws/install/temperature_interfaces/lib/libtemperature_interfaces__rosidl_typesupport_fastrtps_cpp.so" to ""
-- Up-to-date: /workspace/ros2_ws/install/temperature_interfaces/include/temperature_interfaces/temperature_interfaces
-- Up-to-date: /workspace/ros2_ws/install/temperature_interfaces/include/temperature_interfaces/temperature_interfaces/srv
-- Up-to-date: /workspace/ros2_ws/install/temperature_interfaces/include/temperature_interfaces/temperature_interfaces/srv/detail
-- Installing: /workspace/ros2_ws/install/temperature_interfaces/include/temperature_interfaces/temperature_interfaces/srv/detail/convert_temperature__type_support.cpp
-- Installing: /workspace/ros2_ws/install/temperature_interfaces/include/temperature_interfaces/temperature_interfaces/srv/detail/convert_temperature__rosidl_typesupport_introspection_cpp.hpp
-- Installing: /workspace/ros2_ws/install/temperature_interfaces/lib/libtemperature_interfaces__rosidl_typesupport_introspection_cpp.so
-- Set runtime path of "/workspace/ros2_ws/install/temperature_interfaces/lib/libtemperature_interfaces__rosidl_typesupport_introspection_cpp.so" to ""
-- Installing: /workspace/ros2_ws/install/temperature_interfaces/lib/libtemperature_interfaces__rosidl_typesupport_cpp.so
-- Set runtime path of "/workspace/ros2_ws/install/temperature_interfaces/lib/libtemperature_interfaces__rosidl_typesupport_cpp.so" to ""
-- Installing: /workspace/ros2_ws/install/temperature_interfaces/share/temperature_interfaces/environment/pythonpath.sh
-- Installing: /workspace/ros2_ws/install/temperature_interfaces/share/temperature_interfaces/environment/pythonpath.dsv
-- Installing: /workspace/ros2_ws/install/temperature_interfaces/local/lib/python3.10/dist-packages/temperature_interfaces-0.0.0-py3.10.egg-info
-- Installing: /workspace/ros2_ws/install/temperature_interfaces/local/lib/python3.10/dist-packages/temperature_interfaces-0.0.0-py3.10.egg-info/PKG-INFO
-- Installing: /workspace/ros2_ws/install/temperature_interfaces/local/lib/python3.10/dist-packages/temperature_interfaces-0.0.0-py3.10.egg-info/SOURCES.txt
-- Installing: /workspace/ros2_ws/install/temperature_interfaces/local/lib/python3.10/dist-packages/temperature_interfaces-0.0.0-py3.10.egg-info/top_level.txt
-- Installing: /workspace/ros2_ws/install/temperature_interfaces/local/lib/python3.10/dist-packages/temperature_interfaces-0.0.0-py3.10.egg-info/dependency_links.txt
-- Installing: /workspace/ros2_ws/install/temperature_interfaces/local/lib/python3.10/dist-packages/temperature_interfaces
-- Installing: /workspace/ros2_ws/install/temperature_interfaces/local/lib/python3.10/dist-packages/temperature_interfaces/libtemperature_interfaces__rosidl_generator_py.so
-- Installing: /workspace/ros2_ws/install/temperature_interfaces/local/lib/python3.10/dist-packages/temperature_interfaces/_temperature_interfaces_s.ep.rosidl_typesupport_introspection_c.c
-- Installing: /workspace/ros2_ws/install/temperature_interfaces/local/lib/python3.10/dist-packages/temperature_interfaces/temperature_interfaces_s__rosidl_typesupport_introspection_c.cpython-310-x86_64-linux-gnu.so
-- Installing: /workspace/ros2_ws/install/temperature_interfaces/local/lib/python3.10/dist-packages/temperature_interfaces/temperature_interfaces_s__rosidl_typesupport_fastrtps_c.cpython-310-x86_64-linux-gnu.so
-- Installing: /workspace/ros2_ws/install/temperature_interfaces/local/lib/python3.10/dist-packages/temperature_interfaces/__init__.py
-- Installing: /workspace/ros2_ws/install/temperature_interfaces/local/lib/python3.10/dist-packages/temperature_interfaces/_temperature_interfaces_s.ep.rosidl_typesupport_fastrtps_c.c
-- Installing: /workspace/ros2_ws/install/temperature_interfaces/local/lib/python3.10/dist-packages/temperature_interfaces/_temperature_interfaces_s.ep.rosidl_typesupport_c.c
-- Installing: /workspace/ros2_ws/install/temperature_interfaces/local/lib/python3.10/dist-packages/temperature_interfaces/temperature_interfaces_s__rosidl_typesupport_c.cpython-310-x86_64-linux-gnu.so
-- Installing: /workspace/ros2_ws/install/temperature_interfaces/local/lib/python3.10/dist-packages/temperature_interfaces/srv
-- Installing: /workspace/ros2_ws/install/temperature_interfaces/local/lib/python3.10/dist-packages/temperature_interfaces/srv/_convert_temperature_s.c
-- Installing: /workspace/ros2_ws/install/temperature_interfaces/local/lib/python3.10/dist-packages/temperature_interfaces/srv/__init__.py
-- Installing: /workspace/ros2_ws/install/temperature_interfaces/local/lib/python3.10/dist-packages/temperature_interfaces/srv/_convert_temperature.py
Listing '/workspace/ros2_ws/install/temperature_interfaces/local/lib/python3.10/dist-packages/temperature_interfaces'...
Compiling '/workspace/ros2_ws/install/temperature_interfaces/local/lib/python3.10/dist-packages/temperature_interfaces/__init__.py'...
Listing '/workspace/ros2_ws/install/temperature_interfaces/local/lib/python3.10/dist-packages/temperature_interfaces/srv'...
Compiling '/workspace/ros2_ws/install/temperature_interfaces/local/lib/python3.10/dist-packages/temperature_interfaces/srv/__init__.py'...
Compiling '/workspace/ros2_ws/install/temperature_interfaces/local/lib/python3.10/dist-packages/temperature_interfaces/srv/_convert_temperature.py'...
-- Installing: /workspace/ros2_ws/install/temperature_interfaces/local/lib/python3.10/dist-packages/temperature_interfaces/temperature_interfaces_s__rosidl_typesupport_fastrtps_c.cpython-310-x86_64-linux-gnu.so
-- Set runtime path of "/workspace/ros2_ws/install/temperature_interfaces/local/lib/python3.10/dist-packages/temperature_interfaces/temperature_interfaces_s__rosidl_typesupport_fastrtps_c.cpython-310-x86_64-linux-gnu.so" to ""
-- Installing: /workspace/ros2_ws/install/temperature_interfaces/local/lib/python3.10/dist-packages/temperature_interfaces/temperature_interfaces_s__rosidl_typesupport_introspection_c.cpython-310-x86_64-linux-gnu.so
-- Set runtime path of "/workspace/ros2_ws/install/temperature_interfaces/local/lib/python3.10/dist-packages/temperature_interfaces/temperature_interfaces_s__rosidl_typesupport_introspection_c.cpython-310-x86_64-linux-gnu.so" to ""
-- Installing: /workspace/ros2_ws/install/temperature_interfaces/local/lib/python3.10/dist-packages/temperature_interfaces/temperature_interfaces_s__rosidl_typesupport_c.cpython-310-x86_64-linux-gnu.so
-- Set runtime path of "/workspace/ros2_ws/install/temperature_interfaces/local/lib/python3.10/dist-packages/temperature_interfaces/temperature_interfaces_s__rosidl_typesupport_c.cpython-310-x86_64-linux-gnu.so" to ""
-- Installing: /workspace/ros2_ws/install/temperature_interfaces/lib/libtemperature_interfaces__rosidl_generator_py.so
-- Set runtime path of "/workspace/ros2_ws/install/temperature_interfaces/lib/libtemperature_interfaces__rosidl_generator_py.so" to ""
-- Installing: /workspace/ros2_ws/install/temperature_interfaces/share/temperature_interfaces/srv/ConvertTemperature.idl
-- Installing: /workspace/ros2_ws/install/temperature_interfaces/share/temperature_interfaces/srv/ConvertTemperature.srv
-- Installing: /workspace/ros2_ws/install/temperature_interfaces/share/temperature_interfaces/srv/ConvertTemperature_Request.msg
-- Installing: /workspace/ros2_ws/install/temperature_interfaces/share/temperature_interfaces/srv/ConvertTemperature_Response.msg
-- Installing: /workspace/ros2_ws/install/temperature_interfaces/share/ament_index/resource_index/package_run_dependencies/temperature_interfaces
-- Installing: /workspace/ros2_ws/install/temperature_interfaces/share/ament_index/resource_index/parent_prefix_path/temperature_interfaces
-- Installing: /workspace/ros2_ws/install/temperature_interfaces/share/temperature_interfaces/environment/ament_prefix_path.sh
-- Installing: /workspace/ros2_ws/install/temperature_interfaces/share/temperature_interfaces/environment/ament_prefix_path.dsv
-- Installing: /workspace/ros2_ws/install/temperature_interfaces/share/temperature_interfaces/environment/path.sh
-- Installing: /workspace/ros2_ws/install/temperature_interfaces/share/temperature_interfaces/environment/path.dsv
-- Installing: /workspace/ros2_ws/install/temperature_interfaces/share/temperature_interfaces/local_setup.bash
-- Installing: /workspace/ros2_ws/install/temperature_interfaces/share/temperature_interfaces/local_setup.sh
-- Installing: /workspace/ros2_ws/install/temperature_interfaces/share/temperature_interfaces/local_setup.zsh
-- Installing: /workspace/ros2_ws/install/temperature_interfaces/share/temperature_interfaces/local_setup.dsv
-- Installing: /workspace/ros2_ws/install/temperature_interfaces/share/temperature_interfaces/package.dsv
-- Installing: /workspace/ros2_ws/install/temperature_interfaces/share/ament_index/resource_index/packages/temperature_interfaces
-- Installing: /workspace/ros2_ws/install/temperature_interfaces/share/temperature_interfaces/cmake/export_temperature_interfaces__rosidl_generator_cExport.cmake
-- Installing: /workspace/ros2_ws/install/temperature_interfaces/share/temperature_interfaces/cmake/export_temperature_interfaces__rosidl_generator_cExport-noconfig.cmake
-- Installing: /workspace/ros2_ws/install/temperature_interfaces/share/temperature_interfaces/cmake/export_temperature_interfaces__rosidl_typesupport_fastrtps_cExport.cmake
-- Installing: /workspace/ros2_ws/install/temperature_interfaces/share/temperature_interfaces/cmake/export_temperature_interfaces__rosidl_typesupport_fastrtps_cExport-noconfig.cmake
-- Installing: /workspace/ros2_ws/install/temperature_interfaces/share/temperature_interfaces/cmake/temperature_interfaces__rosidl_typesupport_introspection_cExport.cmake
-- Installing: /workspace/ros2_ws/install/temperature_interfaces/share/temperature_interfaces/cmake/temperature_interfaces__rosidl_typesupport_introspection_cExport-noconfig.cmake
-- Installing: /workspace/ros2_ws/install/temperature_interfaces/share/temperature_interfaces/cmake/temperature_interfaces__rosidl_typesupport_cExport.cmake
-- Installing: /workspace/ros2_ws/install/temperature_interfaces/share/temperature_interfaces/cmake/temperature_interfaces__rosidl_typesupport_cExport-noconfig.cmake
-- Installing: /workspace/ros2_ws/install/temperature_interfaces/share/temperature_interfaces/cmake/export_temperature_interfaces__rosidl_generator_cppExport.cmake
-- Installing: /workspace/ros2_ws/install/temperature_interfaces/share/temperature_interfaces/cmake/export_temperature_interfaces__rosidl_typesupport_fastrtps_cppExport.cmake
-- Installing: /workspace/ros2_ws/install/temperature_interfaces/share/temperature_interfaces/cmake/export_temperature_interfaces__rosidl_typesupport_fastrtps_cppExport-noconfig.cmake
-- Installing: /workspace/ros2_ws/install/temperature_interfaces/share/temperature_interfaces/cmake/temperature_interfaces__rosidl_typesupport_introspection_cppExport.cmake
-- Installing: /workspace/ros2_ws/install/temperature_interfaces/share/temperature_interfaces/cmake/temperature_interfaces__rosidl_typesupport_introspection_cppExport-noconfig.cmake
-- Installing: /workspace/ros2_ws/install/temperature_interfaces/share/temperature_interfaces/cmake/temperature_interfaces__rosidl_typesupport_cppExport.cmake
-- Installing: /workspace/ros2_ws/install/temperature_interfaces/share/temperature_interfaces/cmake/temperature_interfaces__rosidl_typesupport_cppExport-noconfig.cmake
-- Installing: /workspace/ros2_ws/install/temperature_interfaces/share/temperature_interfaces/cmake/export_temperature_interfaces__rosidl_generator_pyExport.cmake
-- Installing: /workspace/ros2_ws/install/temperature_interfaces/share/temperature_interfaces/cmake/export_temperature_interfaces__rosidl_generator_pyExport-noconfig.cmake
-- Installing: /workspace/ros2_ws/install/temperature_interfaces/share/temperature_interfaces/cmake/rosidl_cmake-extras.cmake
-- Installing: /workspace/ros2_ws/install/temperature_interfaces/share/temperature_interfaces/cmake/ament_cmake_export_include_directories-extras.cmake
-- Installing: /workspace/ros2_ws/install/temperature_interfaces/share/temperature_interfaces/cmake/ament_cmake_export_libraries-extras.cmake
-- Installing: /workspace/ros2_ws/install/temperature_interfaces/share/temperature_interfaces/cmake/ament_cmake_export_targets-extras.cmake
-- Installing: /workspace/ros2_ws/install/temperature_interfaces/share/temperature_interfaces/cmake/rosidl_cmake_export_typesupport_targets-extras.cmake
-- Installing: /workspace/ros2_ws/install/temperature_interfaces/share/temperature_interfaces/cmake/ament_cmake_export_dependencies-extras.cmake
-- Installing: /workspace/ros2_ws/install/temperature_interfaces/share/temperature_interfaces/cmake/rosidl_cmake_export_typesupport_libraries-extras.cmake
-- Installing: /workspace/ros2_ws/install/temperature_interfaces/share/temperature_interfaces/cmake/temperature_interfacesConfig.cmake
-- Installing: /workspace/ros2_ws/install/temperature_interfaces/share/temperature_interfaces/cmake/temperature_interfacesConfig-version.cmake
-- Installing: /workspace/ros2_ws/install/temperature_interfaces/share/temperature_interfaces/package.xml
