[0.054s] Invoking command in '/workspace/ros2_ws/build/temperature_interfaces': CMAKE_PREFIX_PATH=/opt/ros/humble /usr/bin/cmake /workspace/ros2_ws/src/temperature_interfaces -DCMAKE_INSTALL_PREFIX=/workspace/ros2_ws/install/temperature_interfaces
[0.077s] -- Found ament_cmake: 1.3.12 (/opt/ros/humble/share/ament_cmake/cmake)
[0.480s] -- Found rosidl_default_generators: 1.2.0 (/opt/ros/humble/share/rosidl_default_generators/cmake)
[0.488s] -- Using all available rosidl_typesupport_c: rosidl_typesupport_fastrtps_c;rosidl_typesupport_introspection_c
[0.495s] -- Found rosidl_adapter: 3.1.7 (/opt/ros/humble/share/rosidl_adapter/cmake)
[0.564s] -- Using all available rosidl_typesupport_cpp: rosidl_typesupport_fastrtps_cpp;rosidl_typesupport_introspection_cpp
[1.531s] -- Found ament_cmake_ros: 0.10.0 (/opt/ros/humble/share/ament_cmake_ros/cmake)
[2.193s] -- Using all available rosidl_typesupport_c: rosidl_typesupport_fastrtps_c;rosidl_typesupport_introspection_c
[2.984s] -- Using all available rosidl_typesupport_cpp: rosidl_typesupport_fastrtps_cpp;rosidl_typesupport_introspection_cpp
[3.031s] -- Found PythonInterp: /usr/bin/python3 (found suitable version "3.10.12", minimum required is "3.6") 
[3.043s] -- Found python_cmake_module: 0.10.0 (/opt/ros/humble/share/python_cmake_module/cmake)
[3.123s] -- Found PythonLibs: /usr/lib/x86_64-linux-gnu/libpython3.10.so (found suitable version "3.10.12", minimum required is "3.5") 
[3.124s] -- Using PYTHON_EXECUTABLE: /usr/bin/python3
[3.125s] -- Using PYTHON_INCLUDE_DIRS: /usr/include/python3.10
[3.126s] -- Using PYTHON_LIBRARIES: /usr/lib/x86_64-linux-gnu/libpython3.10.so
[3.164s] -- Found PythonExtra: .so  
[3.359s] -- Found ament_lint_auto: 0.12.14 (/opt/ros/humble/share/ament_lint_auto/cmake)
[3.705s] -- Configuring done
[5.245s] -- Generating done
[5.720s] -- Build files have been written to: /workspace/ros2_ws/build/temperature_interfaces
[5.726s] Invoked command in '/workspace/ros2_ws/build/temperature_interfaces' returned '0': CMAKE_PREFIX_PATH=/opt/ros/humble /usr/bin/cmake /workspace/ros2_ws/src/temperature_interfaces -DCMAKE_INSTALL_PREFIX=/workspace/ros2_ws/install/temperature_interfaces
[5.739s] Invoking command in '/workspace/ros2_ws/build/temperature_interfaces': CMAKE_PREFIX_PATH=/opt/ros/humble /usr/bin/cmake --build /workspace/ros2_ws/build/temperature_interfaces -- -j8 -l8
[6.071s] [  3%] [34m[1mGenerating C code for ROS interfaces[0m
[6.155s] [  6%] [34m[1mGenerating C++ code for ROS interfaces[0m
[6.195s] [  6%] Built target ament_cmake_python_copy_temperature_interfaces
[7.766s] running egg_info
[7.851s] creating temperature_interfaces.egg-info
[7.854s] writing temperature_interfaces.egg-info/PKG-INFO
[7.863s] writing dependency_links to temperature_interfaces.egg-info/dependency_links.txt
[7.869s] writing top-level names to temperature_interfaces.egg-info/top_level.txt
[7.875s] writing manifest file 'temperature_interfaces.egg-info/SOURCES.txt'
[7.995s] [  6%] Built target temperature_interfaces__cpp
[8.072s] [  9%] [34m[1mGenerating C++ introspection for ROS interfaces[0m
[8.079s] [ 12%] [34m[1mGenerating C++ type support for eProsima Fast-RTPS[0m
[8.105s] [ 16%] [34m[1mGenerating C++ type support dispatch for ROS interfaces[0m
[8.155s] [ 19%] [32mBuilding C object CMakeFiles/temperature_interfaces__rosidl_generator_c.dir/rosidl_generator_c/temperature_interfaces/srv/detail/convert_temperature__functions.c.o[0m
[8.273s] reading manifest file 'temperature_interfaces.egg-info/SOURCES.txt'
[8.297s] writing manifest file 'temperature_interfaces.egg-info/SOURCES.txt'
[8.401s] [ 19%] Built target ament_cmake_python_build_temperature_interfaces_egg
[8.709s] [ 22%] [32m[1mLinking C shared library libtemperature_interfaces__rosidl_generator_c.so[0m
[8.962s] [ 22%] Built target temperature_interfaces__rosidl_generator_c
[9.016s] [ 32%] [34m[1mGenerating C introspection for ROS interfaces[0m
[9.020s] [ 32%] [34m[1mGenerating C type support for eProsima Fast-RTPS[0m
[9.023s] [ 32%] [34m[1mGenerating C type support dispatch for ROS interfaces[0m
[9.386s] [ 35%] [32mBuilding CXX object CMakeFiles/temperature_interfaces__rosidl_typesupport_cpp.dir/rosidl_typesupport_cpp/temperature_interfaces/srv/convert_temperature__type_support.cpp.o[0m
[9.432s] [ 38%] [32mBuilding CXX object CMakeFiles/temperature_interfaces__rosidl_typesupport_introspection_cpp.dir/rosidl_typesupport_introspection_cpp/temperature_interfaces/srv/detail/convert_temperature__type_support.cpp.o[0m
[9.549s] [ 41%] [32mBuilding CXX object CMakeFiles/temperature_interfaces__rosidl_typesupport_fastrtps_cpp.dir/rosidl_typesupport_fastrtps_cpp/temperature_interfaces/srv/detail/dds_fastrtps/convert_temperature__type_support.cpp.o[0m
[10.299s] [ 45%] [32mBuilding CXX object CMakeFiles/temperature_interfaces__rosidl_typesupport_c.dir/rosidl_typesupport_c/temperature_interfaces/srv/convert_temperature__type_support.cpp.o[0m
[10.411s] [ 48%] [32mBuilding CXX object CMakeFiles/temperature_interfaces__rosidl_typesupport_fastrtps_c.dir/rosidl_typesupport_fastrtps_c/temperature_interfaces/srv/detail/convert_temperature__type_support_c.cpp.o[0m
[10.434s] [ 51%] [32mBuilding C object CMakeFiles/temperature_interfaces__rosidl_typesupport_introspection_c.dir/rosidl_typesupport_introspection_c/temperature_interfaces/srv/detail/convert_temperature__type_support.c.o[0m
[10.482s] [ 54%] [32m[1mLinking CXX shared library libtemperature_interfaces__rosidl_typesupport_c.so[0m
[10.671s] [ 58%] [32m[1mLinking C shared library libtemperature_interfaces__rosidl_typesupport_introspection_c.so[0m
[10.685s] [ 58%] Built target temperature_interfaces__rosidl_typesupport_c
[10.804s] [ 58%] Built target temperature_interfaces__rosidl_typesupport_introspection_c
[10.982s] [ 61%] [32m[1mLinking CXX shared library libtemperature_interfaces__rosidl_typesupport_cpp.so[0m
[11.133s] [ 61%] Built target temperature_interfaces__rosidl_typesupport_cpp
[11.378s] [ 64%] [32m[1mLinking CXX shared library libtemperature_interfaces__rosidl_typesupport_introspection_cpp.so[0m
[11.504s] [ 67%] [32m[1mLinking CXX shared library libtemperature_interfaces__rosidl_typesupport_fastrtps_cpp.so[0m
[11.566s] [ 67%] Built target temperature_interfaces__rosidl_typesupport_introspection_cpp
[11.649s] [ 70%] [32m[1mLinking CXX shared library libtemperature_interfaces__rosidl_typesupport_fastrtps_c.so[0m
[11.707s] [ 70%] Built target temperature_interfaces__rosidl_typesupport_fastrtps_cpp
[11.846s] [ 70%] Built target temperature_interfaces__rosidl_typesupport_fastrtps_c
[11.902s] [ 70%] Built target temperature_interfaces
[11.954s] [ 74%] [34m[1mGenerating Python code for ROS interfaces[0m
[12.820s] [ 74%] Built target temperature_interfaces__py
[12.870s] [ 77%] [32mBuilding C object CMakeFiles/temperature_interfaces__rosidl_generator_py.dir/rosidl_generator_py/temperature_interfaces/srv/_convert_temperature_s.c.o[0m
[13.261s] [ 80%] [32m[1mLinking C shared library rosidl_generator_py/temperature_interfaces/libtemperature_interfaces__rosidl_generator_py.so[0m
[13.380s] [ 80%] Built target temperature_interfaces__rosidl_generator_py
[13.449s] [ 83%] [32mBuilding C object CMakeFiles/temperature_interfaces__rosidl_typesupport_fastrtps_c__pyext.dir/rosidl_generator_py/temperature_interfaces/_temperature_interfaces_s.ep.rosidl_typesupport_fastrtps_c.c.o[0m
[13.459s] [ 87%] [32mBuilding C object CMakeFiles/temperature_interfaces__rosidl_typesupport_introspection_c__pyext.dir/rosidl_generator_py/temperature_interfaces/_temperature_interfaces_s.ep.rosidl_typesupport_introspection_c.c.o[0m
[13.470s] [ 90%] [32mBuilding C object CMakeFiles/temperature_interfaces__rosidl_typesupport_c__pyext.dir/rosidl_generator_py/temperature_interfaces/_temperature_interfaces_s.ep.rosidl_typesupport_c.c.o[0m
[13.859s] [ 93%] [32m[1mLinking C shared library rosidl_generator_py/temperature_interfaces/temperature_interfaces_s__rosidl_typesupport_c.cpython-310-x86_64-linux-gnu.so[0m
[13.908s] [ 96%] [32m[1mLinking C shared library rosidl_generator_py/temperature_interfaces/temperature_interfaces_s__rosidl_typesupport_fastrtps_c.cpython-310-x86_64-linux-gnu.so[0m
[13.917s] [100%] [32m[1mLinking C shared library rosidl_generator_py/temperature_interfaces/temperature_interfaces_s__rosidl_typesupport_introspection_c.cpython-310-x86_64-linux-gnu.so[0m
[14.025s] [100%] Built target temperature_interfaces__rosidl_typesupport_c__pyext
[14.082s] [100%] Built target temperature_interfaces__rosidl_typesupport_fastrtps_c__pyext
[14.089s] [100%] Built target temperature_interfaces__rosidl_typesupport_introspection_c__pyext
[14.142s] Invoked command in '/workspace/ros2_ws/build/temperature_interfaces' returned '0': CMAKE_PREFIX_PATH=/opt/ros/humble /usr/bin/cmake --build /workspace/ros2_ws/build/temperature_interfaces -- -j8 -l8
[14.183s] Invoking command in '/workspace/ros2_ws/build/temperature_interfaces': CMAKE_PREFIX_PATH=/opt/ros/humble /usr/bin/cmake --install /workspace/ros2_ws/build/temperature_interfaces
[14.201s] -- Install configuration: ""
[14.208s] -- Installing: /workspace/ros2_ws/install/temperature_interfaces/share/ament_index/resource_index/rosidl_interfaces/temperature_interfaces
[14.220s] -- Installing: /workspace/ros2_ws/install/temperature_interfaces/include/temperature_interfaces/temperature_interfaces
[14.229s] -- Installing: /workspace/ros2_ws/install/temperature_interfaces/include/temperature_interfaces/temperature_interfaces/msg
[14.244s] -- Installing: /workspace/ros2_ws/install/temperature_interfaces/include/temperature_interfaces/temperature_interfaces/msg/rosidl_generator_c__visibility_control.h
[14.261s] -- Installing: /workspace/ros2_ws/install/temperature_interfaces/include/temperature_interfaces/temperature_interfaces/srv
[14.276s] -- Installing: /workspace/ros2_ws/install/temperature_interfaces/include/temperature_interfaces/temperature_interfaces/srv/convert_temperature.h
[14.289s] -- Installing: /workspace/ros2_ws/install/temperature_interfaces/include/temperature_interfaces/temperature_interfaces/srv/detail
[14.296s] -- Installing: /workspace/ros2_ws/install/temperature_interfaces/include/temperature_interfaces/temperature_interfaces/srv/detail/convert_temperature__struct.h
[14.309s] -- Installing: /workspace/ros2_ws/install/temperature_interfaces/include/temperature_interfaces/temperature_interfaces/srv/detail/convert_temperature__functions.c
[14.329s] -- Installing: /workspace/ros2_ws/install/temperature_interfaces/include/temperature_interfaces/temperature_interfaces/srv/detail/convert_temperature__type_support.h
[14.343s] -- Installing: /workspace/ros2_ws/install/temperature_interfaces/include/temperature_interfaces/temperature_interfaces/srv/detail/convert_temperature__functions.h
[14.365s] -- Installing: /workspace/ros2_ws/install/temperature_interfaces/share/temperature_interfaces/environment/library_path.sh
[14.379s] -- Installing: /workspace/ros2_ws/install/temperature_interfaces/share/temperature_interfaces/environment/library_path.dsv
[14.396s] -- Installing: /workspace/ros2_ws/install/temperature_interfaces/lib/libtemperature_interfaces__rosidl_generator_c.so
[14.415s] -- Set runtime path of "/workspace/ros2_ws/install/temperature_interfaces/lib/libtemperature_interfaces__rosidl_generator_c.so" to ""
[14.417s] -- Up-to-date: /workspace/ros2_ws/install/temperature_interfaces/include/temperature_interfaces/temperature_interfaces
[14.423s] -- Up-to-date: /workspace/ros2_ws/install/temperature_interfaces/include/temperature_interfaces/temperature_interfaces/msg
[14.427s] -- Installing: /workspace/ros2_ws/install/temperature_interfaces/include/temperature_interfaces/temperature_interfaces/msg/rosidl_typesupport_fastrtps_c__visibility_control.h
[14.436s] -- Up-to-date: /workspace/ros2_ws/install/temperature_interfaces/include/temperature_interfaces/temperature_interfaces/srv
[14.439s] -- Up-to-date: /workspace/ros2_ws/install/temperature_interfaces/include/temperature_interfaces/temperature_interfaces/srv/detail
[14.444s] -- Installing: /workspace/ros2_ws/install/temperature_interfaces/include/temperature_interfaces/temperature_interfaces/srv/detail/convert_temperature__rosidl_typesupport_fastrtps_c.h
[14.465s] -- Installing: /workspace/ros2_ws/install/temperature_interfaces/lib/libtemperature_interfaces__rosidl_typesupport_fastrtps_c.so
[14.515s] -- Set runtime path of "/workspace/ros2_ws/install/temperature_interfaces/lib/libtemperature_interfaces__rosidl_typesupport_fastrtps_c.so" to ""
[14.518s] -- Up-to-date: /workspace/ros2_ws/install/temperature_interfaces/include/temperature_interfaces/temperature_interfaces
[14.523s] -- Up-to-date: /workspace/ros2_ws/install/temperature_interfaces/include/temperature_interfaces/temperature_interfaces/msg
[14.534s] -- Installing: /workspace/ros2_ws/install/temperature_interfaces/include/temperature_interfaces/temperature_interfaces/msg/rosidl_typesupport_introspection_c__visibility_control.h
[14.550s] -- Up-to-date: /workspace/ros2_ws/install/temperature_interfaces/include/temperature_interfaces/temperature_interfaces/srv
[14.556s] -- Up-to-date: /workspace/ros2_ws/install/temperature_interfaces/include/temperature_interfaces/temperature_interfaces/srv/detail
[14.558s] -- Installing: /workspace/ros2_ws/install/temperature_interfaces/include/temperature_interfaces/temperature_interfaces/srv/detail/convert_temperature__rosidl_typesupport_introspection_c.h
[14.571s] -- Installing: /workspace/ros2_ws/install/temperature_interfaces/include/temperature_interfaces/temperature_interfaces/srv/detail/convert_temperature__type_support.c
[14.591s] -- Installing: /workspace/ros2_ws/install/temperature_interfaces/lib/libtemperature_interfaces__rosidl_typesupport_introspection_c.so
[14.644s] -- Set runtime path of "/workspace/ros2_ws/install/temperature_interfaces/lib/libtemperature_interfaces__rosidl_typesupport_introspection_c.so" to ""
[14.647s] -- Installing: /workspace/ros2_ws/install/temperature_interfaces/lib/libtemperature_interfaces__rosidl_typesupport_c.so
[14.678s] -- Set runtime path of "/workspace/ros2_ws/install/temperature_interfaces/lib/libtemperature_interfaces__rosidl_typesupport_c.so" to ""
[14.681s] -- Up-to-date: /workspace/ros2_ws/install/temperature_interfaces/include/temperature_interfaces/temperature_interfaces
[14.687s] -- Up-to-date: /workspace/ros2_ws/install/temperature_interfaces/include/temperature_interfaces/temperature_interfaces/msg
[14.693s] -- Installing: /workspace/ros2_ws/install/temperature_interfaces/include/temperature_interfaces/temperature_interfaces/msg/rosidl_generator_cpp__visibility_control.hpp
[14.709s] -- Up-to-date: /workspace/ros2_ws/install/temperature_interfaces/include/temperature_interfaces/temperature_interfaces/srv
[14.714s] -- Installing: /workspace/ros2_ws/install/temperature_interfaces/include/temperature_interfaces/temperature_interfaces/srv/convert_temperature.hpp
[14.731s] -- Up-to-date: /workspace/ros2_ws/install/temperature_interfaces/include/temperature_interfaces/temperature_interfaces/srv/detail
[14.732s] -- Installing: /workspace/ros2_ws/install/temperature_interfaces/include/temperature_interfaces/temperature_interfaces/srv/detail/convert_temperature__struct.hpp
[14.751s] -- Installing: /workspace/ros2_ws/install/temperature_interfaces/include/temperature_interfaces/temperature_interfaces/srv/detail/convert_temperature__builder.hpp
[14.765s] -- Installing: /workspace/ros2_ws/install/temperature_interfaces/include/temperature_interfaces/temperature_interfaces/srv/detail/convert_temperature__traits.hpp
[14.780s] -- Installing: /workspace/ros2_ws/install/temperature_interfaces/include/temperature_interfaces/temperature_interfaces/srv/detail/convert_temperature__type_support.hpp
[14.793s] -- Up-to-date: /workspace/ros2_ws/install/temperature_interfaces/include/temperature_interfaces/temperature_interfaces
[14.797s] -- Up-to-date: /workspace/ros2_ws/install/temperature_interfaces/include/temperature_interfaces/temperature_interfaces/msg
[14.802s] -- Installing: /workspace/ros2_ws/install/temperature_interfaces/include/temperature_interfaces/temperature_interfaces/msg/rosidl_typesupport_fastrtps_cpp__visibility_control.h
[14.817s] -- Up-to-date: /workspace/ros2_ws/install/temperature_interfaces/include/temperature_interfaces/temperature_interfaces/srv
[14.821s] -- Up-to-date: /workspace/ros2_ws/install/temperature_interfaces/include/temperature_interfaces/temperature_interfaces/srv/detail
[14.830s] -- Installing: /workspace/ros2_ws/install/temperature_interfaces/include/temperature_interfaces/temperature_interfaces/srv/detail/convert_temperature__rosidl_typesupport_fastrtps_cpp.hpp
[14.840s] -- Installing: /workspace/ros2_ws/install/temperature_interfaces/include/temperature_interfaces/temperature_interfaces/srv/detail/dds_fastrtps
[14.847s] -- Installing: /workspace/ros2_ws/install/temperature_interfaces/lib/libtemperature_interfaces__rosidl_typesupport_fastrtps_cpp.so
[14.876s] -- Set runtime path of "/workspace/ros2_ws/install/temperature_interfaces/lib/libtemperature_interfaces__rosidl_typesupport_fastrtps_cpp.so" to ""
[14.881s] -- Up-to-date: /workspace/ros2_ws/install/temperature_interfaces/include/temperature_interfaces/temperature_interfaces
[14.882s] -- Up-to-date: /workspace/ros2_ws/install/temperature_interfaces/include/temperature_interfaces/temperature_interfaces/srv
[14.884s] -- Up-to-date: /workspace/ros2_ws/install/temperature_interfaces/include/temperature_interfaces/temperature_interfaces/srv/detail
[14.889s] -- Installing: /workspace/ros2_ws/install/temperature_interfaces/include/temperature_interfaces/temperature_interfaces/srv/detail/convert_temperature__type_support.cpp
[14.914s] -- Installing: /workspace/ros2_ws/install/temperature_interfaces/include/temperature_interfaces/temperature_interfaces/srv/detail/convert_temperature__rosidl_typesupport_introspection_cpp.hpp
[14.933s] -- Installing: /workspace/ros2_ws/install/temperature_interfaces/lib/libtemperature_interfaces__rosidl_typesupport_introspection_cpp.so
[14.954s] -- Set runtime path of "/workspace/ros2_ws/install/temperature_interfaces/lib/libtemperature_interfaces__rosidl_typesupport_introspection_cpp.so" to ""
[14.956s] -- Installing: /workspace/ros2_ws/install/temperature_interfaces/lib/libtemperature_interfaces__rosidl_typesupport_cpp.so
[14.973s] -- Set runtime path of "/workspace/ros2_ws/install/temperature_interfaces/lib/libtemperature_interfaces__rosidl_typesupport_cpp.so" to ""
[14.976s] -- Installing: /workspace/ros2_ws/install/temperature_interfaces/share/temperature_interfaces/environment/pythonpath.sh
[14.991s] -- Installing: /workspace/ros2_ws/install/temperature_interfaces/share/temperature_interfaces/environment/pythonpath.dsv
[15.017s] -- Installing: /workspace/ros2_ws/install/temperature_interfaces/local/lib/python3.10/dist-packages/temperature_interfaces-0.0.0-py3.10.egg-info
[15.033s] -- Installing: /workspace/ros2_ws/install/temperature_interfaces/local/lib/python3.10/dist-packages/temperature_interfaces-0.0.0-py3.10.egg-info/PKG-INFO
[15.045s] -- Installing: /workspace/ros2_ws/install/temperature_interfaces/local/lib/python3.10/dist-packages/temperature_interfaces-0.0.0-py3.10.egg-info/SOURCES.txt
[15.055s] -- Installing: /workspace/ros2_ws/install/temperature_interfaces/local/lib/python3.10/dist-packages/temperature_interfaces-0.0.0-py3.10.egg-info/top_level.txt
[15.069s] -- Installing: /workspace/ros2_ws/install/temperature_interfaces/local/lib/python3.10/dist-packages/temperature_interfaces-0.0.0-py3.10.egg-info/dependency_links.txt
[15.082s] -- Installing: /workspace/ros2_ws/install/temperature_interfaces/local/lib/python3.10/dist-packages/temperature_interfaces
[15.092s] -- Installing: /workspace/ros2_ws/install/temperature_interfaces/local/lib/python3.10/dist-packages/temperature_interfaces/libtemperature_interfaces__rosidl_generator_py.so
[15.115s] -- Installing: /workspace/ros2_ws/install/temperature_interfaces/local/lib/python3.10/dist-packages/temperature_interfaces/_temperature_interfaces_s.ep.rosidl_typesupport_introspection_c.c
[15.129s] -- Installing: /workspace/ros2_ws/install/temperature_interfaces/local/lib/python3.10/dist-packages/temperature_interfaces/temperature_interfaces_s__rosidl_typesupport_introspection_c.cpython-310-x86_64-linux-gnu.so
[15.142s] -- Installing: /workspace/ros2_ws/install/temperature_interfaces/local/lib/python3.10/dist-packages/temperature_interfaces/temperature_interfaces_s__rosidl_typesupport_fastrtps_c.cpython-310-x86_64-linux-gnu.so
[15.163s] -- Installing: /workspace/ros2_ws/install/temperature_interfaces/local/lib/python3.10/dist-packages/temperature_interfaces/__init__.py
[15.175s] -- Installing: /workspace/ros2_ws/install/temperature_interfaces/local/lib/python3.10/dist-packages/temperature_interfaces/_temperature_interfaces_s.ep.rosidl_typesupport_fastrtps_c.c
[15.195s] -- Installing: /workspace/ros2_ws/install/temperature_interfaces/local/lib/python3.10/dist-packages/temperature_interfaces/_temperature_interfaces_s.ep.rosidl_typesupport_c.c
[15.210s] -- Installing: /workspace/ros2_ws/install/temperature_interfaces/local/lib/python3.10/dist-packages/temperature_interfaces/temperature_interfaces_s__rosidl_typesupport_c.cpython-310-x86_64-linux-gnu.so
[15.232s] -- Installing: /workspace/ros2_ws/install/temperature_interfaces/local/lib/python3.10/dist-packages/temperature_interfaces/srv
[15.241s] -- Installing: /workspace/ros2_ws/install/temperature_interfaces/local/lib/python3.10/dist-packages/temperature_interfaces/srv/_convert_temperature_s.c
[15.255s] -- Installing: /workspace/ros2_ws/install/temperature_interfaces/local/lib/python3.10/dist-packages/temperature_interfaces/srv/__init__.py
[15.279s] -- Installing: /workspace/ros2_ws/install/temperature_interfaces/local/lib/python3.10/dist-packages/temperature_interfaces/srv/_convert_temperature.py
[15.471s] Listing '/workspace/ros2_ws/install/temperature_interfaces/local/lib/python3.10/dist-packages/temperature_interfaces'...
[15.474s] Compiling '/workspace/ros2_ws/install/temperature_interfaces/local/lib/python3.10/dist-packages/temperature_interfaces/__init__.py'...
[15.476s] Listing '/workspace/ros2_ws/install/temperature_interfaces/local/lib/python3.10/dist-packages/temperature_interfaces/srv'...
[15.484s] Compiling '/workspace/ros2_ws/install/temperature_interfaces/local/lib/python3.10/dist-packages/temperature_interfaces/srv/__init__.py'...
[15.489s] Compiling '/workspace/ros2_ws/install/temperature_interfaces/local/lib/python3.10/dist-packages/temperature_interfaces/srv/_convert_temperature.py'...
[15.496s] -- Installing: /workspace/ros2_ws/install/temperature_interfaces/local/lib/python3.10/dist-packages/temperature_interfaces/temperature_interfaces_s__rosidl_typesupport_fastrtps_c.cpython-310-x86_64-linux-gnu.so
[15.517s] -- Set runtime path of "/workspace/ros2_ws/install/temperature_interfaces/local/lib/python3.10/dist-packages/temperature_interfaces/temperature_interfaces_s__rosidl_typesupport_fastrtps_c.cpython-310-x86_64-linux-gnu.so" to ""
[15.520s] -- Installing: /workspace/ros2_ws/install/temperature_interfaces/local/lib/python3.10/dist-packages/temperature_interfaces/temperature_interfaces_s__rosidl_typesupport_introspection_c.cpython-310-x86_64-linux-gnu.so
[15.537s] -- Set runtime path of "/workspace/ros2_ws/install/temperature_interfaces/local/lib/python3.10/dist-packages/temperature_interfaces/temperature_interfaces_s__rosidl_typesupport_introspection_c.cpython-310-x86_64-linux-gnu.so" to ""
[15.543s] -- Installing: /workspace/ros2_ws/install/temperature_interfaces/local/lib/python3.10/dist-packages/temperature_interfaces/temperature_interfaces_s__rosidl_typesupport_c.cpython-310-x86_64-linux-gnu.so
[15.567s] -- Set runtime path of "/workspace/ros2_ws/install/temperature_interfaces/local/lib/python3.10/dist-packages/temperature_interfaces/temperature_interfaces_s__rosidl_typesupport_c.cpython-310-x86_64-linux-gnu.so" to ""
[15.569s] -- Installing: /workspace/ros2_ws/install/temperature_interfaces/lib/libtemperature_interfaces__rosidl_generator_py.so
[15.585s] -- Set runtime path of "/workspace/ros2_ws/install/temperature_interfaces/lib/libtemperature_interfaces__rosidl_generator_py.so" to ""
[15.593s] -- Installing: /workspace/ros2_ws/install/temperature_interfaces/share/temperature_interfaces/srv/ConvertTemperature.idl
[15.604s] -- Installing: /workspace/ros2_ws/install/temperature_interfaces/share/temperature_interfaces/srv/ConvertTemperature.srv
[15.615s] -- Installing: /workspace/ros2_ws/install/temperature_interfaces/share/temperature_interfaces/srv/ConvertTemperature_Request.msg
[15.626s] -- Installing: /workspace/ros2_ws/install/temperature_interfaces/share/temperature_interfaces/srv/ConvertTemperature_Response.msg
[15.642s] -- Installing: /workspace/ros2_ws/install/temperature_interfaces/share/ament_index/resource_index/package_run_dependencies/temperature_interfaces
[15.660s] -- Installing: /workspace/ros2_ws/install/temperature_interfaces/share/ament_index/resource_index/parent_prefix_path/temperature_interfaces
[15.673s] -- Installing: /workspace/ros2_ws/install/temperature_interfaces/share/temperature_interfaces/environment/ament_prefix_path.sh
[15.692s] -- Installing: /workspace/ros2_ws/install/temperature_interfaces/share/temperature_interfaces/environment/ament_prefix_path.dsv
[15.704s] -- Installing: /workspace/ros2_ws/install/temperature_interfaces/share/temperature_interfaces/environment/path.sh
[15.715s] -- Installing: /workspace/ros2_ws/install/temperature_interfaces/share/temperature_interfaces/environment/path.dsv
[15.728s] -- Installing: /workspace/ros2_ws/install/temperature_interfaces/share/temperature_interfaces/local_setup.bash
[15.744s] -- Installing: /workspace/ros2_ws/install/temperature_interfaces/share/temperature_interfaces/local_setup.sh
[15.755s] -- Installing: /workspace/ros2_ws/install/temperature_interfaces/share/temperature_interfaces/local_setup.zsh
[15.770s] -- Installing: /workspace/ros2_ws/install/temperature_interfaces/share/temperature_interfaces/local_setup.dsv
[15.784s] -- Installing: /workspace/ros2_ws/install/temperature_interfaces/share/temperature_interfaces/package.dsv
[15.803s] -- Installing: /workspace/ros2_ws/install/temperature_interfaces/share/ament_index/resource_index/packages/temperature_interfaces
[15.822s] -- Installing: /workspace/ros2_ws/install/temperature_interfaces/share/temperature_interfaces/cmake/export_temperature_interfaces__rosidl_generator_cExport.cmake
[15.836s] -- Installing: /workspace/ros2_ws/install/temperature_interfaces/share/temperature_interfaces/cmake/export_temperature_interfaces__rosidl_generator_cExport-noconfig.cmake
[15.855s] -- Installing: /workspace/ros2_ws/install/temperature_interfaces/share/temperature_interfaces/cmake/export_temperature_interfaces__rosidl_typesupport_fastrtps_cExport.cmake
[15.868s] -- Installing: /workspace/ros2_ws/install/temperature_interfaces/share/temperature_interfaces/cmake/export_temperature_interfaces__rosidl_typesupport_fastrtps_cExport-noconfig.cmake
[15.882s] -- Installing: /workspace/ros2_ws/install/temperature_interfaces/share/temperature_interfaces/cmake/temperature_interfaces__rosidl_typesupport_introspection_cExport.cmake
[15.900s] -- Installing: /workspace/ros2_ws/install/temperature_interfaces/share/temperature_interfaces/cmake/temperature_interfaces__rosidl_typesupport_introspection_cExport-noconfig.cmake
[15.917s] -- Installing: /workspace/ros2_ws/install/temperature_interfaces/share/temperature_interfaces/cmake/temperature_interfaces__rosidl_typesupport_cExport.cmake
[15.933s] -- Installing: /workspace/ros2_ws/install/temperature_interfaces/share/temperature_interfaces/cmake/temperature_interfaces__rosidl_typesupport_cExport-noconfig.cmake
[15.958s] -- Installing: /workspace/ros2_ws/install/temperature_interfaces/share/temperature_interfaces/cmake/export_temperature_interfaces__rosidl_generator_cppExport.cmake
[16.050s] -- Installing: /workspace/ros2_ws/install/temperature_interfaces/share/temperature_interfaces/cmake/export_temperature_interfaces__rosidl_typesupport_fastrtps_cppExport.cmake
[16.070s] -- Installing: /workspace/ros2_ws/install/temperature_interfaces/share/temperature_interfaces/cmake/export_temperature_interfaces__rosidl_typesupport_fastrtps_cppExport-noconfig.cmake
[16.088s] -- Installing: /workspace/ros2_ws/install/temperature_interfaces/share/temperature_interfaces/cmake/temperature_interfaces__rosidl_typesupport_introspection_cppExport.cmake
[16.107s] -- Installing: /workspace/ros2_ws/install/temperature_interfaces/share/temperature_interfaces/cmake/temperature_interfaces__rosidl_typesupport_introspection_cppExport-noconfig.cmake
[16.135s] -- Installing: /workspace/ros2_ws/install/temperature_interfaces/share/temperature_interfaces/cmake/temperature_interfaces__rosidl_typesupport_cppExport.cmake
[16.146s] -- Installing: /workspace/ros2_ws/install/temperature_interfaces/share/temperature_interfaces/cmake/temperature_interfaces__rosidl_typesupport_cppExport-noconfig.cmake
[16.161s] -- Installing: /workspace/ros2_ws/install/temperature_interfaces/share/temperature_interfaces/cmake/export_temperature_interfaces__rosidl_generator_pyExport.cmake
[16.174s] -- Installing: /workspace/ros2_ws/install/temperature_interfaces/share/temperature_interfaces/cmake/export_temperature_interfaces__rosidl_generator_pyExport-noconfig.cmake
[16.187s] -- Installing: /workspace/ros2_ws/install/temperature_interfaces/share/temperature_interfaces/cmake/rosidl_cmake-extras.cmake
[16.200s] -- Installing: /workspace/ros2_ws/install/temperature_interfaces/share/temperature_interfaces/cmake/ament_cmake_export_include_directories-extras.cmake
[16.213s] -- Installing: /workspace/ros2_ws/install/temperature_interfaces/share/temperature_interfaces/cmake/ament_cmake_export_libraries-extras.cmake
[16.226s] -- Installing: /workspace/ros2_ws/install/temperature_interfaces/share/temperature_interfaces/cmake/ament_cmake_export_targets-extras.cmake
[16.237s] -- Installing: /workspace/ros2_ws/install/temperature_interfaces/share/temperature_interfaces/cmake/rosidl_cmake_export_typesupport_targets-extras.cmake
[16.249s] -- Installing: /workspace/ros2_ws/install/temperature_interfaces/share/temperature_interfaces/cmake/ament_cmake_export_dependencies-extras.cmake
[16.271s] -- Installing: /workspace/ros2_ws/install/temperature_interfaces/share/temperature_interfaces/cmake/rosidl_cmake_export_typesupport_libraries-extras.cmake
[16.286s] -- Installing: /workspace/ros2_ws/install/temperature_interfaces/share/temperature_interfaces/cmake/temperature_interfacesConfig.cmake
[16.297s] -- Installing: /workspace/ros2_ws/install/temperature_interfaces/share/temperature_interfaces/cmake/temperature_interfacesConfig-version.cmake
[16.307s] -- Installing: /workspace/ros2_ws/install/temperature_interfaces/share/temperature_interfaces/package.xml
[16.330s] Invoked command in '/workspace/ros2_ws/build/temperature_interfaces' returned '0': CMAKE_PREFIX_PATH=/opt/ros/humble /usr/bin/cmake --install /workspace/ros2_ws/build/temperature_interfaces
