[49.287s] Invoking command in '/ODLC_Machine_Inferencing_System_2025-2026/ros2_workspace/source/gps_ros2': AMENT_PREFIX_PATH=/ODLC_Machine_Inferencing_System_2025-2026/ros2_workspace/install/gps_mavros:${AMENT_PREFIX_PATH} CMAKE_PREFIX_PATH=/ODLC_Machine_Inferencing_System_2025-2026/ros2_workspace/install/gps_mavros LD_LIBRARY_PATH=/ODLC_Machine_Inferencing_System_2025-2026/ros2_workspace/install/gps_mavros/lib:${LD_LIBRARY_PATH} PYTHONPATH=/ODLC_Machine_Inferencing_System_2025-2026/ros2_workspace/build/gps_ros2/prefix_override:/usr/lib/python3/dist-packages/colcon_core/task/python/colcon_distutils_commands:/ODLC_Machine_Inferencing_System_2025-2026/ros2_workspace/install/gps_ros2/lib/python3.10/site-packages:/ODLC_Machine_Inferencing_System_2025-2026/ros2_workspace/install/gps_mavros/local/lib/python3.10/dist-packages:${PYTHONPATH} /usr/bin/python3 -W ignore:setup.py install is deprecated -W ignore:easy_install command is deprecated setup.py egg_info --egg-base ../../build/gps_ros2 build --build-base /ODLC_Machine_Inferencing_System_2025-2026/ros2_workspace/build/gps_ros2/build install --record /ODLC_Machine_Inferencing_System_2025-2026/ros2_workspace/build/gps_ros2/install.log --single-version-externally-managed install_data
[72.319s] /home/ubuntu/.local/lib/python3.10/site-packages/setuptools/_distutils/dist.py:289: UserWarning: Unknown distribution option: 'tests_require'
[72.349s]   warnings.warn(msg)
[75.247s] running egg_info
[76.294s] writing ../../build/gps_ros2/gps_ros2.egg-info/PKG-INFO
[76.663s] writing dependency_links to ../../build/gps_ros2/gps_ros2.egg-info/dependency_links.txt
[76.782s] writing entry points to ../../build/gps_ros2/gps_ros2.egg-info/entry_points.txt
[76.896s] writing requirements to ../../build/gps_ros2/gps_ros2.egg-info/requires.txt
[77.019s] writing top-level names to ../../build/gps_ros2/gps_ros2.egg-info/top_level.txt
[78.784s] reading manifest file '../../build/gps_ros2/gps_ros2.egg-info/SOURCES.txt'
[80.826s] writing manifest file '../../build/gps_ros2/gps_ros2.egg-info/SOURCES.txt'
[80.951s] running build
[80.981s] running build_py
[81.565s] copying gps_ros2/gps.py -> /ODLC_Machine_Inferencing_System_2025-2026/ros2_workspace/build/gps_ros2/build/lib/gps_ros2
[82.662s] copying gps_ros2/__init__.py -> /ODLC_Machine_Inferencing_System_2025-2026/ros2_workspace/build/gps_ros2/build/lib/gps_ros2
[83.146s] running install
[83.163s] running install_lib
[84.979s] copying /ODLC_Machine_Inferencing_System_2025-2026/ros2_workspace/build/gps_ros2/build/lib/gps_ros2/gps.py -> /ODLC_Machine_Inferencing_System_2025-2026/ros2_workspace/install/gps_ros2/lib/python3.10/site-packages/gps_ros2
[87.459s] byte-compiling /ODLC_Machine_Inferencing_System_2025-2026/ros2_workspace/install/gps_ros2/lib/python3.10/site-packages/gps_ros2/gps.py to gps.cpython-310.pyc
[88.868s] running install_data
[89.501s] copying resource/gps_ros2 -> /ODLC_Machine_Inferencing_System_2025-2026/ros2_workspace/install/gps_ros2/share/ament_index/resource_index/packages
[90.239s] copying package.xml -> /ODLC_Machine_Inferencing_System_2025-2026/ros2_workspace/install/gps_ros2/share/gps_ros2
[90.609s] running install_egg_info
[91.405s] removing '/ODLC_Machine_Inferencing_System_2025-2026/ros2_workspace/install/gps_ros2/lib/python3.10/site-packages/gps_ros2-0.0.0-py3.10.egg-info' (and everything under it)
[93.240s] Copying ../../build/gps_ros2/gps_ros2.egg-info to /ODLC_Machine_Inferencing_System_2025-2026/ros2_workspace/install/gps_ros2/lib/python3.10/site-packages/gps_ros2-0.0.0-py3.10.egg-info
[99.922s] running install_scripts
[101.345s] Installing gpstest script to /ODLC_Machine_Inferencing_System_2025-2026/ros2_workspace/install/gps_ros2/lib/gps_ros2
[101.649s] writing list of installed files to '/ODLC_Machine_Inferencing_System_2025-2026/ros2_workspace/build/gps_ros2/install.log'
[101.874s] Invoked command in '/ODLC_Machine_Inferencing_System_2025-2026/ros2_workspace/source/gps_ros2' returned '0': AMENT_PREFIX_PATH=/ODLC_Machine_Inferencing_System_2025-2026/ros2_workspace/install/gps_mavros:${AMENT_PREFIX_PATH} CMAKE_PREFIX_PATH=/ODLC_Machine_Inferencing_System_2025-2026/ros2_workspace/install/gps_mavros LD_LIBRARY_PATH=/ODLC_Machine_Inferencing_System_2025-2026/ros2_workspace/install/gps_mavros/lib:${LD_LIBRARY_PATH} PYTHONPATH=/ODLC_Machine_Inferencing_System_2025-2026/ros2_workspace/build/gps_ros2/prefix_override:/usr/lib/python3/dist-packages/colcon_core/task/python/colcon_distutils_commands:/ODLC_Machine_Inferencing_System_2025-2026/ros2_workspace/install/gps_ros2/lib/python3.10/site-packages:/ODLC_Machine_Inferencing_System_2025-2026/ros2_workspace/install/gps_mavros/local/lib/python3.10/dist-packages:${PYTHONPATH} /usr/bin/python3 -W ignore:setup.py install is deprecated -W ignore:easy_install command is deprecated setup.py egg_info --egg-base ../../build/gps_ros2 build --build-base /ODLC_Machine_Inferencing_System_2025-2026/ros2_workspace/build/gps_ros2/build install --record /ODLC_Machine_Inferencing_System_2025-2026/ros2_workspace/build/gps_ros2/install.log --single-version-externally-managed install_data
