[2.199s] Invoking command in '/workspace/ros2_ws/src/ros2_image_stitching_pkg': PYTHONPATH=/workspace/ros2_ws/build/ros2_image_stitching_pkg/prefix_override:/usr/lib/python3/dist-packages/colcon_core/task/python/colcon_distutils_commands:/workspace/ros2_ws/install/ros2_image_stitching_pkg/lib/python3.10/site-packages:${PYTHONPATH} /usr/bin/python3 -W ignore:setup.py install is deprecated -W ignore:easy_install command is deprecated setup.py egg_info --egg-base ../../build/ros2_image_stitching_pkg build --build-base /workspace/ros2_ws/build/ros2_image_stitching_pkg/build install --record /workspace/ros2_ws/build/ros2_image_stitching_pkg/install.log --single-version-externally-managed install_data
[2.596s] /home/ubuntu/.local/lib/python3.10/site-packages/setuptools/_distutils/dist.py:289: UserWarning: Unknown distribution option: 'tests_require'
[2.598s]   warnings.warn(msg)
[2.815s] running egg_info
[2.858s] writing ../../build/ros2_image_stitching_pkg/ros2_image_stitching_pkg.egg-info/PKG-INFO
[2.872s] writing dependency_links to ../../build/ros2_image_stitching_pkg/ros2_image_stitching_pkg.egg-info/dependency_links.txt
[2.875s] writing requirements to ../../build/ros2_image_stitching_pkg/ros2_image_stitching_pkg.egg-info/requires.txt
[2.877s] writing top-level names to ../../build/ros2_image_stitching_pkg/ros2_image_stitching_pkg.egg-info/top_level.txt
[2.993s] reading manifest file '../../build/ros2_image_stitching_pkg/ros2_image_stitching_pkg.egg-info/SOURCES.txt'
[2.998s] writing manifest file '../../build/ros2_image_stitching_pkg/ros2_image_stitching_pkg.egg-info/SOURCES.txt'
[3.000s] running build
[3.002s] running build_py
[3.004s] copying ros2_image_stitching_pkg/__init__.py -> /workspace/ros2_ws/build/ros2_image_stitching_pkg/build/lib/ros2_image_stitching_pkg
[3.013s] running install
[3.027s] running install_lib
[3.090s] running install_data
[3.092s] copying resource/ros2_image_stitching_pkg -> /workspace/ros2_ws/install/ros2_image_stitching_pkg/share/ament_index/resource_index/packages
[3.097s] copying package.xml -> /workspace/ros2_ws/install/ros2_image_stitching_pkg/share/ros2_image_stitching_pkg
[3.103s] running install_egg_info
[3.145s] removing '/workspace/ros2_ws/install/ros2_image_stitching_pkg/lib/python3.10/site-packages/ros2_image_stitching_pkg-0.0.0-py3.10.egg-info' (and everything under it)
[3.151s] Copying ../../build/ros2_image_stitching_pkg/ros2_image_stitching_pkg.egg-info to /workspace/ros2_ws/install/ros2_image_stitching_pkg/lib/python3.10/site-packages/ros2_image_stitching_pkg-0.0.0-py3.10.egg-info
[3.212s] running install_scripts
[3.308s] writing list of installed files to '/workspace/ros2_ws/build/ros2_image_stitching_pkg/install.log'
[3.356s] Invoked command in '/workspace/ros2_ws/src/ros2_image_stitching_pkg' returned '0': PYTHONPATH=/workspace/ros2_ws/build/ros2_image_stitching_pkg/prefix_override:/usr/lib/python3/dist-packages/colcon_core/task/python/colcon_distutils_commands:/workspace/ros2_ws/install/ros2_image_stitching_pkg/lib/python3.10/site-packages:${PYTHONPATH} /usr/bin/python3 -W ignore:setup.py install is deprecated -W ignore:easy_install command is deprecated setup.py egg_info --egg-base ../../build/ros2_image_stitching_pkg build --build-base /workspace/ros2_ws/build/ros2_image_stitching_pkg/build install --record /workspace/ros2_ws/build/ros2_image_stitching_pkg/install.log --single-version-externally-managed install_data
