[2.207s] Invoking command in '/workspace/ros2_ws/src/siyi_cam_node': PYTHONPATH=/workspace/ros2_ws/build/siyi_cam_node/prefix_override:/usr/lib/python3/dist-packages/colcon_core/task/python/colcon_distutils_commands:/workspace/ros2_ws/install/siyi_cam_node/lib/python3.10/site-packages:${PYTHONPATH} /usr/bin/python3 -W ignore:setup.py install is deprecated -W ignore:easy_install command is deprecated setup.py egg_info --egg-base ../../build/siyi_cam_node build --build-base /workspace/ros2_ws/build/siyi_cam_node/build install --record /workspace/ros2_ws/build/siyi_cam_node/install.log --single-version-externally-managed install_data
[2.576s] /home/ubuntu/.local/lib/python3.10/site-packages/setuptools/_distutils/dist.py:289: UserWarning: Unknown distribution option: 'tests_require'
[2.577s]   warnings.warn(msg)
[2.822s] running egg_info
[2.872s] writing ../../build/siyi_cam_node/siyi_cam_node.egg-info/PKG-INFO
[2.881s] writing dependency_links to ../../build/siyi_cam_node/siyi_cam_node.egg-info/dependency_links.txt
[2.887s] writing requirements to ../../build/siyi_cam_node/siyi_cam_node.egg-info/requires.txt
[2.889s] writing top-level names to ../../build/siyi_cam_node/siyi_cam_node.egg-info/top_level.txt
[3.006s] reading manifest file '../../build/siyi_cam_node/siyi_cam_node.egg-info/SOURCES.txt'
[3.011s] writing manifest file '../../build/siyi_cam_node/siyi_cam_node.egg-info/SOURCES.txt'
[3.013s] running build
[3.015s] running build_py
[3.016s] copying siyi_cam_node/__init__.py -> /workspace/ros2_ws/build/siyi_cam_node/build/lib/siyi_cam_node
[3.020s] copying siyi_cam_node/siyi_cam_node.py -> /workspace/ros2_ws/build/siyi_cam_node/build/lib/siyi_cam_node
[3.030s] running install
[3.051s] running install_lib
[3.117s] running install_data
[3.119s] copying resource/siyi_cam_node -> /workspace/ros2_ws/install/siyi_cam_node/share/ament_index/resource_index/packages
[3.123s] copying package.xml -> /workspace/ros2_ws/install/siyi_cam_node/share/siyi_cam_node
[3.131s] running install_egg_info
[3.214s] removing '/workspace/ros2_ws/install/siyi_cam_node/lib/python3.10/site-packages/siyi_cam_node-0.0.0-py3.10.egg-info' (and everything under it)
[3.225s] Copying ../../build/siyi_cam_node/siyi_cam_node.egg-info to /workspace/ros2_ws/install/siyi_cam_node/lib/python3.10/site-packages/siyi_cam_node-0.0.0-py3.10.egg-info
[3.305s] running install_scripts
[3.461s] writing list of installed files to '/workspace/ros2_ws/build/siyi_cam_node/install.log'
[3.621s] Invoked command in '/workspace/ros2_ws/src/siyi_cam_node' returned '0': PYTHONPATH=/workspace/ros2_ws/build/siyi_cam_node/prefix_override:/usr/lib/python3/dist-packages/colcon_core/task/python/colcon_distutils_commands:/workspace/ros2_ws/install/siyi_cam_node/lib/python3.10/site-packages:${PYTHONPATH} /usr/bin/python3 -W ignore:setup.py install is deprecated -W ignore:easy_install command is deprecated setup.py egg_info --egg-base ../../build/siyi_cam_node build --build-base /workspace/ros2_ws/build/siyi_cam_node/build install --record /workspace/ros2_ws/build/siyi_cam_node/install.log --single-version-externally-managed install_data
