[3.932s] DEBUG:colcon:Command line arguments: ['/usr/bin/colcon', 'build', '--packages-select', 'gps_ros2']
[3.938s] DEBUG:colcon:Parsed command line arguments: Namespace(log_base=None, log_level=None, verb_name='build', build_base='build', install_base='install', merge_install=False, symlink_install=False, test_result_base=None, continue_on_error=False, executor='parallel', parallel_workers=12, event_handlers=None, ignore_user_meta=False, metas=['./colcon.meta'], base_paths=['.'], packages_ignore=None, packages_ignore_regex=None, paths=None, packages_up_to=None, packages_up_to_regex=None, packages_above=None, packages_above_and_dependencies=None, packages_above_depth=None, packages_select_by_dep=None, packages_skip_by_dep=None, packages_skip_up_to=None, packages_select_build_failed=False, packages_skip_build_finished=False, packages_select_test_failures=False, packages_skip_test_passed=False, packages_select=['gps_ros2'], packages_skip=None, packages_select_regex=None, packages_skip_regex=None, packages_start=None, packages_end=None, cmake_args=None, cmake_target=None, cmake_target_skip_unavailable=False, cmake_clean_cache=False, cmake_clean_first=False, cmake_force_configure=False, ament_cmake_args=None, catkin_cmake_args=None, catkin_skip_building_tests=False, mixin_files=None, mixin=None, verb_parser=<colcon_mixin.mixin.mixin_argument.MixinArgumentDecorator object at 0x7da44b4e1810>, verb_extension=<colcon_core.verb.build.BuildVerb object at 0x7da44b4e1210>, main=<bound method BuildVerb.main of <colcon_core.verb.build.BuildVerb object at 0x7da44b4e1210>>, mixin_verb=('build',))
[5.252s] Level 1:colcon.colcon_core.package_discovery:discover_packages(colcon_meta) check parameters
[5.260s] Level 1:colcon.colcon_core.package_discovery:discover_packages(recursive) check parameters
[5.262s] Level 1:colcon.colcon_core.package_discovery:discover_packages(ignore) check parameters
[5.264s] Level 1:colcon.colcon_core.package_discovery:discover_packages(path) check parameters
[5.267s] Level 1:colcon.colcon_core.package_discovery:discover_packages(colcon_meta) discover
[5.274s] Level 1:colcon.colcon_core.package_discovery:discover_packages(recursive) discover
[5.279s] INFO:colcon.colcon_core.package_discovery:Crawling recursively for packages in '/ODLC_Machine_Inferencing_System_2025-2026/ros2_workspace'
[5.333s] Level 1:colcon.colcon_core.package_identification:_identify(.) by extensions ['ignore', 'ignore_ament_install']
[5.349s] Level 1:colcon.colcon_core.package_identification:_identify(.) by extension 'ignore'
[5.368s] Level 1:colcon.colcon_core.package_identification:_identify(.) by extension 'ignore_ament_install'
[5.402s] Level 1:colcon.colcon_core.package_identification:_identify(.) by extensions ['colcon_pkg']
[5.407s] Level 1:colcon.colcon_core.package_identification:_identify(.) by extension 'colcon_pkg'
[5.420s] Level 1:colcon.colcon_core.package_identification:_identify(.) by extensions ['colcon_meta']
[5.428s] Level 1:colcon.colcon_core.package_identification:_identify(.) by extension 'colcon_meta'
[5.438s] Level 1:colcon.colcon_core.package_identification:_identify(.) by extensions ['ros']
[5.446s] Level 1:colcon.colcon_core.package_identification:_identify(.) by extension 'ros'
[5.911s] Level 1:colcon.colcon_core.package_identification:_identify(.) by extensions ['cmake', 'python']
[5.917s] Level 1:colcon.colcon_core.package_identification:_identify(.) by extension 'cmake'
[5.935s] Level 1:colcon.colcon_core.package_identification:_identify(.) by extension 'python'
[5.953s] Level 1:colcon.colcon_core.package_identification:_identify(.) by extensions ['python_setup_py']
[5.962s] Level 1:colcon.colcon_core.package_identification:_identify(.) by extension 'python_setup_py'
[6.033s] Level 1:colcon.colcon_core.package_identification:_identify(build) by extensions ['ignore', 'ignore_ament_install']
[6.034s] Level 1:colcon.colcon_core.package_identification:_identify(build) by extension 'ignore'
[6.051s] Level 1:colcon.colcon_core.package_identification:_identify(build) ignored
[6.084s] Level 1:colcon.colcon_core.package_identification:_identify(install) by extensions ['ignore', 'ignore_ament_install']
[6.089s] Level 1:colcon.colcon_core.package_identification:_identify(install) by extension 'ignore'
[6.109s] Level 1:colcon.colcon_core.package_identification:_identify(install) ignored
[6.176s] Level 1:colcon.colcon_core.package_identification:_identify(log) by extensions ['ignore', 'ignore_ament_install']
[6.179s] Level 1:colcon.colcon_core.package_identification:_identify(log) by extension 'ignore'
[6.193s] Level 1:colcon.colcon_core.package_identification:_identify(log) ignored
[6.239s] Level 1:colcon.colcon_core.package_identification:_identify(source) by extensions ['ignore', 'ignore_ament_install']
[6.246s] Level 1:colcon.colcon_core.package_identification:_identify(source) by extension 'ignore'
[6.264s] Level 1:colcon.colcon_core.package_identification:_identify(source) by extension 'ignore_ament_install'
[6.302s] Level 1:colcon.colcon_core.package_identification:_identify(source) by extensions ['colcon_pkg']
[6.310s] Level 1:colcon.colcon_core.package_identification:_identify(source) by extension 'colcon_pkg'
[6.321s] Level 1:colcon.colcon_core.package_identification:_identify(source) by extensions ['colcon_meta']
[6.322s] Level 1:colcon.colcon_core.package_identification:_identify(source) by extension 'colcon_meta'
[6.339s] Level 1:colcon.colcon_core.package_identification:_identify(source) by extensions ['ros']
[6.343s] Level 1:colcon.colcon_core.package_identification:_identify(source) by extension 'ros'
[6.422s] Level 1:colcon.colcon_core.package_identification:_identify(source) by extensions ['cmake', 'python']
[6.438s] Level 1:colcon.colcon_core.package_identification:_identify(source) by extension 'cmake'
[6.446s] Level 1:colcon.colcon_core.package_identification:_identify(source) by extension 'python'
[6.452s] Level 1:colcon.colcon_core.package_identification:_identify(source) by extensions ['python_setup_py']
[6.455s] Level 1:colcon.colcon_core.package_identification:_identify(source) by extension 'python_setup_py'
[6.511s] Level 1:colcon.colcon_core.package_identification:_identify(source/gps_ros2) by extensions ['ignore', 'ignore_ament_install']
[6.516s] Level 1:colcon.colcon_core.package_identification:_identify(source/gps_ros2) by extension 'ignore'
[6.542s] Level 1:colcon.colcon_core.package_identification:_identify(source/gps_ros2) by extension 'ignore_ament_install'
[6.577s] Level 1:colcon.colcon_core.package_identification:_identify(source/gps_ros2) by extensions ['colcon_pkg']
[6.582s] Level 1:colcon.colcon_core.package_identification:_identify(source/gps_ros2) by extension 'colcon_pkg'
[6.607s] Level 1:colcon.colcon_core.package_identification:_identify(source/gps_ros2) by extensions ['colcon_meta']
[6.608s] Level 1:colcon.colcon_core.package_identification:_identify(source/gps_ros2) by extension 'colcon_meta'
[6.629s] Level 1:colcon.colcon_core.package_identification:_identify(source/gps_ros2) by extensions ['ros']
[6.632s] Level 1:colcon.colcon_core.package_identification:_identify(source/gps_ros2) by extension 'ros'
[6.820s] DEBUG:colcon.colcon_core.package_identification:Package 'source/gps_ros2' with type 'ros.ament_python' and name 'gps_ros2'
[6.851s] Level 1:colcon.colcon_core.package_identification:_identify(source/package1) by extensions ['ignore', 'ignore_ament_install']
[6.853s] Level 1:colcon.colcon_core.package_identification:_identify(source/package1) by extension 'ignore'
[6.865s] Level 1:colcon.colcon_core.package_identification:_identify(source/package1) by extension 'ignore_ament_install'
[6.886s] Level 1:colcon.colcon_core.package_identification:_identify(source/package1) by extensions ['colcon_pkg']
[6.887s] Level 1:colcon.colcon_core.package_identification:_identify(source/package1) by extension 'colcon_pkg'
[6.900s] Level 1:colcon.colcon_core.package_identification:_identify(source/package1) by extensions ['colcon_meta']
[6.903s] Level 1:colcon.colcon_core.package_identification:_identify(source/package1) by extension 'colcon_meta'
[6.922s] Level 1:colcon.colcon_core.package_identification:_identify(source/package1) by extensions ['ros']
[6.925s] Level 1:colcon.colcon_core.package_identification:_identify(source/package1) by extension 'ros'
[7.095s] DEBUG:colcon.colcon_core.package_identification:Package 'source/package1' with type 'ros.ament_python' and name 'package1'
[7.167s] Level 1:colcon.colcon_core.package_identification:_identify(source/temperature_interface) by extensions ['ignore', 'ignore_ament_install']
[7.174s] Level 1:colcon.colcon_core.package_identification:_identify(source/temperature_interface) by extension 'ignore'
[7.214s] Level 1:colcon.colcon_core.package_identification:_identify(source/temperature_interface) by extension 'ignore_ament_install'
[7.242s] Level 1:colcon.colcon_core.package_identification:_identify(source/temperature_interface) by extensions ['colcon_pkg']
[7.243s] Level 1:colcon.colcon_core.package_identification:_identify(source/temperature_interface) by extension 'colcon_pkg'
[7.263s] Level 1:colcon.colcon_core.package_identification:_identify(source/temperature_interface) by extensions ['colcon_meta']
[7.263s] Level 1:colcon.colcon_core.package_identification:_identify(source/temperature_interface) by extension 'colcon_meta'
[7.287s] Level 1:colcon.colcon_core.package_identification:_identify(source/temperature_interface) by extensions ['ros']
[7.291s] Level 1:colcon.colcon_core.package_identification:_identify(source/temperature_interface) by extension 'ros'
[7.645s] DEBUG:colcon.colcon_core.package_identification:Package 'source/temperature_interface' with type 'ros.catkin' and name 'temperature_interface'
[7.663s] Level 1:colcon.colcon_core.package_discovery:discover_packages(recursive) using defaults
[7.675s] Level 1:colcon.colcon_core.package_discovery:discover_packages(ignore) discover
[7.683s] Level 1:colcon.colcon_core.package_discovery:discover_packages(ignore) using defaults
[7.695s] Level 1:colcon.colcon_core.package_discovery:discover_packages(path) discover
[7.708s] Level 1:colcon.colcon_core.package_discovery:discover_packages(path) using defaults
[8.514s] INFO:colcon.colcon_core.package_selection:Skipping not selected package 'temperature_interface' in 'source/temperature_interface'
[8.515s] INFO:colcon.colcon_core.package_selection:Skipping not selected package 'package1' in 'source/package1'
[8.517s] Level 5:colcon.colcon_core.verb:set package 'gps_ros2' build argument 'cmake_args' from command line to 'None'
[8.519s] Level 5:colcon.colcon_core.verb:set package 'gps_ros2' build argument 'cmake_target' from command line to 'None'
[8.520s] Level 5:colcon.colcon_core.verb:set package 'gps_ros2' build argument 'cmake_target_skip_unavailable' from command line to 'False'
[8.522s] Level 5:colcon.colcon_core.verb:set package 'gps_ros2' build argument 'cmake_clean_cache' from command line to 'False'
[8.523s] Level 5:colcon.colcon_core.verb:set package 'gps_ros2' build argument 'cmake_clean_first' from command line to 'False'
[8.524s] Level 5:colcon.colcon_core.verb:set package 'gps_ros2' build argument 'cmake_force_configure' from command line to 'False'
[8.525s] Level 5:colcon.colcon_core.verb:set package 'gps_ros2' build argument 'ament_cmake_args' from command line to 'None'
[8.526s] Level 5:colcon.colcon_core.verb:set package 'gps_ros2' build argument 'catkin_cmake_args' from command line to 'None'
[8.533s] Level 5:colcon.colcon_core.verb:set package 'gps_ros2' build argument 'catkin_skip_building_tests' from command line to 'False'
[8.534s] DEBUG:colcon.colcon_core.verb:Building package 'gps_ros2' with the following arguments: {'ament_cmake_args': None, 'build_base': '/ODLC_Machine_Inferencing_System_2025-2026/ros2_workspace/build/gps_ros2', 'catkin_cmake_args': None, 'catkin_skip_building_tests': False, 'cmake_args': None, 'cmake_clean_cache': False, 'cmake_clean_first': False, 'cmake_force_configure': False, 'cmake_target': None, 'cmake_target_skip_unavailable': False, 'install_base': '/ODLC_Machine_Inferencing_System_2025-2026/ros2_workspace/install/gps_ros2', 'merge_install': False, 'path': '/ODLC_Machine_Inferencing_System_2025-2026/ros2_workspace/source/gps_ros2', 'symlink_install': False, 'test_result_base': None}
[8.542s] INFO:colcon.colcon_core.executor:Executing jobs using 'parallel' executor
[8.546s] DEBUG:colcon.colcon_parallel_executor.executor.parallel:run_until_complete
[8.549s] INFO:colcon.colcon_ros.task.ament_python.build:Building ROS package in '/ODLC_Machine_Inferencing_System_2025-2026/ros2_workspace/source/gps_ros2' with build type 'ament_python'
[8.551s] Level 1:colcon.colcon_core.shell:create_environment_hook('gps_ros2', 'ament_prefix_path')
[8.647s] INFO:colcon.colcon_core.plugin_system:Skipping extension 'colcon_core.shell.bat': Not used on non-Windows systems
[8.649s] INFO:colcon.colcon_core.shell:Creating environment hook '/ODLC_Machine_Inferencing_System_2025-2026/ros2_workspace/install/gps_ros2/share/gps_ros2/hook/ament_prefix_path.ps1'
[8.841s] INFO:colcon.colcon_core.shell:Creating environment descriptor '/ODLC_Machine_Inferencing_System_2025-2026/ros2_workspace/install/gps_ros2/share/gps_ros2/hook/ament_prefix_path.dsv'
[9.211s] INFO:colcon.colcon_core.shell:Creating environment hook '/ODLC_Machine_Inferencing_System_2025-2026/ros2_workspace/install/gps_ros2/share/gps_ros2/hook/ament_prefix_path.sh'
[9.547s] INFO:colcon.colcon_core.shell:Skip shell extension 'powershell' for command environment: Not usable outside of PowerShell
[9.556s] DEBUG:colcon.colcon_core.shell:Skip shell extension 'dsv' for command environment
[22.651s] INFO:colcon.colcon_core.task.python.build:Building Python package in '/ODLC_Machine_Inferencing_System_2025-2026/ros2_workspace/source/gps_ros2'
[22.667s] INFO:colcon.colcon_core.shell:Skip shell extension 'powershell' for command environment: Not usable outside of PowerShell
[22.677s] DEBUG:colcon.colcon_core.shell:Skip shell extension 'dsv' for command environment
[46.387s] DEBUG:colcon.colcon_core.event_handler.log_command:Invoking command in '/ODLC_Machine_Inferencing_System_2025-2026/ros2_workspace/source/gps_ros2': PYTHONPATH=/ODLC_Machine_Inferencing_System_2025-2026/ros2_workspace/build/gps_ros2/prefix_override:/usr/lib/python3/dist-packages/colcon_core/task/python/colcon_distutils_commands:/ODLC_Machine_Inferencing_System_2025-2026/ros2_workspace/install/gps_ros2/lib/python3.10/site-packages:${PYTHONPATH} /usr/bin/python3 -W ignore:setup.py install is deprecated -W ignore:easy_install command is deprecated setup.py egg_info --egg-base ../../build/gps_ros2 build --build-base /ODLC_Machine_Inferencing_System_2025-2026/ros2_workspace/build/gps_ros2/build install --record /ODLC_Machine_Inferencing_System_2025-2026/ros2_workspace/build/gps_ros2/install.log --single-version-externally-managed install_data
[82.521s] DEBUG:colcon.colcon_core.event_handler.log_command:Invoked command in '/ODLC_Machine_Inferencing_System_2025-2026/ros2_workspace/source/gps_ros2' returned '0': PYTHONPATH=/ODLC_Machine_Inferencing_System_2025-2026/ros2_workspace/build/gps_ros2/prefix_override:/usr/lib/python3/dist-packages/colcon_core/task/python/colcon_distutils_commands:/ODLC_Machine_Inferencing_System_2025-2026/ros2_workspace/install/gps_ros2/lib/python3.10/site-packages:${PYTHONPATH} /usr/bin/python3 -W ignore:setup.py install is deprecated -W ignore:easy_install command is deprecated setup.py egg_info --egg-base ../../build/gps_ros2 build --build-base /ODLC_Machine_Inferencing_System_2025-2026/ros2_workspace/build/gps_ros2/build install --record /ODLC_Machine_Inferencing_System_2025-2026/ros2_workspace/build/gps_ros2/install.log --single-version-externally-managed install_data
[82.803s] Level 1:colcon.colcon_core.environment:checking '/ODLC_Machine_Inferencing_System_2025-2026/ros2_workspace/install/gps_ros2' for CMake module files
[84.683s] Level 1:colcon.colcon_core.environment:checking '/ODLC_Machine_Inferencing_System_2025-2026/ros2_workspace/install/gps_ros2' for CMake config files
[87.725s] Level 1:colcon.colcon_core.environment:checking '/ODLC_Machine_Inferencing_System_2025-2026/ros2_workspace/install/gps_ros2/lib'
[87.828s] Level 1:colcon.colcon_core.environment:checking '/ODLC_Machine_Inferencing_System_2025-2026/ros2_workspace/install/gps_ros2/bin'
[87.849s] Level 1:colcon.colcon_core.environment:checking '/ODLC_Machine_Inferencing_System_2025-2026/ros2_workspace/install/gps_ros2/lib/pkgconfig/gps_ros2.pc'
[87.881s] Level 1:colcon.colcon_core.environment:checking '/ODLC_Machine_Inferencing_System_2025-2026/ros2_workspace/install/gps_ros2/lib/python3.10/site-packages'
[87.937s] Level 1:colcon.colcon_core.shell:create_environment_hook('gps_ros2', 'pythonpath')
[87.943s] INFO:colcon.colcon_core.shell:Creating environment hook '/ODLC_Machine_Inferencing_System_2025-2026/ros2_workspace/install/gps_ros2/share/gps_ros2/hook/pythonpath.ps1'
[88.274s] INFO:colcon.colcon_core.shell:Creating environment descriptor '/ODLC_Machine_Inferencing_System_2025-2026/ros2_workspace/install/gps_ros2/share/gps_ros2/hook/pythonpath.dsv'
[88.639s] INFO:colcon.colcon_core.shell:Creating environment hook '/ODLC_Machine_Inferencing_System_2025-2026/ros2_workspace/install/gps_ros2/share/gps_ros2/hook/pythonpath.sh'
[88.925s] Level 1:colcon.colcon_core.environment:checking '/ODLC_Machine_Inferencing_System_2025-2026/ros2_workspace/install/gps_ros2/bin'
[88.976s] Level 1:colcon.colcon_core.environment:create_environment_scripts_only(gps_ros2)
[88.981s] INFO:colcon.colcon_core.shell:Creating package script '/ODLC_Machine_Inferencing_System_2025-2026/ros2_workspace/install/gps_ros2/share/gps_ros2/package.ps1'
[89.364s] INFO:colcon.colcon_core.shell:Creating package descriptor '/ODLC_Machine_Inferencing_System_2025-2026/ros2_workspace/install/gps_ros2/share/gps_ros2/package.dsv'
[89.712s] INFO:colcon.colcon_core.shell:Creating package script '/ODLC_Machine_Inferencing_System_2025-2026/ros2_workspace/install/gps_ros2/share/gps_ros2/package.sh'
[89.878s] INFO:colcon.colcon_core.shell:Creating package script '/ODLC_Machine_Inferencing_System_2025-2026/ros2_workspace/install/gps_ros2/share/gps_ros2/package.bash'
[90.059s] INFO:colcon.colcon_core.shell:Creating package script '/ODLC_Machine_Inferencing_System_2025-2026/ros2_workspace/install/gps_ros2/share/gps_ros2/package.zsh'
[90.393s] Level 1:colcon.colcon_core.environment:create_file_with_runtime_dependencies(/ODLC_Machine_Inferencing_System_2025-2026/ros2_workspace/install/gps_ros2/share/colcon-core/packages/gps_ros2)
[90.741s] DEBUG:colcon.colcon_parallel_executor.executor.parallel:closing loop
[90.745s] DEBUG:colcon.colcon_parallel_executor.executor.parallel:loop closed
[90.747s] DEBUG:colcon.colcon_parallel_executor.executor.parallel:run_until_complete finished with '0'
[90.750s] DEBUG:colcon.colcon_core.event_reactor:joining thread
[91.097s] INFO:colcon.colcon_core.plugin_system:Skipping extension 'colcon_notification.desktop_notification.notify_send': Could not find 'notify-send'
[91.113s] INFO:colcon.colcon_core.plugin_system:Skipping extension 'colcon_notification.desktop_notification.terminal_notifier': Not used on non-Darwin systems
[91.128s] INFO:colcon.colcon_core.plugin_system:Skipping extension 'colcon_notification.desktop_notification.win32': Not used on non-Windows systems
[91.132s] INFO:colcon.colcon_notification.desktop_notification:Sending desktop notification using 'notify2'
[91.146s] DEBUG:colcon.colcon_notification.desktop_notification.notify2:Failed to initialize notify2: org.freedesktop.DBus.Error.Spawn.ExecFailed: /usr/bin/dbus-launch terminated abnormally without any error message
[91.164s] DEBUG:colcon.colcon_core.event_reactor:joined thread
[91.171s] INFO:colcon.colcon_core.shell:Creating prefix script '/ODLC_Machine_Inferencing_System_2025-2026/ros2_workspace/install/local_setup.ps1'
[91.327s] INFO:colcon.colcon_core.shell:Creating prefix util module '/ODLC_Machine_Inferencing_System_2025-2026/ros2_workspace/install/_local_setup_util_ps1.py'
[91.500s] INFO:colcon.colcon_core.shell:Creating prefix chain script '/ODLC_Machine_Inferencing_System_2025-2026/ros2_workspace/install/setup.ps1'
[91.752s] INFO:colcon.colcon_core.shell:Creating prefix script '/ODLC_Machine_Inferencing_System_2025-2026/ros2_workspace/install/local_setup.sh'
[91.895s] INFO:colcon.colcon_core.shell:Creating prefix util module '/ODLC_Machine_Inferencing_System_2025-2026/ros2_workspace/install/_local_setup_util_sh.py'
[92.106s] INFO:colcon.colcon_core.shell:Creating prefix chain script '/ODLC_Machine_Inferencing_System_2025-2026/ros2_workspace/install/setup.sh'
[92.335s] INFO:colcon.colcon_core.shell:Creating prefix script '/ODLC_Machine_Inferencing_System_2025-2026/ros2_workspace/install/local_setup.bash'
[92.406s] INFO:colcon.colcon_core.shell:Creating prefix chain script '/ODLC_Machine_Inferencing_System_2025-2026/ros2_workspace/install/setup.bash'
[92.599s] INFO:colcon.colcon_core.shell:Creating prefix script '/ODLC_Machine_Inferencing_System_2025-2026/ros2_workspace/install/local_setup.zsh'
[92.673s] INFO:colcon.colcon_core.shell:Creating prefix chain script '/ODLC_Machine_Inferencing_System_2025-2026/ros2_workspace/install/setup.zsh'
