[8.184s] DEBUG:colcon:Command line arguments: ['/usr/bin/colcon', 'build', '--packages-select', 'gps_mavros']
[8.186s] DEBUG:colcon:Parsed command line arguments: Namespace(log_base=None, log_level=None, verb_name='build', build_base='build', install_base='install', merge_install=False, symlink_install=False, test_result_base=None, continue_on_error=False, executor='parallel', parallel_workers=12, event_handlers=None, ignore_user_meta=False, metas=['./colcon.meta'], base_paths=['.'], packages_ignore=None, packages_ignore_regex=None, paths=None, packages_up_to=None, packages_up_to_regex=None, packages_above=None, packages_above_and_dependencies=None, packages_above_depth=None, packages_select_by_dep=None, packages_skip_by_dep=None, packages_skip_up_to=None, packages_select_build_failed=False, packages_skip_build_finished=False, packages_select_test_failures=False, packages_skip_test_passed=False, packages_select=['gps_mavros'], packages_skip=None, packages_select_regex=None, packages_skip_regex=None, packages_start=None, packages_end=None, cmake_args=None, cmake_target=None, cmake_target_skip_unavailable=False, cmake_clean_cache=False, cmake_clean_first=False, cmake_force_configure=False, ament_cmake_args=None, catkin_cmake_args=None, catkin_skip_building_tests=False, mixin_files=None, mixin=None, verb_parser=<colcon_mixin.mixin.mixin_argument.MixinArgumentDecorator object at 0x79a5648717b0>, verb_extension=<colcon_core.verb.build.BuildVerb object at 0x79a5648711b0>, main=<bound method BuildVerb.main of <colcon_core.verb.build.BuildVerb object at 0x79a5648711b0>>, mixin_verb=('build',))
[9.940s] Level 1:colcon.colcon_core.package_discovery:discover_packages(colcon_meta) check parameters
[9.945s] Level 1:colcon.colcon_core.package_discovery:discover_packages(recursive) check parameters
[9.947s] Level 1:colcon.colcon_core.package_discovery:discover_packages(ignore) check parameters
[9.949s] Level 1:colcon.colcon_core.package_discovery:discover_packages(path) check parameters
[9.950s] Level 1:colcon.colcon_core.package_discovery:discover_packages(colcon_meta) discover
[9.954s] Level 1:colcon.colcon_core.package_discovery:discover_packages(recursive) discover
[9.958s] INFO:colcon.colcon_core.package_discovery:Crawling recursively for packages in '/ODLC_Machine_Inferencing_System_2025-2026/ros2_workspace'
[9.975s] Level 1:colcon.colcon_core.package_identification:_identify(.) by extensions ['ignore', 'ignore_ament_install']
[9.983s] Level 1:colcon.colcon_core.package_identification:_identify(.) by extension 'ignore'
[9.988s] Level 1:colcon.colcon_core.package_identification:_identify(.) by extension 'ignore_ament_install'
[10.004s] Level 1:colcon.colcon_core.package_identification:_identify(.) by extensions ['colcon_pkg']
[10.009s] Level 1:colcon.colcon_core.package_identification:_identify(.) by extension 'colcon_pkg'
[10.013s] Level 1:colcon.colcon_core.package_identification:_identify(.) by extensions ['colcon_meta']
[10.017s] Level 1:colcon.colcon_core.package_identification:_identify(.) by extension 'colcon_meta'
[10.018s] Level 1:colcon.colcon_core.package_identification:_identify(.) by extensions ['ros']
[10.021s] Level 1:colcon.colcon_core.package_identification:_identify(.) by extension 'ros'
[10.359s] Level 1:colcon.colcon_core.package_identification:_identify(.) by extensions ['cmake', 'python']
[10.363s] Level 1:colcon.colcon_core.package_identification:_identify(.) by extension 'cmake'
[10.376s] Level 1:colcon.colcon_core.package_identification:_identify(.) by extension 'python'
[10.380s] Level 1:colcon.colcon_core.package_identification:_identify(.) by extensions ['python_setup_py']
[10.389s] Level 1:colcon.colcon_core.package_identification:_identify(.) by extension 'python_setup_py'
[10.459s] Level 1:colcon.colcon_core.package_identification:_identify(build) by extensions ['ignore', 'ignore_ament_install']
[10.465s] Level 1:colcon.colcon_core.package_identification:_identify(build) by extension 'ignore'
[10.487s] Level 1:colcon.colcon_core.package_identification:_identify(build) ignored
[10.536s] Level 1:colcon.colcon_core.package_identification:_identify(install) by extensions ['ignore', 'ignore_ament_install']
[10.539s] Level 1:colcon.colcon_core.package_identification:_identify(install) by extension 'ignore'
[10.558s] Level 1:colcon.colcon_core.package_identification:_identify(install) ignored
[10.621s] Level 1:colcon.colcon_core.package_identification:_identify(log) by extensions ['ignore', 'ignore_ament_install']
[10.623s] Level 1:colcon.colcon_core.package_identification:_identify(log) by extension 'ignore'
[10.641s] Level 1:colcon.colcon_core.package_identification:_identify(log) ignored
[10.693s] Level 1:colcon.colcon_core.package_identification:_identify(source) by extensions ['ignore', 'ignore_ament_install']
[10.704s] Level 1:colcon.colcon_core.package_identification:_identify(source) by extension 'ignore'
[10.726s] Level 1:colcon.colcon_core.package_identification:_identify(source) by extension 'ignore_ament_install'
[10.739s] Level 1:colcon.colcon_core.package_identification:_identify(source) by extensions ['colcon_pkg']
[10.745s] Level 1:colcon.colcon_core.package_identification:_identify(source) by extension 'colcon_pkg'
[10.758s] Level 1:colcon.colcon_core.package_identification:_identify(source) by extensions ['colcon_meta']
[10.762s] Level 1:colcon.colcon_core.package_identification:_identify(source) by extension 'colcon_meta'
[10.774s] Level 1:colcon.colcon_core.package_identification:_identify(source) by extensions ['ros']
[10.776s] Level 1:colcon.colcon_core.package_identification:_identify(source) by extension 'ros'
[10.858s] Level 1:colcon.colcon_core.package_identification:_identify(source) by extensions ['cmake', 'python']
[10.860s] Level 1:colcon.colcon_core.package_identification:_identify(source) by extension 'cmake'
[10.875s] Level 1:colcon.colcon_core.package_identification:_identify(source) by extension 'python'
[10.882s] Level 1:colcon.colcon_core.package_identification:_identify(source) by extensions ['python_setup_py']
[10.888s] Level 1:colcon.colcon_core.package_identification:_identify(source) by extension 'python_setup_py'
[10.983s] Level 1:colcon.colcon_core.package_identification:_identify(source/gps_mavros) by extensions ['ignore', 'ignore_ament_install']
[10.986s] Level 1:colcon.colcon_core.package_identification:_identify(source/gps_mavros) by extension 'ignore'
[11.019s] Level 1:colcon.colcon_core.package_identification:_identify(source/gps_mavros) by extension 'ignore_ament_install'
[11.066s] Level 1:colcon.colcon_core.package_identification:_identify(source/gps_mavros) by extensions ['colcon_pkg']
[11.072s] Level 1:colcon.colcon_core.package_identification:_identify(source/gps_mavros) by extension 'colcon_pkg'
[11.106s] Level 1:colcon.colcon_core.package_identification:_identify(source/gps_mavros) by extensions ['colcon_meta']
[11.109s] Level 1:colcon.colcon_core.package_identification:_identify(source/gps_mavros) by extension 'colcon_meta'
[11.159s] Level 1:colcon.colcon_core.package_identification:_identify(source/gps_mavros) by extensions ['ros']
[11.166s] Level 1:colcon.colcon_core.package_identification:_identify(source/gps_mavros) by extension 'ros'
[11.484s] DEBUG:colcon.colcon_core.package_identification:Package 'source/gps_mavros' with type 'ros.ament_cmake' and name 'gps_mavros'
[11.544s] Level 1:colcon.colcon_core.package_identification:_identify(source/gps_ros2) by extensions ['ignore', 'ignore_ament_install']
[11.546s] Level 1:colcon.colcon_core.package_identification:_identify(source/gps_ros2) by extension 'ignore'
[11.574s] Level 1:colcon.colcon_core.package_identification:_identify(source/gps_ros2) by extension 'ignore_ament_install'
[11.592s] Level 1:colcon.colcon_core.package_identification:_identify(source/gps_ros2) by extensions ['colcon_pkg']
[11.593s] Level 1:colcon.colcon_core.package_identification:_identify(source/gps_ros2) by extension 'colcon_pkg'
[11.617s] Level 1:colcon.colcon_core.package_identification:_identify(source/gps_ros2) by extensions ['colcon_meta']
[11.619s] Level 1:colcon.colcon_core.package_identification:_identify(source/gps_ros2) by extension 'colcon_meta'
[11.647s] Level 1:colcon.colcon_core.package_identification:_identify(source/gps_ros2) by extensions ['ros']
[11.650s] Level 1:colcon.colcon_core.package_identification:_identify(source/gps_ros2) by extension 'ros'
[11.971s] DEBUG:colcon.colcon_core.package_identification:Package 'source/gps_ros2' with type 'ros.ament_python' and name 'gps_ros2'
[12.083s] Level 1:colcon.colcon_core.package_identification:_identify(source/package1) by extensions ['ignore', 'ignore_ament_install']
[12.109s] Level 1:colcon.colcon_core.package_identification:_identify(source/package1) by extension 'ignore'
[12.158s] Level 1:colcon.colcon_core.package_identification:_identify(source/package1) by extension 'ignore_ament_install'
[12.201s] Level 1:colcon.colcon_core.package_identification:_identify(source/package1) by extensions ['colcon_pkg']
[12.205s] Level 1:colcon.colcon_core.package_identification:_identify(source/package1) by extension 'colcon_pkg'
[12.249s] Level 1:colcon.colcon_core.package_identification:_identify(source/package1) by extensions ['colcon_meta']
[12.253s] Level 1:colcon.colcon_core.package_identification:_identify(source/package1) by extension 'colcon_meta'
[12.306s] Level 1:colcon.colcon_core.package_identification:_identify(source/package1) by extensions ['ros']
[12.308s] Level 1:colcon.colcon_core.package_identification:_identify(source/package1) by extension 'ros'
[12.627s] DEBUG:colcon.colcon_core.package_identification:Package 'source/package1' with type 'ros.ament_python' and name 'package1'
[12.690s] Level 1:colcon.colcon_core.package_identification:_identify(source/temperature_interface) by extensions ['ignore', 'ignore_ament_install']
[12.694s] Level 1:colcon.colcon_core.package_identification:_identify(source/temperature_interface) by extension 'ignore'
[12.712s] Level 1:colcon.colcon_core.package_identification:_identify(source/temperature_interface) by extension 'ignore_ament_install'
[12.750s] Level 1:colcon.colcon_core.package_identification:_identify(source/temperature_interface) by extensions ['colcon_pkg']
[12.752s] Level 1:colcon.colcon_core.package_identification:_identify(source/temperature_interface) by extension 'colcon_pkg'
[12.768s] Level 1:colcon.colcon_core.package_identification:_identify(source/temperature_interface) by extensions ['colcon_meta']
[12.769s] Level 1:colcon.colcon_core.package_identification:_identify(source/temperature_interface) by extension 'colcon_meta'
[12.815s] Level 1:colcon.colcon_core.package_identification:_identify(source/temperature_interface) by extensions ['ros']
[12.817s] Level 1:colcon.colcon_core.package_identification:_identify(source/temperature_interface) by extension 'ros'
[13.114s] DEBUG:colcon.colcon_core.package_identification:Package 'source/temperature_interface' with type 'ros.catkin' and name 'temperature_interface'
[13.118s] Level 1:colcon.colcon_core.package_discovery:discover_packages(recursive) using defaults
[13.127s] Level 1:colcon.colcon_core.package_discovery:discover_packages(ignore) discover
[13.132s] Level 1:colcon.colcon_core.package_discovery:discover_packages(ignore) using defaults
[13.148s] Level 1:colcon.colcon_core.package_discovery:discover_packages(path) discover
[13.160s] Level 1:colcon.colcon_core.package_discovery:discover_packages(path) using defaults
[15.204s] INFO:colcon.colcon_core.package_selection:Skipping not selected package 'temperature_interface' in 'source/temperature_interface'
[15.205s] INFO:colcon.colcon_core.package_selection:Skipping not selected package 'gps_ros2' in 'source/gps_ros2'
[15.206s] INFO:colcon.colcon_core.package_selection:Skipping not selected package 'package1' in 'source/package1'
[15.210s] Level 5:colcon.colcon_core.verb:set package 'gps_mavros' build argument 'cmake_args' from command line to 'None'
[15.215s] Level 5:colcon.colcon_core.verb:set package 'gps_mavros' build argument 'cmake_target' from command line to 'None'
[15.220s] Level 5:colcon.colcon_core.verb:set package 'gps_mavros' build argument 'cmake_target_skip_unavailable' from command line to 'False'
[15.221s] Level 5:colcon.colcon_core.verb:set package 'gps_mavros' build argument 'cmake_clean_cache' from command line to 'False'
[15.222s] Level 5:colcon.colcon_core.verb:set package 'gps_mavros' build argument 'cmake_clean_first' from command line to 'False'
[15.225s] Level 5:colcon.colcon_core.verb:set package 'gps_mavros' build argument 'cmake_force_configure' from command line to 'False'
[15.228s] Level 5:colcon.colcon_core.verb:set package 'gps_mavros' build argument 'ament_cmake_args' from command line to 'None'
[15.229s] Level 5:colcon.colcon_core.verb:set package 'gps_mavros' build argument 'catkin_cmake_args' from command line to 'None'
[15.230s] Level 5:colcon.colcon_core.verb:set package 'gps_mavros' build argument 'catkin_skip_building_tests' from command line to 'False'
[15.231s] DEBUG:colcon.colcon_core.verb:Building package 'gps_mavros' with the following arguments: {'ament_cmake_args': None, 'build_base': '/ODLC_Machine_Inferencing_System_2025-2026/ros2_workspace/build/gps_mavros', 'catkin_cmake_args': None, 'catkin_skip_building_tests': False, 'cmake_args': None, 'cmake_clean_cache': False, 'cmake_clean_first': False, 'cmake_force_configure': False, 'cmake_target': None, 'cmake_target_skip_unavailable': False, 'install_base': '/ODLC_Machine_Inferencing_System_2025-2026/ros2_workspace/install/gps_mavros', 'merge_install': False, 'path': '/ODLC_Machine_Inferencing_System_2025-2026/ros2_workspace/source/gps_mavros', 'symlink_install': False, 'test_result_base': None}
[15.233s] INFO:colcon.colcon_core.executor:Executing jobs using 'parallel' executor
[15.237s] DEBUG:colcon.colcon_parallel_executor.executor.parallel:run_until_complete
[15.241s] INFO:colcon.colcon_ros.task.ament_cmake.build:Building ROS package in '/ODLC_Machine_Inferencing_System_2025-2026/ros2_workspace/source/gps_mavros' with build type 'ament_cmake'
[15.242s] INFO:colcon.colcon_cmake.task.cmake.build:Building CMake package in '/ODLC_Machine_Inferencing_System_2025-2026/ros2_workspace/source/gps_mavros'
[15.509s] INFO:colcon.colcon_core.plugin_system:Skipping extension 'colcon_core.shell.bat': Not used on non-Windows systems
[15.514s] INFO:colcon.colcon_core.shell:Skip shell extension 'powershell' for command environment: Not usable outside of PowerShell
[15.518s] DEBUG:colcon.colcon_core.shell:Skip shell extension 'dsv' for command environment
[18.253s] DEBUG:colcon.colcon_core.event_handler.log_command:Invoking command in '/ODLC_Machine_Inferencing_System_2025-2026/ros2_workspace/build/gps_mavros': CMAKE_PREFIX_PATH=${CMAKE_PREFIX_PATH}:/ODLC_Machine_Inferencing_System_2025-2026/ros2_workspace/install/gps_ros2:/opt/ros/humble /usr/bin/cmake --build /ODLC_Machine_Inferencing_System_2025-2026/ros2_workspace/build/gps_mavros -- -j12 -l12
[543.538s] DEBUG:colcon.colcon_core.event_handler.log_command:Invoked command in '/ODLC_Machine_Inferencing_System_2025-2026/ros2_workspace/build/gps_mavros' returned '0': CMAKE_PREFIX_PATH=${CMAKE_PREFIX_PATH}:/ODLC_Machine_Inferencing_System_2025-2026/ros2_workspace/install/gps_ros2:/opt/ros/humble /usr/bin/cmake --build /ODLC_Machine_Inferencing_System_2025-2026/ros2_workspace/build/gps_mavros -- -j12 -l12
[545.599s] DEBUG:colcon.colcon_core.event_handler.log_command:Invoking command in '/ODLC_Machine_Inferencing_System_2025-2026/ros2_workspace/build/gps_mavros': CMAKE_PREFIX_PATH=${CMAKE_PREFIX_PATH}:/ODLC_Machine_Inferencing_System_2025-2026/ros2_workspace/install/gps_ros2:/opt/ros/humble /usr/bin/cmake --install /ODLC_Machine_Inferencing_System_2025-2026/ros2_workspace/build/gps_mavros
[645.869s] Level 1:colcon.colcon_core.environment:create_environment_scripts_only(gps_mavros)
[645.900s] DEBUG:colcon.colcon_core.event_handler.log_command:Invoked command in '/ODLC_Machine_Inferencing_System_2025-2026/ros2_workspace/build/gps_mavros' returned '0': CMAKE_PREFIX_PATH=${CMAKE_PREFIX_PATH}:/ODLC_Machine_Inferencing_System_2025-2026/ros2_workspace/install/gps_ros2:/opt/ros/humble /usr/bin/cmake --install /ODLC_Machine_Inferencing_System_2025-2026/ros2_workspace/build/gps_mavros
[646.272s] Level 1:colcon.colcon_core.environment:checking '/ODLC_Machine_Inferencing_System_2025-2026/ros2_workspace/install/gps_mavros' for CMake module files
[649.767s] Level 1:colcon.colcon_core.environment:checking '/ODLC_Machine_Inferencing_System_2025-2026/ros2_workspace/install/gps_mavros' for CMake config files
[651.906s] Level 1:colcon.colcon_core.shell:create_environment_hook('gps_mavros', 'cmake_prefix_path')
[651.909s] INFO:colcon.colcon_core.shell:Creating environment hook '/ODLC_Machine_Inferencing_System_2025-2026/ros2_workspace/install/gps_mavros/share/gps_mavros/hook/cmake_prefix_path.ps1'
[652.093s] INFO:colcon.colcon_core.shell:Creating environment descriptor '/ODLC_Machine_Inferencing_System_2025-2026/ros2_workspace/install/gps_mavros/share/gps_mavros/hook/cmake_prefix_path.dsv'
[652.283s] INFO:colcon.colcon_core.shell:Creating environment hook '/ODLC_Machine_Inferencing_System_2025-2026/ros2_workspace/install/gps_mavros/share/gps_mavros/hook/cmake_prefix_path.sh'
[652.444s] Level 1:colcon.colcon_core.environment:checking '/ODLC_Machine_Inferencing_System_2025-2026/ros2_workspace/install/gps_mavros/lib'
[652.502s] Level 1:colcon.colcon_core.shell:create_environment_hook('gps_mavros', 'ld_library_path_lib')
[652.504s] INFO:colcon.colcon_core.shell:Creating environment hook '/ODLC_Machine_Inferencing_System_2025-2026/ros2_workspace/install/gps_mavros/share/gps_mavros/hook/ld_library_path_lib.ps1'
[652.636s] INFO:colcon.colcon_core.shell:Creating environment descriptor '/ODLC_Machine_Inferencing_System_2025-2026/ros2_workspace/install/gps_mavros/share/gps_mavros/hook/ld_library_path_lib.dsv'
[652.747s] INFO:colcon.colcon_core.shell:Creating environment hook '/ODLC_Machine_Inferencing_System_2025-2026/ros2_workspace/install/gps_mavros/share/gps_mavros/hook/ld_library_path_lib.sh'
[652.863s] Level 1:colcon.colcon_core.environment:checking '/ODLC_Machine_Inferencing_System_2025-2026/ros2_workspace/install/gps_mavros/bin'
[652.875s] Level 1:colcon.colcon_core.environment:checking '/ODLC_Machine_Inferencing_System_2025-2026/ros2_workspace/install/gps_mavros/lib/pkgconfig/gps_mavros.pc'
[652.942s] Level 1:colcon.colcon_core.environment:checking '/ODLC_Machine_Inferencing_System_2025-2026/ros2_workspace/install/gps_mavros/lib/python3.10/site-packages'
[652.963s] Level 1:colcon.colcon_core.environment:checking '/ODLC_Machine_Inferencing_System_2025-2026/ros2_workspace/install/gps_mavros/bin'
[652.979s] INFO:colcon.colcon_core.shell:Creating package script '/ODLC_Machine_Inferencing_System_2025-2026/ros2_workspace/install/gps_mavros/share/gps_mavros/package.ps1'
[653.096s] INFO:colcon.colcon_core.shell:Creating package descriptor '/ODLC_Machine_Inferencing_System_2025-2026/ros2_workspace/install/gps_mavros/share/gps_mavros/package.dsv'
[653.227s] INFO:colcon.colcon_core.shell:Creating package script '/ODLC_Machine_Inferencing_System_2025-2026/ros2_workspace/install/gps_mavros/share/gps_mavros/package.sh'
[653.383s] INFO:colcon.colcon_core.shell:Creating package script '/ODLC_Machine_Inferencing_System_2025-2026/ros2_workspace/install/gps_mavros/share/gps_mavros/package.bash'
[653.493s] INFO:colcon.colcon_core.shell:Creating package script '/ODLC_Machine_Inferencing_System_2025-2026/ros2_workspace/install/gps_mavros/share/gps_mavros/package.zsh'
[653.583s] Level 1:colcon.colcon_core.environment:create_file_with_runtime_dependencies(/ODLC_Machine_Inferencing_System_2025-2026/ros2_workspace/install/gps_mavros/share/colcon-core/packages/gps_mavros)
[653.883s] Level 1:colcon.colcon_core.environment:create_environment_scripts_only(gps_mavros)
[653.889s] Level 1:colcon.colcon_core.environment:checking '/ODLC_Machine_Inferencing_System_2025-2026/ros2_workspace/install/gps_mavros' for CMake module files
[656.169s] Level 1:colcon.colcon_core.environment:checking '/ODLC_Machine_Inferencing_System_2025-2026/ros2_workspace/install/gps_mavros' for CMake config files
[660.267s] Level 1:colcon.colcon_core.shell:create_environment_hook('gps_mavros', 'cmake_prefix_path')
[660.274s] INFO:colcon.colcon_core.shell:Creating environment hook '/ODLC_Machine_Inferencing_System_2025-2026/ros2_workspace/install/gps_mavros/share/gps_mavros/hook/cmake_prefix_path.ps1'
[660.600s] INFO:colcon.colcon_core.shell:Creating environment descriptor '/ODLC_Machine_Inferencing_System_2025-2026/ros2_workspace/install/gps_mavros/share/gps_mavros/hook/cmake_prefix_path.dsv'
[660.892s] INFO:colcon.colcon_core.shell:Creating environment hook '/ODLC_Machine_Inferencing_System_2025-2026/ros2_workspace/install/gps_mavros/share/gps_mavros/hook/cmake_prefix_path.sh'
[661.238s] Level 1:colcon.colcon_core.environment:checking '/ODLC_Machine_Inferencing_System_2025-2026/ros2_workspace/install/gps_mavros/lib'
[661.305s] Level 1:colcon.colcon_core.shell:create_environment_hook('gps_mavros', 'ld_library_path_lib')
[661.309s] INFO:colcon.colcon_core.shell:Creating environment hook '/ODLC_Machine_Inferencing_System_2025-2026/ros2_workspace/install/gps_mavros/share/gps_mavros/hook/ld_library_path_lib.ps1'
[661.579s] INFO:colcon.colcon_core.shell:Creating environment descriptor '/ODLC_Machine_Inferencing_System_2025-2026/ros2_workspace/install/gps_mavros/share/gps_mavros/hook/ld_library_path_lib.dsv'
[661.973s] INFO:colcon.colcon_core.shell:Creating environment hook '/ODLC_Machine_Inferencing_System_2025-2026/ros2_workspace/install/gps_mavros/share/gps_mavros/hook/ld_library_path_lib.sh'
[662.189s] Level 1:colcon.colcon_core.environment:checking '/ODLC_Machine_Inferencing_System_2025-2026/ros2_workspace/install/gps_mavros/bin'
[662.215s] Level 1:colcon.colcon_core.environment:checking '/ODLC_Machine_Inferencing_System_2025-2026/ros2_workspace/install/gps_mavros/lib/pkgconfig/gps_mavros.pc'
[662.235s] Level 1:colcon.colcon_core.environment:checking '/ODLC_Machine_Inferencing_System_2025-2026/ros2_workspace/install/gps_mavros/lib/python3.10/site-packages'
[662.283s] Level 1:colcon.colcon_core.environment:checking '/ODLC_Machine_Inferencing_System_2025-2026/ros2_workspace/install/gps_mavros/bin'
[662.310s] INFO:colcon.colcon_core.shell:Creating package script '/ODLC_Machine_Inferencing_System_2025-2026/ros2_workspace/install/gps_mavros/share/gps_mavros/package.ps1'
[662.667s] INFO:colcon.colcon_core.shell:Creating package descriptor '/ODLC_Machine_Inferencing_System_2025-2026/ros2_workspace/install/gps_mavros/share/gps_mavros/package.dsv'
[663.372s] INFO:colcon.colcon_core.shell:Creating package script '/ODLC_Machine_Inferencing_System_2025-2026/ros2_workspace/install/gps_mavros/share/gps_mavros/package.sh'
[663.931s] INFO:colcon.colcon_core.shell:Creating package script '/ODLC_Machine_Inferencing_System_2025-2026/ros2_workspace/install/gps_mavros/share/gps_mavros/package.bash'
[664.094s] INFO:colcon.colcon_core.shell:Creating package script '/ODLC_Machine_Inferencing_System_2025-2026/ros2_workspace/install/gps_mavros/share/gps_mavros/package.zsh'
[664.324s] Level 1:colcon.colcon_core.environment:create_file_with_runtime_dependencies(/ODLC_Machine_Inferencing_System_2025-2026/ros2_workspace/install/gps_mavros/share/colcon-core/packages/gps_mavros)
[664.499s] DEBUG:colcon.colcon_parallel_executor.executor.parallel:closing loop
[664.512s] DEBUG:colcon.colcon_parallel_executor.executor.parallel:loop closed
[664.521s] DEBUG:colcon.colcon_parallel_executor.executor.parallel:run_until_complete finished with '0'
[664.525s] DEBUG:colcon.colcon_core.event_reactor:joining thread
[665.340s] INFO:colcon.colcon_core.plugin_system:Skipping extension 'colcon_notification.desktop_notification.notify_send': Could not find 'notify-send'
[665.343s] INFO:colcon.colcon_core.plugin_system:Skipping extension 'colcon_notification.desktop_notification.terminal_notifier': Not used on non-Darwin systems
[665.346s] INFO:colcon.colcon_core.plugin_system:Skipping extension 'colcon_notification.desktop_notification.win32': Not used on non-Windows systems
[665.350s] INFO:colcon.colcon_notification.desktop_notification:Sending desktop notification using 'notify2'
[665.441s] DEBUG:colcon.colcon_notification.desktop_notification.notify2:Failed to initialize notify2: org.freedesktop.DBus.Error.Spawn.ExecFailed: /usr/bin/dbus-launch terminated abnormally without any error message
[665.447s] DEBUG:colcon.colcon_core.event_reactor:joined thread
[665.449s] INFO:colcon.colcon_core.shell:Creating prefix script '/ODLC_Machine_Inferencing_System_2025-2026/ros2_workspace/install/local_setup.ps1'
[665.552s] INFO:colcon.colcon_core.shell:Creating prefix util module '/ODLC_Machine_Inferencing_System_2025-2026/ros2_workspace/install/_local_setup_util_ps1.py'
[665.759s] INFO:colcon.colcon_core.shell:Creating prefix chain script '/ODLC_Machine_Inferencing_System_2025-2026/ros2_workspace/install/setup.ps1'
[666.576s] INFO:colcon.colcon_core.shell:Creating prefix script '/ODLC_Machine_Inferencing_System_2025-2026/ros2_workspace/install/local_setup.sh'
[666.731s] INFO:colcon.colcon_core.shell:Creating prefix util module '/ODLC_Machine_Inferencing_System_2025-2026/ros2_workspace/install/_local_setup_util_sh.py'
[666.874s] INFO:colcon.colcon_core.shell:Creating prefix chain script '/ODLC_Machine_Inferencing_System_2025-2026/ros2_workspace/install/setup.sh'
[667.509s] INFO:colcon.colcon_core.shell:Creating prefix script '/ODLC_Machine_Inferencing_System_2025-2026/ros2_workspace/install/local_setup.bash'
[667.585s] INFO:colcon.colcon_core.shell:Creating prefix chain script '/ODLC_Machine_Inferencing_System_2025-2026/ros2_workspace/install/setup.bash'
[667.990s] INFO:colcon.colcon_core.shell:Creating prefix script '/ODLC_Machine_Inferencing_System_2025-2026/ros2_workspace/install/local_setup.zsh'
[668.181s] INFO:colcon.colcon_core.shell:Creating prefix chain script '/ODLC_Machine_Inferencing_System_2025-2026/ros2_workspace/install/setup.zsh'
