[4.349s] Invoking command in '/workspace/ros2_ws/src/siyi_cam_node': PYTHONPATH=/workspace/build/siyi_cam_node/prefix_override:/usr/lib/python3/dist-packages/colcon_core/task/python/colcon_distutils_commands:/workspace/install/siyi_cam_node/lib/python3.10/site-packages:${PYTHONPATH} /usr/bin/python3 -W ignore:setup.py install is deprecated -W ignore:easy_install command is deprecated setup.py egg_info --egg-base ../../../build/siyi_cam_node build --build-base /workspace/build/siyi_cam_node/build install --record /workspace/build/siyi_cam_node/install.log --single-version-externally-managed install_data
[4.878s] /home/ubuntu/.local/lib/python3.10/site-packages/setuptools/_distutils/dist.py:289: UserWarning: Unknown distribution option: 'tests_require'
[4.883s]   warnings.warn(msg)
[5.189s] running egg_info
[5.236s] writing ../../../build/siyi_cam_node/siyi_cam_node.egg-info/PKG-INFO
[5.248s] writing dependency_links to ../../../build/siyi_cam_node/siyi_cam_node.egg-info/dependency_links.txt
[5.257s] writing entry points to ../../../build/siyi_cam_node/siyi_cam_node.egg-info/entry_points.txt
[5.259s] writing requirements to ../../../build/siyi_cam_node/siyi_cam_node.egg-info/requires.txt
[5.265s] writing top-level names to ../../../build/siyi_cam_node/siyi_cam_node.egg-info/top_level.txt
[5.397s] reading manifest file '../../../build/siyi_cam_node/siyi_cam_node.egg-info/SOURCES.txt'
[5.403s] writing manifest file '../../../build/siyi_cam_node/siyi_cam_node.egg-info/SOURCES.txt'
[5.405s] running build
[5.406s] running build_py
[5.408s] copying siyi_cam_node/__init__.py -> /workspace/build/siyi_cam_node/build/lib/siyi_cam_node
[5.412s] copying siyi_cam_node/siyi_cam_node.py -> /workspace/build/siyi_cam_node/build/lib/siyi_cam_node
[5.426s] running install
[5.441s] running install_lib
[5.502s] running install_data
[5.506s] copying resource/siyi_cam_node -> /workspace/install/siyi_cam_node/share/ament_index/resource_index/packages
[5.514s] copying package.xml -> /workspace/install/siyi_cam_node/share/siyi_cam_node
[5.528s] running install_egg_info
[5.629s] removing '/workspace/install/siyi_cam_node/lib/python3.10/site-packages/siyi_cam_node-0.0.0-py3.10.egg-info' (and everything under it)
[5.693s] Copying ../../../build/siyi_cam_node/siyi_cam_node.egg-info to /workspace/install/siyi_cam_node/lib/python3.10/site-packages/siyi_cam_node-0.0.0-py3.10.egg-info
[5.956s] running install_scripts
[6.162s] Installing siyi_cam_node script to /workspace/install/siyi_cam_node/lib/siyi_cam_node
[6.169s] writing list of installed files to '/workspace/build/siyi_cam_node/install.log'
[6.242s] Invoked command in '/workspace/ros2_ws/src/siyi_cam_node' returned '0': PYTHONPATH=/workspace/build/siyi_cam_node/prefix_override:/usr/lib/python3/dist-packages/colcon_core/task/python/colcon_distutils_commands:/workspace/install/siyi_cam_node/lib/python3.10/site-packages:${PYTHONPATH} /usr/bin/python3 -W ignore:setup.py install is deprecated -W ignore:easy_install command is deprecated setup.py egg_info --egg-base ../../../build/siyi_cam_node build --build-base /workspace/build/siyi_cam_node/build install --record /workspace/build/siyi_cam_node/install.log --single-version-externally-managed install_data
