[1.597s] Invoking command in '/workspace/ros2_ws/src/temperature_pkg': PYTHONPATH=/workspace/ros2_ws/build/temperature_pkg/prefix_override:/usr/lib/python3/dist-packages/colcon_core/task/python/colcon_distutils_commands:/workspace/ros2_ws/install/temperature_pkg/lib/python3.10/site-packages:${PYTHONPATH} /usr/bin/python3 -W ignore:setup.py install is deprecated -W ignore:easy_install command is deprecated setup.py egg_info --egg-base ../../build/temperature_pkg build --build-base /workspace/ros2_ws/build/temperature_pkg/build install --record /workspace/ros2_ws/build/temperature_pkg/install.log --single-version-externally-managed install_data
[1.988s] /home/ubuntu/.local/lib/python3.10/site-packages/setuptools/_distutils/dist.py:289: UserWarning: Unknown distribution option: 'tests_require'
[1.990s]   warnings.warn(msg)
[2.194s] running egg_info
[2.226s] writing ../../build/temperature_pkg/temperature_pkg.egg-info/PKG-INFO
[2.235s] writing dependency_links to ../../build/temperature_pkg/temperature_pkg.egg-info/dependency_links.txt
[2.238s] writing entry points to ../../build/temperature_pkg/temperature_pkg.egg-info/entry_points.txt
[2.242s] writing requirements to ../../build/temperature_pkg/temperature_pkg.egg-info/requires.txt
[2.247s] writing top-level names to ../../build/temperature_pkg/temperature_pkg.egg-info/top_level.txt
[2.342s] reading manifest file '../../build/temperature_pkg/temperature_pkg.egg-info/SOURCES.txt'
[2.351s] writing manifest file '../../build/temperature_pkg/temperature_pkg.egg-info/SOURCES.txt'
[2.353s] running build
[2.355s] running build_py
[2.357s] copying temperature_pkg/__init__.py -> /workspace/ros2_ws/build/temperature_pkg/build/lib/temperature_pkg
[2.359s] copying temperature_pkg/publisher_member_function.py -> /workspace/ros2_ws/build/temperature_pkg/build/lib/temperature_pkg
[2.370s] copying temperature_pkg/convert_temp_client.py -> /workspace/ros2_ws/build/temperature_pkg/build/lib/temperature_pkg
[2.376s] copying temperature_pkg/convert_temp_server.py -> /workspace/ros2_ws/build/temperature_pkg/build/lib/temperature_pkg
[2.380s] copying temperature_pkg/subscriber_member_function.py -> /workspace/ros2_ws/build/temperature_pkg/build/lib/temperature_pkg
[2.392s] running install
[2.410s] running install_lib
[2.468s] copying /workspace/ros2_ws/build/temperature_pkg/build/lib/temperature_pkg/convert_temp_client.py -> /workspace/ros2_ws/install/temperature_pkg/lib/python3.10/site-packages/temperature_pkg
[2.475s] copying /workspace/ros2_ws/build/temperature_pkg/build/lib/temperature_pkg/convert_temp_server.py -> /workspace/ros2_ws/install/temperature_pkg/lib/python3.10/site-packages/temperature_pkg
[2.487s] byte-compiling /workspace/ros2_ws/install/temperature_pkg/lib/python3.10/site-packages/temperature_pkg/convert_temp_client.py to convert_temp_client.cpython-310.pyc
[2.493s] byte-compiling /workspace/ros2_ws/install/temperature_pkg/lib/python3.10/site-packages/temperature_pkg/convert_temp_server.py to convert_temp_server.cpython-310.pyc
[2.504s] running install_data
[2.507s] copying resource/temperature_pkg -> /workspace/ros2_ws/install/temperature_pkg/share/ament_index/resource_index/packages
[2.513s] copying package.xml -> /workspace/ros2_ws/install/temperature_pkg/share/temperature_pkg
[2.519s] copying launch/pub_sub_launch.py -> /workspace/ros2_ws/install/temperature_pkg/share/temperature_pkg/launch
[2.525s] running install_egg_info
[2.570s] removing '/workspace/ros2_ws/install/temperature_pkg/lib/python3.10/site-packages/temperature_pkg-0.0.0-py3.10.egg-info' (and everything under it)
[2.579s] Copying ../../build/temperature_pkg/temperature_pkg.egg-info to /workspace/ros2_ws/install/temperature_pkg/lib/python3.10/site-packages/temperature_pkg-0.0.0-py3.10.egg-info
[2.632s] running install_scripts
[2.769s] Installing convert_client script to /workspace/ros2_ws/install/temperature_pkg/lib/temperature_pkg
[2.773s] Installing convert_server script to /workspace/ros2_ws/install/temperature_pkg/lib/temperature_pkg
[2.781s] Installing listener script to /workspace/ros2_ws/install/temperature_pkg/lib/temperature_pkg
[2.787s] Installing talker script to /workspace/ros2_ws/install/temperature_pkg/lib/temperature_pkg
[2.794s] writing list of installed files to '/workspace/ros2_ws/build/temperature_pkg/install.log'
[2.857s] Invoked command in '/workspace/ros2_ws/src/temperature_pkg' returned '0': PYTHONPATH=/workspace/ros2_ws/build/temperature_pkg/prefix_override:/usr/lib/python3/dist-packages/colcon_core/task/python/colcon_distutils_commands:/workspace/ros2_ws/install/temperature_pkg/lib/python3.10/site-packages:${PYTHONPATH} /usr/bin/python3 -W ignore:setup.py install is deprecated -W ignore:easy_install command is deprecated setup.py egg_info --egg-base ../../build/temperature_pkg build --build-base /workspace/ros2_ws/build/temperature_pkg/build install --record /workspace/ros2_ws/build/temperature_pkg/install.log --single-version-externally-managed install_data
