[0.046s] Invoking command in '/workspace/ros2_ws/build/temperature_interfaces': CMAKE_PREFIX_PATH=/opt/ros/humble /usr/bin/cmake /workspace/ros2_ws/src/temperature_interfaces -DCMAKE_INSTALL_PREFIX=/workspace/ros2_ws/install/temperature_interfaces
[0.070s] -- Found ament_cmake: 1.3.12 (/opt/ros/humble/share/ament_cmake/cmake)
[0.314s] -- Found rosidl_default_generators: 1.2.0 (/opt/ros/humble/share/rosidl_default_generators/cmake)
[0.323s] -- Using all available rosidl_typesupport_c: rosidl_typesupport_fastrtps_c;rosidl_typesupport_introspection_c
[0.331s] -- Found rosidl_adapter: 3.1.7 (/opt/ros/humble/share/rosidl_adapter/cmake)
[0.391s] -- Using all available rosidl_typesupport_cpp: rosidl_typesupport_fastrtps_cpp;rosidl_typesupport_introspection_cpp
[0.886s] [31mCMake Error at /opt/ros/humble/share/rosidl_adapter/cmake/rosidl_adapt_interfaces.cmake:59 (message):
[0.887s]   execute_process(/usr/bin/python3 -m rosidl_adapter --package-name
[0.888s]   temperature_interfaces --arguments-file
[0.890s]   /workspace/ros2_ws/build/temperature_interfaces/rosidl_adapter__arguments__temperature_interfaces.json
[0.891s]   --output-dir
[0.892s]   /workspace/ros2_ws/build/temperature_interfaces/rosidl_adapter/temperature_interfaces
[0.893s]   --output-file
[0.895s]   /workspace/ros2_ws/build/temperature_interfaces/rosidl_adapter/temperature_interfaces.idls)
[0.896s]   returned error code 1:
[0.897s] 
[0.898s]   Error processing 'float_64 input_temp' of
[0.900s]   'temperature_interfaces/ConvertTemperature_Request': ''float_64' is an
[0.901s]   invalid message name.  It should have the pattern '^[A-Z][A-Za-z0-9]*$''
[0.902s] 
[0.903s]   Traceback (most recent call last):
[0.904s] 
[0.908s]     File "/usr/lib/python3.10/runpy.py", line 196, in _run_module_as_main
[0.909s]       return _run_code(code, main_globals, None,
[0.916s]     File "/usr/lib/python3.10/runpy.py", line 86, in _run_code
[0.918s]       exec(code, run_globals)
[0.919s]     File "/opt/ros/humble/local/lib/python3.10/dist-packages/rosidl_adapter/__main__.py", line 19, in <module>
[0.920s]       sys.exit(main())
[0.921s]     File "/opt/ros/humble/local/lib/python3.10/dist-packages/rosidl_adapter/main.py", line 53, in main
[0.921s]       abs_idl_file = convert_to_idl(
[0.922s]     File "/opt/ros/humble/local/lib/python3.10/dist-packages/rosidl_adapter/__init__.py", line 24, in convert_to_idl
[0.923s]       return convert_srv_to_idl(
[0.924s]     File "/opt/ros/humble/local/lib/python3.10/dist-packages/rosidl_adapter/srv/__init__.py", line 28, in convert_srv_to_idl
[0.926s]       srv = parse_service_string(package_name, input_file.stem, content)
[0.928s]     File "/opt/ros/humble/local/lib/python3.10/dist-packages/rosidl_adapter/parser.py", line 859, in parse_service_string
[0.930s]       request_message = parse_message_string(
[0.931s]     File "/opt/ros/humble/local/lib/python3.10/dist-packages/rosidl_adapter/parser.py", line 520, in parse_message_string
[0.931s]       Type(type_string, context_package_name=pkg_name),
[0.933s]     File "/opt/ros/humble/local/lib/python3.10/dist-packages/rosidl_adapter/parser.py", line 277, in __init__
[0.934s]       super(Type, self).__init__(
[0.935s]     File "/opt/ros/humble/local/lib/python3.10/dist-packages/rosidl_adapter/parser.py", line 205, in __init__
[0.937s]       raise InvalidResourceName(
[0.939s] 
[0.940s]   rosidl_adapter.parser.InvalidResourceName: 'float_64' is an invalid message
[0.941s]   name.  It should have the pattern '^[A-Z][A-Za-z0-9]*$'
[0.942s] 
[0.944s] Call Stack (most recent call first):
[0.944s]   /opt/ros/humble/share/rosidl_cmake/cmake/rosidl_generate_interfaces.cmake:130 (rosidl_adapt_interfaces)
[0.946s]   CMakeLists.txt:13 (rosidl_generate_interfaces)
[0.946s] 
[0.947s] [0m
[0.948s] -- Configuring incomplete, errors occurred!
[0.949s] See also "/workspace/ros2_ws/build/temperature_interfaces/CMakeFiles/CMakeOutput.log".
[0.950s] Invoked command in '/workspace/ros2_ws/build/temperature_interfaces' returned '1': CMAKE_PREFIX_PATH=/opt/ros/humble /usr/bin/cmake /workspace/ros2_ws/src/temperature_interfaces -DCMAKE_INSTALL_PREFIX=/workspace/ros2_ws/install/temperature_interfaces
