[3.558s] Invoking command in '/workspace/ros2_ws/src/siyi_cam_node': PYTHONPATH=/workspace/build/siyi_cam_node/prefix_override:/usr/lib/python3/dist-packages/colcon_core/task/python/colcon_distutils_commands:/workspace/install/siyi_cam_node/lib/python3.10/site-packages:${PYTHONPATH} /usr/bin/python3 -W ignore:setup.py install is deprecated -W ignore:easy_install command is deprecated setup.py egg_info --egg-base ../../../build/siyi_cam_node build --build-base /workspace/build/siyi_cam_node/build install --record /workspace/build/siyi_cam_node/install.log --single-version-externally-managed install_data
[4.581s] /home/ubuntu/.local/lib/python3.10/site-packages/setuptools/_distutils/dist.py:289: UserWarning: Unknown distribution option: 'tests_require'
[4.585s]   warnings.warn(msg)
[5.109s] running egg_info
[5.151s] writing ../../../build/siyi_cam_node/siyi_cam_node.egg-info/PKG-INFO
[5.162s] writing dependency_links to ../../../build/siyi_cam_node/siyi_cam_node.egg-info/dependency_links.txt
[5.168s] writing entry points to ../../../build/siyi_cam_node/siyi_cam_node.egg-info/entry_points.txt
[5.170s] writing requirements to ../../../build/siyi_cam_node/siyi_cam_node.egg-info/requires.txt
[5.172s] writing top-level names to ../../../build/siyi_cam_node/siyi_cam_node.egg-info/top_level.txt
[5.400s] reading manifest file '../../../build/siyi_cam_node/siyi_cam_node.egg-info/SOURCES.txt'
[5.410s] writing manifest file '../../../build/siyi_cam_node/siyi_cam_node.egg-info/SOURCES.txt'
[5.415s] running build
[5.419s] running build_py
[5.426s] copying siyi_cam_node/__init__.py -> /workspace/build/siyi_cam_node/build/lib/siyi_cam_node
[5.430s] copying siyi_cam_node/siyi_cam_node.py -> /workspace/build/siyi_cam_node/build/lib/siyi_cam_node
[5.458s] running install
[5.477s] running install_lib
[5.558s] running install_data
[5.563s] copying resource/siyi_cam_node -> /workspace/install/siyi_cam_node/share/ament_index/resource_index/packages
[5.571s] copying package.xml -> /workspace/install/siyi_cam_node/share/siyi_cam_node
[5.583s] running install_egg_info
[5.637s] removing '/workspace/install/siyi_cam_node/lib/python3.10/site-packages/siyi_cam_node-0.0.0-py3.10.egg-info' (and everything under it)
[5.645s] Copying ../../../build/siyi_cam_node/siyi_cam_node.egg-info to /workspace/install/siyi_cam_node/lib/python3.10/site-packages/siyi_cam_node-0.0.0-py3.10.egg-info
[5.750s] running install_scripts
[5.938s] Installing siyi_cam_node script to /workspace/install/siyi_cam_node/lib/siyi_cam_node
[5.951s] writing list of installed files to '/workspace/build/siyi_cam_node/install.log'
[6.047s] Invoked command in '/workspace/ros2_ws/src/siyi_cam_node' returned '0': PYTHONPATH=/workspace/build/siyi_cam_node/prefix_override:/usr/lib/python3/dist-packages/colcon_core/task/python/colcon_distutils_commands:/workspace/install/siyi_cam_node/lib/python3.10/site-packages:${PYTHONPATH} /usr/bin/python3 -W ignore:setup.py install is deprecated -W ignore:easy_install command is deprecated setup.py egg_info --egg-base ../../../build/siyi_cam_node build --build-base /workspace/build/siyi_cam_node/build install --record /workspace/build/siyi_cam_node/install.log --single-version-externally-managed install_data
