running egg_info
creating ../../build/siyi_cam_node/siyi_cam_node.egg-info
writing ../../build/siyi_cam_node/siyi_cam_node.egg-info/PKG-INFO
writing dependency_links to ../../build/siyi_cam_node/siyi_cam_node.egg-info/dependency_links.txt
writing requirements to ../../build/siyi_cam_node/siyi_cam_node.egg-info/requires.txt
writing top-level names to ../../build/siyi_cam_node/siyi_cam_node.egg-info/top_level.txt
writing manifest file '../../build/siyi_cam_node/siyi_cam_node.egg-info/SOURCES.txt'
reading manifest file '../../build/siyi_cam_node/siyi_cam_node.egg-info/SOURCES.txt'
writing manifest file '../../build/siyi_cam_node/siyi_cam_node.egg-info/SOURCES.txt'
running build
running build_py
creating /workspace/ros2_ws/build/siyi_cam_node/build/lib/siyi_cam_node
copying siyi_cam_node/__init__.py -> /workspace/ros2_ws/build/siyi_cam_node/build/lib/siyi_cam_node
copying siyi_cam_node/siyi_cam_node.py -> /workspace/ros2_ws/build/siyi_cam_node/build/lib/siyi_cam_node
running install
running install_lib
creating /workspace/ros2_ws/install/siyi_cam_node/lib/python3.10/site-packages/siyi_cam_node
copying /workspace/ros2_ws/build/siyi_cam_node/build/lib/siyi_cam_node/__init__.py -> /workspace/ros2_ws/install/siyi_cam_node/lib/python3.10/site-packages/siyi_cam_node
copying /workspace/ros2_ws/build/siyi_cam_node/build/lib/siyi_cam_node/siyi_cam_node.py -> /workspace/ros2_ws/install/siyi_cam_node/lib/python3.10/site-packages/siyi_cam_node
byte-compiling /workspace/ros2_ws/install/siyi_cam_node/lib/python3.10/site-packages/siyi_cam_node/__init__.py to __init__.cpython-310.pyc
byte-compiling /workspace/ros2_ws/install/siyi_cam_node/lib/python3.10/site-packages/siyi_cam_node/siyi_cam_node.py to siyi_cam_node.cpython-310.pyc
running install_data
creating /workspace/ros2_ws/install/siyi_cam_node/share/ament_index/resource_index/packages
copying resource/siyi_cam_node -> /workspace/ros2_ws/install/siyi_cam_node/share/ament_index/resource_index/packages
copying package.xml -> /workspace/ros2_ws/install/siyi_cam_node/share/siyi_cam_node
running install_egg_info
Copying ../../build/siyi_cam_node/siyi_cam_node.egg-info to /workspace/ros2_ws/install/siyi_cam_node/lib/python3.10/site-packages/siyi_cam_node-0.0.0-py3.10.egg-info
running install_scripts
writing list of installed files to '/workspace/ros2_ws/build/siyi_cam_node/install.log'
