[2.493s] Invoking command in '/workspace/ros2_ws/src/siyi_cam_node': PYTHONPATH=/workspace/ros2_ws/build/siyi_cam_node/prefix_override:/usr/lib/python3/dist-packages/colcon_core/task/python/colcon_distutils_commands:/workspace/ros2_ws/install/siyi_cam_node/lib/python3.10/site-packages:${PYTHONPATH} /usr/bin/python3 -W ignore:setup.py install is deprecated -W ignore:easy_install command is deprecated setup.py egg_info --egg-base ../../build/siyi_cam_node build --build-base /workspace/ros2_ws/build/siyi_cam_node/build install --record /workspace/ros2_ws/build/siyi_cam_node/install.log --single-version-externally-managed install_data
[3.019s] /home/ubuntu/.local/lib/python3.10/site-packages/setuptools/_distutils/dist.py:289: UserWarning: Unknown distribution option: 'tests_require'
[3.024s]   warnings.warn(msg)
[3.278s] running egg_info
[3.331s] creating ../../build/siyi_cam_node/siyi_cam_node.egg-info
[3.335s] writing ../../build/siyi_cam_node/siyi_cam_node.egg-info/PKG-INFO
[3.347s] writing dependency_links to ../../build/siyi_cam_node/siyi_cam_node.egg-info/dependency_links.txt
[3.355s] writing requirements to ../../build/siyi_cam_node/siyi_cam_node.egg-info/requires.txt
[3.358s] writing top-level names to ../../build/siyi_cam_node/siyi_cam_node.egg-info/top_level.txt
[3.370s] writing manifest file '../../build/siyi_cam_node/siyi_cam_node.egg-info/SOURCES.txt'
[3.523s] reading manifest file '../../build/siyi_cam_node/siyi_cam_node.egg-info/SOURCES.txt'
[3.533s] writing manifest file '../../build/siyi_cam_node/siyi_cam_node.egg-info/SOURCES.txt'
[3.535s] running build
[3.538s] running build_py
[3.549s] creating /workspace/ros2_ws/build/siyi_cam_node/build/lib/siyi_cam_node
[3.551s] copying siyi_cam_node/__init__.py -> /workspace/ros2_ws/build/siyi_cam_node/build/lib/siyi_cam_node
[3.555s] copying siyi_cam_node/siyi_cam_node.py -> /workspace/ros2_ws/build/siyi_cam_node/build/lib/siyi_cam_node
[3.579s] running install
[3.592s] running install_lib
[3.681s] creating /workspace/ros2_ws/install/siyi_cam_node/lib/python3.10/site-packages/siyi_cam_node
[3.692s] copying /workspace/ros2_ws/build/siyi_cam_node/build/lib/siyi_cam_node/__init__.py -> /workspace/ros2_ws/install/siyi_cam_node/lib/python3.10/site-packages/siyi_cam_node
[3.695s] copying /workspace/ros2_ws/build/siyi_cam_node/build/lib/siyi_cam_node/siyi_cam_node.py -> /workspace/ros2_ws/install/siyi_cam_node/lib/python3.10/site-packages/siyi_cam_node
[3.709s] byte-compiling /workspace/ros2_ws/install/siyi_cam_node/lib/python3.10/site-packages/siyi_cam_node/__init__.py to __init__.cpython-310.pyc
[3.731s] byte-compiling /workspace/ros2_ws/install/siyi_cam_node/lib/python3.10/site-packages/siyi_cam_node/siyi_cam_node.py to siyi_cam_node.cpython-310.pyc
[3.737s]   File "/workspace/ros2_ws/install/siyi_cam_node/lib/python3.10/site-packages/siyi_cam_node/siyi_cam_node.py", line 17
[3.739s]     self.declare_parameter('image_dir', os.path.expanduser'~/captured_images')
[3.743s]                                         ^^^^^^^^^^^^^^^^^^^^^^^^^^^^^^^^^^^^^
[3.745s] SyntaxError: invalid syntax. Perhaps you forgot a comma?
[3.756s] 
[3.765s] running install_data
[3.767s] creating /workspace/ros2_ws/install/siyi_cam_node/share/ament_index/resource_index/packages
[3.769s] copying resource/siyi_cam_node -> /workspace/ros2_ws/install/siyi_cam_node/share/ament_index/resource_index/packages
[3.772s] copying package.xml -> /workspace/ros2_ws/install/siyi_cam_node/share/siyi_cam_node
[3.777s] running install_egg_info
[3.861s] Copying ../../build/siyi_cam_node/siyi_cam_node.egg-info to /workspace/ros2_ws/install/siyi_cam_node/lib/python3.10/site-packages/siyi_cam_node-0.0.0-py3.10.egg-info
[3.978s] running install_scripts
[4.189s] writing list of installed files to '/workspace/ros2_ws/build/siyi_cam_node/install.log'
[4.424s] Invoked command in '/workspace/ros2_ws/src/siyi_cam_node' returned '0': PYTHONPATH=/workspace/ros2_ws/build/siyi_cam_node/prefix_override:/usr/lib/python3/dist-packages/colcon_core/task/python/colcon_distutils_commands:/workspace/ros2_ws/install/siyi_cam_node/lib/python3.10/site-packages:${PYTHONPATH} /usr/bin/python3 -W ignore:setup.py install is deprecated -W ignore:easy_install command is deprecated setup.py egg_info --egg-base ../../build/siyi_cam_node build --build-base /workspace/ros2_ws/build/siyi_cam_node/build install --record /workspace/ros2_ws/build/siyi_cam_node/install.log --single-version-externally-managed install_data
