[1.518s] Invoking command in '/workspace/ros2_ws/src/ros2_image_stitching_pkg': PYTHONPATH=/workspace/ros2_ws/build/ros2_image_stitching_pkg/prefix_override:/usr/lib/python3/dist-packages/colcon_core/task/python/colcon_distutils_commands:/workspace/ros2_ws/install/ros2_image_stitching_pkg/lib/python3.10/site-packages:${PYTHONPATH} /usr/bin/python3 -W ignore:setup.py install is deprecated -W ignore:easy_install command is deprecated setup.py egg_info --egg-base ../../build/ros2_image_stitching_pkg build --build-base /workspace/ros2_ws/build/ros2_image_stitching_pkg/build install --record /workspace/ros2_ws/build/ros2_image_stitching_pkg/install.log --single-version-externally-managed install_data
[1.861s] /home/ubuntu/.local/lib/python3.10/site-packages/setuptools/_distutils/dist.py:289: UserWarning: Unknown distribution option: 'tests_require'
[1.862s]   warnings.warn(msg)
[2.055s] running egg_info
[2.086s] writing ../../build/ros2_image_stitching_pkg/ros2_image_stitching_pkg.egg-info/PKG-INFO
[2.095s] writing dependency_links to ../../build/ros2_image_stitching_pkg/ros2_image_stitching_pkg.egg-info/dependency_links.txt
[2.097s] writing entry points to ../../build/ros2_image_stitching_pkg/ros2_image_stitching_pkg.egg-info/entry_points.txt
[2.101s] writing requirements to ../../build/ros2_image_stitching_pkg/ros2_image_stitching_pkg.egg-info/requires.txt
[2.109s] writing top-level names to ../../build/ros2_image_stitching_pkg/ros2_image_stitching_pkg.egg-info/top_level.txt
[2.194s] reading manifest file '../../build/ros2_image_stitching_pkg/ros2_image_stitching_pkg.egg-info/SOURCES.txt'
[2.199s] writing manifest file '../../build/ros2_image_stitching_pkg/ros2_image_stitching_pkg.egg-info/SOURCES.txt'
[2.202s] running build
[2.206s] running build_py
[2.208s] copying ros2_image_stitching_pkg/incremental_stitcher.py -> /workspace/ros2_ws/build/ros2_image_stitching_pkg/build/lib/ros2_image_stitching_pkg
[2.216s] copying ros2_image_stitching_pkg/__init__.py -> /workspace/ros2_ws/build/ros2_image_stitching_pkg/build/lib/ros2_image_stitching_pkg
[2.222s] copying ros2_image_stitching_pkg/mock_camera_node.py -> /workspace/ros2_ws/build/ros2_image_stitching_pkg/build/lib/ros2_image_stitching_pkg
[2.235s] running install
[2.248s] running install_lib
[2.285s] copying /workspace/ros2_ws/build/ros2_image_stitching_pkg/build/lib/ros2_image_stitching_pkg/incremental_stitcher.py -> /workspace/ros2_ws/install/ros2_image_stitching_pkg/lib/python3.10/site-packages/ros2_image_stitching_pkg
[2.291s] byte-compiling /workspace/ros2_ws/install/ros2_image_stitching_pkg/lib/python3.10/site-packages/ros2_image_stitching_pkg/incremental_stitcher.py to incremental_stitcher.cpython-310.pyc
[2.304s] running install_data
[2.305s] running install_egg_info
[2.338s] removing '/workspace/ros2_ws/install/ros2_image_stitching_pkg/lib/python3.10/site-packages/ros2_image_stitching_pkg-0.0.0-py3.10.egg-info' (and everything under it)
[2.347s] Copying ../../build/ros2_image_stitching_pkg/ros2_image_stitching_pkg.egg-info to /workspace/ros2_ws/install/ros2_image_stitching_pkg/lib/python3.10/site-packages/ros2_image_stitching_pkg-0.0.0-py3.10.egg-info
[2.391s] running install_scripts
[2.475s] Installing incremental_stitcher script to /workspace/ros2_ws/install/ros2_image_stitching_pkg/lib/ros2_image_stitching_pkg
[2.477s] Installing mock_camera_node script to /workspace/ros2_ws/install/ros2_image_stitching_pkg/lib/ros2_image_stitching_pkg
[2.482s] writing list of installed files to '/workspace/ros2_ws/build/ros2_image_stitching_pkg/install.log'
[2.527s] Invoked command in '/workspace/ros2_ws/src/ros2_image_stitching_pkg' returned '0': PYTHONPATH=/workspace/ros2_ws/build/ros2_image_stitching_pkg/prefix_override:/usr/lib/python3/dist-packages/colcon_core/task/python/colcon_distutils_commands:/workspace/ros2_ws/install/ros2_image_stitching_pkg/lib/python3.10/site-packages:${PYTHONPATH} /usr/bin/python3 -W ignore:setup.py install is deprecated -W ignore:easy_install command is deprecated setup.py egg_info --egg-base ../../build/ros2_image_stitching_pkg build --build-base /workspace/ros2_ws/build/ros2_image_stitching_pkg/build install --record /workspace/ros2_ws/build/ros2_image_stitching_pkg/install.log --single-version-externally-managed install_data
