[0.194s] DEBUG:colcon:Command line arguments: ['/usr/bin/colcon', 'build', '--packages-select', 'temperature_interfaces']
[0.195s] DEBUG:colcon:Parsed command line arguments: Namespace(log_base=None, log_level=None, verb_name='build', build_base='build', install_base='install', merge_install=False, symlink_install=False, test_result_base=None, continue_on_error=False, executor='parallel', parallel_workers=8, event_handlers=None, ignore_user_meta=False, metas=['./colcon.meta'], base_paths=['.'], packages_ignore=None, packages_ignore_regex=None, paths=None, packages_up_to=None, packages_up_to_regex=None, packages_above=None, packages_above_and_dependencies=None, packages_above_depth=None, packages_select_by_dep=None, packages_skip_by_dep=None, packages_skip_up_to=None, packages_select_build_failed=False, packages_skip_build_finished=False, packages_select_test_failures=False, packages_skip_test_passed=False, packages_select=['temperature_interfaces'], packages_skip=None, packages_select_regex=None, packages_skip_regex=None, packages_start=None, packages_end=None, cmake_args=None, cmake_target=None, cmake_target_skip_unavailable=False, cmake_clean_cache=False, cmake_clean_first=False, cmake_force_configure=False, ament_cmake_args=None, catkin_cmake_args=None, catkin_skip_building_tests=False, mixin_files=None, mixin=None, verb_parser=<colcon_mixin.mixin.mixin_argument.MixinArgumentDecorator object at 0x7fc8231515d0>, verb_extension=<colcon_core.verb.build.BuildVerb object at 0x7fc823151060>, main=<bound method BuildVerb.main of <colcon_core.verb.build.BuildVerb object at 0x7fc823151060>>, mixin_verb=('build',))
[0.367s] Level 1:colcon.colcon_core.package_discovery:discover_packages(colcon_meta) check parameters
[0.368s] Level 1:colcon.colcon_core.package_discovery:discover_packages(recursive) check parameters
[0.368s] Level 1:colcon.colcon_core.package_discovery:discover_packages(ignore) check parameters
[0.368s] Level 1:colcon.colcon_core.package_discovery:discover_packages(path) check parameters
[0.369s] Level 1:colcon.colcon_core.package_discovery:discover_packages(colcon_meta) discover
[0.369s] Level 1:colcon.colcon_core.package_discovery:discover_packages(recursive) discover
[0.369s] INFO:colcon.colcon_core.package_discovery:Crawling recursively for packages in '/workspace/ros2_ws'
[0.371s] Level 1:colcon.colcon_core.package_identification:_identify(.) by extensions ['ignore', 'ignore_ament_install']
[0.371s] Level 1:colcon.colcon_core.package_identification:_identify(.) by extension 'ignore'
[0.372s] Level 1:colcon.colcon_core.package_identification:_identify(.) by extension 'ignore_ament_install'
[0.373s] Level 1:colcon.colcon_core.package_identification:_identify(.) by extensions ['colcon_pkg']
[0.373s] Level 1:colcon.colcon_core.package_identification:_identify(.) by extension 'colcon_pkg'
[0.373s] Level 1:colcon.colcon_core.package_identification:_identify(.) by extensions ['colcon_meta']
[0.373s] Level 1:colcon.colcon_core.package_identification:_identify(.) by extension 'colcon_meta'
[0.374s] Level 1:colcon.colcon_core.package_identification:_identify(.) by extensions ['ros']
[0.374s] Level 1:colcon.colcon_core.package_identification:_identify(.) by extension 'ros'
[0.402s] Level 1:colcon.colcon_core.package_identification:_identify(.) by extensions ['cmake', 'python']
[0.403s] Level 1:colcon.colcon_core.package_identification:_identify(.) by extension 'cmake'
[0.404s] Level 1:colcon.colcon_core.package_identification:_identify(.) by extension 'python'
[0.404s] Level 1:colcon.colcon_core.package_identification:_identify(.) by extensions ['python_setup_py']
[0.405s] Level 1:colcon.colcon_core.package_identification:_identify(.) by extension 'python_setup_py'
[0.406s] Level 1:colcon.colcon_core.package_identification:_identify(build) by extensions ['ignore', 'ignore_ament_install']
[0.407s] Level 1:colcon.colcon_core.package_identification:_identify(build) by extension 'ignore'
[0.407s] Level 1:colcon.colcon_core.package_identification:_identify(build) ignored
[0.409s] Level 1:colcon.colcon_core.package_identification:_identify(install) by extensions ['ignore', 'ignore_ament_install']
[0.409s] Level 1:colcon.colcon_core.package_identification:_identify(install) by extension 'ignore'
[0.410s] Level 1:colcon.colcon_core.package_identification:_identify(install) ignored
[0.412s] Level 1:colcon.colcon_core.package_identification:_identify(log) by extensions ['ignore', 'ignore_ament_install']
[0.413s] Level 1:colcon.colcon_core.package_identification:_identify(log) by extension 'ignore'
[0.413s] Level 1:colcon.colcon_core.package_identification:_identify(log) ignored
[0.414s] Level 1:colcon.colcon_core.package_identification:_identify(src) by extensions ['ignore', 'ignore_ament_install']
[0.414s] Level 1:colcon.colcon_core.package_identification:_identify(src) by extension 'ignore'
[0.415s] Level 1:colcon.colcon_core.package_identification:_identify(src) by extension 'ignore_ament_install'
[0.416s] Level 1:colcon.colcon_core.package_identification:_identify(src) by extensions ['colcon_pkg']
[0.416s] Level 1:colcon.colcon_core.package_identification:_identify(src) by extension 'colcon_pkg'
[0.417s] Level 1:colcon.colcon_core.package_identification:_identify(src) by extensions ['colcon_meta']
[0.417s] Level 1:colcon.colcon_core.package_identification:_identify(src) by extension 'colcon_meta'
[0.417s] Level 1:colcon.colcon_core.package_identification:_identify(src) by extensions ['ros']
[0.418s] Level 1:colcon.colcon_core.package_identification:_identify(src) by extension 'ros'
[0.419s] Level 1:colcon.colcon_core.package_identification:_identify(src) by extensions ['cmake', 'python']
[0.419s] Level 1:colcon.colcon_core.package_identification:_identify(src) by extension 'cmake'
[0.420s] Level 1:colcon.colcon_core.package_identification:_identify(src) by extension 'python'
[0.420s] Level 1:colcon.colcon_core.package_identification:_identify(src) by extensions ['python_setup_py']
[0.421s] Level 1:colcon.colcon_core.package_identification:_identify(src) by extension 'python_setup_py'
[0.423s] Level 1:colcon.colcon_core.package_identification:_identify(src/temperature_interfaces) by extensions ['ignore', 'ignore_ament_install']
[0.423s] Level 1:colcon.colcon_core.package_identification:_identify(src/temperature_interfaces) by extension 'ignore'
[0.424s] Level 1:colcon.colcon_core.package_identification:_identify(src/temperature_interfaces) by extension 'ignore_ament_install'
[0.424s] Level 1:colcon.colcon_core.package_identification:_identify(src/temperature_interfaces) by extensions ['colcon_pkg']
[0.424s] Level 1:colcon.colcon_core.package_identification:_identify(src/temperature_interfaces) by extension 'colcon_pkg'
[0.425s] Level 1:colcon.colcon_core.package_identification:_identify(src/temperature_interfaces) by extensions ['colcon_meta']
[0.425s] Level 1:colcon.colcon_core.package_identification:_identify(src/temperature_interfaces) by extension 'colcon_meta'
[0.425s] Level 1:colcon.colcon_core.package_identification:_identify(src/temperature_interfaces) by extensions ['ros']
[0.426s] Level 1:colcon.colcon_core.package_identification:_identify(src/temperature_interfaces) by extension 'ros'
[0.431s] DEBUG:colcon.colcon_core.package_identification:Package 'src/temperature_interfaces' with type 'ros.ament_cmake' and name 'temperature_interfaces'
[0.433s] Level 1:colcon.colcon_core.package_identification:_identify(src/temperature_pkg) by extensions ['ignore', 'ignore_ament_install']
[0.433s] Level 1:colcon.colcon_core.package_identification:_identify(src/temperature_pkg) by extension 'ignore'
[0.433s] Level 1:colcon.colcon_core.package_identification:_identify(src/temperature_pkg) by extension 'ignore_ament_install'
[0.434s] Level 1:colcon.colcon_core.package_identification:_identify(src/temperature_pkg) by extensions ['colcon_pkg']
[0.434s] Level 1:colcon.colcon_core.package_identification:_identify(src/temperature_pkg) by extension 'colcon_pkg'
[0.435s] Level 1:colcon.colcon_core.package_identification:_identify(src/temperature_pkg) by extensions ['colcon_meta']
[0.435s] Level 1:colcon.colcon_core.package_identification:_identify(src/temperature_pkg) by extension 'colcon_meta'
[0.435s] Level 1:colcon.colcon_core.package_identification:_identify(src/temperature_pkg) by extensions ['ros']
[0.436s] Level 1:colcon.colcon_core.package_identification:_identify(src/temperature_pkg) by extension 'ros'
[0.439s] DEBUG:colcon.colcon_core.package_identification:Package 'src/temperature_pkg' with type 'ros.ament_python' and name 'temperature_pkg'
[0.439s] Level 1:colcon.colcon_core.package_discovery:discover_packages(recursive) using defaults
[0.439s] Level 1:colcon.colcon_core.package_discovery:discover_packages(ignore) discover
[0.440s] Level 1:colcon.colcon_core.package_discovery:discover_packages(ignore) using defaults
[0.440s] Level 1:colcon.colcon_core.package_discovery:discover_packages(path) discover
[0.440s] Level 1:colcon.colcon_core.package_discovery:discover_packages(path) using defaults
[0.483s] INFO:colcon.colcon_core.package_selection:Skipping not selected package 'temperature_pkg' in 'src/temperature_pkg'
[0.484s] Level 5:colcon.colcon_core.verb:set package 'temperature_interfaces' build argument 'cmake_args' from command line to 'None'
[0.484s] Level 5:colcon.colcon_core.verb:set package 'temperature_interfaces' build argument 'cmake_target' from command line to 'None'
[0.485s] Level 5:colcon.colcon_core.verb:set package 'temperature_interfaces' build argument 'cmake_target_skip_unavailable' from command line to 'False'
[0.485s] Level 5:colcon.colcon_core.verb:set package 'temperature_interfaces' build argument 'cmake_clean_cache' from command line to 'False'
[0.485s] Level 5:colcon.colcon_core.verb:set package 'temperature_interfaces' build argument 'cmake_clean_first' from command line to 'False'
[0.486s] Level 5:colcon.colcon_core.verb:set package 'temperature_interfaces' build argument 'cmake_force_configure' from command line to 'False'
[0.486s] Level 5:colcon.colcon_core.verb:set package 'temperature_interfaces' build argument 'ament_cmake_args' from command line to 'None'
[0.486s] Level 5:colcon.colcon_core.verb:set package 'temperature_interfaces' build argument 'catkin_cmake_args' from command line to 'None'
[0.486s] Level 5:colcon.colcon_core.verb:set package 'temperature_interfaces' build argument 'catkin_skip_building_tests' from command line to 'False'
[0.487s] DEBUG:colcon.colcon_core.verb:Building package 'temperature_interfaces' with the following arguments: {'ament_cmake_args': None, 'build_base': '/workspace/ros2_ws/build/temperature_interfaces', 'catkin_cmake_args': None, 'catkin_skip_building_tests': False, 'cmake_args': None, 'cmake_clean_cache': False, 'cmake_clean_first': False, 'cmake_force_configure': False, 'cmake_target': None, 'cmake_target_skip_unavailable': False, 'install_base': '/workspace/ros2_ws/install/temperature_interfaces', 'merge_install': False, 'path': '/workspace/ros2_ws/src/temperature_interfaces', 'symlink_install': False, 'test_result_base': None}
[0.487s] INFO:colcon.colcon_core.executor:Executing jobs using 'parallel' executor
[0.490s] DEBUG:colcon.colcon_parallel_executor.executor.parallel:run_until_complete
[0.490s] INFO:colcon.colcon_ros.task.ament_cmake.build:Building ROS package in '/workspace/ros2_ws/src/temperature_interfaces' with build type 'ament_cmake'
[0.490s] INFO:colcon.colcon_cmake.task.cmake.build:Building CMake package in '/workspace/ros2_ws/src/temperature_interfaces'
[0.495s] INFO:colcon.colcon_core.plugin_system:Skipping extension 'colcon_core.shell.bat': Not used on non-Windows systems
[0.495s] INFO:colcon.colcon_core.shell:Skip shell extension 'powershell' for command environment: Not usable outside of PowerShell
[0.496s] DEBUG:colcon.colcon_core.shell:Skip shell extension 'dsv' for command environment
[0.550s] DEBUG:colcon.colcon_core.event_handler.log_command:Invoking command in '/workspace/ros2_ws/build/temperature_interfaces': CMAKE_PREFIX_PATH=/opt/ros/humble /usr/bin/cmake /workspace/ros2_ws/src/temperature_interfaces -DCMAKE_INSTALL_PREFIX=/workspace/ros2_ws/install/temperature_interfaces
[6.223s] DEBUG:colcon.colcon_core.event_handler.log_command:Invoked command in '/workspace/ros2_ws/build/temperature_interfaces' returned '0': CMAKE_PREFIX_PATH=/opt/ros/humble /usr/bin/cmake /workspace/ros2_ws/src/temperature_interfaces -DCMAKE_INSTALL_PREFIX=/workspace/ros2_ws/install/temperature_interfaces
[6.239s] DEBUG:colcon.colcon_core.event_handler.log_command:Invoking command in '/workspace/ros2_ws/build/temperature_interfaces': CMAKE_PREFIX_PATH=/opt/ros/humble /usr/bin/cmake --build /workspace/ros2_ws/build/temperature_interfaces -- -j8 -l8
[14.638s] DEBUG:colcon.colcon_core.event_handler.log_command:Invoked command in '/workspace/ros2_ws/build/temperature_interfaces' returned '0': CMAKE_PREFIX_PATH=/opt/ros/humble /usr/bin/cmake --build /workspace/ros2_ws/build/temperature_interfaces -- -j8 -l8
[14.678s] DEBUG:colcon.colcon_core.event_handler.log_command:Invoking command in '/workspace/ros2_ws/build/temperature_interfaces': CMAKE_PREFIX_PATH=/opt/ros/humble /usr/bin/cmake --install /workspace/ros2_ws/build/temperature_interfaces
[16.821s] Level 1:colcon.colcon_core.environment:create_environment_scripts_only(temperature_interfaces)
[16.826s] DEBUG:colcon.colcon_core.event_handler.log_command:Invoked command in '/workspace/ros2_ws/build/temperature_interfaces' returned '0': CMAKE_PREFIX_PATH=/opt/ros/humble /usr/bin/cmake --install /workspace/ros2_ws/build/temperature_interfaces
[16.830s] Level 1:colcon.colcon_core.environment:checking '/workspace/ros2_ws/install/temperature_interfaces' for CMake module files
[16.845s] Level 1:colcon.colcon_core.environment:checking '/workspace/ros2_ws/install/temperature_interfaces' for CMake config files
[16.876s] Level 1:colcon.colcon_core.shell:create_environment_hook('temperature_interfaces', 'cmake_prefix_path')
[16.877s] INFO:colcon.colcon_core.shell:Creating environment hook '/workspace/ros2_ws/install/temperature_interfaces/share/temperature_interfaces/hook/cmake_prefix_path.ps1'
[16.882s] INFO:colcon.colcon_core.shell:Creating environment descriptor '/workspace/ros2_ws/install/temperature_interfaces/share/temperature_interfaces/hook/cmake_prefix_path.dsv'
[16.887s] INFO:colcon.colcon_core.shell:Creating environment hook '/workspace/ros2_ws/install/temperature_interfaces/share/temperature_interfaces/hook/cmake_prefix_path.sh'
[16.895s] Level 1:colcon.colcon_core.environment:checking '/workspace/ros2_ws/install/temperature_interfaces/lib'
[16.897s] Level 1:colcon.colcon_core.shell:create_environment_hook('temperature_interfaces', 'ld_library_path_lib')
[16.898s] INFO:colcon.colcon_core.shell:Creating environment hook '/workspace/ros2_ws/install/temperature_interfaces/share/temperature_interfaces/hook/ld_library_path_lib.ps1'
[16.902s] INFO:colcon.colcon_core.shell:Creating environment descriptor '/workspace/ros2_ws/install/temperature_interfaces/share/temperature_interfaces/hook/ld_library_path_lib.dsv'
[16.907s] INFO:colcon.colcon_core.shell:Creating environment hook '/workspace/ros2_ws/install/temperature_interfaces/share/temperature_interfaces/hook/ld_library_path_lib.sh'
[16.911s] Level 1:colcon.colcon_core.environment:checking '/workspace/ros2_ws/install/temperature_interfaces/bin'
[16.911s] Level 1:colcon.colcon_core.environment:checking '/workspace/ros2_ws/install/temperature_interfaces/lib/pkgconfig/temperature_interfaces.pc'
[16.915s] Level 1:colcon.colcon_core.environment:checking '/workspace/ros2_ws/install/temperature_interfaces/lib/python3.10/site-packages'
[16.916s] Level 1:colcon.colcon_core.environment:checking '/workspace/ros2_ws/install/temperature_interfaces/bin'
[16.919s] INFO:colcon.colcon_core.shell:Creating package script '/workspace/ros2_ws/install/temperature_interfaces/share/temperature_interfaces/package.ps1'
[16.924s] INFO:colcon.colcon_core.shell:Creating package descriptor '/workspace/ros2_ws/install/temperature_interfaces/share/temperature_interfaces/package.dsv'
[16.928s] INFO:colcon.colcon_core.shell:Creating package script '/workspace/ros2_ws/install/temperature_interfaces/share/temperature_interfaces/package.sh'
[16.932s] INFO:colcon.colcon_core.shell:Creating package script '/workspace/ros2_ws/install/temperature_interfaces/share/temperature_interfaces/package.bash'
[16.940s] INFO:colcon.colcon_core.shell:Creating package script '/workspace/ros2_ws/install/temperature_interfaces/share/temperature_interfaces/package.zsh'
[16.944s] Level 1:colcon.colcon_core.environment:create_file_with_runtime_dependencies(/workspace/ros2_ws/install/temperature_interfaces/share/colcon-core/packages/temperature_interfaces)
[16.951s] Level 1:colcon.colcon_core.environment:create_environment_scripts_only(temperature_interfaces)
[16.952s] Level 1:colcon.colcon_core.environment:checking '/workspace/ros2_ws/install/temperature_interfaces' for CMake module files
[16.965s] Level 1:colcon.colcon_core.environment:checking '/workspace/ros2_ws/install/temperature_interfaces' for CMake config files
[16.996s] Level 1:colcon.colcon_core.shell:create_environment_hook('temperature_interfaces', 'cmake_prefix_path')
[16.997s] INFO:colcon.colcon_core.shell:Creating environment hook '/workspace/ros2_ws/install/temperature_interfaces/share/temperature_interfaces/hook/cmake_prefix_path.ps1'
[17.000s] INFO:colcon.colcon_core.shell:Creating environment descriptor '/workspace/ros2_ws/install/temperature_interfaces/share/temperature_interfaces/hook/cmake_prefix_path.dsv'
[17.004s] INFO:colcon.colcon_core.shell:Creating environment hook '/workspace/ros2_ws/install/temperature_interfaces/share/temperature_interfaces/hook/cmake_prefix_path.sh'
[17.010s] Level 1:colcon.colcon_core.environment:checking '/workspace/ros2_ws/install/temperature_interfaces/lib'
[17.012s] Level 1:colcon.colcon_core.shell:create_environment_hook('temperature_interfaces', 'ld_library_path_lib')
[17.013s] INFO:colcon.colcon_core.shell:Creating environment hook '/workspace/ros2_ws/install/temperature_interfaces/share/temperature_interfaces/hook/ld_library_path_lib.ps1'
[17.017s] INFO:colcon.colcon_core.shell:Creating environment descriptor '/workspace/ros2_ws/install/temperature_interfaces/share/temperature_interfaces/hook/ld_library_path_lib.dsv'
[17.024s] INFO:colcon.colcon_core.shell:Creating environment hook '/workspace/ros2_ws/install/temperature_interfaces/share/temperature_interfaces/hook/ld_library_path_lib.sh'
[17.028s] Level 1:colcon.colcon_core.environment:checking '/workspace/ros2_ws/install/temperature_interfaces/bin'
[17.029s] Level 1:colcon.colcon_core.environment:checking '/workspace/ros2_ws/install/temperature_interfaces/lib/pkgconfig/temperature_interfaces.pc'
[17.030s] Level 1:colcon.colcon_core.environment:checking '/workspace/ros2_ws/install/temperature_interfaces/lib/python3.10/site-packages'
[17.031s] Level 1:colcon.colcon_core.environment:checking '/workspace/ros2_ws/install/temperature_interfaces/bin'
[17.033s] INFO:colcon.colcon_core.shell:Creating package script '/workspace/ros2_ws/install/temperature_interfaces/share/temperature_interfaces/package.ps1'
[17.037s] INFO:colcon.colcon_core.shell:Creating package descriptor '/workspace/ros2_ws/install/temperature_interfaces/share/temperature_interfaces/package.dsv'
[17.042s] INFO:colcon.colcon_core.shell:Creating package script '/workspace/ros2_ws/install/temperature_interfaces/share/temperature_interfaces/package.sh'
[17.046s] INFO:colcon.colcon_core.shell:Creating package script '/workspace/ros2_ws/install/temperature_interfaces/share/temperature_interfaces/package.bash'
[17.050s] INFO:colcon.colcon_core.shell:Creating package script '/workspace/ros2_ws/install/temperature_interfaces/share/temperature_interfaces/package.zsh'
[17.054s] Level 1:colcon.colcon_core.environment:create_file_with_runtime_dependencies(/workspace/ros2_ws/install/temperature_interfaces/share/colcon-core/packages/temperature_interfaces)
[17.057s] DEBUG:colcon.colcon_parallel_executor.executor.parallel:closing loop
[17.058s] DEBUG:colcon.colcon_parallel_executor.executor.parallel:loop closed
[17.058s] DEBUG:colcon.colcon_parallel_executor.executor.parallel:run_until_complete finished with '0'
[17.059s] DEBUG:colcon.colcon_core.event_reactor:joining thread
[17.098s] INFO:colcon.colcon_core.plugin_system:Skipping extension 'colcon_notification.desktop_notification.notify_send': Could not find 'notify-send'
[17.099s] INFO:colcon.colcon_core.plugin_system:Skipping extension 'colcon_notification.desktop_notification.terminal_notifier': Not used on non-Darwin systems
[17.100s] INFO:colcon.colcon_core.plugin_system:Skipping extension 'colcon_notification.desktop_notification.win32': Not used on non-Windows systems
[17.101s] INFO:colcon.colcon_notification.desktop_notification:Sending desktop notification using 'notify2'
[17.108s] DEBUG:colcon.colcon_notification.desktop_notification.notify2:Failed to initialize notify2: org.freedesktop.DBus.Error.Spawn.ExecFailed: /usr/bin/dbus-launch terminated abnormally without any error message
[17.110s] DEBUG:colcon.colcon_core.event_reactor:joined thread
[17.112s] INFO:colcon.colcon_core.shell:Creating prefix script '/workspace/ros2_ws/install/local_setup.ps1'
[17.116s] INFO:colcon.colcon_core.shell:Creating prefix util module '/workspace/ros2_ws/install/_local_setup_util_ps1.py'
[17.124s] INFO:colcon.colcon_core.shell:Creating prefix chain script '/workspace/ros2_ws/install/setup.ps1'
[17.130s] INFO:colcon.colcon_core.shell:Creating prefix script '/workspace/ros2_ws/install/local_setup.sh'
[17.134s] INFO:colcon.colcon_core.shell:Creating prefix util module '/workspace/ros2_ws/install/_local_setup_util_sh.py'
[17.141s] INFO:colcon.colcon_core.shell:Creating prefix chain script '/workspace/ros2_ws/install/setup.sh'
[17.147s] INFO:colcon.colcon_core.shell:Creating prefix script '/workspace/ros2_ws/install/local_setup.bash'
[17.151s] INFO:colcon.colcon_core.shell:Creating prefix chain script '/workspace/ros2_ws/install/setup.bash'
[17.158s] INFO:colcon.colcon_core.shell:Creating prefix script '/workspace/ros2_ws/install/local_setup.zsh'
[17.162s] INFO:colcon.colcon_core.shell:Creating prefix chain script '/workspace/ros2_ws/install/setup.zsh'
