[1.368s] Invoking command in '/workspace/ros2_ws/src/temperature_pkg': PYTHONPATH=/workspace/ros2_ws/build/temperature_pkg/prefix_override:/usr/lib/python3/dist-packages/colcon_core/task/python/colcon_distutils_commands:/workspace/ros2_ws/install/temperature_pkg/lib/python3.10/site-packages:${PYTHONPATH} /usr/bin/python3 -W ignore:setup.py install is deprecated -W ignore:easy_install command is deprecated setup.py egg_info --egg-base ../../build/temperature_pkg build --build-base /workspace/ros2_ws/build/temperature_pkg/build install --record /workspace/ros2_ws/build/temperature_pkg/install.log --single-version-externally-managed install_data
[1.883s] running egg_info
[1.911s] writing ../../build/temperature_pkg/temperature_pkg.egg-info/PKG-INFO
[1.916s] writing dependency_links to ../../build/temperature_pkg/temperature_pkg.egg-info/dependency_links.txt
[1.918s] writing entry points to ../../build/temperature_pkg/temperature_pkg.egg-info/entry_points.txt
[1.920s] writing requirements to ../../build/temperature_pkg/temperature_pkg.egg-info/requires.txt
[1.922s] writing top-level names to ../../build/temperature_pkg/temperature_pkg.egg-info/top_level.txt
[1.999s] reading manifest file '../../build/temperature_pkg/temperature_pkg.egg-info/SOURCES.txt'
[2.004s] writing manifest file '../../build/temperature_pkg/temperature_pkg.egg-info/SOURCES.txt'
[2.005s] running build
[2.006s] running build_py
[2.007s] copying temperature_pkg/__init__.py -> /workspace/ros2_ws/build/temperature_pkg/build/lib/temperature_pkg
[2.010s] copying temperature_pkg/publisher_member_function.py -> /workspace/ros2_ws/build/temperature_pkg/build/lib/temperature_pkg
[2.016s] copying temperature_pkg/convert_temp_client.py -> /workspace/ros2_ws/build/temperature_pkg/build/lib/temperature_pkg
[2.022s] copying temperature_pkg/convert_temp_server.py -> /workspace/ros2_ws/build/temperature_pkg/build/lib/temperature_pkg
[2.025s] copying temperature_pkg/subscriber_member_function.py -> /workspace/ros2_ws/build/temperature_pkg/build/lib/temperature_pkg
[2.034s] running install
[2.045s] running install_lib
[2.082s] running install_data
[2.084s] copying resource/temperature_pkg -> /workspace/ros2_ws/install/temperature_pkg/share/ament_index/resource_index/packages
[2.088s] copying package.xml -> /workspace/ros2_ws/install/temperature_pkg/share/temperature_pkg
[2.092s] copying launch/pub_sub_launch.py -> /workspace/ros2_ws/install/temperature_pkg/share/temperature_pkg/launch
[2.097s] running install_egg_info
[2.135s] removing '/workspace/ros2_ws/install/temperature_pkg/lib/python3.10/site-packages/temperature_pkg-0.0.0-py3.10.egg-info' (and everything under it)
[2.142s] Copying ../../build/temperature_pkg/temperature_pkg.egg-info to /workspace/ros2_ws/install/temperature_pkg/lib/python3.10/site-packages/temperature_pkg-0.0.0-py3.10.egg-info
[2.189s] running install_scripts
[2.269s] Installing convert_client script to /workspace/ros2_ws/install/temperature_pkg/lib/temperature_pkg
[2.272s] Installing convert_server script to /workspace/ros2_ws/install/temperature_pkg/lib/temperature_pkg
[2.275s] Installing listener script to /workspace/ros2_ws/install/temperature_pkg/lib/temperature_pkg
[2.278s] Installing talker script to /workspace/ros2_ws/install/temperature_pkg/lib/temperature_pkg
[2.285s] writing list of installed files to '/workspace/ros2_ws/build/temperature_pkg/install.log'
[2.334s] Invoked command in '/workspace/ros2_ws/src/temperature_pkg' returned '0': PYTHONPATH=/workspace/ros2_ws/build/temperature_pkg/prefix_override:/usr/lib/python3/dist-packages/colcon_core/task/python/colcon_distutils_commands:/workspace/ros2_ws/install/temperature_pkg/lib/python3.10/site-packages:${PYTHONPATH} /usr/bin/python3 -W ignore:setup.py install is deprecated -W ignore:easy_install command is deprecated setup.py egg_info --egg-base ../../build/temperature_pkg build --build-base /workspace/ros2_ws/build/temperature_pkg/build install --record /workspace/ros2_ws/build/temperature_pkg/install.log --single-version-externally-managed install_data
