[2.167s] Invoking command in '/workspace/ros2_ws/src/ros2_image_stitching_pkg': PYTHONPATH=/workspace/ros2_ws/build/ros2_image_stitching_pkg/prefix_override:/usr/lib/python3/dist-packages/colcon_core/task/python/colcon_distutils_commands:/workspace/ros2_ws/install/ros2_image_stitching_pkg/lib/python3.10/site-packages:${PYTHONPATH} /usr/bin/python3 -W ignore:setup.py install is deprecated -W ignore:easy_install command is deprecated setup.py egg_info --egg-base ../../build/ros2_image_stitching_pkg build --build-base /workspace/ros2_ws/build/ros2_image_stitching_pkg/build install --record /workspace/ros2_ws/build/ros2_image_stitching_pkg/install.log --single-version-externally-managed install_data
[2.627s] /home/ubuntu/.local/lib/python3.10/site-packages/setuptools/_distutils/dist.py:289: UserWarning: Unknown distribution option: 'tests_require'
[2.629s]   warnings.warn(msg)
[2.847s] running egg_info
[2.890s] writing ../../build/ros2_image_stitching_pkg/ros2_image_stitching_pkg.egg-info/PKG-INFO
[2.899s] writing dependency_links to ../../build/ros2_image_stitching_pkg/ros2_image_stitching_pkg.egg-info/dependency_links.txt
[2.901s] writing entry points to ../../build/ros2_image_stitching_pkg/ros2_image_stitching_pkg.egg-info/entry_points.txt
[2.904s] writing requirements to ../../build/ros2_image_stitching_pkg/ros2_image_stitching_pkg.egg-info/requires.txt
[2.907s] writing top-level names to ../../build/ros2_image_stitching_pkg/ros2_image_stitching_pkg.egg-info/top_level.txt
[3.013s] reading manifest file '../../build/ros2_image_stitching_pkg/ros2_image_stitching_pkg.egg-info/SOURCES.txt'
[3.018s] writing manifest file '../../build/ros2_image_stitching_pkg/ros2_image_stitching_pkg.egg-info/SOURCES.txt'
[3.022s] running build
[3.024s] running build_py
[3.025s] copying ros2_image_stitching_pkg/__init__.py -> /workspace/ros2_ws/build/ros2_image_stitching_pkg/build/lib/ros2_image_stitching_pkg
[3.031s] running install
[3.044s] running install_lib
[3.093s] running install_data
[3.095s] copying resource/ros2_image_stitching_pkg -> /workspace/ros2_ws/install/ros2_image_stitching_pkg/share/ament_index/resource_index/packages
[3.104s] copying package.xml -> /workspace/ros2_ws/install/ros2_image_stitching_pkg/share/ros2_image_stitching_pkg
[3.109s] running install_egg_info
[3.149s] removing '/workspace/ros2_ws/install/ros2_image_stitching_pkg/lib/python3.10/site-packages/ros2_image_stitching_pkg-0.0.0-py3.10.egg-info' (and everything under it)
[3.157s] Copying ../../build/ros2_image_stitching_pkg/ros2_image_stitching_pkg.egg-info to /workspace/ros2_ws/install/ros2_image_stitching_pkg/lib/python3.10/site-packages/ros2_image_stitching_pkg-0.0.0-py3.10.egg-info
[3.227s] running install_scripts
[3.356s] Installing incremental_stitcher script to /workspace/ros2_ws/install/ros2_image_stitching_pkg/lib/ros2_image_stitching_pkg
[3.361s] writing list of installed files to '/workspace/ros2_ws/build/ros2_image_stitching_pkg/install.log'
[3.421s] Invoked command in '/workspace/ros2_ws/src/ros2_image_stitching_pkg' returned '0': PYTHONPATH=/workspace/ros2_ws/build/ros2_image_stitching_pkg/prefix_override:/usr/lib/python3/dist-packages/colcon_core/task/python/colcon_distutils_commands:/workspace/ros2_ws/install/ros2_image_stitching_pkg/lib/python3.10/site-packages:${PYTHONPATH} /usr/bin/python3 -W ignore:setup.py install is deprecated -W ignore:easy_install command is deprecated setup.py egg_info --egg-base ../../build/ros2_image_stitching_pkg build --build-base /workspace/ros2_ws/build/ros2_image_stitching_pkg/build install --record /workspace/ros2_ws/build/ros2_image_stitching_pkg/install.log --single-version-externally-managed install_data
