[2.153s] Invoking command in '/workspace/ros2_ws/src/siyi_cam_node': PYTHONPATH=/workspace/ros2_ws/build/siyi_cam_node/prefix_override:/usr/lib/python3/dist-packages/colcon_core/task/python/colcon_distutils_commands:/workspace/ros2_ws/install/siyi_cam_node/lib/python3.10/site-packages:${PYTHONPATH} /usr/bin/python3 -W ignore:setup.py install is deprecated -W ignore:easy_install command is deprecated setup.py egg_info --egg-base ../../build/siyi_cam_node build --build-base /workspace/ros2_ws/build/siyi_cam_node/build install --record /workspace/ros2_ws/build/siyi_cam_node/install.log --single-version-externally-managed install_data
[2.571s] /home/ubuntu/.local/lib/python3.10/site-packages/setuptools/_distutils/dist.py:289: UserWarning: Unknown distribution option: 'tests_require'
[2.573s]   warnings.warn(msg)
[2.815s] running egg_info
[2.856s] writing ../../build/siyi_cam_node/siyi_cam_node.egg-info/PKG-INFO
[2.863s] writing dependency_links to ../../build/siyi_cam_node/siyi_cam_node.egg-info/dependency_links.txt
[2.872s] writing requirements to ../../build/siyi_cam_node/siyi_cam_node.egg-info/requires.txt
[2.875s] writing top-level names to ../../build/siyi_cam_node/siyi_cam_node.egg-info/top_level.txt
[2.991s] reading manifest file '../../build/siyi_cam_node/siyi_cam_node.egg-info/SOURCES.txt'
[2.998s] writing manifest file '../../build/siyi_cam_node/siyi_cam_node.egg-info/SOURCES.txt'
[3.000s] running build
[3.003s] running build_py
[3.006s] copying siyi_cam_node/__init__.py -> /workspace/ros2_ws/build/siyi_cam_node/build/lib/siyi_cam_node
[3.009s] copying siyi_cam_node/siyi_cam_node.py -> /workspace/ros2_ws/build/siyi_cam_node/build/lib/siyi_cam_node
[3.023s] running install
[3.039s] running install_lib
[3.088s] running install_data
[3.091s] copying resource/siyi_cam_node -> /workspace/ros2_ws/install/siyi_cam_node/share/ament_index/resource_index/packages
[3.095s] copying package.xml -> /workspace/ros2_ws/install/siyi_cam_node/share/siyi_cam_node
[3.102s] running install_egg_info
[3.159s] removing '/workspace/ros2_ws/install/siyi_cam_node/lib/python3.10/site-packages/siyi_cam_node-0.0.0-py3.10.egg-info' (and everything under it)
[3.168s] Copying ../../build/siyi_cam_node/siyi_cam_node.egg-info to /workspace/ros2_ws/install/siyi_cam_node/lib/python3.10/site-packages/siyi_cam_node-0.0.0-py3.10.egg-info
[3.214s] running install_scripts
[3.299s] writing list of installed files to '/workspace/ros2_ws/build/siyi_cam_node/install.log'
[3.385s] Invoked command in '/workspace/ros2_ws/src/siyi_cam_node' returned '0': PYTHONPATH=/workspace/ros2_ws/build/siyi_cam_node/prefix_override:/usr/lib/python3/dist-packages/colcon_core/task/python/colcon_distutils_commands:/workspace/ros2_ws/install/siyi_cam_node/lib/python3.10/site-packages:${PYTHONPATH} /usr/bin/python3 -W ignore:setup.py install is deprecated -W ignore:easy_install command is deprecated setup.py egg_info --egg-base ../../build/siyi_cam_node build --build-base /workspace/ros2_ws/build/siyi_cam_node/build install --record /workspace/ros2_ws/build/siyi_cam_node/install.log --single-version-externally-managed install_data
