[31.543s] Invoking command in '/ODLC_Machine_Inferencing_System_2025-2026/ros2_workspace/source/gps_ros2': PYTHONPATH=/ODLC_Machine_Inferencing_System_2025-2026/ros2_workspace/build/gps_ros2/prefix_override:/usr/lib/python3/dist-packages/colcon_core/task/python/colcon_distutils_commands:/ODLC_Machine_Inferencing_System_2025-2026/ros2_workspace/install/gps_ros2/lib/python3.10/site-packages:${PYTHONPATH} /usr/bin/python3 -W ignore:setup.py install is deprecated -W ignore:easy_install command is deprecated setup.py egg_info --egg-base ../../build/gps_ros2 build --build-base /ODLC_Machine_Inferencing_System_2025-2026/ros2_workspace/build/gps_ros2/build install --record /ODLC_Machine_Inferencing_System_2025-2026/ros2_workspace/build/gps_ros2/install.log --single-version-externally-managed install_data
[44.360s] /home/ubuntu/.local/lib/python3.10/site-packages/setuptools/_distutils/dist.py:289: UserWarning: Unknown distribution option: 'tests_require'
[44.401s]   warnings.warn(msg)
[48.204s] running egg_info
[48.848s] writing ../../build/gps_ros2/gps_ros2.egg-info/PKG-INFO
[49.330s] writing dependency_links to ../../build/gps_ros2/gps_ros2.egg-info/dependency_links.txt
[49.408s] writing entry points to ../../build/gps_ros2/gps_ros2.egg-info/entry_points.txt
[49.552s] writing requirements to ../../build/gps_ros2/gps_ros2.egg-info/requires.txt
[49.610s] writing top-level names to ../../build/gps_ros2/gps_ros2.egg-info/top_level.txt
[51.660s] reading manifest file '../../build/gps_ros2/gps_ros2.egg-info/SOURCES.txt'
[53.303s] writing manifest file '../../build/gps_ros2/gps_ros2.egg-info/SOURCES.txt'
[53.384s] running build
[53.405s] running build_py
[54.112s] copying gps_ros2/gps.py -> /ODLC_Machine_Inferencing_System_2025-2026/ros2_workspace/build/gps_ros2/build/lib/gps_ros2
[55.024s] copying gps_ros2/__init__.py -> /ODLC_Machine_Inferencing_System_2025-2026/ros2_workspace/build/gps_ros2/build/lib/gps_ros2
[56.216s] running install
[56.259s] running install_lib
[57.476s] copying /ODLC_Machine_Inferencing_System_2025-2026/ros2_workspace/build/gps_ros2/build/lib/gps_ros2/gps.py -> /ODLC_Machine_Inferencing_System_2025-2026/ros2_workspace/install/gps_ros2/lib/python3.10/site-packages/gps_ros2
[58.200s] byte-compiling /ODLC_Machine_Inferencing_System_2025-2026/ros2_workspace/install/gps_ros2/lib/python3.10/site-packages/gps_ros2/gps.py to gps.cpython-310.pyc
[59.503s] running install_data
[59.791s] copying resource/gps_ros2 -> /ODLC_Machine_Inferencing_System_2025-2026/ros2_workspace/install/gps_ros2/share/ament_index/resource_index/packages
[60.270s] copying package.xml -> /ODLC_Machine_Inferencing_System_2025-2026/ros2_workspace/install/gps_ros2/share/gps_ros2
[60.497s] running install_egg_info
[60.704s] removing '/ODLC_Machine_Inferencing_System_2025-2026/ros2_workspace/install/gps_ros2/lib/python3.10/site-packages/gps_ros2-0.0.0-py3.10.egg-info' (and everything under it)
[61.555s] Copying ../../build/gps_ros2/gps_ros2.egg-info to /ODLC_Machine_Inferencing_System_2025-2026/ros2_workspace/install/gps_ros2/lib/python3.10/site-packages/gps_ros2-0.0.0-py3.10.egg-info
[64.412s] running install_scripts
[65.412s] Installing gpstest script to /ODLC_Machine_Inferencing_System_2025-2026/ros2_workspace/install/gps_ros2/lib/gps_ros2
[65.737s] writing list of installed files to '/ODLC_Machine_Inferencing_System_2025-2026/ros2_workspace/build/gps_ros2/install.log'
[65.894s] Invoked command in '/ODLC_Machine_Inferencing_System_2025-2026/ros2_workspace/source/gps_ros2' returned '0': PYTHONPATH=/ODLC_Machine_Inferencing_System_2025-2026/ros2_workspace/build/gps_ros2/prefix_override:/usr/lib/python3/dist-packages/colcon_core/task/python/colcon_distutils_commands:/ODLC_Machine_Inferencing_System_2025-2026/ros2_workspace/install/gps_ros2/lib/python3.10/site-packages:${PYTHONPATH} /usr/bin/python3 -W ignore:setup.py install is deprecated -W ignore:easy_install command is deprecated setup.py egg_info --egg-base ../../build/gps_ros2 build --build-base /ODLC_Machine_Inferencing_System_2025-2026/ros2_workspace/build/gps_ros2/build install --record /ODLC_Machine_Inferencing_System_2025-2026/ros2_workspace/build/gps_ros2/install.log --single-version-externally-managed install_data
