[0.092s] Invoking command in '/workspace/build/temperature_interfaces': CMAKE_PREFIX_PATH=/opt/ros/humble VIRTUAL_ENV_PROMPT=(venv) /usr/bin/cmake /workspace/ros2_ws/src/temperature_interfaces -DAMENT_CMAKE_SYMLINK_INSTALL=1 -DCMAKE_INSTALL_PREFIX=/workspace/install/temperature_interfaces
[0.846s] -- The C compiler identification is GNU 11.4.0
[1.278s] -- The CXX compiler identification is GNU 11.4.0
[1.355s] -- Detecting C compiler ABI info
[1.803s] -- Detecting C compiler ABI info - done
[1.844s] -- Check for working C compiler: /usr/bin/cc - skipped
[1.846s] -- Detecting C compile features
[1.847s] -- Detecting C compile features - done
[1.865s] -- Detecting CXX compiler ABI info
[2.280s] -- Detecting CXX compiler ABI info - done
[2.316s] -- Check for working CXX compiler: /usr/bin/c++ - skipped
[2.318s] -- Detecting CXX compile features
[2.319s] -- Detecting CXX compile features - done
[2.354s] -- Found ament_cmake: 1.3.12 (/opt/ros/humble/share/ament_cmake/cmake)
[2.737s] -- Found Python3: /workspace/uavf_2025/venv/bin/python3 (found version "3.10.12") found components: Interpreter 
[3.077s] -- Override CMake install command with custom implementation using symlinks instead of copying resources
[3.288s] -- Found rosidl_default_generators: 1.2.0 (/opt/ros/humble/share/rosidl_default_generators/cmake)
[3.292s] -- Using all available rosidl_typesupport_c: rosidl_typesupport_fastrtps_c;rosidl_typesupport_introspection_c
[3.314s] -- Found rosidl_adapter: 3.1.7 (/opt/ros/humble/share/rosidl_adapter/cmake)
[3.451s] -- Using all available rosidl_typesupport_cpp: rosidl_typesupport_fastrtps_cpp;rosidl_typesupport_introspection_cpp
[3.815s] [31mCMake Error at /opt/ros/humble/share/rosidl_adapter/cmake/rosidl_adapt_interfaces.cmake:59 (message):
[3.817s]   execute_process(/workspace/uavf_2025/venv/bin/python3 -m rosidl_adapter
[3.818s]   --package-name temperature_interfaces --arguments-file
[3.823s]   /workspace/build/temperature_interfaces/rosidl_adapter__arguments__temperature_interfaces.json
[3.825s]   --output-dir
[3.826s]   /workspace/build/temperature_interfaces/rosidl_adapter/temperature_interfaces
[3.828s]   --output-file
[3.832s]   /workspace/build/temperature_interfaces/rosidl_adapter/temperature_interfaces.idls)
[3.834s]   returned error code 1:
[3.835s] 
[3.836s]   AttributeError processing template 'srv.idl.em'
[3.837s] 
[3.839s]   Traceback (most recent call last):
[3.843s] 
[3.846s]     File "/opt/ros/humble/local/lib/python3.10/dist-packages/rosidl_adapter/resource/__init__.py", line 51, in evaluate_template
[3.847s]       em.BUFFERED_OPT: True,
[3.848s] 
[3.849s]   AttributeError: module 'em' has no attribute 'BUFFERED_OPT'
[3.850s] 
[3.850s]   
[3.851s] 
[3.852s]   During handling of the above exception, another exception occurred:
[3.853s] 
[3.853s]   
[3.854s] 
[3.855s]   Traceback (most recent call last):
[3.857s] 
[3.858s]     File "/usr/lib/python3.10/runpy.py", line 196, in _run_module_as_main
[3.858s]       return _run_code(code, main_globals, None,
[3.859s]     File "/usr/lib/python3.10/runpy.py", line 86, in _run_code
[3.860s]       exec(code, run_globals)
[3.861s]     File "/opt/ros/humble/local/lib/python3.10/dist-packages/rosidl_adapter/__main__.py", line 19, in <module>
[3.862s]       sys.exit(main())
[3.863s]     File "/opt/ros/humble/local/lib/python3.10/dist-packages/rosidl_adapter/main.py", line 53, in main
[3.864s]       abs_idl_file = convert_to_idl(
[3.865s]     File "/opt/ros/humble/local/lib/python3.10/dist-packages/rosidl_adapter/__init__.py", line 24, in convert_to_idl
[3.867s]       return convert_srv_to_idl(
[3.868s]     File "/opt/ros/humble/local/lib/python3.10/dist-packages/rosidl_adapter/srv/__init__.py", line 39, in convert_srv_to_idl
[3.869s]       expand_template('srv.idl.em', data, output_file, encoding='iso-8859-1')
[3.870s]     File "/opt/ros/humble/local/lib/python3.10/dist-packages/rosidl_adapter/resource/__init__.py", line 23, in expand_template
[3.870s]       content = evaluate_template(template_name, data)
[3.871s]     File "/opt/ros/humble/local/lib/python3.10/dist-packages/rosidl_adapter/resource/__init__.py", line 69, in evaluate_template
[3.872s]       _interpreter.shutdown()
[3.873s] 
[3.874s]   AttributeError: 'NoneType' object has no attribute 'shutdown'
[3.875s] 
[3.876s] Call Stack (most recent call first):
[3.877s]   /opt/ros/humble/share/rosidl_cmake/cmake/rosidl_generate_interfaces.cmake:130 (rosidl_adapt_interfaces)
[3.878s]   CMakeLists.txt:13 (rosidl_generate_interfaces)
[3.879s] 
[3.880s] [0m
[3.881s] -- Configuring incomplete, errors occurred!
[3.881s] See also "/workspace/build/temperature_interfaces/CMakeFiles/CMakeOutput.log".
