running egg_info
writing ../../build/temperature_pkg/temperature_pkg.egg-info/PKG-INFO
writing dependency_links to ../../build/temperature_pkg/temperature_pkg.egg-info/dependency_links.txt
writing entry points to ../../build/temperature_pkg/temperature_pkg.egg-info/entry_points.txt
writing requirements to ../../build/temperature_pkg/temperature_pkg.egg-info/requires.txt
writing top-level names to ../../build/temperature_pkg/temperature_pkg.egg-info/top_level.txt
reading manifest file '../../build/temperature_pkg/temperature_pkg.egg-info/SOURCES.txt'
writing manifest file '../../build/temperature_pkg/temperature_pkg.egg-info/SOURCES.txt'
running build
running build_py
copying temperature_pkg/__init__.py -> /workspace/ros2_ws/build/temperature_pkg/build/lib/temperature_pkg
copying temperature_pkg/publisher_member_function.py -> /workspace/ros2_ws/build/temperature_pkg/build/lib/temperature_pkg
copying temperature_pkg/subscriber_member_function.py -> /workspace/ros2_ws/build/temperature_pkg/build/lib/temperature_pkg
running install
running install_lib
running install_data
copying resource/temperature_pkg -> /workspace/ros2_ws/install/temperature_pkg/share/ament_index/resource_index/packages
copying package.xml -> /workspace/ros2_ws/install/temperature_pkg/share/temperature_pkg
copying launch/pub_sub_launch.py -> /workspace/ros2_ws/install/temperature_pkg/share/temperature_pkg/launch
running install_egg_info
removing '/workspace/ros2_ws/install/temperature_pkg/lib/python3.10/site-packages/temperature_pkg-0.0.0-py3.10.egg-info' (and everything under it)
Copying ../../build/temperature_pkg/temperature_pkg.egg-info to /workspace/ros2_ws/install/temperature_pkg/lib/python3.10/site-packages/temperature_pkg-0.0.0-py3.10.egg-info
running install_scripts
Installing listener script to /workspace/ros2_ws/install/temperature_pkg/lib/temperature_pkg
Installing talker script to /workspace/ros2_ws/install/temperature_pkg/lib/temperature_pkg
writing list of installed files to '/workspace/ros2_ws/build/temperature_pkg/install.log'
