[1.394s] Invoking command in '/workspace/ros2_ws/src/temperature_pkg': PYTHONPATH=/workspace/ros2_ws/build/temperature_pkg/prefix_override:/usr/lib/python3/dist-packages/colcon_core/task/python/colcon_distutils_commands:/workspace/ros2_ws/install/temperature_pkg/lib/python3.10/site-packages:${PYTHONPATH} /usr/bin/python3 -W ignore:setup.py install is deprecated -W ignore:easy_install command is deprecated setup.py egg_info --egg-base ../../build/temperature_pkg build --build-base /workspace/ros2_ws/build/temperature_pkg/build install --record /workspace/ros2_ws/build/temperature_pkg/install.log --single-version-externally-managed install_data
[1.766s] /home/ubuntu/.local/lib/python3.10/site-packages/setuptools/_distutils/dist.py:289: UserWarning: Unknown distribution option: 'tests_require'
[1.768s]   warnings.warn(msg)
[1.956s] running egg_info
[1.986s] writing ../../build/temperature_pkg/temperature_pkg.egg-info/PKG-INFO
[1.992s] writing dependency_links to ../../build/temperature_pkg/temperature_pkg.egg-info/dependency_links.txt
[1.995s] writing entry points to ../../build/temperature_pkg/temperature_pkg.egg-info/entry_points.txt
[1.998s] writing requirements to ../../build/temperature_pkg/temperature_pkg.egg-info/requires.txt
[2.001s] writing top-level names to ../../build/temperature_pkg/temperature_pkg.egg-info/top_level.txt
[2.096s] reading manifest file '../../build/temperature_pkg/temperature_pkg.egg-info/SOURCES.txt'
[2.101s] writing manifest file '../../build/temperature_pkg/temperature_pkg.egg-info/SOURCES.txt'
[2.103s] running build
[2.105s] running build_py
[2.108s] copying temperature_pkg/__init__.py -> /workspace/ros2_ws/build/temperature_pkg/build/lib/temperature_pkg
[2.110s] copying temperature_pkg/publisher_member_function.py -> /workspace/ros2_ws/build/temperature_pkg/build/lib/temperature_pkg
[2.118s] copying temperature_pkg/subscriber_member_function.py -> /workspace/ros2_ws/build/temperature_pkg/build/lib/temperature_pkg
[2.123s] running install
[2.137s] running install_lib
[2.182s] running install_data
[2.183s] copying resource/temperature_pkg -> /workspace/ros2_ws/install/temperature_pkg/share/ament_index/resource_index/packages
[2.186s] copying package.xml -> /workspace/ros2_ws/install/temperature_pkg/share/temperature_pkg
[2.192s] copying launch/pub_sub_launch.py -> /workspace/ros2_ws/install/temperature_pkg/share/temperature_pkg/launch
[2.199s] running install_egg_info
[2.233s] removing '/workspace/ros2_ws/install/temperature_pkg/lib/python3.10/site-packages/temperature_pkg-0.0.0-py3.10.egg-info' (and everything under it)
[2.239s] Copying ../../build/temperature_pkg/temperature_pkg.egg-info to /workspace/ros2_ws/install/temperature_pkg/lib/python3.10/site-packages/temperature_pkg-0.0.0-py3.10.egg-info
[2.294s] running install_scripts
[2.377s] Installing listener script to /workspace/ros2_ws/install/temperature_pkg/lib/temperature_pkg
[2.380s] Installing talker script to /workspace/ros2_ws/install/temperature_pkg/lib/temperature_pkg
[2.385s] writing list of installed files to '/workspace/ros2_ws/build/temperature_pkg/install.log'
[2.432s] Invoked command in '/workspace/ros2_ws/src/temperature_pkg' returned '0': PYTHONPATH=/workspace/ros2_ws/build/temperature_pkg/prefix_override:/usr/lib/python3/dist-packages/colcon_core/task/python/colcon_distutils_commands:/workspace/ros2_ws/install/temperature_pkg/lib/python3.10/site-packages:${PYTHONPATH} /usr/bin/python3 -W ignore:setup.py install is deprecated -W ignore:easy_install command is deprecated setup.py egg_info --egg-base ../../build/temperature_pkg build --build-base /workspace/ros2_ws/build/temperature_pkg/build install --record /workspace/ros2_ws/build/temperature_pkg/install.log --single-version-externally-managed install_data
