/workspace/ros2_ws/install/temperature_pkg/lib/python3.10/site-packages/temperature_pkg/__init__.py
/workspace/ros2_ws/install/temperature_pkg/lib/python3.10/site-packages/temperature_pkg/publisher_member_function.py
/workspace/ros2_ws/install/temperature_pkg/lib/python3.10/site-packages/temperature_pkg/convert_temp_client.py
/workspace/ros2_ws/install/temperature_pkg/lib/python3.10/site-packages/temperature_pkg/convert_temp_server.py
/workspace/ros2_ws/install/temperature_pkg/lib/python3.10/site-packages/temperature_pkg/subscriber_member_function.py
/workspace/ros2_ws/install/temperature_pkg/lib/python3.10/site-packages/temperature_pkg/__pycache__/__init__.cpython-310.pyc
/workspace/ros2_ws/install/temperature_pkg/lib/python3.10/site-packages/temperature_pkg/__pycache__/publisher_member_function.cpython-310.pyc
/workspace/ros2_ws/install/temperature_pkg/lib/python3.10/site-packages/temperature_pkg/__pycache__/convert_temp_client.cpython-310.pyc
/workspace/ros2_ws/install/temperature_pkg/lib/python3.10/site-packages/temperature_pkg/__pycache__/convert_temp_server.cpython-310.pyc
/workspace/ros2_ws/install/temperature_pkg/lib/python3.10/site-packages/temperature_pkg/__pycache__/subscriber_member_function.cpython-310.pyc
/workspace/ros2_ws/install/temperature_pkg/share/ament_index/resource_index/packages/temperature_pkg
/workspace/ros2_ws/install/temperature_pkg/share/temperature_pkg/package.xml
/workspace/ros2_ws/install/temperature_pkg/share/temperature_pkg/launch/pub_sub_launch.py
/workspace/ros2_ws/install/temperature_pkg/lib/python3.10/site-packages/temperature_pkg-0.0.0-py3.10.egg-info/PKG-INFO
/workspace/ros2_ws/install/temperature_pkg/lib/python3.10/site-packages/temperature_pkg-0.0.0-py3.10.egg-info/zip-safe
/workspace/ros2_ws/install/temperature_pkg/lib/python3.10/site-packages/temperature_pkg-0.0.0-py3.10.egg-info/SOURCES.txt
/workspace/ros2_ws/install/temperature_pkg/lib/python3.10/site-packages/temperature_pkg-0.0.0-py3.10.egg-info/entry_points.txt
/workspace/ros2_ws/install/temperature_pkg/lib/python3.10/site-packages/temperature_pkg-0.0.0-py3.10.egg-info/requires.txt
/workspace/ros2_ws/install/temperature_pkg/lib/python3.10/site-packages/temperature_pkg-0.0.0-py3.10.egg-info/top_level.txt
/workspace/ros2_ws/install/temperature_pkg/lib/python3.10/site-packages/temperature_pkg-0.0.0-py3.10.egg-info/dependency_links.txt
/workspace/ros2_ws/install/temperature_pkg/lib/temperature_pkg/convert_client
/workspace/ros2_ws/install/temperature_pkg/lib/temperature_pkg/convert_server
/workspace/ros2_ws/install/temperature_pkg/lib/temperature_pkg/listener
/workspace/ros2_ws/install/temperature_pkg/lib/temperature_pkg/talker
