[0.207s] DEBUG:colcon:Command line arguments: ['/usr/bin/colcon', 'build']
[0.208s] DEBUG:colcon:Parsed command line arguments: Namespace(log_base=None, log_level=None, verb_name='build', build_base='build', install_base='install', merge_install=False, symlink_install=False, test_result_base=None, continue_on_error=False, executor='parallel', parallel_workers=8, event_handlers=None, ignore_user_meta=False, metas=['./colcon.meta'], base_paths=['.'], packages_ignore=None, packages_ignore_regex=None, paths=None, packages_up_to=None, packages_up_to_regex=None, packages_above=None, packages_above_and_dependencies=None, packages_above_depth=None, packages_select_by_dep=None, packages_skip_by_dep=None, packages_skip_up_to=None, packages_select_build_failed=False, packages_skip_build_finished=False, packages_select_test_failures=False, packages_skip_test_passed=False, packages_select=None, packages_skip=None, packages_select_regex=None, packages_skip_regex=None, packages_start=None, packages_end=None, cmake_args=None, cmake_target=None, cmake_target_skip_unavailable=False, cmake_clean_cache=False, cmake_clean_first=False, cmake_force_configure=False, ament_cmake_args=None, catkin_cmake_args=None, catkin_skip_building_tests=False, mixin_files=None, mixin=None, verb_parser=<colcon_mixin.mixin.mixin_argument.MixinArgumentDecorator object at 0x7ff6b7839750>, verb_extension=<colcon_core.verb.build.BuildVerb object at 0x7ff6b78391e0>, main=<bound method BuildVerb.main of <colcon_core.verb.build.BuildVerb object at 0x7ff6b78391e0>>, mixin_verb=('build',))
[0.340s] Level 1:colcon.colcon_core.package_discovery:discover_packages(colcon_meta) check parameters
[0.343s] Level 1:colcon.colcon_core.package_discovery:discover_packages(recursive) check parameters
[0.343s] Level 1:colcon.colcon_core.package_discovery:discover_packages(ignore) check parameters
[0.344s] Level 1:colcon.colcon_core.package_discovery:discover_packages(path) check parameters
[0.344s] Level 1:colcon.colcon_core.package_discovery:discover_packages(colcon_meta) discover
[0.344s] Level 1:colcon.colcon_core.package_discovery:discover_packages(recursive) discover
[0.345s] INFO:colcon.colcon_core.package_discovery:Crawling recursively for packages in '/workspace/ros2_ws/src/temperature_pkg'
[0.347s] Level 1:colcon.colcon_core.package_identification:_identify(.) by extensions ['ignore', 'ignore_ament_install']
[0.347s] Level 1:colcon.colcon_core.package_identification:_identify(.) by extension 'ignore'
[0.348s] Level 1:colcon.colcon_core.package_identification:_identify(.) by extension 'ignore_ament_install'
[0.349s] Level 1:colcon.colcon_core.package_identification:_identify(.) by extensions ['colcon_pkg']
[0.350s] Level 1:colcon.colcon_core.package_identification:_identify(.) by extension 'colcon_pkg'
[0.351s] Level 1:colcon.colcon_core.package_identification:_identify(.) by extensions ['colcon_meta']
[0.351s] Level 1:colcon.colcon_core.package_identification:_identify(.) by extension 'colcon_meta'
[0.352s] Level 1:colcon.colcon_core.package_identification:_identify(.) by extensions ['ros']
[0.352s] Level 1:colcon.colcon_core.package_identification:_identify(.) by extension 'ros'
[0.395s] DEBUG:colcon.colcon_core.package_identification:Package '.' with type 'ros.ament_python' and name 'temperature_pkg'
[0.396s] Level 1:colcon.colcon_core.package_discovery:discover_packages(recursive) using defaults
[0.396s] Level 1:colcon.colcon_core.package_discovery:discover_packages(ignore) discover
[0.397s] Level 1:colcon.colcon_core.package_discovery:discover_packages(ignore) using defaults
[0.397s] Level 1:colcon.colcon_core.package_discovery:discover_packages(path) discover
[0.397s] Level 1:colcon.colcon_core.package_discovery:discover_packages(path) using defaults
[0.435s] Level 5:colcon.colcon_core.verb:set package 'temperature_pkg' build argument 'cmake_args' from command line to 'None'
[0.435s] Level 5:colcon.colcon_core.verb:set package 'temperature_pkg' build argument 'cmake_target' from command line to 'None'
[0.436s] Level 5:colcon.colcon_core.verb:set package 'temperature_pkg' build argument 'cmake_target_skip_unavailable' from command line to 'False'
[0.436s] Level 5:colcon.colcon_core.verb:set package 'temperature_pkg' build argument 'cmake_clean_cache' from command line to 'False'
[0.437s] Level 5:colcon.colcon_core.verb:set package 'temperature_pkg' build argument 'cmake_clean_first' from command line to 'False'
[0.437s] Level 5:colcon.colcon_core.verb:set package 'temperature_pkg' build argument 'cmake_force_configure' from command line to 'False'
[0.437s] Level 5:colcon.colcon_core.verb:set package 'temperature_pkg' build argument 'ament_cmake_args' from command line to 'None'
[0.438s] Level 5:colcon.colcon_core.verb:set package 'temperature_pkg' build argument 'catkin_cmake_args' from command line to 'None'
[0.438s] Level 5:colcon.colcon_core.verb:set package 'temperature_pkg' build argument 'catkin_skip_building_tests' from command line to 'False'
[0.438s] DEBUG:colcon.colcon_core.verb:Building package 'temperature_pkg' with the following arguments: {'ament_cmake_args': None, 'build_base': '/workspace/ros2_ws/src/temperature_pkg/build/temperature_pkg', 'catkin_cmake_args': None, 'catkin_skip_building_tests': False, 'cmake_args': None, 'cmake_clean_cache': False, 'cmake_clean_first': False, 'cmake_force_configure': False, 'cmake_target': None, 'cmake_target_skip_unavailable': False, 'install_base': '/workspace/ros2_ws/src/temperature_pkg/install/temperature_pkg', 'merge_install': False, 'path': '/workspace/ros2_ws/src/temperature_pkg', 'symlink_install': False, 'test_result_base': None}
[0.438s] INFO:colcon.colcon_core.executor:Executing jobs using 'parallel' executor
[0.441s] DEBUG:colcon.colcon_parallel_executor.executor.parallel:run_until_complete
[0.441s] INFO:colcon.colcon_ros.task.ament_python.build:Building ROS package in '/workspace/ros2_ws/src/temperature_pkg' with build type 'ament_python'
[0.442s] Level 1:colcon.colcon_core.shell:create_environment_hook('temperature_pkg', 'ament_prefix_path')
[0.446s] INFO:colcon.colcon_core.plugin_system:Skipping extension 'colcon_core.shell.bat': Not used on non-Windows systems
[0.446s] INFO:colcon.colcon_core.shell:Creating environment hook '/workspace/ros2_ws/src/temperature_pkg/install/temperature_pkg/share/temperature_pkg/hook/ament_prefix_path.ps1'
[0.454s] INFO:colcon.colcon_core.shell:Creating environment descriptor '/workspace/ros2_ws/src/temperature_pkg/install/temperature_pkg/share/temperature_pkg/hook/ament_prefix_path.dsv'
[0.458s] INFO:colcon.colcon_core.shell:Creating environment hook '/workspace/ros2_ws/src/temperature_pkg/install/temperature_pkg/share/temperature_pkg/hook/ament_prefix_path.sh'
[0.465s] INFO:colcon.colcon_core.shell:Skip shell extension 'powershell' for command environment: Not usable outside of PowerShell
[0.466s] DEBUG:colcon.colcon_core.shell:Skip shell extension 'dsv' for command environment
[0.969s] INFO:colcon.colcon_core.task.python.build:Building Python package in '/workspace/ros2_ws/src/temperature_pkg'
[0.970s] INFO:colcon.colcon_core.shell:Skip shell extension 'powershell' for command environment: Not usable outside of PowerShell
[0.970s] DEBUG:colcon.colcon_core.shell:Skip shell extension 'dsv' for command environment
[1.852s] DEBUG:colcon.colcon_core.event_handler.log_command:Invoking command in '/workspace/ros2_ws/src/temperature_pkg': PYTHONPATH=/workspace/ros2_ws/src/temperature_pkg/build/temperature_pkg/prefix_override:/usr/lib/python3/dist-packages/colcon_core/task/python/colcon_distutils_commands:/workspace/ros2_ws/src/temperature_pkg/install/temperature_pkg/lib/python3.10/site-packages:${PYTHONPATH} /usr/bin/python3 -W ignore:setup.py install is deprecated -W ignore:easy_install command is deprecated setup.py egg_info --egg-base build/temperature_pkg build --build-base /workspace/ros2_ws/src/temperature_pkg/build/temperature_pkg/build install --record /workspace/ros2_ws/src/temperature_pkg/build/temperature_pkg/install.log --single-version-externally-managed install_data
[3.390s] Level 1:colcon.colcon_core.environment:checking '/workspace/ros2_ws/src/temperature_pkg/install/temperature_pkg' for CMake module files
[3.392s] DEBUG:colcon.colcon_core.event_handler.log_command:Invoked command in '/workspace/ros2_ws/src/temperature_pkg' returned '0': PYTHONPATH=/workspace/ros2_ws/src/temperature_pkg/build/temperature_pkg/prefix_override:/usr/lib/python3/dist-packages/colcon_core/task/python/colcon_distutils_commands:/workspace/ros2_ws/src/temperature_pkg/install/temperature_pkg/lib/python3.10/site-packages:${PYTHONPATH} /usr/bin/python3 -W ignore:setup.py install is deprecated -W ignore:easy_install command is deprecated setup.py egg_info --egg-base build/temperature_pkg build --build-base /workspace/ros2_ws/src/temperature_pkg/build/temperature_pkg/build install --record /workspace/ros2_ws/src/temperature_pkg/build/temperature_pkg/install.log --single-version-externally-managed install_data
[3.408s] Level 1:colcon.colcon_core.environment:checking '/workspace/ros2_ws/src/temperature_pkg/install/temperature_pkg' for CMake config files
[3.432s] Level 1:colcon.colcon_core.environment:checking '/workspace/ros2_ws/src/temperature_pkg/install/temperature_pkg/lib'
[3.436s] Level 1:colcon.colcon_core.environment:checking '/workspace/ros2_ws/src/temperature_pkg/install/temperature_pkg/bin'
[3.437s] Level 1:colcon.colcon_core.environment:checking '/workspace/ros2_ws/src/temperature_pkg/install/temperature_pkg/lib/pkgconfig/temperature_pkg.pc'
[3.437s] Level 1:colcon.colcon_core.environment:checking '/workspace/ros2_ws/src/temperature_pkg/install/temperature_pkg/lib/python3.10/site-packages'
[3.438s] Level 1:colcon.colcon_core.shell:create_environment_hook('temperature_pkg', 'pythonpath')
[3.439s] INFO:colcon.colcon_core.shell:Creating environment hook '/workspace/ros2_ws/src/temperature_pkg/install/temperature_pkg/share/temperature_pkg/hook/pythonpath.ps1'
[3.444s] INFO:colcon.colcon_core.shell:Creating environment descriptor '/workspace/ros2_ws/src/temperature_pkg/install/temperature_pkg/share/temperature_pkg/hook/pythonpath.dsv'
[3.449s] INFO:colcon.colcon_core.shell:Creating environment hook '/workspace/ros2_ws/src/temperature_pkg/install/temperature_pkg/share/temperature_pkg/hook/pythonpath.sh'
[3.457s] Level 1:colcon.colcon_core.environment:checking '/workspace/ros2_ws/src/temperature_pkg/install/temperature_pkg/bin'
[3.458s] Level 1:colcon.colcon_core.environment:create_environment_scripts_only(temperature_pkg)
[3.460s] INFO:colcon.colcon_core.shell:Creating package script '/workspace/ros2_ws/src/temperature_pkg/install/temperature_pkg/share/temperature_pkg/package.ps1'
[3.465s] INFO:colcon.colcon_core.shell:Creating package descriptor '/workspace/ros2_ws/src/temperature_pkg/install/temperature_pkg/share/temperature_pkg/package.dsv'
[3.470s] INFO:colcon.colcon_core.shell:Creating package script '/workspace/ros2_ws/src/temperature_pkg/install/temperature_pkg/share/temperature_pkg/package.sh'
[3.483s] INFO:colcon.colcon_core.shell:Creating package script '/workspace/ros2_ws/src/temperature_pkg/install/temperature_pkg/share/temperature_pkg/package.bash'
[3.493s] INFO:colcon.colcon_core.shell:Creating package script '/workspace/ros2_ws/src/temperature_pkg/install/temperature_pkg/share/temperature_pkg/package.zsh'
[3.507s] Level 1:colcon.colcon_core.environment:create_file_with_runtime_dependencies(/workspace/ros2_ws/src/temperature_pkg/install/temperature_pkg/share/colcon-core/packages/temperature_pkg)
[3.515s] DEBUG:colcon.colcon_parallel_executor.executor.parallel:closing loop
[3.516s] DEBUG:colcon.colcon_parallel_executor.executor.parallel:loop closed
[3.517s] DEBUG:colcon.colcon_parallel_executor.executor.parallel:run_until_complete finished with '0'
[3.518s] DEBUG:colcon.colcon_core.event_reactor:joining thread
[3.549s] INFO:colcon.colcon_core.plugin_system:Skipping extension 'colcon_notification.desktop_notification.notify_send': Could not find 'notify-send'
[3.550s] INFO:colcon.colcon_core.plugin_system:Skipping extension 'colcon_notification.desktop_notification.terminal_notifier': Not used on non-Darwin systems
[3.552s] INFO:colcon.colcon_core.plugin_system:Skipping extension 'colcon_notification.desktop_notification.win32': Not used on non-Windows systems
[3.553s] INFO:colcon.colcon_notification.desktop_notification:Sending desktop notification using 'notify2'
[3.563s] DEBUG:colcon.colcon_notification.desktop_notification.notify2:Failed to initialize notify2: org.freedesktop.DBus.Error.Spawn.ExecFailed: /usr/bin/dbus-launch terminated abnormally without any error message
[3.565s] DEBUG:colcon.colcon_core.event_reactor:joined thread
[3.567s] INFO:colcon.colcon_core.shell:Creating prefix script '/workspace/ros2_ws/src/temperature_pkg/install/local_setup.ps1'
[3.589s] INFO:colcon.colcon_core.shell:Creating prefix util module '/workspace/ros2_ws/src/temperature_pkg/install/_local_setup_util_ps1.py'
[3.600s] INFO:colcon.colcon_core.shell:Creating prefix chain script '/workspace/ros2_ws/src/temperature_pkg/install/setup.ps1'
[3.613s] INFO:colcon.colcon_core.shell:Creating prefix script '/workspace/ros2_ws/src/temperature_pkg/install/local_setup.sh'
[3.621s] INFO:colcon.colcon_core.shell:Creating prefix util module '/workspace/ros2_ws/src/temperature_pkg/install/_local_setup_util_sh.py'
[3.627s] INFO:colcon.colcon_core.shell:Creating prefix chain script '/workspace/ros2_ws/src/temperature_pkg/install/setup.sh'
[3.636s] INFO:colcon.colcon_core.shell:Creating prefix script '/workspace/ros2_ws/src/temperature_pkg/install/local_setup.bash'
[3.641s] INFO:colcon.colcon_core.shell:Creating prefix chain script '/workspace/ros2_ws/src/temperature_pkg/install/setup.bash'
[3.652s] INFO:colcon.colcon_core.shell:Creating prefix script '/workspace/ros2_ws/src/temperature_pkg/install/local_setup.zsh'
[3.658s] INFO:colcon.colcon_core.shell:Creating prefix chain script '/workspace/ros2_ws/src/temperature_pkg/install/setup.zsh'
