[0.104s] Invoking command in '/workspace/ros2_ws/build/temperature_interfaces': CMAKE_PREFIX_PATH=/opt/ros/humble /usr/bin/cmake /workspace/ros2_ws/src/temperature_interfaces -DCMAKE_INSTALL_PREFIX=/workspace/ros2_ws/install/temperature_interfaces
[0.707s] -- The C compiler identification is GNU 11.4.0
[1.005s] -- The CXX compiler identification is GNU 11.4.0
[1.066s] -- Detecting C compiler ABI info
[1.531s] -- Detecting C compiler ABI info - done
[1.573s] -- Check for working C compiler: /usr/bin/cc - skipped
[1.576s] -- Detecting C compile features
[1.579s] -- Detecting C compile features - done
[1.609s] -- Detecting CXX compiler ABI info
[1.960s] -- Detecting CXX compiler ABI info - done
[2.008s] -- Check for working CXX compiler: /usr/bin/c++ - skipped
[2.009s] -- Detecting CXX compile features
[2.012s] -- Detecting CXX compile features - done
[2.151s] -- Found ament_cmake: 1.3.12 (/opt/ros/humble/share/ament_cmake/cmake)
[2.967s] -- Found Python3: /usr/bin/python3 (found version "3.10.12") found components: Interpreter 
[3.468s] -- Found rosidl_default_generators: 1.2.0 (/opt/ros/humble/share/rosidl_default_generators/cmake)
[3.498s] -- Using all available rosidl_typesupport_c: rosidl_typesupport_fastrtps_c;rosidl_typesupport_introspection_c
[3.543s] -- Found rosidl_adapter: 3.1.7 (/opt/ros/humble/share/rosidl_adapter/cmake)
[3.771s] -- Using all available rosidl_typesupport_cpp: rosidl_typesupport_fastrtps_cpp;rosidl_typesupport_introspection_cpp
[3.917s] [31mCMake Error at /opt/ros/humble/share/rosidl_cmake/cmake/rosidl_generate_interfaces.cmake:93 (message):
[3.918s]   rosidl_generate_interfaces() the passed file 'srv/ConvertTemperature.srv'
[3.920s]   doesn't exist relative to the CMAKE_CURRENT_SOURCE_DIR
[3.921s]   '/workspace/ros2_ws/src/temperature_interfaces'
[3.922s] Call Stack (most recent call first):
[3.923s]   CMakeLists.txt:13 (rosidl_generate_interfaces)
[3.924s] 
[3.926s] [0m
[3.926s] -- Configuring incomplete, errors occurred!
[3.927s] See also "/workspace/ros2_ws/build/temperature_interfaces/CMakeFiles/CMakeOutput.log".
[3.935s] Invoked command in '/workspace/ros2_ws/build/temperature_interfaces' returned '1': CMAKE_PREFIX_PATH=/opt/ros/humble /usr/bin/cmake /workspace/ros2_ws/src/temperature_interfaces -DCMAKE_INSTALL_PREFIX=/workspace/ros2_ws/install/temperature_interfaces
