[11.463s] DEBUG:colcon:Command line arguments: ['/usr/bin/colcon', 'build', '--packages-select', 'gps_ros2']
[11.464s] DEBUG:colcon:Parsed command line arguments: Namespace(log_base=None, log_level=None, verb_name='build', build_base='build', install_base='install', merge_install=False, symlink_install=False, test_result_base=None, continue_on_error=False, executor='parallel', parallel_workers=12, event_handlers=None, ignore_user_meta=False, metas=['./colcon.meta'], base_paths=['.'], packages_ignore=None, packages_ignore_regex=None, paths=None, packages_up_to=None, packages_up_to_regex=None, packages_above=None, packages_above_and_dependencies=None, packages_above_depth=None, packages_select_by_dep=None, packages_skip_by_dep=None, packages_skip_up_to=None, packages_select_build_failed=False, packages_skip_build_finished=False, packages_select_test_failures=False, packages_skip_test_passed=False, packages_select=['gps_ros2'], packages_skip=None, packages_select_regex=None, packages_skip_regex=None, packages_start=None, packages_end=None, cmake_args=None, cmake_target=None, cmake_target_skip_unavailable=False, cmake_clean_cache=False, cmake_clean_first=False, cmake_force_configure=False, ament_cmake_args=None, catkin_cmake_args=None, catkin_skip_building_tests=False, mixin_files=None, mixin=None, verb_parser=<colcon_mixin.mixin.mixin_argument.MixinArgumentDecorator object at 0x748e16c117b0>, verb_extension=<colcon_core.verb.build.BuildVerb object at 0x748e16c111b0>, main=<bound method BuildVerb.main of <colcon_core.verb.build.BuildVerb object at 0x748e16c111b0>>, mixin_verb=('build',))
[14.258s] Level 1:colcon.colcon_core.package_discovery:discover_packages(colcon_meta) check parameters
[14.265s] Level 1:colcon.colcon_core.package_discovery:discover_packages(recursive) check parameters
[14.268s] Level 1:colcon.colcon_core.package_discovery:discover_packages(ignore) check parameters
[14.270s] Level 1:colcon.colcon_core.package_discovery:discover_packages(path) check parameters
[14.271s] Level 1:colcon.colcon_core.package_discovery:discover_packages(colcon_meta) discover
[14.275s] Level 1:colcon.colcon_core.package_discovery:discover_packages(recursive) discover
[14.278s] INFO:colcon.colcon_core.package_discovery:Crawling recursively for packages in '/ODLC_Machine_Inferencing_System_2025-2026/ros2_workspace'
[14.302s] Level 1:colcon.colcon_core.package_identification:_identify(.) by extensions ['ignore', 'ignore_ament_install']
[14.305s] Level 1:colcon.colcon_core.package_identification:_identify(.) by extension 'ignore'
[14.307s] Level 1:colcon.colcon_core.package_identification:_identify(.) by extension 'ignore_ament_install'
[14.324s] Level 1:colcon.colcon_core.package_identification:_identify(.) by extensions ['colcon_pkg']
[14.343s] Level 1:colcon.colcon_core.package_identification:_identify(.) by extension 'colcon_pkg'
[14.345s] Level 1:colcon.colcon_core.package_identification:_identify(.) by extensions ['colcon_meta']
[14.347s] Level 1:colcon.colcon_core.package_identification:_identify(.) by extension 'colcon_meta'
[14.350s] Level 1:colcon.colcon_core.package_identification:_identify(.) by extensions ['ros']
[14.361s] Level 1:colcon.colcon_core.package_identification:_identify(.) by extension 'ros'
[14.716s] Level 1:colcon.colcon_core.package_identification:_identify(.) by extensions ['cmake', 'python']
[14.717s] Level 1:colcon.colcon_core.package_identification:_identify(.) by extension 'cmake'
[14.718s] Level 1:colcon.colcon_core.package_identification:_identify(.) by extension 'python'
[14.723s] Level 1:colcon.colcon_core.package_identification:_identify(.) by extensions ['python_setup_py']
[14.725s] Level 1:colcon.colcon_core.package_identification:_identify(.) by extension 'python_setup_py'
[14.756s] Level 1:colcon.colcon_core.package_identification:_identify(build) by extensions ['ignore', 'ignore_ament_install']
[14.758s] Level 1:colcon.colcon_core.package_identification:_identify(build) by extension 'ignore'
[14.783s] Level 1:colcon.colcon_core.package_identification:_identify(build) ignored
[14.820s] Level 1:colcon.colcon_core.package_identification:_identify(install) by extensions ['ignore', 'ignore_ament_install']
[14.825s] Level 1:colcon.colcon_core.package_identification:_identify(install) by extension 'ignore'
[14.844s] Level 1:colcon.colcon_core.package_identification:_identify(install) ignored
[14.900s] Level 1:colcon.colcon_core.package_identification:_identify(log) by extensions ['ignore', 'ignore_ament_install']
[14.901s] Level 1:colcon.colcon_core.package_identification:_identify(log) by extension 'ignore'
[14.916s] Level 1:colcon.colcon_core.package_identification:_identify(log) ignored
[14.942s] Level 1:colcon.colcon_core.package_identification:_identify(source) by extensions ['ignore', 'ignore_ament_install']
[14.944s] Level 1:colcon.colcon_core.package_identification:_identify(source) by extension 'ignore'
[14.960s] Level 1:colcon.colcon_core.package_identification:_identify(source) by extension 'ignore_ament_install'
[14.973s] Level 1:colcon.colcon_core.package_identification:_identify(source) by extensions ['colcon_pkg']
[14.975s] Level 1:colcon.colcon_core.package_identification:_identify(source) by extension 'colcon_pkg'
[14.986s] Level 1:colcon.colcon_core.package_identification:_identify(source) by extensions ['colcon_meta']
[14.988s] Level 1:colcon.colcon_core.package_identification:_identify(source) by extension 'colcon_meta'
[15.005s] Level 1:colcon.colcon_core.package_identification:_identify(source) by extensions ['ros']
[15.013s] Level 1:colcon.colcon_core.package_identification:_identify(source) by extension 'ros'
[15.079s] Level 1:colcon.colcon_core.package_identification:_identify(source) by extensions ['cmake', 'python']
[15.082s] Level 1:colcon.colcon_core.package_identification:_identify(source) by extension 'cmake'
[15.102s] Level 1:colcon.colcon_core.package_identification:_identify(source) by extension 'python'
[15.110s] Level 1:colcon.colcon_core.package_identification:_identify(source) by extensions ['python_setup_py']
[15.112s] Level 1:colcon.colcon_core.package_identification:_identify(source) by extension 'python_setup_py'
[15.183s] Level 1:colcon.colcon_core.package_identification:_identify(source/gps_mavros) by extensions ['ignore', 'ignore_ament_install']
[15.185s] Level 1:colcon.colcon_core.package_identification:_identify(source/gps_mavros) by extension 'ignore'
[15.195s] Level 1:colcon.colcon_core.package_identification:_identify(source/gps_mavros) by extension 'ignore_ament_install'
[15.219s] Level 1:colcon.colcon_core.package_identification:_identify(source/gps_mavros) by extensions ['colcon_pkg']
[15.223s] Level 1:colcon.colcon_core.package_identification:_identify(source/gps_mavros) by extension 'colcon_pkg'
[15.241s] Level 1:colcon.colcon_core.package_identification:_identify(source/gps_mavros) by extensions ['colcon_meta']
[15.243s] Level 1:colcon.colcon_core.package_identification:_identify(source/gps_mavros) by extension 'colcon_meta'
[15.260s] Level 1:colcon.colcon_core.package_identification:_identify(source/gps_mavros) by extensions ['ros']
[15.263s] Level 1:colcon.colcon_core.package_identification:_identify(source/gps_mavros) by extension 'ros'
[15.390s] DEBUG:colcon.colcon_core.package_identification:Package 'source/gps_mavros' with type 'ros.ament_cmake' and name 'gps_mavros'
[15.432s] Level 1:colcon.colcon_core.package_identification:_identify(source/gps_ros2) by extensions ['ignore', 'ignore_ament_install']
[15.433s] Level 1:colcon.colcon_core.package_identification:_identify(source/gps_ros2) by extension 'ignore'
[15.450s] Level 1:colcon.colcon_core.package_identification:_identify(source/gps_ros2) by extension 'ignore_ament_install'
[15.468s] Level 1:colcon.colcon_core.package_identification:_identify(source/gps_ros2) by extensions ['colcon_pkg']
[15.470s] Level 1:colcon.colcon_core.package_identification:_identify(source/gps_ros2) by extension 'colcon_pkg'
[15.482s] Level 1:colcon.colcon_core.package_identification:_identify(source/gps_ros2) by extensions ['colcon_meta']
[15.483s] Level 1:colcon.colcon_core.package_identification:_identify(source/gps_ros2) by extension 'colcon_meta'
[15.501s] Level 1:colcon.colcon_core.package_identification:_identify(source/gps_ros2) by extensions ['ros']
[15.503s] Level 1:colcon.colcon_core.package_identification:_identify(source/gps_ros2) by extension 'ros'
[15.653s] DEBUG:colcon.colcon_core.package_identification:Package 'source/gps_ros2' with type 'ros.ament_python' and name 'gps_ros2'
[15.735s] Level 1:colcon.colcon_core.package_identification:_identify(source/package1) by extensions ['ignore', 'ignore_ament_install']
[15.737s] Level 1:colcon.colcon_core.package_identification:_identify(source/package1) by extension 'ignore'
[15.751s] Level 1:colcon.colcon_core.package_identification:_identify(source/package1) by extension 'ignore_ament_install'
[15.805s] Level 1:colcon.colcon_core.package_identification:_identify(source/package1) by extensions ['colcon_pkg']
[15.808s] Level 1:colcon.colcon_core.package_identification:_identify(source/package1) by extension 'colcon_pkg'
[15.841s] Level 1:colcon.colcon_core.package_identification:_identify(source/package1) by extensions ['colcon_meta']
[15.844s] Level 1:colcon.colcon_core.package_identification:_identify(source/package1) by extension 'colcon_meta'
[15.879s] Level 1:colcon.colcon_core.package_identification:_identify(source/package1) by extensions ['ros']
[15.881s] Level 1:colcon.colcon_core.package_identification:_identify(source/package1) by extension 'ros'
[16.061s] DEBUG:colcon.colcon_core.package_identification:Package 'source/package1' with type 'ros.ament_python' and name 'package1'
[16.103s] Level 1:colcon.colcon_core.package_identification:_identify(source/temperature_interface) by extensions ['ignore', 'ignore_ament_install']
[16.108s] Level 1:colcon.colcon_core.package_identification:_identify(source/temperature_interface) by extension 'ignore'
[16.128s] Level 1:colcon.colcon_core.package_identification:_identify(source/temperature_interface) by extension 'ignore_ament_install'
[16.178s] Level 1:colcon.colcon_core.package_identification:_identify(source/temperature_interface) by extensions ['colcon_pkg']
[16.181s] Level 1:colcon.colcon_core.package_identification:_identify(source/temperature_interface) by extension 'colcon_pkg'
[16.205s] Level 1:colcon.colcon_core.package_identification:_identify(source/temperature_interface) by extensions ['colcon_meta']
[16.209s] Level 1:colcon.colcon_core.package_identification:_identify(source/temperature_interface) by extension 'colcon_meta'
[16.255s] Level 1:colcon.colcon_core.package_identification:_identify(source/temperature_interface) by extensions ['ros']
[16.258s] Level 1:colcon.colcon_core.package_identification:_identify(source/temperature_interface) by extension 'ros'
[16.465s] DEBUG:colcon.colcon_core.package_identification:Package 'source/temperature_interface' with type 'ros.catkin' and name 'temperature_interface'
[16.473s] Level 1:colcon.colcon_core.package_discovery:discover_packages(recursive) using defaults
[16.476s] Level 1:colcon.colcon_core.package_discovery:discover_packages(ignore) discover
[16.478s] Level 1:colcon.colcon_core.package_discovery:discover_packages(ignore) using defaults
[16.482s] Level 1:colcon.colcon_core.package_discovery:discover_packages(path) discover
[16.484s] Level 1:colcon.colcon_core.package_discovery:discover_packages(path) using defaults
[18.635s] INFO:colcon.colcon_core.package_selection:Skipping not selected package 'gps_mavros' in 'source/gps_mavros'
[18.674s] INFO:colcon.colcon_core.package_selection:Skipping not selected package 'temperature_interface' in 'source/temperature_interface'
[18.685s] INFO:colcon.colcon_core.package_selection:Skipping not selected package 'package1' in 'source/package1'
[18.727s] Level 5:colcon.colcon_core.verb:set package 'gps_ros2' build argument 'cmake_args' from command line to 'None'
[18.752s] Level 5:colcon.colcon_core.verb:set package 'gps_ros2' build argument 'cmake_target' from command line to 'None'
[18.768s] Level 5:colcon.colcon_core.verb:set package 'gps_ros2' build argument 'cmake_target_skip_unavailable' from command line to 'False'
[18.776s] Level 5:colcon.colcon_core.verb:set package 'gps_ros2' build argument 'cmake_clean_cache' from command line to 'False'
[18.786s] Level 5:colcon.colcon_core.verb:set package 'gps_ros2' build argument 'cmake_clean_first' from command line to 'False'
[18.790s] Level 5:colcon.colcon_core.verb:set package 'gps_ros2' build argument 'cmake_force_configure' from command line to 'False'
[18.803s] Level 5:colcon.colcon_core.verb:set package 'gps_ros2' build argument 'ament_cmake_args' from command line to 'None'
[18.819s] Level 5:colcon.colcon_core.verb:set package 'gps_ros2' build argument 'catkin_cmake_args' from command line to 'None'
[18.832s] Level 5:colcon.colcon_core.verb:set package 'gps_ros2' build argument 'catkin_skip_building_tests' from command line to 'False'
[18.838s] DEBUG:colcon.colcon_core.verb:Building package 'gps_ros2' with the following arguments: {'ament_cmake_args': None, 'build_base': '/ODLC_Machine_Inferencing_System_2025-2026/ros2_workspace/build/gps_ros2', 'catkin_cmake_args': None, 'catkin_skip_building_tests': False, 'cmake_args': None, 'cmake_clean_cache': False, 'cmake_clean_first': False, 'cmake_force_configure': False, 'cmake_target': None, 'cmake_target_skip_unavailable': False, 'install_base': '/ODLC_Machine_Inferencing_System_2025-2026/ros2_workspace/install/gps_ros2', 'merge_install': False, 'path': '/ODLC_Machine_Inferencing_System_2025-2026/ros2_workspace/source/gps_ros2', 'symlink_install': False, 'test_result_base': None}
[18.848s] INFO:colcon.colcon_core.executor:Executing jobs using 'parallel' executor
[18.861s] DEBUG:colcon.colcon_parallel_executor.executor.parallel:run_until_complete
[18.871s] INFO:colcon.colcon_ros.task.ament_python.build:Building ROS package in '/ODLC_Machine_Inferencing_System_2025-2026/ros2_workspace/source/gps_ros2' with build type 'ament_python'
[18.874s] Level 1:colcon.colcon_core.shell:create_environment_hook('gps_ros2', 'ament_prefix_path')
[19.473s] INFO:colcon.colcon_core.plugin_system:Skipping extension 'colcon_core.shell.bat': Not used on non-Windows systems
[19.492s] INFO:colcon.colcon_core.shell:Creating environment hook '/ODLC_Machine_Inferencing_System_2025-2026/ros2_workspace/install/gps_ros2/share/gps_ros2/hook/ament_prefix_path.ps1'
[19.850s] INFO:colcon.colcon_core.shell:Creating environment descriptor '/ODLC_Machine_Inferencing_System_2025-2026/ros2_workspace/install/gps_ros2/share/gps_ros2/hook/ament_prefix_path.dsv'
[20.173s] INFO:colcon.colcon_core.shell:Creating environment hook '/ODLC_Machine_Inferencing_System_2025-2026/ros2_workspace/install/gps_ros2/share/gps_ros2/hook/ament_prefix_path.sh'
[20.484s] INFO:colcon.colcon_core.shell:Skip shell extension 'powershell' for command environment: Not usable outside of PowerShell
[20.489s] DEBUG:colcon.colcon_core.shell:Skip shell extension 'dsv' for command environment
[42.493s] INFO:colcon.colcon_core.task.python.build:Building Python package in '/ODLC_Machine_Inferencing_System_2025-2026/ros2_workspace/source/gps_ros2'
[42.500s] INFO:colcon.colcon_core.shell:Skip shell extension 'powershell' for command environment: Not usable outside of PowerShell
[42.512s] DEBUG:colcon.colcon_core.shell:Skip shell extension 'dsv' for command environment
[67.825s] DEBUG:colcon.colcon_core.event_handler.log_command:Invoking command in '/ODLC_Machine_Inferencing_System_2025-2026/ros2_workspace/source/gps_ros2': PYTHONPATH=/ODLC_Machine_Inferencing_System_2025-2026/ros2_workspace/build/gps_ros2/prefix_override:/usr/lib/python3/dist-packages/colcon_core/task/python/colcon_distutils_commands:/ODLC_Machine_Inferencing_System_2025-2026/ros2_workspace/install/gps_ros2/lib/python3.10/site-packages:${PYTHONPATH} /usr/bin/python3 -W ignore:setup.py install is deprecated -W ignore:easy_install command is deprecated setup.py egg_info --egg-base ../../build/gps_ros2 build --build-base /ODLC_Machine_Inferencing_System_2025-2026/ros2_workspace/build/gps_ros2/build install --record /ODLC_Machine_Inferencing_System_2025-2026/ros2_workspace/build/gps_ros2/install.log --single-version-externally-managed install_data
[111.853s] DEBUG:colcon.colcon_core.event_handler.log_command:Invoked command in '/ODLC_Machine_Inferencing_System_2025-2026/ros2_workspace/source/gps_ros2' returned '0': PYTHONPATH=/ODLC_Machine_Inferencing_System_2025-2026/ros2_workspace/build/gps_ros2/prefix_override:/usr/lib/python3/dist-packages/colcon_core/task/python/colcon_distutils_commands:/ODLC_Machine_Inferencing_System_2025-2026/ros2_workspace/install/gps_ros2/lib/python3.10/site-packages:${PYTHONPATH} /usr/bin/python3 -W ignore:setup.py install is deprecated -W ignore:easy_install command is deprecated setup.py egg_info --egg-base ../../build/gps_ros2 build --build-base /ODLC_Machine_Inferencing_System_2025-2026/ros2_workspace/build/gps_ros2/build install --record /ODLC_Machine_Inferencing_System_2025-2026/ros2_workspace/build/gps_ros2/install.log --single-version-externally-managed install_data
[112.184s] Level 1:colcon.colcon_core.environment:checking '/ODLC_Machine_Inferencing_System_2025-2026/ros2_workspace/install/gps_ros2' for CMake module files
[113.672s] Level 1:colcon.colcon_core.environment:checking '/ODLC_Machine_Inferencing_System_2025-2026/ros2_workspace/install/gps_ros2' for CMake config files
[115.708s] Level 1:colcon.colcon_core.environment:checking '/ODLC_Machine_Inferencing_System_2025-2026/ros2_workspace/install/gps_ros2/lib'
[115.773s] Level 1:colcon.colcon_core.environment:checking '/ODLC_Machine_Inferencing_System_2025-2026/ros2_workspace/install/gps_ros2/bin'
[115.822s] Level 1:colcon.colcon_core.environment:checking '/ODLC_Machine_Inferencing_System_2025-2026/ros2_workspace/install/gps_ros2/lib/pkgconfig/gps_ros2.pc'
[116.035s] Level 1:colcon.colcon_core.environment:checking '/ODLC_Machine_Inferencing_System_2025-2026/ros2_workspace/install/gps_ros2/lib/python3.10/site-packages'
[116.199s] Level 1:colcon.colcon_core.shell:create_environment_hook('gps_ros2', 'pythonpath')
[116.202s] INFO:colcon.colcon_core.shell:Creating environment hook '/ODLC_Machine_Inferencing_System_2025-2026/ros2_workspace/install/gps_ros2/share/gps_ros2/hook/pythonpath.ps1'
[116.554s] INFO:colcon.colcon_core.shell:Creating environment descriptor '/ODLC_Machine_Inferencing_System_2025-2026/ros2_workspace/install/gps_ros2/share/gps_ros2/hook/pythonpath.dsv'
[116.913s] INFO:colcon.colcon_core.shell:Creating environment hook '/ODLC_Machine_Inferencing_System_2025-2026/ros2_workspace/install/gps_ros2/share/gps_ros2/hook/pythonpath.sh'
[117.209s] Level 1:colcon.colcon_core.environment:checking '/ODLC_Machine_Inferencing_System_2025-2026/ros2_workspace/install/gps_ros2/bin'
[117.229s] Level 1:colcon.colcon_core.environment:create_environment_scripts_only(gps_ros2)
[117.233s] INFO:colcon.colcon_core.shell:Creating package script '/ODLC_Machine_Inferencing_System_2025-2026/ros2_workspace/install/gps_ros2/share/gps_ros2/package.ps1'
[117.445s] INFO:colcon.colcon_core.shell:Creating package descriptor '/ODLC_Machine_Inferencing_System_2025-2026/ros2_workspace/install/gps_ros2/share/gps_ros2/package.dsv'
[117.675s] INFO:colcon.colcon_core.shell:Creating package script '/ODLC_Machine_Inferencing_System_2025-2026/ros2_workspace/install/gps_ros2/share/gps_ros2/package.sh'
[117.866s] INFO:colcon.colcon_core.shell:Creating package script '/ODLC_Machine_Inferencing_System_2025-2026/ros2_workspace/install/gps_ros2/share/gps_ros2/package.bash'
[118.106s] INFO:colcon.colcon_core.shell:Creating package script '/ODLC_Machine_Inferencing_System_2025-2026/ros2_workspace/install/gps_ros2/share/gps_ros2/package.zsh'
[118.526s] Level 1:colcon.colcon_core.environment:create_file_with_runtime_dependencies(/ODLC_Machine_Inferencing_System_2025-2026/ros2_workspace/install/gps_ros2/share/colcon-core/packages/gps_ros2)
[118.980s] DEBUG:colcon.colcon_parallel_executor.executor.parallel:closing loop
[118.995s] DEBUG:colcon.colcon_parallel_executor.executor.parallel:loop closed
[119.002s] DEBUG:colcon.colcon_parallel_executor.executor.parallel:run_until_complete finished with '0'
[119.013s] DEBUG:colcon.colcon_core.event_reactor:joining thread
[120.487s] INFO:colcon.colcon_core.plugin_system:Skipping extension 'colcon_notification.desktop_notification.notify_send': Could not find 'notify-send'
[120.497s] INFO:colcon.colcon_core.plugin_system:Skipping extension 'colcon_notification.desktop_notification.terminal_notifier': Not used on non-Darwin systems
[120.505s] INFO:colcon.colcon_core.plugin_system:Skipping extension 'colcon_notification.desktop_notification.win32': Not used on non-Windows systems
[120.518s] INFO:colcon.colcon_notification.desktop_notification:Sending desktop notification using 'notify2'
[120.578s] DEBUG:colcon.colcon_notification.desktop_notification.notify2:Failed to initialize notify2: org.freedesktop.DBus.Error.Spawn.ExecFailed: /usr/bin/dbus-launch terminated abnormally without any error message
[120.596s] DEBUG:colcon.colcon_core.event_reactor:joined thread
[120.611s] INFO:colcon.colcon_core.shell:Creating prefix script '/ODLC_Machine_Inferencing_System_2025-2026/ros2_workspace/install/local_setup.ps1'
[120.854s] INFO:colcon.colcon_core.shell:Creating prefix util module '/ODLC_Machine_Inferencing_System_2025-2026/ros2_workspace/install/_local_setup_util_ps1.py'
[120.957s] INFO:colcon.colcon_core.shell:Creating prefix chain script '/ODLC_Machine_Inferencing_System_2025-2026/ros2_workspace/install/setup.ps1'
[121.254s] INFO:colcon.colcon_core.shell:Creating prefix script '/ODLC_Machine_Inferencing_System_2025-2026/ros2_workspace/install/local_setup.sh'
[121.298s] INFO:colcon.colcon_core.shell:Creating prefix util module '/ODLC_Machine_Inferencing_System_2025-2026/ros2_workspace/install/_local_setup_util_sh.py'
[121.341s] INFO:colcon.colcon_core.shell:Creating prefix chain script '/ODLC_Machine_Inferencing_System_2025-2026/ros2_workspace/install/setup.sh'
[121.643s] INFO:colcon.colcon_core.shell:Creating prefix script '/ODLC_Machine_Inferencing_System_2025-2026/ros2_workspace/install/local_setup.bash'
[121.702s] INFO:colcon.colcon_core.shell:Creating prefix chain script '/ODLC_Machine_Inferencing_System_2025-2026/ros2_workspace/install/setup.bash'
[122.021s] INFO:colcon.colcon_core.shell:Creating prefix script '/ODLC_Machine_Inferencing_System_2025-2026/ros2_workspace/install/local_setup.zsh'
[122.124s] INFO:colcon.colcon_core.shell:Creating prefix chain script '/ODLC_Machine_Inferencing_System_2025-2026/ros2_workspace/install/setup.zsh'
