[0.306s] DEBUG:colcon:Command line arguments: ['/usr/bin/colcon', 'build', '--packages-select', 'ros2_image_stitching_pkg']
[0.308s] DEBUG:colcon:Parsed command line arguments: Namespace(log_base=None, log_level=None, verb_name='build', build_base='build', install_base='install', merge_install=False, symlink_install=False, test_result_base=None, continue_on_error=False, executor='parallel', parallel_workers=8, event_handlers=None, ignore_user_meta=False, metas=['./colcon.meta'], base_paths=['.'], packages_ignore=None, packages_ignore_regex=None, paths=None, packages_up_to=None, packages_up_to_regex=None, packages_above=None, packages_above_and_dependencies=None, packages_above_depth=None, packages_select_by_dep=None, packages_skip_by_dep=None, packages_skip_up_to=None, packages_select_build_failed=False, packages_skip_build_finished=False, packages_select_test_failures=False, packages_skip_test_passed=False, packages_select=['ros2_image_stitching_pkg'], packages_skip=None, packages_select_regex=None, packages_skip_regex=None, packages_start=None, packages_end=None, cmake_args=None, cmake_target=None, cmake_target_skip_unavailable=False, cmake_clean_cache=False, cmake_clean_first=False, cmake_force_configure=False, ament_cmake_args=None, catkin_cmake_args=None, catkin_skip_building_tests=False, mixin_files=None, mixin=None, verb_parser=<colcon_mixin.mixin.mixin_argument.MixinArgumentDecorator object at 0x7f310b645690>, verb_extension=<colcon_core.verb.build.BuildVerb object at 0x7f310b645120>, main=<bound method BuildVerb.main of <colcon_core.verb.build.BuildVerb object at 0x7f310b645120>>, mixin_verb=('build',))
[0.411s] Level 1:colcon.colcon_core.package_discovery:discover_packages(colcon_meta) check parameters
[0.412s] Level 1:colcon.colcon_core.package_discovery:discover_packages(recursive) check parameters
[0.412s] Level 1:colcon.colcon_core.package_discovery:discover_packages(ignore) check parameters
[0.413s] Level 1:colcon.colcon_core.package_discovery:discover_packages(path) check parameters
[0.413s] Level 1:colcon.colcon_core.package_discovery:discover_packages(colcon_meta) discover
[0.413s] Level 1:colcon.colcon_core.package_discovery:discover_packages(recursive) discover
[0.414s] INFO:colcon.colcon_core.package_discovery:Crawling recursively for packages in '/workspace'
[0.415s] Level 1:colcon.colcon_core.package_identification:_identify(.) by extensions ['ignore', 'ignore_ament_install']
[0.415s] Level 1:colcon.colcon_core.package_identification:_identify(.) by extension 'ignore'
[0.416s] Level 1:colcon.colcon_core.package_identification:_identify(.) by extension 'ignore_ament_install'
[0.417s] Level 1:colcon.colcon_core.package_identification:_identify(.) by extensions ['colcon_pkg']
[0.417s] Level 1:colcon.colcon_core.package_identification:_identify(.) by extension 'colcon_pkg'
[0.417s] Level 1:colcon.colcon_core.package_identification:_identify(.) by extensions ['colcon_meta']
[0.418s] Level 1:colcon.colcon_core.package_identification:_identify(.) by extension 'colcon_meta'
[0.418s] Level 1:colcon.colcon_core.package_identification:_identify(.) by extensions ['ros']
[0.418s] Level 1:colcon.colcon_core.package_identification:_identify(.) by extension 'ros'
[0.455s] Level 1:colcon.colcon_core.package_identification:_identify(.) by extensions ['cmake', 'python']
[0.455s] Level 1:colcon.colcon_core.package_identification:_identify(.) by extension 'cmake'
[0.456s] Level 1:colcon.colcon_core.package_identification:_identify(.) by extension 'python'
[0.456s] Level 1:colcon.colcon_core.package_identification:_identify(.) by extensions ['python_setup_py']
[0.457s] Level 1:colcon.colcon_core.package_identification:_identify(.) by extension 'python_setup_py'
[0.458s] Level 1:colcon.colcon_core.package_identification:_identify(build) by extensions ['ignore', 'ignore_ament_install']
[0.459s] Level 1:colcon.colcon_core.package_identification:_identify(build) by extension 'ignore'
[0.459s] Level 1:colcon.colcon_core.package_identification:_identify(build) ignored
[0.460s] Level 1:colcon.colcon_core.package_identification:_identify(install) by extensions ['ignore', 'ignore_ament_install']
[0.461s] Level 1:colcon.colcon_core.package_identification:_identify(install) by extension 'ignore'
[0.461s] Level 1:colcon.colcon_core.package_identification:_identify(install) ignored
[0.463s] Level 1:colcon.colcon_core.package_identification:_identify(log) by extensions ['ignore', 'ignore_ament_install']
[0.463s] Level 1:colcon.colcon_core.package_identification:_identify(log) by extension 'ignore'
[0.463s] Level 1:colcon.colcon_core.package_identification:_identify(log) ignored
[0.464s] Level 1:colcon.colcon_core.package_identification:_identify(ros2_ws) by extensions ['ignore', 'ignore_ament_install']
[0.465s] Level 1:colcon.colcon_core.package_identification:_identify(ros2_ws) by extension 'ignore'
[0.465s] Level 1:colcon.colcon_core.package_identification:_identify(ros2_ws) by extension 'ignore_ament_install'
[0.466s] Level 1:colcon.colcon_core.package_identification:_identify(ros2_ws) by extensions ['colcon_pkg']
[0.466s] Level 1:colcon.colcon_core.package_identification:_identify(ros2_ws) by extension 'colcon_pkg'
[0.466s] Level 1:colcon.colcon_core.package_identification:_identify(ros2_ws) by extensions ['colcon_meta']
[0.467s] Level 1:colcon.colcon_core.package_identification:_identify(ros2_ws) by extension 'colcon_meta'
[0.467s] Level 1:colcon.colcon_core.package_identification:_identify(ros2_ws) by extensions ['ros']
[0.467s] Level 1:colcon.colcon_core.package_identification:_identify(ros2_ws) by extension 'ros'
[0.468s] Level 1:colcon.colcon_core.package_identification:_identify(ros2_ws) by extensions ['cmake', 'python']
[0.468s] Level 1:colcon.colcon_core.package_identification:_identify(ros2_ws) by extension 'cmake'
[0.469s] Level 1:colcon.colcon_core.package_identification:_identify(ros2_ws) by extension 'python'
[0.469s] Level 1:colcon.colcon_core.package_identification:_identify(ros2_ws) by extensions ['python_setup_py']
[0.469s] Level 1:colcon.colcon_core.package_identification:_identify(ros2_ws) by extension 'python_setup_py'
[0.470s] Level 1:colcon.colcon_core.package_identification:_identify(ros2_ws/build) by extensions ['ignore', 'ignore_ament_install']
[0.471s] Level 1:colcon.colcon_core.package_identification:_identify(ros2_ws/build) by extension 'ignore'
[0.471s] Level 1:colcon.colcon_core.package_identification:_identify(ros2_ws/build) ignored
[0.472s] Level 1:colcon.colcon_core.package_identification:_identify(ros2_ws/install) by extensions ['ignore', 'ignore_ament_install']
[0.473s] Level 1:colcon.colcon_core.package_identification:_identify(ros2_ws/install) by extension 'ignore'
[0.473s] Level 1:colcon.colcon_core.package_identification:_identify(ros2_ws/install) ignored
[0.475s] Level 1:colcon.colcon_core.package_identification:_identify(ros2_ws/log) by extensions ['ignore', 'ignore_ament_install']
[0.475s] Level 1:colcon.colcon_core.package_identification:_identify(ros2_ws/log) by extension 'ignore'
[0.476s] Level 1:colcon.colcon_core.package_identification:_identify(ros2_ws/log) ignored
[0.477s] Level 1:colcon.colcon_core.package_identification:_identify(ros2_ws/src) by extensions ['ignore', 'ignore_ament_install']
[0.477s] Level 1:colcon.colcon_core.package_identification:_identify(ros2_ws/src) by extension 'ignore'
[0.478s] Level 1:colcon.colcon_core.package_identification:_identify(ros2_ws/src) by extension 'ignore_ament_install'
[0.478s] Level 1:colcon.colcon_core.package_identification:_identify(ros2_ws/src) by extensions ['colcon_pkg']
[0.479s] Level 1:colcon.colcon_core.package_identification:_identify(ros2_ws/src) by extension 'colcon_pkg'
[0.479s] Level 1:colcon.colcon_core.package_identification:_identify(ros2_ws/src) by extensions ['colcon_meta']
[0.479s] Level 1:colcon.colcon_core.package_identification:_identify(ros2_ws/src) by extension 'colcon_meta'
[0.479s] Level 1:colcon.colcon_core.package_identification:_identify(ros2_ws/src) by extensions ['ros']
[0.480s] Level 1:colcon.colcon_core.package_identification:_identify(ros2_ws/src) by extension 'ros'
[0.481s] Level 1:colcon.colcon_core.package_identification:_identify(ros2_ws/src) by extensions ['cmake', 'python']
[0.481s] Level 1:colcon.colcon_core.package_identification:_identify(ros2_ws/src) by extension 'cmake'
[0.482s] Level 1:colcon.colcon_core.package_identification:_identify(ros2_ws/src) by extension 'python'
[0.482s] Level 1:colcon.colcon_core.package_identification:_identify(ros2_ws/src) by extensions ['python_setup_py']
[0.483s] Level 1:colcon.colcon_core.package_identification:_identify(ros2_ws/src) by extension 'python_setup_py'
[0.484s] Level 1:colcon.colcon_core.package_identification:_identify(ros2_ws/src/ros2_image_stitching_pkg) by extensions ['ignore', 'ignore_ament_install']
[0.484s] Level 1:colcon.colcon_core.package_identification:_identify(ros2_ws/src/ros2_image_stitching_pkg) by extension 'ignore'
[0.485s] Level 1:colcon.colcon_core.package_identification:_identify(ros2_ws/src/ros2_image_stitching_pkg) by extension 'ignore_ament_install'
[0.485s] Level 1:colcon.colcon_core.package_identification:_identify(ros2_ws/src/ros2_image_stitching_pkg) by extensions ['colcon_pkg']
[0.486s] Level 1:colcon.colcon_core.package_identification:_identify(ros2_ws/src/ros2_image_stitching_pkg) by extension 'colcon_pkg'
[0.486s] Level 1:colcon.colcon_core.package_identification:_identify(ros2_ws/src/ros2_image_stitching_pkg) by extensions ['colcon_meta']
[0.486s] Level 1:colcon.colcon_core.package_identification:_identify(ros2_ws/src/ros2_image_stitching_pkg) by extension 'colcon_meta'
[0.487s] Level 1:colcon.colcon_core.package_identification:_identify(ros2_ws/src/ros2_image_stitching_pkg) by extensions ['ros']
[0.487s] Level 1:colcon.colcon_core.package_identification:_identify(ros2_ws/src/ros2_image_stitching_pkg) by extension 'ros'
[0.497s] DEBUG:colcon.colcon_core.package_identification:Package 'ros2_ws/src/ros2_image_stitching_pkg' with type 'ros.ament_python' and name 'ros2_image_stitching_pkg'
[0.498s] Level 1:colcon.colcon_core.package_identification:_identify(ros2_ws/src/siyi_cam_node) by extensions ['ignore', 'ignore_ament_install']
[0.498s] Level 1:colcon.colcon_core.package_identification:_identify(ros2_ws/src/siyi_cam_node) by extension 'ignore'
[0.499s] Level 1:colcon.colcon_core.package_identification:_identify(ros2_ws/src/siyi_cam_node) by extension 'ignore_ament_install'
[0.500s] Level 1:colcon.colcon_core.package_identification:_identify(ros2_ws/src/siyi_cam_node) by extensions ['colcon_pkg']
[0.500s] Level 1:colcon.colcon_core.package_identification:_identify(ros2_ws/src/siyi_cam_node) by extension 'colcon_pkg'
[0.501s] Level 1:colcon.colcon_core.package_identification:_identify(ros2_ws/src/siyi_cam_node) by extensions ['colcon_meta']
[0.501s] Level 1:colcon.colcon_core.package_identification:_identify(ros2_ws/src/siyi_cam_node) by extension 'colcon_meta'
[0.501s] Level 1:colcon.colcon_core.package_identification:_identify(ros2_ws/src/siyi_cam_node) by extensions ['ros']
[0.501s] Level 1:colcon.colcon_core.package_identification:_identify(ros2_ws/src/siyi_cam_node) by extension 'ros'
[0.505s] DEBUG:colcon.colcon_core.package_identification:Package 'ros2_ws/src/siyi_cam_node' with type 'ros.ament_python' and name 'siyi_cam_node'
[0.506s] Level 1:colcon.colcon_core.package_identification:_identify(ros2_ws/src/temperature_interfaces) by extensions ['ignore', 'ignore_ament_install']
[0.507s] Level 1:colcon.colcon_core.package_identification:_identify(ros2_ws/src/temperature_interfaces) by extension 'ignore'
[0.507s] Level 1:colcon.colcon_core.package_identification:_identify(ros2_ws/src/temperature_interfaces) ignored
[0.509s] Level 1:colcon.colcon_core.package_identification:_identify(ros2_ws/src/temperature_pkg) by extensions ['ignore', 'ignore_ament_install']
[0.509s] Level 1:colcon.colcon_core.package_identification:_identify(ros2_ws/src/temperature_pkg) by extension 'ignore'
[0.509s] Level 1:colcon.colcon_core.package_identification:_identify(ros2_ws/src/temperature_pkg) ignored
[0.510s] Level 1:colcon.colcon_core.package_discovery:discover_packages(recursive) using defaults
[0.510s] Level 1:colcon.colcon_core.package_discovery:discover_packages(ignore) discover
[0.510s] Level 1:colcon.colcon_core.package_discovery:discover_packages(ignore) using defaults
[0.510s] Level 1:colcon.colcon_core.package_discovery:discover_packages(path) discover
[0.511s] Level 1:colcon.colcon_core.package_discovery:discover_packages(path) using defaults
[0.574s] INFO:colcon.colcon_core.package_selection:Skipping not selected package 'siyi_cam_node' in 'ros2_ws/src/siyi_cam_node'
[0.575s] Level 5:colcon.colcon_core.verb:set package 'ros2_image_stitching_pkg' build argument 'cmake_args' from command line to 'None'
[0.576s] Level 5:colcon.colcon_core.verb:set package 'ros2_image_stitching_pkg' build argument 'cmake_target' from command line to 'None'
[0.576s] Level 5:colcon.colcon_core.verb:set package 'ros2_image_stitching_pkg' build argument 'cmake_target_skip_unavailable' from command line to 'False'
[0.576s] Level 5:colcon.colcon_core.verb:set package 'ros2_image_stitching_pkg' build argument 'cmake_clean_cache' from command line to 'False'
[0.576s] Level 5:colcon.colcon_core.verb:set package 'ros2_image_stitching_pkg' build argument 'cmake_clean_first' from command line to 'False'
[0.577s] Level 5:colcon.colcon_core.verb:set package 'ros2_image_stitching_pkg' build argument 'cmake_force_configure' from command line to 'False'
[0.577s] Level 5:colcon.colcon_core.verb:set package 'ros2_image_stitching_pkg' build argument 'ament_cmake_args' from command line to 'None'
[0.577s] Level 5:colcon.colcon_core.verb:set package 'ros2_image_stitching_pkg' build argument 'catkin_cmake_args' from command line to 'None'
[0.577s] Level 5:colcon.colcon_core.verb:set package 'ros2_image_stitching_pkg' build argument 'catkin_skip_building_tests' from command line to 'False'
[0.578s] DEBUG:colcon.colcon_core.verb:Building package 'ros2_image_stitching_pkg' with the following arguments: {'ament_cmake_args': None, 'build_base': '/workspace/build/ros2_image_stitching_pkg', 'catkin_cmake_args': None, 'catkin_skip_building_tests': False, 'cmake_args': None, 'cmake_clean_cache': False, 'cmake_clean_first': False, 'cmake_force_configure': False, 'cmake_target': None, 'cmake_target_skip_unavailable': False, 'install_base': '/workspace/install/ros2_image_stitching_pkg', 'merge_install': False, 'path': '/workspace/ros2_ws/src/ros2_image_stitching_pkg', 'symlink_install': False, 'test_result_base': None}
[0.578s] INFO:colcon.colcon_core.executor:Executing jobs using 'parallel' executor
[0.580s] DEBUG:colcon.colcon_parallel_executor.executor.parallel:run_until_complete
[0.581s] INFO:colcon.colcon_ros.task.ament_python.build:Building ROS package in '/workspace/ros2_ws/src/ros2_image_stitching_pkg' with build type 'ament_python'
[0.581s] Level 1:colcon.colcon_core.shell:create_environment_hook('ros2_image_stitching_pkg', 'ament_prefix_path')
[0.586s] INFO:colcon.colcon_core.plugin_system:Skipping extension 'colcon_core.shell.bat': Not used on non-Windows systems
[0.586s] INFO:colcon.colcon_core.shell:Creating environment hook '/workspace/install/ros2_image_stitching_pkg/share/ros2_image_stitching_pkg/hook/ament_prefix_path.ps1'
[0.600s] INFO:colcon.colcon_core.shell:Creating environment descriptor '/workspace/install/ros2_image_stitching_pkg/share/ros2_image_stitching_pkg/hook/ament_prefix_path.dsv'
[0.606s] INFO:colcon.colcon_core.shell:Creating environment hook '/workspace/install/ros2_image_stitching_pkg/share/ros2_image_stitching_pkg/hook/ament_prefix_path.sh'
[0.611s] INFO:colcon.colcon_core.shell:Skip shell extension 'powershell' for command environment: Not usable outside of PowerShell
[0.612s] DEBUG:colcon.colcon_core.shell:Skip shell extension 'dsv' for command environment
[1.180s] INFO:colcon.colcon_core.task.python.build:Building Python package in '/workspace/ros2_ws/src/ros2_image_stitching_pkg'
[1.181s] INFO:colcon.colcon_core.shell:Skip shell extension 'powershell' for command environment: Not usable outside of PowerShell
[1.181s] DEBUG:colcon.colcon_core.shell:Skip shell extension 'dsv' for command environment
[2.270s] DEBUG:colcon.colcon_core.event_handler.log_command:Invoking command in '/workspace/ros2_ws/src/ros2_image_stitching_pkg': PYTHONPATH=/workspace/build/ros2_image_stitching_pkg/prefix_override:/usr/lib/python3/dist-packages/colcon_core/task/python/colcon_distutils_commands:/workspace/install/ros2_image_stitching_pkg/lib/python3.10/site-packages:${PYTHONPATH} /usr/bin/python3 -W ignore:setup.py install is deprecated -W ignore:easy_install command is deprecated setup.py egg_info --egg-base ../../../build/ros2_image_stitching_pkg build --build-base /workspace/build/ros2_image_stitching_pkg/build install --record /workspace/build/ros2_image_stitching_pkg/install.log --single-version-externally-managed install_data
[3.700s] DEBUG:colcon.colcon_core.event_handler.log_command:Invoked command in '/workspace/ros2_ws/src/ros2_image_stitching_pkg' returned '0': PYTHONPATH=/workspace/build/ros2_image_stitching_pkg/prefix_override:/usr/lib/python3/dist-packages/colcon_core/task/python/colcon_distutils_commands:/workspace/install/ros2_image_stitching_pkg/lib/python3.10/site-packages:${PYTHONPATH} /usr/bin/python3 -W ignore:setup.py install is deprecated -W ignore:easy_install command is deprecated setup.py egg_info --egg-base ../../../build/ros2_image_stitching_pkg build --build-base /workspace/build/ros2_image_stitching_pkg/build install --record /workspace/build/ros2_image_stitching_pkg/install.log --single-version-externally-managed install_data
[3.702s] Level 1:colcon.colcon_core.environment:checking '/workspace/install/ros2_image_stitching_pkg' for CMake module files
[3.714s] Level 1:colcon.colcon_core.environment:checking '/workspace/install/ros2_image_stitching_pkg' for CMake config files
[3.734s] Level 1:colcon.colcon_core.environment:checking '/workspace/install/ros2_image_stitching_pkg/lib'
[3.736s] Level 1:colcon.colcon_core.environment:checking '/workspace/install/ros2_image_stitching_pkg/bin'
[3.737s] Level 1:colcon.colcon_core.environment:checking '/workspace/install/ros2_image_stitching_pkg/lib/pkgconfig/ros2_image_stitching_pkg.pc'
[3.738s] Level 1:colcon.colcon_core.environment:checking '/workspace/install/ros2_image_stitching_pkg/lib/python3.10/site-packages'
[3.739s] Level 1:colcon.colcon_core.shell:create_environment_hook('ros2_image_stitching_pkg', 'pythonpath')
[3.740s] INFO:colcon.colcon_core.shell:Creating environment hook '/workspace/install/ros2_image_stitching_pkg/share/ros2_image_stitching_pkg/hook/pythonpath.ps1'
[3.745s] INFO:colcon.colcon_core.shell:Creating environment descriptor '/workspace/install/ros2_image_stitching_pkg/share/ros2_image_stitching_pkg/hook/pythonpath.dsv'
[3.750s] INFO:colcon.colcon_core.shell:Creating environment hook '/workspace/install/ros2_image_stitching_pkg/share/ros2_image_stitching_pkg/hook/pythonpath.sh'
[3.756s] Level 1:colcon.colcon_core.environment:checking '/workspace/install/ros2_image_stitching_pkg/bin'
[3.757s] Level 1:colcon.colcon_core.environment:create_environment_scripts_only(ros2_image_stitching_pkg)
[3.759s] INFO:colcon.colcon_core.shell:Creating package script '/workspace/install/ros2_image_stitching_pkg/share/ros2_image_stitching_pkg/package.ps1'
[3.771s] INFO:colcon.colcon_core.shell:Creating package descriptor '/workspace/install/ros2_image_stitching_pkg/share/ros2_image_stitching_pkg/package.dsv'
[3.779s] INFO:colcon.colcon_core.shell:Creating package script '/workspace/install/ros2_image_stitching_pkg/share/ros2_image_stitching_pkg/package.sh'
[3.787s] INFO:colcon.colcon_core.shell:Creating package script '/workspace/install/ros2_image_stitching_pkg/share/ros2_image_stitching_pkg/package.bash'
[3.795s] INFO:colcon.colcon_core.shell:Creating package script '/workspace/install/ros2_image_stitching_pkg/share/ros2_image_stitching_pkg/package.zsh'
[3.803s] Level 1:colcon.colcon_core.environment:create_file_with_runtime_dependencies(/workspace/install/ros2_image_stitching_pkg/share/colcon-core/packages/ros2_image_stitching_pkg)
[3.813s] DEBUG:colcon.colcon_parallel_executor.executor.parallel:closing loop
[3.815s] DEBUG:colcon.colcon_parallel_executor.executor.parallel:loop closed
[3.815s] DEBUG:colcon.colcon_parallel_executor.executor.parallel:run_until_complete finished with '0'
[3.817s] DEBUG:colcon.colcon_core.event_reactor:joining thread
[3.857s] INFO:colcon.colcon_core.plugin_system:Skipping extension 'colcon_notification.desktop_notification.notify_send': Could not find 'notify-send'
[3.858s] INFO:colcon.colcon_core.plugin_system:Skipping extension 'colcon_notification.desktop_notification.terminal_notifier': Not used on non-Darwin systems
[3.859s] INFO:colcon.colcon_core.plugin_system:Skipping extension 'colcon_notification.desktop_notification.win32': Not used on non-Windows systems
[3.859s] INFO:colcon.colcon_notification.desktop_notification:Sending desktop notification using 'notify2'
[3.866s] DEBUG:colcon.colcon_notification.desktop_notification.notify2:Failed to initialize notify2: org.freedesktop.DBus.Error.Spawn.ExecFailed: /usr/bin/dbus-launch terminated abnormally without any error message
[3.869s] DEBUG:colcon.colcon_core.event_reactor:joined thread
[3.871s] INFO:colcon.colcon_core.shell:Creating prefix script '/workspace/install/local_setup.ps1'
[3.880s] INFO:colcon.colcon_core.shell:Creating prefix util module '/workspace/install/_local_setup_util_ps1.py'
[3.891s] INFO:colcon.colcon_core.shell:Creating prefix chain script '/workspace/install/setup.ps1'
[3.904s] INFO:colcon.colcon_core.shell:Creating prefix script '/workspace/install/local_setup.sh'
[3.912s] INFO:colcon.colcon_core.shell:Creating prefix util module '/workspace/install/_local_setup_util_sh.py'
[3.919s] INFO:colcon.colcon_core.shell:Creating prefix chain script '/workspace/install/setup.sh'
[3.930s] INFO:colcon.colcon_core.shell:Creating prefix script '/workspace/install/local_setup.bash'
[3.940s] INFO:colcon.colcon_core.shell:Creating prefix chain script '/workspace/install/setup.bash'
[3.949s] INFO:colcon.colcon_core.shell:Creating prefix script '/workspace/install/local_setup.zsh'
[3.957s] INFO:colcon.colcon_core.shell:Creating prefix chain script '/workspace/install/setup.zsh'
