-- The C compiler identification is GNU 11.4.0
-- The CXX compiler identification is GNU 11.4.0
-- Detecting C compiler ABI info
-- Detecting C compiler ABI info - done
-- Check for working C compiler: /usr/bin/cc - skipped
-- Detecting C compile features
-- Detecting C compile features - done
-- Detecting CXX compiler ABI info
-- Detecting CXX compiler ABI info - done
-- Check for working CXX compiler: /usr/bin/c++ - skipped
-- Detecting CXX compile features
-- Detecting CXX compile features - done
-- Found ament_cmake: 1.3.12 (/opt/ros/humble/share/ament_cmake/cmake)
-- Found Python3: /usr/bin/python3 (found version "3.10.12") found components: Interpreter 
-- Found rosidl_default_generators: 1.2.0 (/opt/ros/humble/share/rosidl_default_generators/cmake)
-- Using all available rosidl_typesupport_c: rosidl_typesupport_fastrtps_c;rosidl_typesupport_introspection_c
-- Found rosidl_adapter: 3.1.7 (/opt/ros/humble/share/rosidl_adapter/cmake)
-- Using all available rosidl_typesupport_cpp: rosidl_typesupport_fastrtps_cpp;rosidl_typesupport_introspection_cpp
-- Found ament_cmake_ros: 0.10.0 (/opt/ros/humble/share/ament_cmake_ros/cmake)
-- Using all available rosidl_typesupport_c: rosidl_typesupport_fastrtps_c;rosidl_typesupport_introspection_c
-- Using all available rosidl_typesupport_cpp: rosidl_typesupport_fastrtps_cpp;rosidl_typesupport_introspection_cpp
-- Found PythonInterp: /usr/bin/python3 (found suitable version "3.10.12", minimum required is "3.6") 
-- Found python_cmake_module: 0.10.0 (/opt/ros/humble/share/python_cmake_module/cmake)
-- Found PythonLibs: /usr/lib/x86_64-linux-gnu/libpython3.10.so (found suitable version "3.10.12", minimum required is "3.5") 
-- Using PYTHON_EXECUTABLE: /usr/bin/python3
-- Using PYTHON_INCLUDE_DIRS: /usr/include/python3.10
-- Using PYTHON_LIBRARIES: /usr/lib/x86_64-linux-gnu/libpython3.10.so
-- Found PythonExtra: .so  
-- Found ament_lint_auto: 0.12.14 (/opt/ros/humble/share/ament_lint_auto/cmake)
-- Added test 'lint_cmake' to check CMake code style
-- Added test 'xmllint' to check XML markup files
-- Configuring done
-- Generating done
-- Build files have been written to: /ODLC_Machine_Inferencing_System_2025-2026/ros2_workspace/build/gps_mavros
[  3%] [34m[1mGenerating C++ code for ROS interfaces[0m
[  3%] Built target gps_mavros__cpp
[  3%] Built target ament_cmake_python_copy_gps_mavros
[  6%] [34m[1mGenerating C++ type support dispatch for ROS interfaces[0m
[  9%] [32mBuilding CXX object CMakeFiles/gps_mavros__rosidl_typesupport_cpp.dir/rosidl_typesupport_cpp/gps_mavros/srv/get_gps_data__type_support.cpp.o[0m
[ 12%] [32m[1mLinking CXX shared library libgps_mavros__rosidl_typesupport_cpp.so[0m
[ 12%] Built target gps_mavros__rosidl_typesupport_cpp
running egg_info
creating gps_mavros.egg-info
writing gps_mavros.egg-info/PKG-INFO
writing dependency_links to gps_mavros.egg-info/dependency_links.txt
writing top-level names to gps_mavros.egg-info/top_level.txt
writing manifest file 'gps_mavros.egg-info/SOURCES.txt'
reading manifest file 'gps_mavros.egg-info/SOURCES.txt'
writing manifest file 'gps_mavros.egg-info/SOURCES.txt'
[ 12%] Built target ament_cmake_python_build_gps_mavros_egg
[ 16%] [34m[1mGenerating C++ introspection for ROS interfaces[0m
[ 19%] [32mBuilding CXX object CMakeFiles/gps_mavros__rosidl_typesupport_introspection_cpp.dir/rosidl_typesupport_introspection_cpp/gps_mavros/srv/detail/get_gps_data__type_support.cpp.o[0m
[ 22%] [32m[1mLinking CXX shared library libgps_mavros__rosidl_typesupport_introspection_cpp.so[0m
[ 22%] Built target gps_mavros__rosidl_typesupport_introspection_cpp
[ 25%] [34m[1mGenerating C++ type support for eProsima Fast-RTPS[0m
[ 29%] [32mBuilding CXX object CMakeFiles/gps_mavros__rosidl_typesupport_fastrtps_cpp.dir/rosidl_typesupport_fastrtps_cpp/gps_mavros/srv/detail/dds_fastrtps/get_gps_data__type_support.cpp.o[0m
[ 32%] [32m[1mLinking CXX shared library libgps_mavros__rosidl_typesupport_fastrtps_cpp.so[0m
[ 32%] Built target gps_mavros__rosidl_typesupport_fastrtps_cpp
[ 35%] [34m[1mGenerating C code for ROS interfaces[0m
[ 38%] [32mBuilding C object CMakeFiles/gps_mavros__rosidl_generator_c.dir/rosidl_generator_c/gps_mavros/srv/detail/get_gps_data__functions.c.o[0m
[ 41%] [32m[1mLinking C shared library libgps_mavros__rosidl_generator_c.so[0m
[ 41%] Built target gps_mavros__rosidl_generator_c
[ 45%] [34m[1mGenerating C type support for eProsima Fast-RTPS[0m
[ 48%] [32mBuilding CXX object CMakeFiles/gps_mavros__rosidl_typesupport_fastrtps_c.dir/rosidl_typesupport_fastrtps_c/gps_mavros/srv/detail/get_gps_data__type_support_c.cpp.o[0m
[ 51%] [32m[1mLinking CXX shared library libgps_mavros__rosidl_typesupport_fastrtps_c.so[0m
[ 51%] Built target gps_mavros__rosidl_typesupport_fastrtps_c
[ 54%] [34m[1mGenerating C type support dispatch for ROS interfaces[0m
[ 58%] [32mBuilding CXX object CMakeFiles/gps_mavros__rosidl_typesupport_c.dir/rosidl_typesupport_c/gps_mavros/srv/get_gps_data__type_support.cpp.o[0m
[ 61%] [32m[1mLinking CXX shared library libgps_mavros__rosidl_typesupport_c.so[0m
[ 61%] Built target gps_mavros__rosidl_typesupport_c
[ 64%] [34m[1mGenerating C introspection for ROS interfaces[0m
[ 67%] [32mBuilding C object CMakeFiles/gps_mavros__rosidl_typesupport_introspection_c.dir/rosidl_typesupport_introspection_c/gps_mavros/srv/detail/get_gps_data__type_support.c.o[0m
[ 70%] [32m[1mLinking C shared library libgps_mavros__rosidl_typesupport_introspection_c.so[0m
[ 70%] Built target gps_mavros__rosidl_typesupport_introspection_c
[ 70%] Built target gps_mavros
[ 74%] [34m[1mGenerating Python code for ROS interfaces[0m
[ 74%] Built target gps_mavros__py
[ 77%] [32mBuilding C object CMakeFiles/gps_mavros__rosidl_generator_py.dir/rosidl_generator_py/gps_mavros/srv/_get_gps_data_s.c.o[0m
[ 80%] [32m[1mLinking C shared library rosidl_generator_py/gps_mavros/libgps_mavros__rosidl_generator_py.so[0m
[ 80%] Built target gps_mavros__rosidl_generator_py
[ 83%] [32mBuilding C object CMakeFiles/gps_mavros__rosidl_typesupport_fastrtps_c__pyext.dir/rosidl_generator_py/gps_mavros/_gps_mavros_s.ep.rosidl_typesupport_fastrtps_c.c.o[0m
[ 87%] [32m[1mLinking C shared library rosidl_generator_py/gps_mavros/gps_mavros_s__rosidl_typesupport_fastrtps_c.cpython-310-x86_64-linux-gnu.so[0m
[ 87%] Built target gps_mavros__rosidl_typesupport_fastrtps_c__pyext
[ 90%] [32mBuilding C object CMakeFiles/gps_mavros__rosidl_typesupport_c__pyext.dir/rosidl_generator_py/gps_mavros/_gps_mavros_s.ep.rosidl_typesupport_c.c.o[0m
[ 93%] [32m[1mLinking C shared library rosidl_generator_py/gps_mavros/gps_mavros_s__rosidl_typesupport_c.cpython-310-x86_64-linux-gnu.so[0m
[ 93%] Built target gps_mavros__rosidl_typesupport_c__pyext
[ 96%] [32mBuilding C object CMakeFiles/gps_mavros__rosidl_typesupport_introspection_c__pyext.dir/rosidl_generator_py/gps_mavros/_gps_mavros_s.ep.rosidl_typesupport_introspection_c.c.o[0m
[100%] [32m[1mLinking C shared library rosidl_generator_py/gps_mavros/gps_mavros_s__rosidl_typesupport_introspection_c.cpython-310-x86_64-linux-gnu.so[0m
[100%] Built target gps_mavros__rosidl_typesupport_introspection_c__pyext
-- Install configuration: ""
-- Installing: /ODLC_Machine_Inferencing_System_2025-2026/ros2_workspace/install/gps_mavros/share/ament_index/resource_index/rosidl_interfaces/gps_mavros
-- Installing: /ODLC_Machine_Inferencing_System_2025-2026/ros2_workspace/install/gps_mavros/include/gps_mavros/gps_mavros
-- Installing: /ODLC_Machine_Inferencing_System_2025-2026/ros2_workspace/install/gps_mavros/include/gps_mavros/gps_mavros/msg
-- Installing: /ODLC_Machine_Inferencing_System_2025-2026/ros2_workspace/install/gps_mavros/include/gps_mavros/gps_mavros/msg/rosidl_generator_c__visibility_control.h
-- Installing: /ODLC_Machine_Inferencing_System_2025-2026/ros2_workspace/install/gps_mavros/include/gps_mavros/gps_mavros/srv
-- Installing: /ODLC_Machine_Inferencing_System_2025-2026/ros2_workspace/install/gps_mavros/include/gps_mavros/gps_mavros/srv/detail
-- Installing: /ODLC_Machine_Inferencing_System_2025-2026/ros2_workspace/install/gps_mavros/include/gps_mavros/gps_mavros/srv/detail/get_gps_data__functions.c
-- Installing: /ODLC_Machine_Inferencing_System_2025-2026/ros2_workspace/install/gps_mavros/include/gps_mavros/gps_mavros/srv/detail/get_gps_data__functions.h
-- Installing: /ODLC_Machine_Inferencing_System_2025-2026/ros2_workspace/install/gps_mavros/include/gps_mavros/gps_mavros/srv/detail/get_gps_data__struct.h
-- Installing: /ODLC_Machine_Inferencing_System_2025-2026/ros2_workspace/install/gps_mavros/include/gps_mavros/gps_mavros/srv/detail/get_gps_data__type_support.h
-- Installing: /ODLC_Machine_Inferencing_System_2025-2026/ros2_workspace/install/gps_mavros/include/gps_mavros/gps_mavros/srv/get_gps_data.h
-- Installing: /ODLC_Machine_Inferencing_System_2025-2026/ros2_workspace/install/gps_mavros/share/gps_mavros/environment/library_path.sh
-- Installing: /ODLC_Machine_Inferencing_System_2025-2026/ros2_workspace/install/gps_mavros/share/gps_mavros/environment/library_path.dsv
-- Installing: /ODLC_Machine_Inferencing_System_2025-2026/ros2_workspace/install/gps_mavros/lib/libgps_mavros__rosidl_generator_c.so
-- Set runtime path of "/ODLC_Machine_Inferencing_System_2025-2026/ros2_workspace/install/gps_mavros/lib/libgps_mavros__rosidl_generator_c.so" to ""
-- Up-to-date: /ODLC_Machine_Inferencing_System_2025-2026/ros2_workspace/install/gps_mavros/include/gps_mavros/gps_mavros
-- Up-to-date: /ODLC_Machine_Inferencing_System_2025-2026/ros2_workspace/install/gps_mavros/include/gps_mavros/gps_mavros/msg
-- Installing: /ODLC_Machine_Inferencing_System_2025-2026/ros2_workspace/install/gps_mavros/include/gps_mavros/gps_mavros/msg/rosidl_typesupport_fastrtps_c__visibility_control.h
-- Up-to-date: /ODLC_Machine_Inferencing_System_2025-2026/ros2_workspace/install/gps_mavros/include/gps_mavros/gps_mavros/srv
-- Up-to-date: /ODLC_Machine_Inferencing_System_2025-2026/ros2_workspace/install/gps_mavros/include/gps_mavros/gps_mavros/srv/detail
-- Installing: /ODLC_Machine_Inferencing_System_2025-2026/ros2_workspace/install/gps_mavros/include/gps_mavros/gps_mavros/srv/detail/get_gps_data__rosidl_typesupport_fastrtps_c.h
-- Installing: /ODLC_Machine_Inferencing_System_2025-2026/ros2_workspace/install/gps_mavros/lib/libgps_mavros__rosidl_typesupport_fastrtps_c.so
-- Set runtime path of "/ODLC_Machine_Inferencing_System_2025-2026/ros2_workspace/install/gps_mavros/lib/libgps_mavros__rosidl_typesupport_fastrtps_c.so" to ""
-- Up-to-date: /ODLC_Machine_Inferencing_System_2025-2026/ros2_workspace/install/gps_mavros/include/gps_mavros/gps_mavros
-- Up-to-date: /ODLC_Machine_Inferencing_System_2025-2026/ros2_workspace/install/gps_mavros/include/gps_mavros/gps_mavros/msg
-- Installing: /ODLC_Machine_Inferencing_System_2025-2026/ros2_workspace/install/gps_mavros/include/gps_mavros/gps_mavros/msg/rosidl_typesupport_introspection_c__visibility_control.h
-- Up-to-date: /ODLC_Machine_Inferencing_System_2025-2026/ros2_workspace/install/gps_mavros/include/gps_mavros/gps_mavros/srv
-- Up-to-date: /ODLC_Machine_Inferencing_System_2025-2026/ros2_workspace/install/gps_mavros/include/gps_mavros/gps_mavros/srv/detail
-- Installing: /ODLC_Machine_Inferencing_System_2025-2026/ros2_workspace/install/gps_mavros/include/gps_mavros/gps_mavros/srv/detail/get_gps_data__rosidl_typesupport_introspection_c.h
-- Installing: /ODLC_Machine_Inferencing_System_2025-2026/ros2_workspace/install/gps_mavros/include/gps_mavros/gps_mavros/srv/detail/get_gps_data__type_support.c
-- Installing: /ODLC_Machine_Inferencing_System_2025-2026/ros2_workspace/install/gps_mavros/lib/libgps_mavros__rosidl_typesupport_introspection_c.so
-- Set runtime path of "/ODLC_Machine_Inferencing_System_2025-2026/ros2_workspace/install/gps_mavros/lib/libgps_mavros__rosidl_typesupport_introspection_c.so" to ""
-- Installing: /ODLC_Machine_Inferencing_System_2025-2026/ros2_workspace/install/gps_mavros/lib/libgps_mavros__rosidl_typesupport_c.so
-- Set runtime path of "/ODLC_Machine_Inferencing_System_2025-2026/ros2_workspace/install/gps_mavros/lib/libgps_mavros__rosidl_typesupport_c.so" to ""
-- Up-to-date: /ODLC_Machine_Inferencing_System_2025-2026/ros2_workspace/install/gps_mavros/include/gps_mavros/gps_mavros
-- Up-to-date: /ODLC_Machine_Inferencing_System_2025-2026/ros2_workspace/install/gps_mavros/include/gps_mavros/gps_mavros/msg
-- Installing: /ODLC_Machine_Inferencing_System_2025-2026/ros2_workspace/install/gps_mavros/include/gps_mavros/gps_mavros/msg/rosidl_generator_cpp__visibility_control.hpp
-- Up-to-date: /ODLC_Machine_Inferencing_System_2025-2026/ros2_workspace/install/gps_mavros/include/gps_mavros/gps_mavros/srv
-- Up-to-date: /ODLC_Machine_Inferencing_System_2025-2026/ros2_workspace/install/gps_mavros/include/gps_mavros/gps_mavros/srv/detail
-- Installing: /ODLC_Machine_Inferencing_System_2025-2026/ros2_workspace/install/gps_mavros/include/gps_mavros/gps_mavros/srv/detail/get_gps_data__builder.hpp
-- Installing: /ODLC_Machine_Inferencing_System_2025-2026/ros2_workspace/install/gps_mavros/include/gps_mavros/gps_mavros/srv/detail/get_gps_data__struct.hpp
-- Installing: /ODLC_Machine_Inferencing_System_2025-2026/ros2_workspace/install/gps_mavros/include/gps_mavros/gps_mavros/srv/detail/get_gps_data__traits.hpp
-- Installing: /ODLC_Machine_Inferencing_System_2025-2026/ros2_workspace/install/gps_mavros/include/gps_mavros/gps_mavros/srv/detail/get_gps_data__type_support.hpp
-- Installing: /ODLC_Machine_Inferencing_System_2025-2026/ros2_workspace/install/gps_mavros/include/gps_mavros/gps_mavros/srv/get_gps_data.hpp
-- Up-to-date: /ODLC_Machine_Inferencing_System_2025-2026/ros2_workspace/install/gps_mavros/include/gps_mavros/gps_mavros
-- Up-to-date: /ODLC_Machine_Inferencing_System_2025-2026/ros2_workspace/install/gps_mavros/include/gps_mavros/gps_mavros/msg
-- Installing: /ODLC_Machine_Inferencing_System_2025-2026/ros2_workspace/install/gps_mavros/include/gps_mavros/gps_mavros/msg/rosidl_typesupport_fastrtps_cpp__visibility_control.h
-- Up-to-date: /ODLC_Machine_Inferencing_System_2025-2026/ros2_workspace/install/gps_mavros/include/gps_mavros/gps_mavros/srv
-- Up-to-date: /ODLC_Machine_Inferencing_System_2025-2026/ros2_workspace/install/gps_mavros/include/gps_mavros/gps_mavros/srv/detail
-- Installing: /ODLC_Machine_Inferencing_System_2025-2026/ros2_workspace/install/gps_mavros/include/gps_mavros/gps_mavros/srv/detail/dds_fastrtps
-- Installing: /ODLC_Machine_Inferencing_System_2025-2026/ros2_workspace/install/gps_mavros/include/gps_mavros/gps_mavros/srv/detail/get_gps_data__rosidl_typesupport_fastrtps_cpp.hpp
-- Installing: /ODLC_Machine_Inferencing_System_2025-2026/ros2_workspace/install/gps_mavros/lib/libgps_mavros__rosidl_typesupport_fastrtps_cpp.so
-- Set runtime path of "/ODLC_Machine_Inferencing_System_2025-2026/ros2_workspace/install/gps_mavros/lib/libgps_mavros__rosidl_typesupport_fastrtps_cpp.so" to ""
-- Up-to-date: /ODLC_Machine_Inferencing_System_2025-2026/ros2_workspace/install/gps_mavros/include/gps_mavros/gps_mavros
-- Up-to-date: /ODLC_Machine_Inferencing_System_2025-2026/ros2_workspace/install/gps_mavros/include/gps_mavros/gps_mavros/srv
-- Up-to-date: /ODLC_Machine_Inferencing_System_2025-2026/ros2_workspace/install/gps_mavros/include/gps_mavros/gps_mavros/srv/detail
-- Installing: /ODLC_Machine_Inferencing_System_2025-2026/ros2_workspace/install/gps_mavros/include/gps_mavros/gps_mavros/srv/detail/get_gps_data__rosidl_typesupport_introspection_cpp.hpp
-- Installing: /ODLC_Machine_Inferencing_System_2025-2026/ros2_workspace/install/gps_mavros/include/gps_mavros/gps_mavros/srv/detail/get_gps_data__type_support.cpp
-- Installing: /ODLC_Machine_Inferencing_System_2025-2026/ros2_workspace/install/gps_mavros/lib/libgps_mavros__rosidl_typesupport_introspection_cpp.so
-- Set runtime path of "/ODLC_Machine_Inferencing_System_2025-2026/ros2_workspace/install/gps_mavros/lib/libgps_mavros__rosidl_typesupport_introspection_cpp.so" to ""
-- Installing: /ODLC_Machine_Inferencing_System_2025-2026/ros2_workspace/install/gps_mavros/lib/libgps_mavros__rosidl_typesupport_cpp.so
-- Set runtime path of "/ODLC_Machine_Inferencing_System_2025-2026/ros2_workspace/install/gps_mavros/lib/libgps_mavros__rosidl_typesupport_cpp.so" to ""
-- Installing: /ODLC_Machine_Inferencing_System_2025-2026/ros2_workspace/install/gps_mavros/share/gps_mavros/environment/pythonpath.sh
-- Installing: /ODLC_Machine_Inferencing_System_2025-2026/ros2_workspace/install/gps_mavros/share/gps_mavros/environment/pythonpath.dsv
-- Installing: /ODLC_Machine_Inferencing_System_2025-2026/ros2_workspace/install/gps_mavros/local/lib/python3.10/dist-packages/gps_mavros-0.0.0-py3.10.egg-info
-- Installing: /ODLC_Machine_Inferencing_System_2025-2026/ros2_workspace/install/gps_mavros/local/lib/python3.10/dist-packages/gps_mavros-0.0.0-py3.10.egg-info/dependency_links.txt
-- Installing: /ODLC_Machine_Inferencing_System_2025-2026/ros2_workspace/install/gps_mavros/local/lib/python3.10/dist-packages/gps_mavros-0.0.0-py3.10.egg-info/PKG-INFO
-- Installing: /ODLC_Machine_Inferencing_System_2025-2026/ros2_workspace/install/gps_mavros/local/lib/python3.10/dist-packages/gps_mavros-0.0.0-py3.10.egg-info/SOURCES.txt
-- Installing: /ODLC_Machine_Inferencing_System_2025-2026/ros2_workspace/install/gps_mavros/local/lib/python3.10/dist-packages/gps_mavros-0.0.0-py3.10.egg-info/top_level.txt
-- Installing: /ODLC_Machine_Inferencing_System_2025-2026/ros2_workspace/install/gps_mavros/local/lib/python3.10/dist-packages/gps_mavros
-- Installing: /ODLC_Machine_Inferencing_System_2025-2026/ros2_workspace/install/gps_mavros/local/lib/python3.10/dist-packages/gps_mavros/gps_mavros_s__rosidl_typesupport_c.cpython-310-x86_64-linux-gnu.so
-- Installing: /ODLC_Machine_Inferencing_System_2025-2026/ros2_workspace/install/gps_mavros/local/lib/python3.10/dist-packages/gps_mavros/gps_mavros_s__rosidl_typesupport_fastrtps_c.cpython-310-x86_64-linux-gnu.so
-- Installing: /ODLC_Machine_Inferencing_System_2025-2026/ros2_workspace/install/gps_mavros/local/lib/python3.10/dist-packages/gps_mavros/gps_mavros_s__rosidl_typesupport_introspection_c.cpython-310-x86_64-linux-gnu.so
-- Installing: /ODLC_Machine_Inferencing_System_2025-2026/ros2_workspace/install/gps_mavros/local/lib/python3.10/dist-packages/gps_mavros/libgps_mavros__rosidl_generator_py.so
-- Installing: /ODLC_Machine_Inferencing_System_2025-2026/ros2_workspace/install/gps_mavros/local/lib/python3.10/dist-packages/gps_mavros/srv
-- Installing: /ODLC_Machine_Inferencing_System_2025-2026/ros2_workspace/install/gps_mavros/local/lib/python3.10/dist-packages/gps_mavros/srv/_get_gps_data.py
-- Installing: /ODLC_Machine_Inferencing_System_2025-2026/ros2_workspace/install/gps_mavros/local/lib/python3.10/dist-packages/gps_mavros/srv/_get_gps_data_s.c
-- Installing: /ODLC_Machine_Inferencing_System_2025-2026/ros2_workspace/install/gps_mavros/local/lib/python3.10/dist-packages/gps_mavros/srv/__init__.py
-- Installing: /ODLC_Machine_Inferencing_System_2025-2026/ros2_workspace/install/gps_mavros/local/lib/python3.10/dist-packages/gps_mavros/_gps_mavros_s.ep.rosidl_typesupport_c.c
-- Installing: /ODLC_Machine_Inferencing_System_2025-2026/ros2_workspace/install/gps_mavros/local/lib/python3.10/dist-packages/gps_mavros/_gps_mavros_s.ep.rosidl_typesupport_fastrtps_c.c
-- Installing: /ODLC_Machine_Inferencing_System_2025-2026/ros2_workspace/install/gps_mavros/local/lib/python3.10/dist-packages/gps_mavros/_gps_mavros_s.ep.rosidl_typesupport_introspection_c.c
-- Installing: /ODLC_Machine_Inferencing_System_2025-2026/ros2_workspace/install/gps_mavros/local/lib/python3.10/dist-packages/gps_mavros/__init__.py
Listing '/ODLC_Machine_Inferencing_System_2025-2026/ros2_workspace/install/gps_mavros/local/lib/python3.10/dist-packages/gps_mavros'...
Compiling '/ODLC_Machine_Inferencing_System_2025-2026/ros2_workspace/install/gps_mavros/local/lib/python3.10/dist-packages/gps_mavros/__init__.py'...
Listing '/ODLC_Machine_Inferencing_System_2025-2026/ros2_workspace/install/gps_mavros/local/lib/python3.10/dist-packages/gps_mavros/srv'...
Compiling '/ODLC_Machine_Inferencing_System_2025-2026/ros2_workspace/install/gps_mavros/local/lib/python3.10/dist-packages/gps_mavros/srv/__init__.py'...
Compiling '/ODLC_Machine_Inferencing_System_2025-2026/ros2_workspace/install/gps_mavros/local/lib/python3.10/dist-packages/gps_mavros/srv/_get_gps_data.py'...
-- Installing: /ODLC_Machine_Inferencing_System_2025-2026/ros2_workspace/install/gps_mavros/local/lib/python3.10/dist-packages/gps_mavros/gps_mavros_s__rosidl_typesupport_fastrtps_c.cpython-310-x86_64-linux-gnu.so
-- Set runtime path of "/ODLC_Machine_Inferencing_System_2025-2026/ros2_workspace/install/gps_mavros/local/lib/python3.10/dist-packages/gps_mavros/gps_mavros_s__rosidl_typesupport_fastrtps_c.cpython-310-x86_64-linux-gnu.so" to ""
-- Installing: /ODLC_Machine_Inferencing_System_2025-2026/ros2_workspace/install/gps_mavros/local/lib/python3.10/dist-packages/gps_mavros/gps_mavros_s__rosidl_typesupport_introspection_c.cpython-310-x86_64-linux-gnu.so
-- Set runtime path of "/ODLC_Machine_Inferencing_System_2025-2026/ros2_workspace/install/gps_mavros/local/lib/python3.10/dist-packages/gps_mavros/gps_mavros_s__rosidl_typesupport_introspection_c.cpython-310-x86_64-linux-gnu.so" to ""
-- Installing: /ODLC_Machine_Inferencing_System_2025-2026/ros2_workspace/install/gps_mavros/local/lib/python3.10/dist-packages/gps_mavros/gps_mavros_s__rosidl_typesupport_c.cpython-310-x86_64-linux-gnu.so
-- Set runtime path of "/ODLC_Machine_Inferencing_System_2025-2026/ros2_workspace/install/gps_mavros/local/lib/python3.10/dist-packages/gps_mavros/gps_mavros_s__rosidl_typesupport_c.cpython-310-x86_64-linux-gnu.so" to ""
-- Installing: /ODLC_Machine_Inferencing_System_2025-2026/ros2_workspace/install/gps_mavros/lib/libgps_mavros__rosidl_generator_py.so
-- Set runtime path of "/ODLC_Machine_Inferencing_System_2025-2026/ros2_workspace/install/gps_mavros/lib/libgps_mavros__rosidl_generator_py.so" to ""
-- Installing: /ODLC_Machine_Inferencing_System_2025-2026/ros2_workspace/install/gps_mavros/share/gps_mavros/srv/GetGPSData.idl
-- Installing: /ODLC_Machine_Inferencing_System_2025-2026/ros2_workspace/install/gps_mavros/share/gps_mavros/srv/GetGPSData.srv
-- Installing: /ODLC_Machine_Inferencing_System_2025-2026/ros2_workspace/install/gps_mavros/share/gps_mavros/srv/GetGPSData_Request.msg
-- Installing: /ODLC_Machine_Inferencing_System_2025-2026/ros2_workspace/install/gps_mavros/share/gps_mavros/srv/GetGPSData_Response.msg
-- Installing: /ODLC_Machine_Inferencing_System_2025-2026/ros2_workspace/install/gps_mavros/share/ament_index/resource_index/package_run_dependencies/gps_mavros
-- Installing: /ODLC_Machine_Inferencing_System_2025-2026/ros2_workspace/install/gps_mavros/share/ament_index/resource_index/parent_prefix_path/gps_mavros
-- Installing: /ODLC_Machine_Inferencing_System_2025-2026/ros2_workspace/install/gps_mavros/share/gps_mavros/environment/ament_prefix_path.sh
-- Installing: /ODLC_Machine_Inferencing_System_2025-2026/ros2_workspace/install/gps_mavros/share/gps_mavros/environment/ament_prefix_path.dsv
-- Installing: /ODLC_Machine_Inferencing_System_2025-2026/ros2_workspace/install/gps_mavros/share/gps_mavros/environment/path.sh
-- Installing: /ODLC_Machine_Inferencing_System_2025-2026/ros2_workspace/install/gps_mavros/share/gps_mavros/environment/path.dsv
-- Installing: /ODLC_Machine_Inferencing_System_2025-2026/ros2_workspace/install/gps_mavros/share/gps_mavros/local_setup.bash
-- Installing: /ODLC_Machine_Inferencing_System_2025-2026/ros2_workspace/install/gps_mavros/share/gps_mavros/local_setup.sh
-- Installing: /ODLC_Machine_Inferencing_System_2025-2026/ros2_workspace/install/gps_mavros/share/gps_mavros/local_setup.zsh
-- Installing: /ODLC_Machine_Inferencing_System_2025-2026/ros2_workspace/install/gps_mavros/share/gps_mavros/local_setup.dsv
-- Installing: /ODLC_Machine_Inferencing_System_2025-2026/ros2_workspace/install/gps_mavros/share/gps_mavros/package.dsv
-- Installing: /ODLC_Machine_Inferencing_System_2025-2026/ros2_workspace/install/gps_mavros/share/ament_index/resource_index/packages/gps_mavros
-- Installing: /ODLC_Machine_Inferencing_System_2025-2026/ros2_workspace/install/gps_mavros/share/gps_mavros/cmake/export_gps_mavros__rosidl_generator_cExport.cmake
-- Installing: /ODLC_Machine_Inferencing_System_2025-2026/ros2_workspace/install/gps_mavros/share/gps_mavros/cmake/export_gps_mavros__rosidl_generator_cExport-noconfig.cmake
-- Installing: /ODLC_Machine_Inferencing_System_2025-2026/ros2_workspace/install/gps_mavros/share/gps_mavros/cmake/export_gps_mavros__rosidl_typesupport_fastrtps_cExport.cmake
-- Installing: /ODLC_Machine_Inferencing_System_2025-2026/ros2_workspace/install/gps_mavros/share/gps_mavros/cmake/export_gps_mavros__rosidl_typesupport_fastrtps_cExport-noconfig.cmake
-- Installing: /ODLC_Machine_Inferencing_System_2025-2026/ros2_workspace/install/gps_mavros/share/gps_mavros/cmake/gps_mavros__rosidl_typesupport_introspection_cExport.cmake
-- Installing: /ODLC_Machine_Inferencing_System_2025-2026/ros2_workspace/install/gps_mavros/share/gps_mavros/cmake/gps_mavros__rosidl_typesupport_introspection_cExport-noconfig.cmake
-- Installing: /ODLC_Machine_Inferencing_System_2025-2026/ros2_workspace/install/gps_mavros/share/gps_mavros/cmake/gps_mavros__rosidl_typesupport_cExport.cmake
-- Installing: /ODLC_Machine_Inferencing_System_2025-2026/ros2_workspace/install/gps_mavros/share/gps_mavros/cmake/gps_mavros__rosidl_typesupport_cExport-noconfig.cmake
-- Installing: /ODLC_Machine_Inferencing_System_2025-2026/ros2_workspace/install/gps_mavros/share/gps_mavros/cmake/export_gps_mavros__rosidl_generator_cppExport.cmake
-- Installing: /ODLC_Machine_Inferencing_System_2025-2026/ros2_workspace/install/gps_mavros/share/gps_mavros/cmake/export_gps_mavros__rosidl_typesupport_fastrtps_cppExport.cmake
-- Installing: /ODLC_Machine_Inferencing_System_2025-2026/ros2_workspace/install/gps_mavros/share/gps_mavros/cmake/export_gps_mavros__rosidl_typesupport_fastrtps_cppExport-noconfig.cmake
-- Installing: /ODLC_Machine_Inferencing_System_2025-2026/ros2_workspace/install/gps_mavros/share/gps_mavros/cmake/gps_mavros__rosidl_typesupport_introspection_cppExport.cmake
-- Installing: /ODLC_Machine_Inferencing_System_2025-2026/ros2_workspace/install/gps_mavros/share/gps_mavros/cmake/gps_mavros__rosidl_typesupport_introspection_cppExport-noconfig.cmake
-- Installing: /ODLC_Machine_Inferencing_System_2025-2026/ros2_workspace/install/gps_mavros/share/gps_mavros/cmake/gps_mavros__rosidl_typesupport_cppExport.cmake
-- Installing: /ODLC_Machine_Inferencing_System_2025-2026/ros2_workspace/install/gps_mavros/share/gps_mavros/cmake/gps_mavros__rosidl_typesupport_cppExport-noconfig.cmake
-- Installing: /ODLC_Machine_Inferencing_System_2025-2026/ros2_workspace/install/gps_mavros/share/gps_mavros/cmake/export_gps_mavros__rosidl_generator_pyExport.cmake
-- Installing: /ODLC_Machine_Inferencing_System_2025-2026/ros2_workspace/install/gps_mavros/share/gps_mavros/cmake/export_gps_mavros__rosidl_generator_pyExport-noconfig.cmake
-- Installing: /ODLC_Machine_Inferencing_System_2025-2026/ros2_workspace/install/gps_mavros/share/gps_mavros/cmake/rosidl_cmake-extras.cmake
-- Installing: /ODLC_Machine_Inferencing_System_2025-2026/ros2_workspace/install/gps_mavros/share/gps_mavros/cmake/ament_cmake_export_include_directories-extras.cmake
-- Installing: /ODLC_Machine_Inferencing_System_2025-2026/ros2_workspace/install/gps_mavros/share/gps_mavros/cmake/ament_cmake_export_libraries-extras.cmake
-- Installing: /ODLC_Machine_Inferencing_System_2025-2026/ros2_workspace/install/gps_mavros/share/gps_mavros/cmake/ament_cmake_export_targets-extras.cmake
-- Installing: /ODLC_Machine_Inferencing_System_2025-2026/ros2_workspace/install/gps_mavros/share/gps_mavros/cmake/rosidl_cmake_export_typesupport_targets-extras.cmake
-- Installing: /ODLC_Machine_Inferencing_System_2025-2026/ros2_workspace/install/gps_mavros/share/gps_mavros/cmake/ament_cmake_export_dependencies-extras.cmake
-- Installing: /ODLC_Machine_Inferencing_System_2025-2026/ros2_workspace/install/gps_mavros/share/gps_mavros/cmake/rosidl_cmake_export_typesupport_libraries-extras.cmake
-- Installing: /ODLC_Machine_Inferencing_System_2025-2026/ros2_workspace/install/gps_mavros/share/gps_mavros/cmake/gps_mavrosConfig.cmake
-- Installing: /ODLC_Machine_Inferencing_System_2025-2026/ros2_workspace/install/gps_mavros/share/gps_mavros/cmake/gps_mavrosConfig-version.cmake
-- Installing: /ODLC_Machine_Inferencing_System_2025-2026/ros2_workspace/install/gps_mavros/share/gps_mavros/package.xml
