[0.637s] DEBUG:colcon:Command line arguments: ['/usr/bin/colcon', 'build']
[0.637s] DEBUG:colcon:Parsed command line arguments: Namespace(log_base=None, log_level=None, verb_name='build', build_base='build', install_base='install', merge_install=False, symlink_install=False, test_result_base=None, continue_on_error=False, executor='parallel', parallel_workers=8, event_handlers=None, ignore_user_meta=False, metas=['./colcon.meta'], base_paths=['.'], packages_ignore=None, packages_ignore_regex=None, paths=None, packages_up_to=None, packages_up_to_regex=None, packages_above=None, packages_above_and_dependencies=None, packages_above_depth=None, packages_select_by_dep=None, packages_skip_by_dep=None, packages_skip_up_to=None, packages_select_build_failed=False, packages_skip_build_finished=False, packages_select_test_failures=False, packages_skip_test_passed=False, packages_select=None, packages_skip=None, packages_select_regex=None, packages_skip_regex=None, packages_start=None, packages_end=None, cmake_args=None, cmake_target=None, cmake_target_skip_unavailable=False, cmake_clean_cache=False, cmake_clean_first=False, cmake_force_configure=False, ament_cmake_args=None, catkin_cmake_args=None, catkin_skip_building_tests=False, mixin_files=None, mixin=None, verb_parser=<colcon_mixin.mixin.mixin_argument.MixinArgumentDecorator object at 0x7f1ebb551570>, verb_extension=<colcon_core.verb.build.BuildVerb object at 0x7f1ebb551000>, main=<bound method BuildVerb.main of <colcon_core.verb.build.BuildVerb object at 0x7f1ebb551000>>, mixin_verb=('build',))
[0.808s] Level 1:colcon.colcon_core.package_discovery:discover_packages(colcon_meta) check parameters
[0.809s] Level 1:colcon.colcon_core.package_discovery:discover_packages(recursive) check parameters
[0.809s] Level 1:colcon.colcon_core.package_discovery:discover_packages(ignore) check parameters
[0.809s] Level 1:colcon.colcon_core.package_discovery:discover_packages(path) check parameters
[0.809s] Level 1:colcon.colcon_core.package_discovery:discover_packages(colcon_meta) discover
[0.810s] Level 1:colcon.colcon_core.package_discovery:discover_packages(recursive) discover
[0.810s] INFO:colcon.colcon_core.package_discovery:Crawling recursively for packages in '/workspace'
[0.811s] Level 1:colcon.colcon_core.package_identification:_identify(.) by extensions ['ignore', 'ignore_ament_install']
[0.812s] Level 1:colcon.colcon_core.package_identification:_identify(.) by extension 'ignore'
[0.812s] Level 1:colcon.colcon_core.package_identification:_identify(.) by extension 'ignore_ament_install'
[0.814s] Level 1:colcon.colcon_core.package_identification:_identify(.) by extensions ['colcon_pkg']
[0.815s] Level 1:colcon.colcon_core.package_identification:_identify(.) by extension 'colcon_pkg'
[0.816s] Level 1:colcon.colcon_core.package_identification:_identify(.) by extensions ['colcon_meta']
[0.817s] Level 1:colcon.colcon_core.package_identification:_identify(.) by extension 'colcon_meta'
[0.818s] Level 1:colcon.colcon_core.package_identification:_identify(.) by extensions ['ros']
[0.818s] Level 1:colcon.colcon_core.package_identification:_identify(.) by extension 'ros'
[0.890s] Level 1:colcon.colcon_core.package_identification:_identify(.) by extensions ['cmake', 'python']
[0.891s] Level 1:colcon.colcon_core.package_identification:_identify(.) by extension 'cmake'
[0.891s] Level 1:colcon.colcon_core.package_identification:_identify(.) by extension 'python'
[0.893s] Level 1:colcon.colcon_core.package_identification:_identify(.) by extensions ['python_setup_py']
[0.893s] Level 1:colcon.colcon_core.package_identification:_identify(.) by extension 'python_setup_py'
[0.896s] Level 1:colcon.colcon_core.package_identification:_identify(build) by extensions ['ignore', 'ignore_ament_install']
[0.897s] Level 1:colcon.colcon_core.package_identification:_identify(build) by extension 'ignore'
[0.898s] Level 1:colcon.colcon_core.package_identification:_identify(build) ignored
[0.900s] Level 1:colcon.colcon_core.package_identification:_identify(install) by extensions ['ignore', 'ignore_ament_install']
[0.901s] Level 1:colcon.colcon_core.package_identification:_identify(install) by extension 'ignore'
[0.902s] Level 1:colcon.colcon_core.package_identification:_identify(install) ignored
[0.907s] Level 1:colcon.colcon_core.package_identification:_identify(log) by extensions ['ignore', 'ignore_ament_install']
[0.907s] Level 1:colcon.colcon_core.package_identification:_identify(log) by extension 'ignore'
[0.908s] Level 1:colcon.colcon_core.package_identification:_identify(log) ignored
[0.910s] Level 1:colcon.colcon_core.package_identification:_identify(ros2_ws) by extensions ['ignore', 'ignore_ament_install']
[0.910s] Level 1:colcon.colcon_core.package_identification:_identify(ros2_ws) by extension 'ignore'
[0.911s] Level 1:colcon.colcon_core.package_identification:_identify(ros2_ws) by extension 'ignore_ament_install'
[0.913s] Level 1:colcon.colcon_core.package_identification:_identify(ros2_ws) by extensions ['colcon_pkg']
[0.914s] Level 1:colcon.colcon_core.package_identification:_identify(ros2_ws) by extension 'colcon_pkg'
[0.915s] Level 1:colcon.colcon_core.package_identification:_identify(ros2_ws) by extensions ['colcon_meta']
[0.915s] Level 1:colcon.colcon_core.package_identification:_identify(ros2_ws) by extension 'colcon_meta'
[0.916s] Level 1:colcon.colcon_core.package_identification:_identify(ros2_ws) by extensions ['ros']
[0.916s] Level 1:colcon.colcon_core.package_identification:_identify(ros2_ws) by extension 'ros'
[0.918s] Level 1:colcon.colcon_core.package_identification:_identify(ros2_ws) by extensions ['cmake', 'python']
[0.918s] Level 1:colcon.colcon_core.package_identification:_identify(ros2_ws) by extension 'cmake'
[0.919s] Level 1:colcon.colcon_core.package_identification:_identify(ros2_ws) by extension 'python'
[0.920s] Level 1:colcon.colcon_core.package_identification:_identify(ros2_ws) by extensions ['python_setup_py']
[0.921s] Level 1:colcon.colcon_core.package_identification:_identify(ros2_ws) by extension 'python_setup_py'
[0.923s] Level 1:colcon.colcon_core.package_identification:_identify(ros2_ws/build) by extensions ['ignore', 'ignore_ament_install']
[0.924s] Level 1:colcon.colcon_core.package_identification:_identify(ros2_ws/build) by extension 'ignore'
[0.924s] Level 1:colcon.colcon_core.package_identification:_identify(ros2_ws/build) ignored
[0.927s] Level 1:colcon.colcon_core.package_identification:_identify(ros2_ws/install) by extensions ['ignore', 'ignore_ament_install']
[0.928s] Level 1:colcon.colcon_core.package_identification:_identify(ros2_ws/install) by extension 'ignore'
[0.928s] Level 1:colcon.colcon_core.package_identification:_identify(ros2_ws/install) ignored
[0.933s] Level 1:colcon.colcon_core.package_identification:_identify(ros2_ws/log) by extensions ['ignore', 'ignore_ament_install']
[0.933s] Level 1:colcon.colcon_core.package_identification:_identify(ros2_ws/log) by extension 'ignore'
[0.934s] Level 1:colcon.colcon_core.package_identification:_identify(ros2_ws/log) ignored
[0.936s] Level 1:colcon.colcon_core.package_identification:_identify(ros2_ws/panoramas) by extensions ['ignore', 'ignore_ament_install']
[0.937s] Level 1:colcon.colcon_core.package_identification:_identify(ros2_ws/panoramas) by extension 'ignore'
[0.938s] Level 1:colcon.colcon_core.package_identification:_identify(ros2_ws/panoramas) by extension 'ignore_ament_install'
[0.939s] Level 1:colcon.colcon_core.package_identification:_identify(ros2_ws/panoramas) by extensions ['colcon_pkg']
[0.939s] Level 1:colcon.colcon_core.package_identification:_identify(ros2_ws/panoramas) by extension 'colcon_pkg'
[0.940s] Level 1:colcon.colcon_core.package_identification:_identify(ros2_ws/panoramas) by extensions ['colcon_meta']
[0.940s] Level 1:colcon.colcon_core.package_identification:_identify(ros2_ws/panoramas) by extension 'colcon_meta'
[0.941s] Level 1:colcon.colcon_core.package_identification:_identify(ros2_ws/panoramas) by extensions ['ros']
[0.942s] Level 1:colcon.colcon_core.package_identification:_identify(ros2_ws/panoramas) by extension 'ros'
[0.944s] Level 1:colcon.colcon_core.package_identification:_identify(ros2_ws/panoramas) by extensions ['cmake', 'python']
[0.945s] Level 1:colcon.colcon_core.package_identification:_identify(ros2_ws/panoramas) by extension 'cmake'
[0.946s] Level 1:colcon.colcon_core.package_identification:_identify(ros2_ws/panoramas) by extension 'python'
[0.947s] Level 1:colcon.colcon_core.package_identification:_identify(ros2_ws/panoramas) by extensions ['python_setup_py']
[0.947s] Level 1:colcon.colcon_core.package_identification:_identify(ros2_ws/panoramas) by extension 'python_setup_py'
[0.950s] Level 1:colcon.colcon_core.package_identification:_identify(ros2_ws/src) by extensions ['ignore', 'ignore_ament_install']
[0.951s] Level 1:colcon.colcon_core.package_identification:_identify(ros2_ws/src) by extension 'ignore'
[0.952s] Level 1:colcon.colcon_core.package_identification:_identify(ros2_ws/src) by extension 'ignore_ament_install'
[0.953s] Level 1:colcon.colcon_core.package_identification:_identify(ros2_ws/src) by extensions ['colcon_pkg']
[0.954s] Level 1:colcon.colcon_core.package_identification:_identify(ros2_ws/src) by extension 'colcon_pkg'
[0.955s] Level 1:colcon.colcon_core.package_identification:_identify(ros2_ws/src) by extensions ['colcon_meta']
[0.956s] Level 1:colcon.colcon_core.package_identification:_identify(ros2_ws/src) by extension 'colcon_meta'
[0.958s] Level 1:colcon.colcon_core.package_identification:_identify(ros2_ws/src) by extensions ['ros']
[0.961s] Level 1:colcon.colcon_core.package_identification:_identify(ros2_ws/src) by extension 'ros'
[0.968s] Level 1:colcon.colcon_core.package_identification:_identify(ros2_ws/src) by extensions ['cmake', 'python']
[0.970s] Level 1:colcon.colcon_core.package_identification:_identify(ros2_ws/src) by extension 'cmake'
[0.971s] Level 1:colcon.colcon_core.package_identification:_identify(ros2_ws/src) by extension 'python'
[0.972s] Level 1:colcon.colcon_core.package_identification:_identify(ros2_ws/src) by extensions ['python_setup_py']
[0.973s] Level 1:colcon.colcon_core.package_identification:_identify(ros2_ws/src) by extension 'python_setup_py'
[0.976s] Level 1:colcon.colcon_core.package_identification:_identify(ros2_ws/src/ros2_image_stitching_pkg) by extensions ['ignore', 'ignore_ament_install']
[0.977s] Level 1:colcon.colcon_core.package_identification:_identify(ros2_ws/src/ros2_image_stitching_pkg) by extension 'ignore'
[0.978s] Level 1:colcon.colcon_core.package_identification:_identify(ros2_ws/src/ros2_image_stitching_pkg) by extension 'ignore_ament_install'
[0.979s] Level 1:colcon.colcon_core.package_identification:_identify(ros2_ws/src/ros2_image_stitching_pkg) by extensions ['colcon_pkg']
[0.980s] Level 1:colcon.colcon_core.package_identification:_identify(ros2_ws/src/ros2_image_stitching_pkg) by extension 'colcon_pkg'
[0.981s] Level 1:colcon.colcon_core.package_identification:_identify(ros2_ws/src/ros2_image_stitching_pkg) by extensions ['colcon_meta']
[0.982s] Level 1:colcon.colcon_core.package_identification:_identify(ros2_ws/src/ros2_image_stitching_pkg) by extension 'colcon_meta'
[0.983s] Level 1:colcon.colcon_core.package_identification:_identify(ros2_ws/src/ros2_image_stitching_pkg) by extensions ['ros']
[0.983s] Level 1:colcon.colcon_core.package_identification:_identify(ros2_ws/src/ros2_image_stitching_pkg) by extension 'ros'
[0.999s] DEBUG:colcon.colcon_core.package_identification:Package 'ros2_ws/src/ros2_image_stitching_pkg' with type 'ros.ament_python' and name 'ros2_image_stitching_pkg'
[1.001s] Level 1:colcon.colcon_core.package_identification:_identify(ros2_ws/src/siyi_cam_node) by extensions ['ignore', 'ignore_ament_install']
[1.002s] Level 1:colcon.colcon_core.package_identification:_identify(ros2_ws/src/siyi_cam_node) by extension 'ignore'
[1.003s] Level 1:colcon.colcon_core.package_identification:_identify(ros2_ws/src/siyi_cam_node) by extension 'ignore_ament_install'
[1.004s] Level 1:colcon.colcon_core.package_identification:_identify(ros2_ws/src/siyi_cam_node) by extensions ['colcon_pkg']
[1.004s] Level 1:colcon.colcon_core.package_identification:_identify(ros2_ws/src/siyi_cam_node) by extension 'colcon_pkg'
[1.006s] Level 1:colcon.colcon_core.package_identification:_identify(ros2_ws/src/siyi_cam_node) by extensions ['colcon_meta']
[1.006s] Level 1:colcon.colcon_core.package_identification:_identify(ros2_ws/src/siyi_cam_node) by extension 'colcon_meta'
[1.007s] Level 1:colcon.colcon_core.package_identification:_identify(ros2_ws/src/siyi_cam_node) by extensions ['ros']
[1.008s] Level 1:colcon.colcon_core.package_identification:_identify(ros2_ws/src/siyi_cam_node) by extension 'ros'
[1.013s] DEBUG:colcon.colcon_core.package_identification:Package 'ros2_ws/src/siyi_cam_node' with type 'ros.ament_python' and name 'siyi_cam_node'
[1.016s] Level 1:colcon.colcon_core.package_identification:_identify(ros2_ws/src/temperature_interfaces) by extensions ['ignore', 'ignore_ament_install']
[1.017s] Level 1:colcon.colcon_core.package_identification:_identify(ros2_ws/src/temperature_interfaces) by extension 'ignore'
[1.017s] Level 1:colcon.colcon_core.package_identification:_identify(ros2_ws/src/temperature_interfaces) ignored
[1.020s] Level 1:colcon.colcon_core.package_identification:_identify(ros2_ws/src/temperature_pkg) by extensions ['ignore', 'ignore_ament_install']
[1.021s] Level 1:colcon.colcon_core.package_identification:_identify(ros2_ws/src/temperature_pkg) by extension 'ignore'
[1.021s] Level 1:colcon.colcon_core.package_identification:_identify(ros2_ws/src/temperature_pkg) ignored
[1.024s] Level 1:colcon.colcon_core.package_identification:_identify(ros2_ws/test_images) by extensions ['ignore', 'ignore_ament_install']
[1.024s] Level 1:colcon.colcon_core.package_identification:_identify(ros2_ws/test_images) by extension 'ignore'
[1.025s] Level 1:colcon.colcon_core.package_identification:_identify(ros2_ws/test_images) by extension 'ignore_ament_install'
[1.026s] Level 1:colcon.colcon_core.package_identification:_identify(ros2_ws/test_images) by extensions ['colcon_pkg']
[1.027s] Level 1:colcon.colcon_core.package_identification:_identify(ros2_ws/test_images) by extension 'colcon_pkg'
[1.028s] Level 1:colcon.colcon_core.package_identification:_identify(ros2_ws/test_images) by extensions ['colcon_meta']
[1.028s] Level 1:colcon.colcon_core.package_identification:_identify(ros2_ws/test_images) by extension 'colcon_meta'
[1.029s] Level 1:colcon.colcon_core.package_identification:_identify(ros2_ws/test_images) by extensions ['ros']
[1.029s] Level 1:colcon.colcon_core.package_identification:_identify(ros2_ws/test_images) by extension 'ros'
[1.032s] Level 1:colcon.colcon_core.package_identification:_identify(ros2_ws/test_images) by extensions ['cmake', 'python']
[1.032s] Level 1:colcon.colcon_core.package_identification:_identify(ros2_ws/test_images) by extension 'cmake'
[1.033s] Level 1:colcon.colcon_core.package_identification:_identify(ros2_ws/test_images) by extension 'python'
[1.034s] Level 1:colcon.colcon_core.package_identification:_identify(ros2_ws/test_images) by extensions ['python_setup_py']
[1.035s] Level 1:colcon.colcon_core.package_identification:_identify(ros2_ws/test_images) by extension 'python_setup_py'
[1.037s] Level 1:colcon.colcon_core.package_identification:_identify(workspace) by extensions ['ignore', 'ignore_ament_install']
[1.037s] Level 1:colcon.colcon_core.package_identification:_identify(workspace) by extension 'ignore'
[1.038s] Level 1:colcon.colcon_core.package_identification:_identify(workspace) by extension 'ignore_ament_install'
[1.039s] Level 1:colcon.colcon_core.package_identification:_identify(workspace) by extensions ['colcon_pkg']
[1.040s] Level 1:colcon.colcon_core.package_identification:_identify(workspace) by extension 'colcon_pkg'
[1.040s] Level 1:colcon.colcon_core.package_identification:_identify(workspace) by extensions ['colcon_meta']
[1.041s] Level 1:colcon.colcon_core.package_identification:_identify(workspace) by extension 'colcon_meta'
[1.042s] Level 1:colcon.colcon_core.package_identification:_identify(workspace) by extensions ['ros']
[1.042s] Level 1:colcon.colcon_core.package_identification:_identify(workspace) by extension 'ros'
[1.044s] Level 1:colcon.colcon_core.package_identification:_identify(workspace) by extensions ['cmake', 'python']
[1.044s] Level 1:colcon.colcon_core.package_identification:_identify(workspace) by extension 'cmake'
[1.045s] Level 1:colcon.colcon_core.package_identification:_identify(workspace) by extension 'python'
[1.046s] Level 1:colcon.colcon_core.package_identification:_identify(workspace) by extensions ['python_setup_py']
[1.046s] Level 1:colcon.colcon_core.package_identification:_identify(workspace) by extension 'python_setup_py'
[1.049s] Level 1:colcon.colcon_core.package_identification:_identify(workspace/ros2_ws) by extensions ['ignore', 'ignore_ament_install']
[1.050s] Level 1:colcon.colcon_core.package_identification:_identify(workspace/ros2_ws) by extension 'ignore'
[1.050s] Level 1:colcon.colcon_core.package_identification:_identify(workspace/ros2_ws) by extension 'ignore_ament_install'
[1.051s] Level 1:colcon.colcon_core.package_identification:_identify(workspace/ros2_ws) by extensions ['colcon_pkg']
[1.052s] Level 1:colcon.colcon_core.package_identification:_identify(workspace/ros2_ws) by extension 'colcon_pkg'
[1.052s] Level 1:colcon.colcon_core.package_identification:_identify(workspace/ros2_ws) by extensions ['colcon_meta']
[1.053s] Level 1:colcon.colcon_core.package_identification:_identify(workspace/ros2_ws) by extension 'colcon_meta'
[1.053s] Level 1:colcon.colcon_core.package_identification:_identify(workspace/ros2_ws) by extensions ['ros']
[1.054s] Level 1:colcon.colcon_core.package_identification:_identify(workspace/ros2_ws) by extension 'ros'
[1.055s] Level 1:colcon.colcon_core.package_identification:_identify(workspace/ros2_ws) by extensions ['cmake', 'python']
[1.056s] Level 1:colcon.colcon_core.package_identification:_identify(workspace/ros2_ws) by extension 'cmake'
[1.057s] Level 1:colcon.colcon_core.package_identification:_identify(workspace/ros2_ws) by extension 'python'
[1.058s] Level 1:colcon.colcon_core.package_identification:_identify(workspace/ros2_ws) by extensions ['python_setup_py']
[1.058s] Level 1:colcon.colcon_core.package_identification:_identify(workspace/ros2_ws) by extension 'python_setup_py'
[1.060s] Level 1:colcon.colcon_core.package_identification:_identify(workspace/ros2_ws/panoramas) by extensions ['ignore', 'ignore_ament_install']
[1.061s] Level 1:colcon.colcon_core.package_identification:_identify(workspace/ros2_ws/panoramas) by extension 'ignore'
[1.062s] Level 1:colcon.colcon_core.package_identification:_identify(workspace/ros2_ws/panoramas) by extension 'ignore_ament_install'
[1.063s] Level 1:colcon.colcon_core.package_identification:_identify(workspace/ros2_ws/panoramas) by extensions ['colcon_pkg']
[1.063s] Level 1:colcon.colcon_core.package_identification:_identify(workspace/ros2_ws/panoramas) by extension 'colcon_pkg'
[1.065s] Level 1:colcon.colcon_core.package_identification:_identify(workspace/ros2_ws/panoramas) by extensions ['colcon_meta']
[1.065s] Level 1:colcon.colcon_core.package_identification:_identify(workspace/ros2_ws/panoramas) by extension 'colcon_meta'
[1.066s] Level 1:colcon.colcon_core.package_identification:_identify(workspace/ros2_ws/panoramas) by extensions ['ros']
[1.066s] Level 1:colcon.colcon_core.package_identification:_identify(workspace/ros2_ws/panoramas) by extension 'ros'
[1.068s] Level 1:colcon.colcon_core.package_identification:_identify(workspace/ros2_ws/panoramas) by extensions ['cmake', 'python']
[1.068s] Level 1:colcon.colcon_core.package_identification:_identify(workspace/ros2_ws/panoramas) by extension 'cmake'
[1.069s] Level 1:colcon.colcon_core.package_identification:_identify(workspace/ros2_ws/panoramas) by extension 'python'
[1.070s] Level 1:colcon.colcon_core.package_identification:_identify(workspace/ros2_ws/panoramas) by extensions ['python_setup_py']
[1.070s] Level 1:colcon.colcon_core.package_identification:_identify(workspace/ros2_ws/panoramas) by extension 'python_setup_py'
[1.071s] Level 1:colcon.colcon_core.package_discovery:discover_packages(recursive) using defaults
[1.072s] Level 1:colcon.colcon_core.package_discovery:discover_packages(ignore) discover
[1.072s] Level 1:colcon.colcon_core.package_discovery:discover_packages(ignore) using defaults
[1.073s] Level 1:colcon.colcon_core.package_discovery:discover_packages(path) discover
[1.073s] Level 1:colcon.colcon_core.package_discovery:discover_packages(path) using defaults
[1.168s] Level 5:colcon.colcon_core.verb:set package 'ros2_image_stitching_pkg' build argument 'cmake_args' from command line to 'None'
[1.168s] Level 5:colcon.colcon_core.verb:set package 'ros2_image_stitching_pkg' build argument 'cmake_target' from command line to 'None'
[1.169s] Level 5:colcon.colcon_core.verb:set package 'ros2_image_stitching_pkg' build argument 'cmake_target_skip_unavailable' from command line to 'False'
[1.169s] Level 5:colcon.colcon_core.verb:set package 'ros2_image_stitching_pkg' build argument 'cmake_clean_cache' from command line to 'False'
[1.169s] Level 5:colcon.colcon_core.verb:set package 'ros2_image_stitching_pkg' build argument 'cmake_clean_first' from command line to 'False'
[1.170s] Level 5:colcon.colcon_core.verb:set package 'ros2_image_stitching_pkg' build argument 'cmake_force_configure' from command line to 'False'
[1.170s] Level 5:colcon.colcon_core.verb:set package 'ros2_image_stitching_pkg' build argument 'ament_cmake_args' from command line to 'None'
[1.171s] Level 5:colcon.colcon_core.verb:set package 'ros2_image_stitching_pkg' build argument 'catkin_cmake_args' from command line to 'None'
[1.171s] Level 5:colcon.colcon_core.verb:set package 'ros2_image_stitching_pkg' build argument 'catkin_skip_building_tests' from command line to 'False'
[1.171s] DEBUG:colcon.colcon_core.verb:Building package 'ros2_image_stitching_pkg' with the following arguments: {'ament_cmake_args': None, 'build_base': '/workspace/build/ros2_image_stitching_pkg', 'catkin_cmake_args': None, 'catkin_skip_building_tests': False, 'cmake_args': None, 'cmake_clean_cache': False, 'cmake_clean_first': False, 'cmake_force_configure': False, 'cmake_target': None, 'cmake_target_skip_unavailable': False, 'install_base': '/workspace/install/ros2_image_stitching_pkg', 'merge_install': False, 'path': '/workspace/ros2_ws/src/ros2_image_stitching_pkg', 'symlink_install': False, 'test_result_base': None}
[1.172s] Level 5:colcon.colcon_core.verb:set package 'siyi_cam_node' build argument 'cmake_args' from command line to 'None'
[1.173s] Level 5:colcon.colcon_core.verb:set package 'siyi_cam_node' build argument 'cmake_target' from command line to 'None'
[1.173s] Level 5:colcon.colcon_core.verb:set package 'siyi_cam_node' build argument 'cmake_target_skip_unavailable' from command line to 'False'
[1.174s] Level 5:colcon.colcon_core.verb:set package 'siyi_cam_node' build argument 'cmake_clean_cache' from command line to 'False'
[1.174s] Level 5:colcon.colcon_core.verb:set package 'siyi_cam_node' build argument 'cmake_clean_first' from command line to 'False'
[1.174s] Level 5:colcon.colcon_core.verb:set package 'siyi_cam_node' build argument 'cmake_force_configure' from command line to 'False'
[1.174s] Level 5:colcon.colcon_core.verb:set package 'siyi_cam_node' build argument 'ament_cmake_args' from command line to 'None'
[1.175s] Level 5:colcon.colcon_core.verb:set package 'siyi_cam_node' build argument 'catkin_cmake_args' from command line to 'None'
[1.175s] Level 5:colcon.colcon_core.verb:set package 'siyi_cam_node' build argument 'catkin_skip_building_tests' from command line to 'False'
[1.175s] DEBUG:colcon.colcon_core.verb:Building package 'siyi_cam_node' with the following arguments: {'ament_cmake_args': None, 'build_base': '/workspace/build/siyi_cam_node', 'catkin_cmake_args': None, 'catkin_skip_building_tests': False, 'cmake_args': None, 'cmake_clean_cache': False, 'cmake_clean_first': False, 'cmake_force_configure': False, 'cmake_target': None, 'cmake_target_skip_unavailable': False, 'install_base': '/workspace/install/siyi_cam_node', 'merge_install': False, 'path': '/workspace/ros2_ws/src/siyi_cam_node', 'symlink_install': False, 'test_result_base': None}
[1.176s] INFO:colcon.colcon_core.executor:Executing jobs using 'parallel' executor
[1.178s] DEBUG:colcon.colcon_parallel_executor.executor.parallel:run_until_complete
[1.179s] INFO:colcon.colcon_ros.task.ament_python.build:Building ROS package in '/workspace/ros2_ws/src/ros2_image_stitching_pkg' with build type 'ament_python'
[1.179s] Level 1:colcon.colcon_core.shell:create_environment_hook('ros2_image_stitching_pkg', 'ament_prefix_path')
[1.194s] INFO:colcon.colcon_core.plugin_system:Skipping extension 'colcon_core.shell.bat': Not used on non-Windows systems
[1.195s] INFO:colcon.colcon_core.shell:Creating environment hook '/workspace/install/ros2_image_stitching_pkg/share/ros2_image_stitching_pkg/hook/ament_prefix_path.ps1'
[1.199s] INFO:colcon.colcon_core.shell:Creating environment descriptor '/workspace/install/ros2_image_stitching_pkg/share/ros2_image_stitching_pkg/hook/ament_prefix_path.dsv'
[1.203s] INFO:colcon.colcon_core.shell:Creating environment hook '/workspace/install/ros2_image_stitching_pkg/share/ros2_image_stitching_pkg/hook/ament_prefix_path.sh'
[1.210s] INFO:colcon.colcon_core.shell:Skip shell extension 'powershell' for command environment: Not usable outside of PowerShell
[1.211s] DEBUG:colcon.colcon_core.shell:Skip shell extension 'dsv' for command environment
[1.233s] INFO:colcon.colcon_ros.task.ament_python.build:Building ROS package in '/workspace/ros2_ws/src/siyi_cam_node' with build type 'ament_python'
[1.234s] Level 1:colcon.colcon_core.shell:create_environment_hook('siyi_cam_node', 'ament_prefix_path')
[1.235s] INFO:colcon.colcon_core.shell:Creating environment hook '/workspace/install/siyi_cam_node/share/siyi_cam_node/hook/ament_prefix_path.ps1'
[1.241s] INFO:colcon.colcon_core.shell:Creating environment descriptor '/workspace/install/siyi_cam_node/share/siyi_cam_node/hook/ament_prefix_path.dsv'
[1.247s] INFO:colcon.colcon_core.shell:Creating environment hook '/workspace/install/siyi_cam_node/share/siyi_cam_node/hook/ament_prefix_path.sh'
[1.253s] INFO:colcon.colcon_core.shell:Skip shell extension 'powershell' for command environment: Not usable outside of PowerShell
[1.253s] DEBUG:colcon.colcon_core.shell:Skip shell extension 'dsv' for command environment
[1.947s] INFO:colcon.colcon_core.task.python.build:Building Python package in '/workspace/ros2_ws/src/ros2_image_stitching_pkg'
[1.948s] INFO:colcon.colcon_core.shell:Skip shell extension 'powershell' for command environment: Not usable outside of PowerShell
[1.948s] DEBUG:colcon.colcon_core.shell:Skip shell extension 'dsv' for command environment
[2.373s] INFO:colcon.colcon_core.task.python.build:Building Python package in '/workspace/ros2_ws/src/siyi_cam_node'
[2.374s] INFO:colcon.colcon_core.shell:Skip shell extension 'powershell' for command environment: Not usable outside of PowerShell
[2.374s] DEBUG:colcon.colcon_core.shell:Skip shell extension 'dsv' for command environment
[3.335s] DEBUG:colcon.colcon_core.event_handler.log_command:Invoking command in '/workspace/ros2_ws/src/siyi_cam_node': PYTHONPATH=/workspace/build/siyi_cam_node/prefix_override:/usr/lib/python3/dist-packages/colcon_core/task/python/colcon_distutils_commands:/workspace/install/siyi_cam_node/lib/python3.10/site-packages:${PYTHONPATH} /usr/bin/python3 -W ignore:setup.py install is deprecated -W ignore:easy_install command is deprecated setup.py egg_info --egg-base ../../../build/siyi_cam_node build --build-base /workspace/build/siyi_cam_node/build install --record /workspace/build/siyi_cam_node/install.log --single-version-externally-managed install_data
[3.345s] DEBUG:colcon.colcon_core.event_handler.log_command:Invoking command in '/workspace/ros2_ws/src/ros2_image_stitching_pkg': PYTHONPATH=/workspace/build/ros2_image_stitching_pkg/prefix_override:/usr/lib/python3/dist-packages/colcon_core/task/python/colcon_distutils_commands:/workspace/install/ros2_image_stitching_pkg/lib/python3.10/site-packages:${PYTHONPATH} /usr/bin/python3 -W ignore:setup.py install is deprecated -W ignore:easy_install command is deprecated setup.py egg_info --egg-base ../../../build/ros2_image_stitching_pkg build --build-base /workspace/build/ros2_image_stitching_pkg/build install --record /workspace/build/ros2_image_stitching_pkg/install.log --single-version-externally-managed install_data
[4.657s] DEBUG:colcon.colcon_core.event_handler.log_command:Invoked command in '/workspace/ros2_ws/src/siyi_cam_node' returned '0': PYTHONPATH=/workspace/build/siyi_cam_node/prefix_override:/usr/lib/python3/dist-packages/colcon_core/task/python/colcon_distutils_commands:/workspace/install/siyi_cam_node/lib/python3.10/site-packages:${PYTHONPATH} /usr/bin/python3 -W ignore:setup.py install is deprecated -W ignore:easy_install command is deprecated setup.py egg_info --egg-base ../../../build/siyi_cam_node build --build-base /workspace/build/siyi_cam_node/build install --record /workspace/build/siyi_cam_node/install.log --single-version-externally-managed install_data
[4.668s] Level 1:colcon.colcon_core.environment:checking '/workspace/install/siyi_cam_node' for CMake module files
[4.674s] Level 1:colcon.colcon_core.environment:checking '/workspace/install/siyi_cam_node' for CMake config files
[4.689s] Level 1:colcon.colcon_core.environment:checking '/workspace/install/siyi_cam_node/lib'
[4.690s] Level 1:colcon.colcon_core.environment:checking '/workspace/install/siyi_cam_node/bin'
[4.690s] Level 1:colcon.colcon_core.environment:checking '/workspace/install/siyi_cam_node/lib/pkgconfig/siyi_cam_node.pc'
[4.691s] Level 1:colcon.colcon_core.environment:checking '/workspace/install/siyi_cam_node/lib/python3.10/site-packages'
[4.691s] Level 1:colcon.colcon_core.shell:create_environment_hook('siyi_cam_node', 'pythonpath')
[4.692s] INFO:colcon.colcon_core.shell:Creating environment hook '/workspace/install/siyi_cam_node/share/siyi_cam_node/hook/pythonpath.ps1'
[4.694s] INFO:colcon.colcon_core.shell:Creating environment descriptor '/workspace/install/siyi_cam_node/share/siyi_cam_node/hook/pythonpath.dsv'
[4.696s] INFO:colcon.colcon_core.shell:Creating environment hook '/workspace/install/siyi_cam_node/share/siyi_cam_node/hook/pythonpath.sh'
[4.699s] Level 1:colcon.colcon_core.environment:checking '/workspace/install/siyi_cam_node/bin'
[4.700s] Level 1:colcon.colcon_core.environment:create_environment_scripts_only(siyi_cam_node)
[4.701s] INFO:colcon.colcon_core.shell:Creating package script '/workspace/install/siyi_cam_node/share/siyi_cam_node/package.ps1'
[4.707s] INFO:colcon.colcon_core.shell:Creating package descriptor '/workspace/install/siyi_cam_node/share/siyi_cam_node/package.dsv'
[4.711s] INFO:colcon.colcon_core.shell:Creating package script '/workspace/install/siyi_cam_node/share/siyi_cam_node/package.sh'
[4.716s] INFO:colcon.colcon_core.shell:Creating package script '/workspace/install/siyi_cam_node/share/siyi_cam_node/package.bash'
[4.722s] INFO:colcon.colcon_core.shell:Creating package script '/workspace/install/siyi_cam_node/share/siyi_cam_node/package.zsh'
[4.728s] Level 1:colcon.colcon_core.environment:create_file_with_runtime_dependencies(/workspace/install/siyi_cam_node/share/colcon-core/packages/siyi_cam_node)
[4.734s] Level 1:colcon.colcon_core.environment:checking '/workspace/install/ros2_image_stitching_pkg' for CMake module files
[4.741s] DEBUG:colcon.colcon_core.event_handler.log_command:Invoked command in '/workspace/ros2_ws/src/ros2_image_stitching_pkg' returned '0': PYTHONPATH=/workspace/build/ros2_image_stitching_pkg/prefix_override:/usr/lib/python3/dist-packages/colcon_core/task/python/colcon_distutils_commands:/workspace/install/ros2_image_stitching_pkg/lib/python3.10/site-packages:${PYTHONPATH} /usr/bin/python3 -W ignore:setup.py install is deprecated -W ignore:easy_install command is deprecated setup.py egg_info --egg-base ../../../build/ros2_image_stitching_pkg build --build-base /workspace/build/ros2_image_stitching_pkg/build install --record /workspace/build/ros2_image_stitching_pkg/install.log --single-version-externally-managed install_data
[4.745s] Level 1:colcon.colcon_core.environment:checking '/workspace/install/ros2_image_stitching_pkg' for CMake config files
[4.773s] Level 1:colcon.colcon_core.environment:checking '/workspace/install/ros2_image_stitching_pkg/lib'
[4.775s] Level 1:colcon.colcon_core.environment:checking '/workspace/install/ros2_image_stitching_pkg/bin'
[4.776s] Level 1:colcon.colcon_core.environment:checking '/workspace/install/ros2_image_stitching_pkg/lib/pkgconfig/ros2_image_stitching_pkg.pc'
[4.777s] Level 1:colcon.colcon_core.environment:checking '/workspace/install/ros2_image_stitching_pkg/lib/python3.10/site-packages'
[4.778s] Level 1:colcon.colcon_core.shell:create_environment_hook('ros2_image_stitching_pkg', 'pythonpath')
[4.779s] INFO:colcon.colcon_core.shell:Creating environment hook '/workspace/install/ros2_image_stitching_pkg/share/ros2_image_stitching_pkg/hook/pythonpath.ps1'
[4.782s] INFO:colcon.colcon_core.shell:Creating environment descriptor '/workspace/install/ros2_image_stitching_pkg/share/ros2_image_stitching_pkg/hook/pythonpath.dsv'
[4.785s] INFO:colcon.colcon_core.shell:Creating environment hook '/workspace/install/ros2_image_stitching_pkg/share/ros2_image_stitching_pkg/hook/pythonpath.sh'
[4.788s] Level 1:colcon.colcon_core.environment:checking '/workspace/install/ros2_image_stitching_pkg/bin'
[4.789s] Level 1:colcon.colcon_core.environment:create_environment_scripts_only(ros2_image_stitching_pkg)
[4.790s] INFO:colcon.colcon_core.shell:Creating package script '/workspace/install/ros2_image_stitching_pkg/share/ros2_image_stitching_pkg/package.ps1'
[4.793s] INFO:colcon.colcon_core.shell:Creating package descriptor '/workspace/install/ros2_image_stitching_pkg/share/ros2_image_stitching_pkg/package.dsv'
[4.797s] INFO:colcon.colcon_core.shell:Creating package script '/workspace/install/ros2_image_stitching_pkg/share/ros2_image_stitching_pkg/package.sh'
[4.800s] INFO:colcon.colcon_core.shell:Creating package script '/workspace/install/ros2_image_stitching_pkg/share/ros2_image_stitching_pkg/package.bash'
[4.807s] INFO:colcon.colcon_core.shell:Creating package script '/workspace/install/ros2_image_stitching_pkg/share/ros2_image_stitching_pkg/package.zsh'
[4.816s] Level 1:colcon.colcon_core.environment:create_file_with_runtime_dependencies(/workspace/install/ros2_image_stitching_pkg/share/colcon-core/packages/ros2_image_stitching_pkg)
[4.820s] DEBUG:colcon.colcon_parallel_executor.executor.parallel:closing loop
[4.821s] DEBUG:colcon.colcon_parallel_executor.executor.parallel:loop closed
[4.822s] DEBUG:colcon.colcon_parallel_executor.executor.parallel:run_until_complete finished with '0'
[4.823s] DEBUG:colcon.colcon_core.event_reactor:joining thread
[4.878s] INFO:colcon.colcon_core.plugin_system:Skipping extension 'colcon_notification.desktop_notification.notify_send': Could not find 'notify-send'
[4.879s] INFO:colcon.colcon_core.plugin_system:Skipping extension 'colcon_notification.desktop_notification.terminal_notifier': Not used on non-Darwin systems
[4.880s] INFO:colcon.colcon_core.plugin_system:Skipping extension 'colcon_notification.desktop_notification.win32': Not used on non-Windows systems
[4.880s] INFO:colcon.colcon_notification.desktop_notification:Sending desktop notification using 'notify2'
[4.896s] DEBUG:colcon.colcon_notification.desktop_notification.notify2:Failed to initialize notify2: org.freedesktop.DBus.Error.Spawn.ExecFailed: /usr/bin/dbus-launch terminated abnormally without any error message
[4.898s] DEBUG:colcon.colcon_core.event_reactor:joined thread
[4.900s] INFO:colcon.colcon_core.shell:Creating prefix script '/workspace/install/local_setup.ps1'
[4.908s] INFO:colcon.colcon_core.shell:Creating prefix util module '/workspace/install/_local_setup_util_ps1.py'
[4.918s] INFO:colcon.colcon_core.shell:Creating prefix chain script '/workspace/install/setup.ps1'
[4.925s] INFO:colcon.colcon_core.shell:Creating prefix script '/workspace/install/local_setup.sh'
[4.932s] INFO:colcon.colcon_core.shell:Creating prefix util module '/workspace/install/_local_setup_util_sh.py'
[4.936s] INFO:colcon.colcon_core.shell:Creating prefix chain script '/workspace/install/setup.sh'
[4.944s] INFO:colcon.colcon_core.shell:Creating prefix script '/workspace/install/local_setup.bash'
[4.950s] INFO:colcon.colcon_core.shell:Creating prefix chain script '/workspace/install/setup.bash'
[4.956s] INFO:colcon.colcon_core.shell:Creating prefix script '/workspace/install/local_setup.zsh'
[4.962s] INFO:colcon.colcon_core.shell:Creating prefix chain script '/workspace/install/setup.zsh'
