[0.000000] (-) TimerEvent: {}
[0.002351] (-) JobUnselected: {'identifier': 'gps_mavros'}
[0.008564] (-) JobUnselected: {'identifier': 'package1'}
[0.022235] (-) JobUnselected: {'identifier': 'temperature_interface'}
[0.024519] (gps_ros2) JobQueued: {'identifier': 'gps_ros2', 'dependencies': OrderedDict([('gps_mavros', '/ODLC_Machine_Inferencing_System_2025-2026/ros2_workspace/install/gps_mavros')])}
[0.029250] (gps_ros2) JobStarted: {'identifier': 'gps_ros2'}
[0.076534] (-) TimerEvent: {}
[0.179904] (-) TimerEvent: {}
[0.286992] (-) TimerEvent: {}
[0.404744] (-) TimerEvent: {}
[0.512704] (-) TimerEvent: {}
[0.615264] (-) TimerEvent: {}
[0.744086] (-) TimerEvent: {}
[0.863367] (-) TimerEvent: {}
[0.969381] (-) TimerEvent: {}
[1.072275] (-) TimerEvent: {}
[1.179030] (-) TimerEvent: {}
[1.260200] (gps_ros2) JobEnded: {'identifier': 'gps_ros2', 'rc': 1}
[1.444431] (-) TimerEvent: {}
[1.454885] (-) EventReactorShutdown: {}
