[1.255s] DEBUG:colcon:Command line arguments: ['/usr/bin/colcon', 'build', '--packages-select', 'gps_ros2']
[1.263s] DEBUG:colcon:Parsed command line arguments: Namespace(log_base=None, log_level=None, verb_name='build', build_base='build', install_base='install', merge_install=False, symlink_install=False, test_result_base=None, continue_on_error=False, executor='parallel', parallel_workers=12, event_handlers=None, ignore_user_meta=False, metas=['./colcon.meta'], base_paths=['.'], packages_ignore=None, packages_ignore_regex=None, paths=None, packages_up_to=None, packages_up_to_regex=None, packages_above=None, packages_above_and_dependencies=None, packages_above_depth=None, packages_select_by_dep=None, packages_skip_by_dep=None, packages_skip_up_to=None, packages_select_build_failed=False, packages_skip_build_finished=False, packages_select_test_failures=False, packages_skip_test_passed=False, packages_select=['gps_ros2'], packages_skip=None, packages_select_regex=None, packages_skip_regex=None, packages_start=None, packages_end=None, cmake_args=None, cmake_target=None, cmake_target_skip_unavailable=False, cmake_clean_cache=False, cmake_clean_first=False, cmake_force_configure=False, ament_cmake_args=None, catkin_cmake_args=None, catkin_skip_building_tests=False, mixin_files=None, mixin=None, verb_parser=<colcon_mixin.mixin.mixin_argument.MixinArgumentDecorator object at 0x7823dad05330>, verb_extension=<colcon_core.verb.build.BuildVerb object at 0x7823dad04dc0>, main=<bound method BuildVerb.main of <colcon_core.verb.build.BuildVerb object at 0x7823dad04dc0>>, mixin_verb=('build',))
[1.674s] Level 1:colcon.colcon_core.package_discovery:discover_packages(colcon_meta) check parameters
[1.693s] Level 1:colcon.colcon_core.package_discovery:discover_packages(recursive) check parameters
[1.698s] Level 1:colcon.colcon_core.package_discovery:discover_packages(ignore) check parameters
[1.699s] Level 1:colcon.colcon_core.package_discovery:discover_packages(path) check parameters
[1.704s] Level 1:colcon.colcon_core.package_discovery:discover_packages(colcon_meta) discover
[1.712s] Level 1:colcon.colcon_core.package_discovery:discover_packages(recursive) discover
[1.715s] INFO:colcon.colcon_core.package_discovery:Crawling recursively for packages in '/ODLC_Machine_Inferencing_System_2025-2026/ros2_workspace'
[1.761s] Level 1:colcon.colcon_core.package_identification:_identify(.) by extensions ['ignore', 'ignore_ament_install']
[1.772s] Level 1:colcon.colcon_core.package_identification:_identify(.) by extension 'ignore'
[1.779s] Level 1:colcon.colcon_core.package_identification:_identify(.) by extension 'ignore_ament_install'
[1.790s] Level 1:colcon.colcon_core.package_identification:_identify(.) by extensions ['colcon_pkg']
[1.794s] Level 1:colcon.colcon_core.package_identification:_identify(.) by extension 'colcon_pkg'
[1.805s] Level 1:colcon.colcon_core.package_identification:_identify(.) by extensions ['colcon_meta']
[1.807s] Level 1:colcon.colcon_core.package_identification:_identify(.) by extension 'colcon_meta'
[1.811s] Level 1:colcon.colcon_core.package_identification:_identify(.) by extensions ['ros']
[1.818s] Level 1:colcon.colcon_core.package_identification:_identify(.) by extension 'ros'
[1.891s] Level 1:colcon.colcon_core.package_identification:_identify(.) by extensions ['cmake', 'python']
[1.906s] Level 1:colcon.colcon_core.package_identification:_identify(.) by extension 'cmake'
[1.916s] Level 1:colcon.colcon_core.package_identification:_identify(.) by extension 'python'
[1.920s] Level 1:colcon.colcon_core.package_identification:_identify(.) by extensions ['python_setup_py']
[1.923s] Level 1:colcon.colcon_core.package_identification:_identify(.) by extension 'python_setup_py'
[1.995s] Level 1:colcon.colcon_core.package_identification:_identify(build) by extensions ['ignore', 'ignore_ament_install']
[1.999s] Level 1:colcon.colcon_core.package_identification:_identify(build) by extension 'ignore'
[2.048s] Level 1:colcon.colcon_core.package_identification:_identify(build) ignored
[2.155s] Level 1:colcon.colcon_core.package_identification:_identify(install) by extensions ['ignore', 'ignore_ament_install']
[2.167s] Level 1:colcon.colcon_core.package_identification:_identify(install) by extension 'ignore'
[2.207s] Level 1:colcon.colcon_core.package_identification:_identify(install) ignored
[2.325s] Level 1:colcon.colcon_core.package_identification:_identify(log) by extensions ['ignore', 'ignore_ament_install']
[2.334s] Level 1:colcon.colcon_core.package_identification:_identify(log) by extension 'ignore'
[2.359s] Level 1:colcon.colcon_core.package_identification:_identify(log) ignored
[2.453s] Level 1:colcon.colcon_core.package_identification:_identify(source) by extensions ['ignore', 'ignore_ament_install']
[2.465s] Level 1:colcon.colcon_core.package_identification:_identify(source) by extension 'ignore'
[2.487s] Level 1:colcon.colcon_core.package_identification:_identify(source) by extension 'ignore_ament_install'
[2.558s] Level 1:colcon.colcon_core.package_identification:_identify(source) by extensions ['colcon_pkg']
[2.579s] Level 1:colcon.colcon_core.package_identification:_identify(source) by extension 'colcon_pkg'
[2.646s] Level 1:colcon.colcon_core.package_identification:_identify(source) by extensions ['colcon_meta']
[2.658s] Level 1:colcon.colcon_core.package_identification:_identify(source) by extension 'colcon_meta'
[2.729s] Level 1:colcon.colcon_core.package_identification:_identify(source) by extensions ['ros']
[2.741s] Level 1:colcon.colcon_core.package_identification:_identify(source) by extension 'ros'
[2.886s] Level 1:colcon.colcon_core.package_identification:_identify(source) by extensions ['cmake', 'python']
[2.894s] Level 1:colcon.colcon_core.package_identification:_identify(source) by extension 'cmake'
[2.999s] Level 1:colcon.colcon_core.package_identification:_identify(source) by extension 'python'
[3.092s] Level 1:colcon.colcon_core.package_identification:_identify(source) by extensions ['python_setup_py']
[3.115s] Level 1:colcon.colcon_core.package_identification:_identify(source) by extension 'python_setup_py'
[3.392s] Level 1:colcon.colcon_core.package_identification:_identify(source/gps_mavros) by extensions ['ignore', 'ignore_ament_install']
[3.405s] Level 1:colcon.colcon_core.package_identification:_identify(source/gps_mavros) by extension 'ignore'
[3.512s] Level 1:colcon.colcon_core.package_identification:_identify(source/gps_mavros) by extension 'ignore_ament_install'
[3.618s] Level 1:colcon.colcon_core.package_identification:_identify(source/gps_mavros) by extensions ['colcon_pkg']
[3.639s] Level 1:colcon.colcon_core.package_identification:_identify(source/gps_mavros) by extension 'colcon_pkg'
[3.732s] Level 1:colcon.colcon_core.package_identification:_identify(source/gps_mavros) by extensions ['colcon_meta']
[3.748s] Level 1:colcon.colcon_core.package_identification:_identify(source/gps_mavros) by extension 'colcon_meta'
[3.807s] Level 1:colcon.colcon_core.package_identification:_identify(source/gps_mavros) by extensions ['ros']
[3.808s] Level 1:colcon.colcon_core.package_identification:_identify(source/gps_mavros) by extension 'ros'
[4.270s] DEBUG:colcon.colcon_core.package_identification:Package 'source/gps_mavros' with type 'ros.ament_cmake' and name 'gps_mavros'
[4.399s] Level 1:colcon.colcon_core.package_identification:_identify(source/gps_ros2) by extensions ['ignore', 'ignore_ament_install']
[4.403s] Level 1:colcon.colcon_core.package_identification:_identify(source/gps_ros2) by extension 'ignore'
[4.442s] Level 1:colcon.colcon_core.package_identification:_identify(source/gps_ros2) by extension 'ignore_ament_install'
[4.493s] Level 1:colcon.colcon_core.package_identification:_identify(source/gps_ros2) by extensions ['colcon_pkg']
[4.508s] Level 1:colcon.colcon_core.package_identification:_identify(source/gps_ros2) by extension 'colcon_pkg'
[4.554s] Level 1:colcon.colcon_core.package_identification:_identify(source/gps_ros2) by extensions ['colcon_meta']
[4.557s] Level 1:colcon.colcon_core.package_identification:_identify(source/gps_ros2) by extension 'colcon_meta'
[4.577s] Level 1:colcon.colcon_core.package_identification:_identify(source/gps_ros2) by extensions ['ros']
[4.578s] Level 1:colcon.colcon_core.package_identification:_identify(source/gps_ros2) by extension 'ros'
[4.853s] DEBUG:colcon.colcon_core.package_identification:Package 'source/gps_ros2' with type 'ros.ament_python' and name 'gps_ros2'
[4.996s] Level 1:colcon.colcon_core.package_identification:_identify(source/package1) by extensions ['ignore', 'ignore_ament_install']
[4.998s] Level 1:colcon.colcon_core.package_identification:_identify(source/package1) by extension 'ignore'
[5.009s] Level 1:colcon.colcon_core.package_identification:_identify(source/package1) by extension 'ignore_ament_install'
[5.070s] Level 1:colcon.colcon_core.package_identification:_identify(source/package1) by extensions ['colcon_pkg']
[5.071s] Level 1:colcon.colcon_core.package_identification:_identify(source/package1) by extension 'colcon_pkg'
[5.111s] Level 1:colcon.colcon_core.package_identification:_identify(source/package1) by extensions ['colcon_meta']
[5.113s] Level 1:colcon.colcon_core.package_identification:_identify(source/package1) by extension 'colcon_meta'
[5.190s] Level 1:colcon.colcon_core.package_identification:_identify(source/package1) by extensions ['ros']
[5.200s] Level 1:colcon.colcon_core.package_identification:_identify(source/package1) by extension 'ros'
[5.619s] DEBUG:colcon.colcon_core.package_identification:Package 'source/package1' with type 'ros.ament_python' and name 'package1'
[5.708s] Level 1:colcon.colcon_core.package_identification:_identify(source/temperature_interface) by extensions ['ignore', 'ignore_ament_install']
[5.710s] Level 1:colcon.colcon_core.package_identification:_identify(source/temperature_interface) by extension 'ignore'
[5.732s] Level 1:colcon.colcon_core.package_identification:_identify(source/temperature_interface) by extension 'ignore_ament_install'
[5.781s] Level 1:colcon.colcon_core.package_identification:_identify(source/temperature_interface) by extensions ['colcon_pkg']
[5.789s] Level 1:colcon.colcon_core.package_identification:_identify(source/temperature_interface) by extension 'colcon_pkg'
[5.806s] Level 1:colcon.colcon_core.package_identification:_identify(source/temperature_interface) by extensions ['colcon_meta']
[5.810s] Level 1:colcon.colcon_core.package_identification:_identify(source/temperature_interface) by extension 'colcon_meta'
[5.853s] Level 1:colcon.colcon_core.package_identification:_identify(source/temperature_interface) by extensions ['ros']
[5.863s] Level 1:colcon.colcon_core.package_identification:_identify(source/temperature_interface) by extension 'ros'
[6.042s] DEBUG:colcon.colcon_core.package_identification:Package 'source/temperature_interface' with type 'ros.catkin' and name 'temperature_interface'
[6.043s] Level 1:colcon.colcon_core.package_discovery:discover_packages(recursive) using defaults
[6.043s] Level 1:colcon.colcon_core.package_discovery:discover_packages(ignore) discover
[6.044s] Level 1:colcon.colcon_core.package_discovery:discover_packages(ignore) using defaults
[6.045s] Level 1:colcon.colcon_core.package_discovery:discover_packages(path) discover
[6.046s] Level 1:colcon.colcon_core.package_discovery:discover_packages(path) using defaults
[6.513s] INFO:colcon.colcon_core.package_selection:Skipping not selected package 'gps_mavros' in 'source/gps_mavros'
[6.519s] INFO:colcon.colcon_core.package_selection:Skipping not selected package 'temperature_interface' in 'source/temperature_interface'
[6.525s] INFO:colcon.colcon_core.package_selection:Skipping not selected package 'package1' in 'source/package1'
[6.527s] Level 5:colcon.colcon_core.verb:set package 'gps_ros2' build argument 'cmake_args' from command line to 'None'
[6.531s] Level 5:colcon.colcon_core.verb:set package 'gps_ros2' build argument 'cmake_target' from command line to 'None'
[6.534s] Level 5:colcon.colcon_core.verb:set package 'gps_ros2' build argument 'cmake_target_skip_unavailable' from command line to 'False'
[6.536s] Level 5:colcon.colcon_core.verb:set package 'gps_ros2' build argument 'cmake_clean_cache' from command line to 'False'
[6.549s] Level 5:colcon.colcon_core.verb:set package 'gps_ros2' build argument 'cmake_clean_first' from command line to 'False'
[6.550s] Level 5:colcon.colcon_core.verb:set package 'gps_ros2' build argument 'cmake_force_configure' from command line to 'False'
[6.552s] Level 5:colcon.colcon_core.verb:set package 'gps_ros2' build argument 'ament_cmake_args' from command line to 'None'
[6.559s] Level 5:colcon.colcon_core.verb:set package 'gps_ros2' build argument 'catkin_cmake_args' from command line to 'None'
[6.568s] Level 5:colcon.colcon_core.verb:set package 'gps_ros2' build argument 'catkin_skip_building_tests' from command line to 'False'
[6.571s] DEBUG:colcon.colcon_core.verb:Building package 'gps_ros2' with the following arguments: {'ament_cmake_args': None, 'build_base': '/ODLC_Machine_Inferencing_System_2025-2026/ros2_workspace/build/gps_ros2', 'catkin_cmake_args': None, 'catkin_skip_building_tests': False, 'cmake_args': None, 'cmake_clean_cache': False, 'cmake_clean_first': False, 'cmake_force_configure': False, 'cmake_target': None, 'cmake_target_skip_unavailable': False, 'install_base': '/ODLC_Machine_Inferencing_System_2025-2026/ros2_workspace/install/gps_ros2', 'merge_install': False, 'path': '/ODLC_Machine_Inferencing_System_2025-2026/ros2_workspace/source/gps_ros2', 'symlink_install': False, 'test_result_base': None}
[6.578s] INFO:colcon.colcon_core.executor:Executing jobs using 'parallel' executor
[6.588s] DEBUG:colcon.colcon_parallel_executor.executor.parallel:run_until_complete
[6.593s] INFO:colcon.colcon_ros.task.ament_python.build:Building ROS package in '/ODLC_Machine_Inferencing_System_2025-2026/ros2_workspace/source/gps_ros2' with build type 'ament_python'
[6.594s] Level 1:colcon.colcon_core.shell:create_environment_hook('gps_ros2', 'ament_prefix_path')
[6.600s] INFO:colcon.colcon_core.plugin_system:Skipping extension 'colcon_core.shell.bat': Not used on non-Windows systems
[6.614s] INFO:colcon.colcon_core.shell:Creating environment hook '/ODLC_Machine_Inferencing_System_2025-2026/ros2_workspace/install/gps_ros2/share/gps_ros2/hook/ament_prefix_path.ps1'
[6.925s] INFO:colcon.colcon_core.shell:Creating environment descriptor '/ODLC_Machine_Inferencing_System_2025-2026/ros2_workspace/install/gps_ros2/share/gps_ros2/hook/ament_prefix_path.dsv'
[7.379s] INFO:colcon.colcon_core.shell:Creating environment hook '/ODLC_Machine_Inferencing_System_2025-2026/ros2_workspace/install/gps_ros2/share/gps_ros2/hook/ament_prefix_path.sh'
[7.823s] INFO:colcon.colcon_core.shell:Skip shell extension 'powershell' for command environment: Not usable outside of PowerShell
[7.828s] DEBUG:colcon.colcon_core.shell:Skip shell extension 'dsv' for command environment
[7.859s] ERROR:colcon.colcon_ros.task.ament_python.build:Failed to find the following files:
- /ODLC_Machine_Inferencing_System_2025-2026/ros2_workspace/install/gps_mavros/share/gps_mavros/package.sh
Check that the following packages have been built:
- gps_mavros
[7.887s] DEBUG:colcon.colcon_parallel_executor.executor.parallel:closing loop
[7.893s] DEBUG:colcon.colcon_parallel_executor.executor.parallel:loop closed
[7.905s] DEBUG:colcon.colcon_parallel_executor.executor.parallel:run_until_complete finished with '1'
[7.932s] DEBUG:colcon.colcon_core.event_reactor:joining thread
[8.134s] INFO:colcon.colcon_core.plugin_system:Skipping extension 'colcon_notification.desktop_notification.notify_send': Could not find 'notify-send'
[8.145s] INFO:colcon.colcon_core.plugin_system:Skipping extension 'colcon_notification.desktop_notification.terminal_notifier': Not used on non-Darwin systems
[8.156s] INFO:colcon.colcon_core.plugin_system:Skipping extension 'colcon_notification.desktop_notification.win32': Not used on non-Windows systems
[8.160s] INFO:colcon.colcon_notification.desktop_notification:Sending desktop notification using 'notify2'
[8.174s] DEBUG:colcon.colcon_notification.desktop_notification.notify2:Failed to initialize notify2: org.freedesktop.DBus.Error.Spawn.ExecFailed: /usr/bin/dbus-launch terminated abnormally without any error message
[8.208s] DEBUG:colcon.colcon_core.event_reactor:joined thread
[8.223s] INFO:colcon.colcon_core.shell:Creating prefix script '/ODLC_Machine_Inferencing_System_2025-2026/ros2_workspace/install/local_setup.ps1'
[8.404s] INFO:colcon.colcon_core.shell:Creating prefix util module '/ODLC_Machine_Inferencing_System_2025-2026/ros2_workspace/install/_local_setup_util_ps1.py'
[8.521s] INFO:colcon.colcon_core.shell:Creating prefix chain script '/ODLC_Machine_Inferencing_System_2025-2026/ros2_workspace/install/setup.ps1'
[8.621s] INFO:colcon.colcon_core.shell:Creating prefix script '/ODLC_Machine_Inferencing_System_2025-2026/ros2_workspace/install/local_setup.sh'
[8.743s] INFO:colcon.colcon_core.shell:Creating prefix util module '/ODLC_Machine_Inferencing_System_2025-2026/ros2_workspace/install/_local_setup_util_sh.py'
[8.857s] INFO:colcon.colcon_core.shell:Creating prefix chain script '/ODLC_Machine_Inferencing_System_2025-2026/ros2_workspace/install/setup.sh'
[8.978s] INFO:colcon.colcon_core.shell:Creating prefix script '/ODLC_Machine_Inferencing_System_2025-2026/ros2_workspace/install/local_setup.bash'
[9.074s] INFO:colcon.colcon_core.shell:Creating prefix chain script '/ODLC_Machine_Inferencing_System_2025-2026/ros2_workspace/install/setup.bash'
[9.165s] INFO:colcon.colcon_core.shell:Creating prefix script '/ODLC_Machine_Inferencing_System_2025-2026/ros2_workspace/install/local_setup.zsh'
[9.237s] INFO:colcon.colcon_core.shell:Creating prefix chain script '/ODLC_Machine_Inferencing_System_2025-2026/ros2_workspace/install/setup.zsh'
